[2026-07-22T13:07:10.392+0000] {processor.py:186} INFO - Started process (PID=76) to work on /home/airflow/.local/lib/python3.12/site-packages/airflow/example_dags/example_time_delta_sensor_async.py
[2026-07-22T13:07:10.402+0000] {processor.py:914} INFO - Processing file /home/airflow/.local/lib/python3.12/site-packages/airflow/example_dags/example_time_delta_sensor_async.py for tasks to queue
[2026-07-22T13:07:10.417+0000] {logging_mixin.py:190} INFO - [2026-07-22T13:07:10.415+0000] {dagbag.py:588} INFO - Filling up the DagBag from /home/airflow/.local/lib/python3.12/site-packages/airflow/example_dags/example_time_delta_sensor_async.py
[2026-07-22T13:07:10.473+0000] {processor.py:925} INFO - DAG(s) 'example_time_delta_sensor_async' retrieved from /home/airflow/.local/lib/python3.12/site-packages/airflow/example_dags/example_time_delta_sensor_async.py
[2026-07-22T13:07:11.184+0000] {logging_mixin.py:190} INFO - [2026-07-22T13:07:11.183+0000] {override.py:1912} INFO - Created Permission View: can read on DAG:example_time_delta_sensor_async
[2026-07-22T13:07:11.234+0000] {logging_mixin.py:190} INFO - [2026-07-22T13:07:11.232+0000] {override.py:1912} INFO - Created Permission View: can edit on DAG:example_time_delta_sensor_async
[2026-07-22T13:07:11.286+0000] {logging_mixin.py:190} INFO - [2026-07-22T13:07:11.282+0000] {override.py:1912} INFO - Created Permission View: can delete on DAG:example_time_delta_sensor_async
[2026-07-22T13:07:11.317+0000] {logging_mixin.py:190} INFO - [2026-07-22T13:07:11.316+0000] {override.py:1912} INFO - Created Permission View: can read on DAG Run:example_time_delta_sensor_async
[2026-07-22T13:07:11.337+0000] {logging_mixin.py:190} INFO - [2026-07-22T13:07:11.335+0000] {override.py:1912} INFO - Created Permission View: menu access on DAG Run:example_time_delta_sensor_async
[2026-07-22T13:07:11.358+0000] {logging_mixin.py:190} INFO - [2026-07-22T13:07:11.357+0000] {override.py:1912} INFO - Created Permission View: can create on DAG Run:example_time_delta_sensor_async
[2026-07-22T13:07:11.377+0000] {logging_mixin.py:190} INFO - [2026-07-22T13:07:11.376+0000] {override.py:1912} INFO - Created Permission View: can delete on DAG Run:example_time_delta_sensor_async
[2026-07-22T13:07:11.380+0000] {logging_mixin.py:190} INFO - [2026-07-22T13:07:11.379+0000] {dag.py:3239} INFO - Sync 1 DAGs
[2026-07-22T13:07:11.427+0000] {logging_mixin.py:190} INFO - [2026-07-22T13:07:11.426+0000] {dag.py:3262} INFO - Creating ORM DAG for example_time_delta_sensor_async
[2026-07-22T13:07:11.431+0000] {logging_mixin.py:190} INFO - [2026-07-22T13:07:11.430+0000] {dag.py:4180} INFO - Setting next_dagrun for example_time_delta_sensor_async to None, run_after=None
[2026-07-22T13:07:11.496+0000] {processor.py:208} INFO - Processing /home/airflow/.local/lib/python3.12/site-packages/airflow/example_dags/example_time_delta_sensor_async.py took 1.122 seconds
[2026-07-22T13:07:42.045+0000] {processor.py:186} INFO - Started process (PID=140) to work on /home/airflow/.local/lib/python3.12/site-packages/airflow/example_dags/example_time_delta_sensor_async.py
[2026-07-22T13:07:42.049+0000] {processor.py:914} INFO - Processing file /home/airflow/.local/lib/python3.12/site-packages/airflow/example_dags/example_time_delta_sensor_async.py for tasks to queue
[2026-07-22T13:07:42.056+0000] {logging_mixin.py:190} INFO - [2026-07-22T13:07:42.055+0000] {dagbag.py:588} INFO - Filling up the DagBag from /home/airflow/.local/lib/python3.12/site-packages/airflow/example_dags/example_time_delta_sensor_async.py
[2026-07-22T13:07:42.079+0000] {processor.py:925} INFO - DAG(s) 'example_time_delta_sensor_async' retrieved from /home/airflow/.local/lib/python3.12/site-packages/airflow/example_dags/example_time_delta_sensor_async.py
[2026-07-22T13:07:42.129+0000] {logging_mixin.py:190} INFO - [2026-07-22T13:07:42.128+0000] {dag.py:3239} INFO - Sync 1 DAGs
[2026-07-22T13:07:42.177+0000] {logging_mixin.py:190} INFO - [2026-07-22T13:07:42.176+0000] {dag.py:4180} INFO - Setting next_dagrun for example_time_delta_sensor_async to None, run_after=None
[2026-07-22T13:07:42.217+0000] {processor.py:208} INFO - Processing /home/airflow/.local/lib/python3.12/site-packages/airflow/example_dags/example_time_delta_sensor_async.py took 0.191 seconds
[2026-07-22T13:08:12.536+0000] {processor.py:186} INFO - Started process (PID=203) to work on /home/airflow/.local/lib/python3.12/site-packages/airflow/example_dags/example_time_delta_sensor_async.py
[2026-07-22T13:08:12.540+0000] {processor.py:914} INFO - Processing file /home/airflow/.local/lib/python3.12/site-packages/airflow/example_dags/example_time_delta_sensor_async.py for tasks to queue
[2026-07-22T13:08:12.549+0000] {logging_mixin.py:190} INFO - [2026-07-22T13:08:12.548+0000] {dagbag.py:588} INFO - Filling up the DagBag from /home/airflow/.local/lib/python3.12/site-packages/airflow/example_dags/example_time_delta_sensor_async.py
[2026-07-22T13:08:12.569+0000] {processor.py:925} INFO - DAG(s) 'example_time_delta_sensor_async' retrieved from /home/airflow/.local/lib/python3.12/site-packages/airflow/example_dags/example_time_delta_sensor_async.py
[2026-07-22T13:08:12.644+0000] {logging_mixin.py:190} INFO - [2026-07-22T13:08:12.642+0000] {dag.py:3239} INFO - Sync 1 DAGs
[2026-07-22T13:08:12.703+0000] {logging_mixin.py:190} INFO - [2026-07-22T13:08:12.703+0000] {dag.py:4180} INFO - Setting next_dagrun for example_time_delta_sensor_async to None, run_after=None
[2026-07-22T13:08:12.772+0000] {processor.py:208} INFO - Processing /home/airflow/.local/lib/python3.12/site-packages/airflow/example_dags/example_time_delta_sensor_async.py took 0.256 seconds
[2026-07-22T13:08:43.419+0000] {processor.py:186} INFO - Started process (PID=267) to work on /home/airflow/.local/lib/python3.12/site-packages/airflow/example_dags/example_time_delta_sensor_async.py
[2026-07-22T13:08:43.421+0000] {processor.py:914} INFO - Processing file /home/airflow/.local/lib/python3.12/site-packages/airflow/example_dags/example_time_delta_sensor_async.py for tasks to queue
[2026-07-22T13:08:43.424+0000] {logging_mixin.py:190} INFO - [2026-07-22T13:08:43.424+0000] {dagbag.py:588} INFO - Filling up the DagBag from /home/airflow/.local/lib/python3.12/site-packages/airflow/example_dags/example_time_delta_sensor_async.py
[2026-07-22T13:08:43.434+0000] {processor.py:925} INFO - DAG(s) 'example_time_delta_sensor_async' retrieved from /home/airflow/.local/lib/python3.12/site-packages/airflow/example_dags/example_time_delta_sensor_async.py
[2026-07-22T13:08:43.465+0000] {logging_mixin.py:190} INFO - [2026-07-22T13:08:43.465+0000] {dag.py:3239} INFO - Sync 1 DAGs
[2026-07-22T13:08:43.493+0000] {logging_mixin.py:190} INFO - [2026-07-22T13:08:43.493+0000] {dag.py:4180} INFO - Setting next_dagrun for example_time_delta_sensor_async to None, run_after=None
[2026-07-22T13:08:43.527+0000] {processor.py:208} INFO - Processing /home/airflow/.local/lib/python3.12/site-packages/airflow/example_dags/example_time_delta_sensor_async.py took 0.117 seconds
[2026-07-22T13:09:14.240+0000] {processor.py:186} INFO - Started process (PID=330) to work on /home/airflow/.local/lib/python3.12/site-packages/airflow/example_dags/example_time_delta_sensor_async.py
[2026-07-22T13:09:14.245+0000] {processor.py:914} INFO - Processing file /home/airflow/.local/lib/python3.12/site-packages/airflow/example_dags/example_time_delta_sensor_async.py for tasks to queue
[2026-07-22T13:09:14.253+0000] {logging_mixin.py:190} INFO - [2026-07-22T13:09:14.252+0000] {dagbag.py:588} INFO - Filling up the DagBag from /home/airflow/.local/lib/python3.12/site-packages/airflow/example_dags/example_time_delta_sensor_async.py
[2026-07-22T13:09:14.274+0000] {processor.py:925} INFO - DAG(s) 'example_time_delta_sensor_async' retrieved from /home/airflow/.local/lib/python3.12/site-packages/airflow/example_dags/example_time_delta_sensor_async.py
[2026-07-22T13:09:14.327+0000] {logging_mixin.py:190} INFO - [2026-07-22T13:09:14.326+0000] {dag.py:3239} INFO - Sync 1 DAGs
[2026-07-22T13:09:14.369+0000] {logging_mixin.py:190} INFO - [2026-07-22T13:09:14.368+0000] {dag.py:4180} INFO - Setting next_dagrun for example_time_delta_sensor_async to None, run_after=None
[2026-07-22T13:09:14.420+0000] {processor.py:208} INFO - Processing /home/airflow/.local/lib/python3.12/site-packages/airflow/example_dags/example_time_delta_sensor_async.py took 0.195 seconds
[2026-07-22T13:09:44.788+0000] {processor.py:186} INFO - Started process (PID=394) to work on /home/airflow/.local/lib/python3.12/site-packages/airflow/example_dags/example_time_delta_sensor_async.py
[2026-07-22T13:09:44.790+0000] {processor.py:914} INFO - Processing file /home/airflow/.local/lib/python3.12/site-packages/airflow/example_dags/example_time_delta_sensor_async.py for tasks to queue
[2026-07-22T13:09:44.796+0000] {logging_mixin.py:190} INFO - [2026-07-22T13:09:44.795+0000] {dagbag.py:588} INFO - Filling up the DagBag from /home/airflow/.local/lib/python3.12/site-packages/airflow/example_dags/example_time_delta_sensor_async.py
[2026-07-22T13:09:44.808+0000] {processor.py:925} INFO - DAG(s) 'example_time_delta_sensor_async' retrieved from /home/airflow/.local/lib/python3.12/site-packages/airflow/example_dags/example_time_delta_sensor_async.py
[2026-07-22T13:09:44.840+0000] {logging_mixin.py:190} INFO - [2026-07-22T13:09:44.839+0000] {dag.py:3239} INFO - Sync 1 DAGs
[2026-07-22T13:09:44.865+0000] {logging_mixin.py:190} INFO - [2026-07-22T13:09:44.865+0000] {dag.py:4180} INFO - Setting next_dagrun for example_time_delta_sensor_async to None, run_after=None
[2026-07-22T13:09:44.905+0000] {processor.py:208} INFO - Processing /home/airflow/.local/lib/python3.12/site-packages/airflow/example_dags/example_time_delta_sensor_async.py took 0.128 seconds
[2026-07-22T13:10:15.477+0000] {processor.py:186} INFO - Started process (PID=457) to work on /home/airflow/.local/lib/python3.12/site-packages/airflow/example_dags/example_time_delta_sensor_async.py
[2026-07-22T13:10:15.480+0000] {processor.py:914} INFO - Processing file /home/airflow/.local/lib/python3.12/site-packages/airflow/example_dags/example_time_delta_sensor_async.py for tasks to queue
[2026-07-22T13:10:15.487+0000] {logging_mixin.py:190} INFO - [2026-07-22T13:10:15.486+0000] {dagbag.py:588} INFO - Filling up the DagBag from /home/airflow/.local/lib/python3.12/site-packages/airflow/example_dags/example_time_delta_sensor_async.py
[2026-07-22T13:10:15.500+0000] {processor.py:925} INFO - DAG(s) 'example_time_delta_sensor_async' retrieved from /home/airflow/.local/lib/python3.12/site-packages/airflow/example_dags/example_time_delta_sensor_async.py
[2026-07-22T13:10:15.542+0000] {logging_mixin.py:190} INFO - [2026-07-22T13:10:15.541+0000] {dag.py:3239} INFO - Sync 1 DAGs
[2026-07-22T13:10:15.568+0000] {logging_mixin.py:190} INFO - [2026-07-22T13:10:15.567+0000] {dag.py:4180} INFO - Setting next_dagrun for example_time_delta_sensor_async to None, run_after=None
[2026-07-22T13:10:15.608+0000] {processor.py:208} INFO - Processing /home/airflow/.local/lib/python3.12/site-packages/airflow/example_dags/example_time_delta_sensor_async.py took 0.146 seconds
[2026-07-22T13:10:45.762+0000] {processor.py:186} INFO - Started process (PID=520) to work on /home/airflow/.local/lib/python3.12/site-packages/airflow/example_dags/example_time_delta_sensor_async.py
[2026-07-22T13:10:45.764+0000] {processor.py:914} INFO - Processing file /home/airflow/.local/lib/python3.12/site-packages/airflow/example_dags/example_time_delta_sensor_async.py for tasks to queue
[2026-07-22T13:10:45.769+0000] {logging_mixin.py:190} INFO - [2026-07-22T13:10:45.768+0000] {dagbag.py:588} INFO - Filling up the DagBag from /home/airflow/.local/lib/python3.12/site-packages/airflow/example_dags/example_time_delta_sensor_async.py
[2026-07-22T13:10:45.778+0000] {processor.py:925} INFO - DAG(s) 'example_time_delta_sensor_async' retrieved from /home/airflow/.local/lib/python3.12/site-packages/airflow/example_dags/example_time_delta_sensor_async.py
[2026-07-22T13:10:45.810+0000] {logging_mixin.py:190} INFO - [2026-07-22T13:10:45.809+0000] {dag.py:3239} INFO - Sync 1 DAGs
[2026-07-22T13:10:45.832+0000] {logging_mixin.py:190} INFO - [2026-07-22T13:10:45.831+0000] {dag.py:4180} INFO - Setting next_dagrun for example_time_delta_sensor_async to None, run_after=None
[2026-07-22T13:10:45.866+0000] {processor.py:208} INFO - Processing /home/airflow/.local/lib/python3.12/site-packages/airflow/example_dags/example_time_delta_sensor_async.py took 0.112 seconds
[2026-07-22T13:11:16.542+0000] {processor.py:186} INFO - Started process (PID=583) to work on /home/airflow/.local/lib/python3.12/site-packages/airflow/example_dags/example_time_delta_sensor_async.py
[2026-07-22T13:11:16.544+0000] {processor.py:914} INFO - Processing file /home/airflow/.local/lib/python3.12/site-packages/airflow/example_dags/example_time_delta_sensor_async.py for tasks to queue
[2026-07-22T13:11:16.551+0000] {logging_mixin.py:190} INFO - [2026-07-22T13:11:16.550+0000] {dagbag.py:588} INFO - Filling up the DagBag from /home/airflow/.local/lib/python3.12/site-packages/airflow/example_dags/example_time_delta_sensor_async.py
[2026-07-22T13:11:16.566+0000] {processor.py:925} INFO - DAG(s) 'example_time_delta_sensor_async' retrieved from /home/airflow/.local/lib/python3.12/site-packages/airflow/example_dags/example_time_delta_sensor_async.py
[2026-07-22T13:11:16.613+0000] {logging_mixin.py:190} INFO - [2026-07-22T13:11:16.613+0000] {dag.py:3239} INFO - Sync 1 DAGs
[2026-07-22T13:11:16.651+0000] {logging_mixin.py:190} INFO - [2026-07-22T13:11:16.651+0000] {dag.py:4180} INFO - Setting next_dagrun for example_time_delta_sensor_async to None, run_after=None
[2026-07-22T13:11:16.694+0000] {processor.py:208} INFO - Processing /home/airflow/.local/lib/python3.12/site-packages/airflow/example_dags/example_time_delta_sensor_async.py took 0.164 seconds
[2026-07-22T13:11:47.145+0000] {processor.py:186} INFO - Started process (PID=646) to work on /home/airflow/.local/lib/python3.12/site-packages/airflow/example_dags/example_time_delta_sensor_async.py
[2026-07-22T13:11:47.148+0000] {processor.py:914} INFO - Processing file /home/airflow/.local/lib/python3.12/site-packages/airflow/example_dags/example_time_delta_sensor_async.py for tasks to queue
[2026-07-22T13:11:47.153+0000] {logging_mixin.py:190} INFO - [2026-07-22T13:11:47.152+0000] {dagbag.py:588} INFO - Filling up the DagBag from /home/airflow/.local/lib/python3.12/site-packages/airflow/example_dags/example_time_delta_sensor_async.py
[2026-07-22T13:11:47.164+0000] {processor.py:925} INFO - DAG(s) 'example_time_delta_sensor_async' retrieved from /home/airflow/.local/lib/python3.12/site-packages/airflow/example_dags/example_time_delta_sensor_async.py
[2026-07-22T13:11:47.194+0000] {logging_mixin.py:190} INFO - [2026-07-22T13:11:47.194+0000] {dag.py:3239} INFO - Sync 1 DAGs
[2026-07-22T13:11:47.220+0000] {logging_mixin.py:190} INFO - [2026-07-22T13:11:47.220+0000] {dag.py:4180} INFO - Setting next_dagrun for example_time_delta_sensor_async to None, run_after=None
[2026-07-22T13:11:47.259+0000] {processor.py:208} INFO - Processing /home/airflow/.local/lib/python3.12/site-packages/airflow/example_dags/example_time_delta_sensor_async.py took 0.125 seconds
[2026-07-22T13:12:18.486+0000] {processor.py:186} INFO - Started process (PID=710) to work on /home/airflow/.local/lib/python3.12/site-packages/airflow/example_dags/example_time_delta_sensor_async.py
[2026-07-22T13:12:18.490+0000] {processor.py:914} INFO - Processing file /home/airflow/.local/lib/python3.12/site-packages/airflow/example_dags/example_time_delta_sensor_async.py for tasks to queue
[2026-07-22T13:12:18.494+0000] {logging_mixin.py:190} INFO - [2026-07-22T13:12:18.493+0000] {dagbag.py:588} INFO - Filling up the DagBag from /home/airflow/.local/lib/python3.12/site-packages/airflow/example_dags/example_time_delta_sensor_async.py
[2026-07-22T13:12:18.509+0000] {processor.py:925} INFO - DAG(s) 'example_time_delta_sensor_async' retrieved from /home/airflow/.local/lib/python3.12/site-packages/airflow/example_dags/example_time_delta_sensor_async.py
[2026-07-22T13:12:18.557+0000] {logging_mixin.py:190} INFO - [2026-07-22T13:12:18.556+0000] {dag.py:3239} INFO - Sync 1 DAGs
[2026-07-22T13:12:18.581+0000] {logging_mixin.py:190} INFO - [2026-07-22T13:12:18.580+0000] {dag.py:4180} INFO - Setting next_dagrun for example_time_delta_sensor_async to None, run_after=None
[2026-07-22T13:12:18.614+0000] {processor.py:208} INFO - Processing /home/airflow/.local/lib/python3.12/site-packages/airflow/example_dags/example_time_delta_sensor_async.py took 0.137 seconds
[2026-07-22T13:12:50.359+0000] {processor.py:186} INFO - Started process (PID=770) to work on /home/airflow/.local/lib/python3.12/site-packages/airflow/example_dags/example_time_delta_sensor_async.py
[2026-07-22T13:12:50.361+0000] {processor.py:914} INFO - Processing file /home/airflow/.local/lib/python3.12/site-packages/airflow/example_dags/example_time_delta_sensor_async.py for tasks to queue
[2026-07-22T13:12:50.365+0000] {logging_mixin.py:190} INFO - [2026-07-22T13:12:50.365+0000] {dagbag.py:588} INFO - Filling up the DagBag from /home/airflow/.local/lib/python3.12/site-packages/airflow/example_dags/example_time_delta_sensor_async.py
[2026-07-22T13:12:50.376+0000] {processor.py:925} INFO - DAG(s) 'example_time_delta_sensor_async' retrieved from /home/airflow/.local/lib/python3.12/site-packages/airflow/example_dags/example_time_delta_sensor_async.py
[2026-07-22T13:12:50.405+0000] {logging_mixin.py:190} INFO - [2026-07-22T13:12:50.405+0000] {dag.py:3239} INFO - Sync 1 DAGs
[2026-07-22T13:12:50.434+0000] {logging_mixin.py:190} INFO - [2026-07-22T13:12:50.434+0000] {dag.py:4180} INFO - Setting next_dagrun for example_time_delta_sensor_async to None, run_after=None
[2026-07-22T13:12:50.472+0000] {processor.py:208} INFO - Processing /home/airflow/.local/lib/python3.12/site-packages/airflow/example_dags/example_time_delta_sensor_async.py took 0.122 seconds
[2026-07-22T13:13:23.379+0000] {processor.py:186} INFO - Started process (PID=831) to work on /home/airflow/.local/lib/python3.12/site-packages/airflow/example_dags/example_time_delta_sensor_async.py
[2026-07-22T13:13:23.385+0000] {processor.py:914} INFO - Processing file /home/airflow/.local/lib/python3.12/site-packages/airflow/example_dags/example_time_delta_sensor_async.py for tasks to queue
[2026-07-22T13:13:23.393+0000] {logging_mixin.py:190} INFO - [2026-07-22T13:13:23.392+0000] {dagbag.py:588} INFO - Filling up the DagBag from /home/airflow/.local/lib/python3.12/site-packages/airflow/example_dags/example_time_delta_sensor_async.py
[2026-07-22T13:13:23.418+0000] {processor.py:925} INFO - DAG(s) 'example_time_delta_sensor_async' retrieved from /home/airflow/.local/lib/python3.12/site-packages/airflow/example_dags/example_time_delta_sensor_async.py
[2026-07-22T13:13:23.512+0000] {logging_mixin.py:190} INFO - [2026-07-22T13:13:23.511+0000] {dag.py:3239} INFO - Sync 1 DAGs
[2026-07-22T13:13:23.639+0000] {logging_mixin.py:190} INFO - [2026-07-22T13:13:23.638+0000] {dag.py:4180} INFO - Setting next_dagrun for example_time_delta_sensor_async to None, run_after=None
[2026-07-22T13:13:23.713+0000] {processor.py:208} INFO - Processing /home/airflow/.local/lib/python3.12/site-packages/airflow/example_dags/example_time_delta_sensor_async.py took 0.363 seconds
[2026-07-22T13:13:54.304+0000] {processor.py:186} INFO - Started process (PID=894) to work on /home/airflow/.local/lib/python3.12/site-packages/airflow/example_dags/example_time_delta_sensor_async.py
[2026-07-22T13:13:54.307+0000] {processor.py:914} INFO - Processing file /home/airflow/.local/lib/python3.12/site-packages/airflow/example_dags/example_time_delta_sensor_async.py for tasks to queue
[2026-07-22T13:13:54.311+0000] {logging_mixin.py:190} INFO - [2026-07-22T13:13:54.310+0000] {dagbag.py:588} INFO - Filling up the DagBag from /home/airflow/.local/lib/python3.12/site-packages/airflow/example_dags/example_time_delta_sensor_async.py
[2026-07-22T13:13:54.326+0000] {processor.py:925} INFO - DAG(s) 'example_time_delta_sensor_async' retrieved from /home/airflow/.local/lib/python3.12/site-packages/airflow/example_dags/example_time_delta_sensor_async.py
[2026-07-22T13:13:54.358+0000] {logging_mixin.py:190} INFO - [2026-07-22T13:13:54.358+0000] {dag.py:3239} INFO - Sync 1 DAGs
[2026-07-22T13:13:54.389+0000] {logging_mixin.py:190} INFO - [2026-07-22T13:13:54.389+0000] {dag.py:4180} INFO - Setting next_dagrun for example_time_delta_sensor_async to None, run_after=None
[2026-07-22T13:13:54.431+0000] {processor.py:208} INFO - Processing /home/airflow/.local/lib/python3.12/site-packages/airflow/example_dags/example_time_delta_sensor_async.py took 0.137 seconds
[2026-07-22T13:14:25.313+0000] {processor.py:186} INFO - Started process (PID=951) to work on /home/airflow/.local/lib/python3.12/site-packages/airflow/example_dags/example_time_delta_sensor_async.py
[2026-07-22T13:14:25.316+0000] {processor.py:914} INFO - Processing file /home/airflow/.local/lib/python3.12/site-packages/airflow/example_dags/example_time_delta_sensor_async.py for tasks to queue
[2026-07-22T13:14:25.321+0000] {logging_mixin.py:190} INFO - [2026-07-22T13:14:25.321+0000] {dagbag.py:588} INFO - Filling up the DagBag from /home/airflow/.local/lib/python3.12/site-packages/airflow/example_dags/example_time_delta_sensor_async.py
[2026-07-22T13:14:25.335+0000] {processor.py:925} INFO - DAG(s) 'example_time_delta_sensor_async' retrieved from /home/airflow/.local/lib/python3.12/site-packages/airflow/example_dags/example_time_delta_sensor_async.py
[2026-07-22T13:14:25.375+0000] {logging_mixin.py:190} INFO - [2026-07-22T13:14:25.375+0000] {dag.py:3239} INFO - Sync 1 DAGs
[2026-07-22T13:14:25.414+0000] {logging_mixin.py:190} INFO - [2026-07-22T13:14:25.413+0000] {dag.py:4180} INFO - Setting next_dagrun for example_time_delta_sensor_async to None, run_after=None
[2026-07-22T13:14:25.458+0000] {processor.py:208} INFO - Processing /home/airflow/.local/lib/python3.12/site-packages/airflow/example_dags/example_time_delta_sensor_async.py took 0.157 seconds
[2026-07-22T13:14:56.306+0000] {processor.py:186} INFO - Started process (PID=1008) to work on /home/airflow/.local/lib/python3.12/site-packages/airflow/example_dags/example_time_delta_sensor_async.py
[2026-07-22T13:14:56.310+0000] {processor.py:914} INFO - Processing file /home/airflow/.local/lib/python3.12/site-packages/airflow/example_dags/example_time_delta_sensor_async.py for tasks to queue
[2026-07-22T13:14:56.318+0000] {logging_mixin.py:190} INFO - [2026-07-22T13:14:56.316+0000] {dagbag.py:588} INFO - Filling up the DagBag from /home/airflow/.local/lib/python3.12/site-packages/airflow/example_dags/example_time_delta_sensor_async.py
[2026-07-22T13:14:56.344+0000] {processor.py:925} INFO - DAG(s) 'example_time_delta_sensor_async' retrieved from /home/airflow/.local/lib/python3.12/site-packages/airflow/example_dags/example_time_delta_sensor_async.py
[2026-07-22T13:14:56.397+0000] {logging_mixin.py:190} INFO - [2026-07-22T13:14:56.397+0000] {dag.py:3239} INFO - Sync 1 DAGs
[2026-07-22T13:14:56.437+0000] {logging_mixin.py:190} INFO - [2026-07-22T13:14:56.437+0000] {dag.py:4180} INFO - Setting next_dagrun for example_time_delta_sensor_async to None, run_after=None
[2026-07-22T13:14:56.494+0000] {processor.py:208} INFO - Processing /home/airflow/.local/lib/python3.12/site-packages/airflow/example_dags/example_time_delta_sensor_async.py took 0.211 seconds
[2026-07-22T13:15:30.192+0000] {processor.py:186} INFO - Started process (PID=1072) to work on /home/airflow/.local/lib/python3.12/site-packages/airflow/example_dags/example_time_delta_sensor_async.py
[2026-07-22T13:15:30.197+0000] {processor.py:914} INFO - Processing file /home/airflow/.local/lib/python3.12/site-packages/airflow/example_dags/example_time_delta_sensor_async.py for tasks to queue
[2026-07-22T13:15:30.208+0000] {logging_mixin.py:190} INFO - [2026-07-22T13:15:30.206+0000] {dagbag.py:588} INFO - Filling up the DagBag from /home/airflow/.local/lib/python3.12/site-packages/airflow/example_dags/example_time_delta_sensor_async.py
[2026-07-22T13:15:30.235+0000] {processor.py:925} INFO - DAG(s) 'example_time_delta_sensor_async' retrieved from /home/airflow/.local/lib/python3.12/site-packages/airflow/example_dags/example_time_delta_sensor_async.py
[2026-07-22T13:15:30.283+0000] {logging_mixin.py:190} INFO - [2026-07-22T13:15:30.283+0000] {dag.py:3239} INFO - Sync 1 DAGs
[2026-07-22T13:15:30.311+0000] {logging_mixin.py:190} INFO - [2026-07-22T13:15:30.310+0000] {dag.py:4180} INFO - Setting next_dagrun for example_time_delta_sensor_async to None, run_after=None
[2026-07-22T13:15:30.353+0000] {processor.py:208} INFO - Processing /home/airflow/.local/lib/python3.12/site-packages/airflow/example_dags/example_time_delta_sensor_async.py took 0.178 seconds
[2026-07-22T13:16:00.551+0000] {processor.py:186} INFO - Started process (PID=1133) to work on /home/airflow/.local/lib/python3.12/site-packages/airflow/example_dags/example_time_delta_sensor_async.py
[2026-07-22T13:16:00.554+0000] {processor.py:914} INFO - Processing file /home/airflow/.local/lib/python3.12/site-packages/airflow/example_dags/example_time_delta_sensor_async.py for tasks to queue
[2026-07-22T13:16:00.560+0000] {logging_mixin.py:190} INFO - [2026-07-22T13:16:00.559+0000] {dagbag.py:588} INFO - Filling up the DagBag from /home/airflow/.local/lib/python3.12/site-packages/airflow/example_dags/example_time_delta_sensor_async.py
[2026-07-22T13:16:00.574+0000] {processor.py:925} INFO - DAG(s) 'example_time_delta_sensor_async' retrieved from /home/airflow/.local/lib/python3.12/site-packages/airflow/example_dags/example_time_delta_sensor_async.py
[2026-07-22T13:16:00.627+0000] {logging_mixin.py:190} INFO - [2026-07-22T13:16:00.625+0000] {dag.py:3239} INFO - Sync 1 DAGs
[2026-07-22T13:16:00.669+0000] {logging_mixin.py:190} INFO - [2026-07-22T13:16:00.668+0000] {dag.py:4180} INFO - Setting next_dagrun for example_time_delta_sensor_async to None, run_after=None
[2026-07-22T13:16:00.728+0000] {processor.py:208} INFO - Processing /home/airflow/.local/lib/python3.12/site-packages/airflow/example_dags/example_time_delta_sensor_async.py took 0.185 seconds
[2026-07-22T13:16:30.857+0000] {processor.py:186} INFO - Started process (PID=1195) to work on /home/airflow/.local/lib/python3.12/site-packages/airflow/example_dags/example_time_delta_sensor_async.py
[2026-07-22T13:16:30.861+0000] {processor.py:914} INFO - Processing file /home/airflow/.local/lib/python3.12/site-packages/airflow/example_dags/example_time_delta_sensor_async.py for tasks to queue
[2026-07-22T13:16:30.866+0000] {logging_mixin.py:190} INFO - [2026-07-22T13:16:30.866+0000] {dagbag.py:588} INFO - Filling up the DagBag from /home/airflow/.local/lib/python3.12/site-packages/airflow/example_dags/example_time_delta_sensor_async.py
[2026-07-22T13:16:30.883+0000] {processor.py:925} INFO - DAG(s) 'example_time_delta_sensor_async' retrieved from /home/airflow/.local/lib/python3.12/site-packages/airflow/example_dags/example_time_delta_sensor_async.py
[2026-07-22T13:16:30.937+0000] {logging_mixin.py:190} INFO - [2026-07-22T13:16:30.936+0000] {dag.py:3239} INFO - Sync 1 DAGs
[2026-07-22T13:16:30.998+0000] {logging_mixin.py:190} INFO - [2026-07-22T13:16:30.998+0000] {dag.py:4180} INFO - Setting next_dagrun for example_time_delta_sensor_async to None, run_after=None
[2026-07-22T13:16:31.081+0000] {processor.py:208} INFO - Processing /home/airflow/.local/lib/python3.12/site-packages/airflow/example_dags/example_time_delta_sensor_async.py took 0.236 seconds
[2026-07-22T13:17:01.636+0000] {processor.py:186} INFO - Started process (PID=1258) to work on /home/airflow/.local/lib/python3.12/site-packages/airflow/example_dags/example_time_delta_sensor_async.py
[2026-07-22T13:17:01.651+0000] {processor.py:914} INFO - Processing file /home/airflow/.local/lib/python3.12/site-packages/airflow/example_dags/example_time_delta_sensor_async.py for tasks to queue
[2026-07-22T13:17:01.670+0000] {logging_mixin.py:190} INFO - [2026-07-22T13:17:01.669+0000] {dagbag.py:588} INFO - Filling up the DagBag from /home/airflow/.local/lib/python3.12/site-packages/airflow/example_dags/example_time_delta_sensor_async.py
[2026-07-22T13:17:01.770+0000] {processor.py:925} INFO - DAG(s) 'example_time_delta_sensor_async' retrieved from /home/airflow/.local/lib/python3.12/site-packages/airflow/example_dags/example_time_delta_sensor_async.py
[2026-07-22T13:17:02.014+0000] {logging_mixin.py:190} INFO - [2026-07-22T13:17:02.013+0000] {dag.py:3239} INFO - Sync 1 DAGs
[2026-07-22T13:17:02.234+0000] {logging_mixin.py:190} INFO - [2026-07-22T13:17:02.234+0000] {dag.py:4180} INFO - Setting next_dagrun for example_time_delta_sensor_async to None, run_after=None
[2026-07-22T13:17:02.390+0000] {processor.py:208} INFO - Processing /home/airflow/.local/lib/python3.12/site-packages/airflow/example_dags/example_time_delta_sensor_async.py took 0.843 seconds
[2026-07-22T13:17:32.618+0000] {processor.py:186} INFO - Started process (PID=1321) to work on /home/airflow/.local/lib/python3.12/site-packages/airflow/example_dags/example_time_delta_sensor_async.py
[2026-07-22T13:17:32.621+0000] {processor.py:914} INFO - Processing file /home/airflow/.local/lib/python3.12/site-packages/airflow/example_dags/example_time_delta_sensor_async.py for tasks to queue
[2026-07-22T13:17:32.628+0000] {logging_mixin.py:190} INFO - [2026-07-22T13:17:32.627+0000] {dagbag.py:588} INFO - Filling up the DagBag from /home/airflow/.local/lib/python3.12/site-packages/airflow/example_dags/example_time_delta_sensor_async.py
[2026-07-22T13:17:32.647+0000] {processor.py:925} INFO - DAG(s) 'example_time_delta_sensor_async' retrieved from /home/airflow/.local/lib/python3.12/site-packages/airflow/example_dags/example_time_delta_sensor_async.py
[2026-07-22T13:17:32.697+0000] {logging_mixin.py:190} INFO - [2026-07-22T13:17:32.696+0000] {dag.py:3239} INFO - Sync 1 DAGs
[2026-07-22T13:17:32.733+0000] {logging_mixin.py:190} INFO - [2026-07-22T13:17:32.733+0000] {dag.py:4180} INFO - Setting next_dagrun for example_time_delta_sensor_async to None, run_after=None
[2026-07-22T13:17:32.802+0000] {processor.py:208} INFO - Processing /home/airflow/.local/lib/python3.12/site-packages/airflow/example_dags/example_time_delta_sensor_async.py took 0.203 seconds
