[2026-07-22T13:07:13.516+0000] {processor.py:186} INFO - Started process (PID=81) to work on /home/airflow/.local/lib/python3.12/site-packages/airflow/example_dags/example_branch_labels.py
[2026-07-22T13:07:13.521+0000] {processor.py:914} INFO - Processing file /home/airflow/.local/lib/python3.12/site-packages/airflow/example_dags/example_branch_labels.py for tasks to queue
[2026-07-22T13:07:13.535+0000] {logging_mixin.py:190} INFO - [2026-07-22T13:07:13.534+0000] {dagbag.py:588} INFO - Filling up the DagBag from /home/airflow/.local/lib/python3.12/site-packages/airflow/example_dags/example_branch_labels.py
[2026-07-22T13:07:13.585+0000] {processor.py:925} INFO - DAG(s) 'example_branch_labels' retrieved from /home/airflow/.local/lib/python3.12/site-packages/airflow/example_dags/example_branch_labels.py
[2026-07-22T13:07:13.990+0000] {logging_mixin.py:190} INFO - [2026-07-22T13:07:13.988+0000] {override.py:1912} INFO - Created Permission View: can read on DAG:example_branch_labels
[2026-07-22T13:07:14.028+0000] {logging_mixin.py:190} INFO - [2026-07-22T13:07:14.027+0000] {override.py:1912} INFO - Created Permission View: can edit on DAG:example_branch_labels
[2026-07-22T13:07:14.054+0000] {logging_mixin.py:190} INFO - [2026-07-22T13:07:14.053+0000] {override.py:1912} INFO - Created Permission View: can delete on DAG:example_branch_labels
[2026-07-22T13:07:14.076+0000] {logging_mixin.py:190} INFO - [2026-07-22T13:07:14.076+0000] {override.py:1912} INFO - Created Permission View: can read on DAG Run:example_branch_labels
[2026-07-22T13:07:14.096+0000] {logging_mixin.py:190} INFO - [2026-07-22T13:07:14.095+0000] {override.py:1912} INFO - Created Permission View: menu access on DAG Run:example_branch_labels
[2026-07-22T13:07:14.114+0000] {logging_mixin.py:190} INFO - [2026-07-22T13:07:14.114+0000] {override.py:1912} INFO - Created Permission View: can create on DAG Run:example_branch_labels
[2026-07-22T13:07:14.134+0000] {logging_mixin.py:190} INFO - [2026-07-22T13:07:14.133+0000] {override.py:1912} INFO - Created Permission View: can delete on DAG Run:example_branch_labels
[2026-07-22T13:07:14.136+0000] {logging_mixin.py:190} INFO - [2026-07-22T13:07:14.136+0000] {dag.py:3239} INFO - Sync 1 DAGs
[2026-07-22T13:07:14.186+0000] {logging_mixin.py:190} INFO - [2026-07-22T13:07:14.185+0000] {dag.py:3262} INFO - Creating ORM DAG for example_branch_labels
[2026-07-22T13:07:14.226+0000] {logging_mixin.py:190} INFO - [2026-07-22T13:07:14.225+0000] {dag.py:4180} INFO - Setting next_dagrun for example_branch_labels to 2026-07-21 00:00:00+00:00, run_after=2026-07-22 00:00:00+00:00
[2026-07-22T13:07:14.278+0000] {processor.py:208} INFO - Processing /home/airflow/.local/lib/python3.12/site-packages/airflow/example_dags/example_branch_labels.py took 0.791 seconds
[2026-07-22T13:07:44.727+0000] {processor.py:186} INFO - Started process (PID=145) to work on /home/airflow/.local/lib/python3.12/site-packages/airflow/example_dags/example_branch_labels.py
[2026-07-22T13:07:44.729+0000] {processor.py:914} INFO - Processing file /home/airflow/.local/lib/python3.12/site-packages/airflow/example_dags/example_branch_labels.py for tasks to queue
[2026-07-22T13:07:44.737+0000] {logging_mixin.py:190} INFO - [2026-07-22T13:07:44.736+0000] {dagbag.py:588} INFO - Filling up the DagBag from /home/airflow/.local/lib/python3.12/site-packages/airflow/example_dags/example_branch_labels.py
[2026-07-22T13:07:44.764+0000] {processor.py:925} INFO - DAG(s) 'example_branch_labels' retrieved from /home/airflow/.local/lib/python3.12/site-packages/airflow/example_dags/example_branch_labels.py
[2026-07-22T13:07:44.825+0000] {logging_mixin.py:190} INFO - [2026-07-22T13:07:44.825+0000] {dag.py:3239} INFO - Sync 1 DAGs
[2026-07-22T13:07:44.884+0000] {logging_mixin.py:190} INFO - [2026-07-22T13:07:44.884+0000] {dag.py:4180} INFO - Setting next_dagrun for example_branch_labels to 2026-07-21 00:00:00+00:00, run_after=2026-07-22 00:00:00+00:00
[2026-07-22T13:07:44.934+0000] {processor.py:208} INFO - Processing /home/airflow/.local/lib/python3.12/site-packages/airflow/example_dags/example_branch_labels.py took 0.218 seconds
[2026-07-22T13:08:15.266+0000] {processor.py:186} INFO - Started process (PID=208) to work on /home/airflow/.local/lib/python3.12/site-packages/airflow/example_dags/example_branch_labels.py
[2026-07-22T13:08:15.268+0000] {processor.py:914} INFO - Processing file /home/airflow/.local/lib/python3.12/site-packages/airflow/example_dags/example_branch_labels.py for tasks to queue
[2026-07-22T13:08:15.274+0000] {logging_mixin.py:190} INFO - [2026-07-22T13:08:15.273+0000] {dagbag.py:588} INFO - Filling up the DagBag from /home/airflow/.local/lib/python3.12/site-packages/airflow/example_dags/example_branch_labels.py
[2026-07-22T13:08:15.293+0000] {processor.py:925} INFO - DAG(s) 'example_branch_labels' retrieved from /home/airflow/.local/lib/python3.12/site-packages/airflow/example_dags/example_branch_labels.py
[2026-07-22T13:08:15.340+0000] {logging_mixin.py:190} INFO - [2026-07-22T13:08:15.340+0000] {dag.py:3239} INFO - Sync 1 DAGs
[2026-07-22T13:08:15.397+0000] {logging_mixin.py:190} INFO - [2026-07-22T13:08:15.397+0000] {dag.py:4180} INFO - Setting next_dagrun for example_branch_labels to 2026-07-21 00:00:00+00:00, run_after=2026-07-22 00:00:00+00:00
[2026-07-22T13:08:15.455+0000] {processor.py:208} INFO - Processing /home/airflow/.local/lib/python3.12/site-packages/airflow/example_dags/example_branch_labels.py took 0.199 seconds
[2026-07-22T13:08:45.846+0000] {processor.py:186} INFO - Started process (PID=272) to work on /home/airflow/.local/lib/python3.12/site-packages/airflow/example_dags/example_branch_labels.py
[2026-07-22T13:08:45.849+0000] {processor.py:914} INFO - Processing file /home/airflow/.local/lib/python3.12/site-packages/airflow/example_dags/example_branch_labels.py for tasks to queue
[2026-07-22T13:08:45.855+0000] {logging_mixin.py:190} INFO - [2026-07-22T13:08:45.854+0000] {dagbag.py:588} INFO - Filling up the DagBag from /home/airflow/.local/lib/python3.12/site-packages/airflow/example_dags/example_branch_labels.py
[2026-07-22T13:08:45.868+0000] {processor.py:925} INFO - DAG(s) 'example_branch_labels' retrieved from /home/airflow/.local/lib/python3.12/site-packages/airflow/example_dags/example_branch_labels.py
[2026-07-22T13:08:45.901+0000] {logging_mixin.py:190} INFO - [2026-07-22T13:08:45.901+0000] {dag.py:3239} INFO - Sync 1 DAGs
[2026-07-22T13:08:45.941+0000] {logging_mixin.py:190} INFO - [2026-07-22T13:08:45.940+0000] {dag.py:4180} INFO - Setting next_dagrun for example_branch_labels to 2026-07-21 00:00:00+00:00, run_after=2026-07-22 00:00:00+00:00
[2026-07-22T13:08:45.971+0000] {processor.py:208} INFO - Processing /home/airflow/.local/lib/python3.12/site-packages/airflow/example_dags/example_branch_labels.py took 0.133 seconds
[2026-07-22T13:09:16.538+0000] {processor.py:186} INFO - Started process (PID=335) to work on /home/airflow/.local/lib/python3.12/site-packages/airflow/example_dags/example_branch_labels.py
[2026-07-22T13:09:16.540+0000] {processor.py:914} INFO - Processing file /home/airflow/.local/lib/python3.12/site-packages/airflow/example_dags/example_branch_labels.py for tasks to queue
[2026-07-22T13:09:16.545+0000] {logging_mixin.py:190} INFO - [2026-07-22T13:09:16.545+0000] {dagbag.py:588} INFO - Filling up the DagBag from /home/airflow/.local/lib/python3.12/site-packages/airflow/example_dags/example_branch_labels.py
[2026-07-22T13:09:16.565+0000] {processor.py:925} INFO - DAG(s) 'example_branch_labels' retrieved from /home/airflow/.local/lib/python3.12/site-packages/airflow/example_dags/example_branch_labels.py
[2026-07-22T13:09:16.605+0000] {logging_mixin.py:190} INFO - [2026-07-22T13:09:16.604+0000] {dag.py:3239} INFO - Sync 1 DAGs
[2026-07-22T13:09:16.658+0000] {logging_mixin.py:190} INFO - [2026-07-22T13:09:16.657+0000] {dag.py:4180} INFO - Setting next_dagrun for example_branch_labels to 2026-07-21 00:00:00+00:00, run_after=2026-07-22 00:00:00+00:00
[2026-07-22T13:09:16.706+0000] {processor.py:208} INFO - Processing /home/airflow/.local/lib/python3.12/site-packages/airflow/example_dags/example_branch_labels.py took 0.180 seconds
[2026-07-22T13:09:47.261+0000] {processor.py:186} INFO - Started process (PID=405) to work on /home/airflow/.local/lib/python3.12/site-packages/airflow/example_dags/example_branch_labels.py
[2026-07-22T13:09:47.266+0000] {processor.py:914} INFO - Processing file /home/airflow/.local/lib/python3.12/site-packages/airflow/example_dags/example_branch_labels.py for tasks to queue
[2026-07-22T13:09:47.273+0000] {logging_mixin.py:190} INFO - [2026-07-22T13:09:47.272+0000] {dagbag.py:588} INFO - Filling up the DagBag from /home/airflow/.local/lib/python3.12/site-packages/airflow/example_dags/example_branch_labels.py
[2026-07-22T13:09:47.308+0000] {processor.py:925} INFO - DAG(s) 'example_branch_labels' retrieved from /home/airflow/.local/lib/python3.12/site-packages/airflow/example_dags/example_branch_labels.py
[2026-07-22T13:09:47.379+0000] {logging_mixin.py:190} INFO - [2026-07-22T13:09:47.378+0000] {dag.py:3239} INFO - Sync 1 DAGs
[2026-07-22T13:09:47.446+0000] {logging_mixin.py:190} INFO - [2026-07-22T13:09:47.445+0000] {dag.py:4180} INFO - Setting next_dagrun for example_branch_labels to 2026-07-21 00:00:00+00:00, run_after=2026-07-22 00:00:00+00:00
[2026-07-22T13:09:47.506+0000] {processor.py:208} INFO - Processing /home/airflow/.local/lib/python3.12/site-packages/airflow/example_dags/example_branch_labels.py took 0.262 seconds
[2026-07-22T13:10:17.896+0000] {processor.py:186} INFO - Started process (PID=468) to work on /home/airflow/.local/lib/python3.12/site-packages/airflow/example_dags/example_branch_labels.py
[2026-07-22T13:10:17.900+0000] {processor.py:914} INFO - Processing file /home/airflow/.local/lib/python3.12/site-packages/airflow/example_dags/example_branch_labels.py for tasks to queue
[2026-07-22T13:10:17.906+0000] {logging_mixin.py:190} INFO - [2026-07-22T13:10:17.906+0000] {dagbag.py:588} INFO - Filling up the DagBag from /home/airflow/.local/lib/python3.12/site-packages/airflow/example_dags/example_branch_labels.py
[2026-07-22T13:10:17.926+0000] {processor.py:925} INFO - DAG(s) 'example_branch_labels' retrieved from /home/airflow/.local/lib/python3.12/site-packages/airflow/example_dags/example_branch_labels.py
[2026-07-22T13:10:17.962+0000] {logging_mixin.py:190} INFO - [2026-07-22T13:10:17.962+0000] {dag.py:3239} INFO - Sync 1 DAGs
[2026-07-22T13:10:18.011+0000] {logging_mixin.py:190} INFO - [2026-07-22T13:10:18.011+0000] {dag.py:4180} INFO - Setting next_dagrun for example_branch_labels to 2026-07-21 00:00:00+00:00, run_after=2026-07-22 00:00:00+00:00
[2026-07-22T13:10:18.061+0000] {processor.py:208} INFO - Processing /home/airflow/.local/lib/python3.12/site-packages/airflow/example_dags/example_branch_labels.py took 0.181 seconds
[2026-07-22T13:10:48.159+0000] {processor.py:186} INFO - Started process (PID=531) to work on /home/airflow/.local/lib/python3.12/site-packages/airflow/example_dags/example_branch_labels.py
[2026-07-22T13:10:48.161+0000] {processor.py:914} INFO - Processing file /home/airflow/.local/lib/python3.12/site-packages/airflow/example_dags/example_branch_labels.py for tasks to queue
[2026-07-22T13:10:48.166+0000] {logging_mixin.py:190} INFO - [2026-07-22T13:10:48.166+0000] {dagbag.py:588} INFO - Filling up the DagBag from /home/airflow/.local/lib/python3.12/site-packages/airflow/example_dags/example_branch_labels.py
[2026-07-22T13:10:48.179+0000] {processor.py:925} INFO - DAG(s) 'example_branch_labels' retrieved from /home/airflow/.local/lib/python3.12/site-packages/airflow/example_dags/example_branch_labels.py
[2026-07-22T13:10:48.213+0000] {logging_mixin.py:190} INFO - [2026-07-22T13:10:48.213+0000] {dag.py:3239} INFO - Sync 1 DAGs
[2026-07-22T13:10:48.254+0000] {logging_mixin.py:190} INFO - [2026-07-22T13:10:48.254+0000] {dag.py:4180} INFO - Setting next_dagrun for example_branch_labels to 2026-07-21 00:00:00+00:00, run_after=2026-07-22 00:00:00+00:00
[2026-07-22T13:10:48.290+0000] {processor.py:208} INFO - Processing /home/airflow/.local/lib/python3.12/site-packages/airflow/example_dags/example_branch_labels.py took 0.139 seconds
[2026-07-22T13:11:18.428+0000] {processor.py:186} INFO - Started process (PID=594) to work on /home/airflow/.local/lib/python3.12/site-packages/airflow/example_dags/example_branch_labels.py
[2026-07-22T13:11:18.433+0000] {processor.py:914} INFO - Processing file /home/airflow/.local/lib/python3.12/site-packages/airflow/example_dags/example_branch_labels.py for tasks to queue
[2026-07-22T13:11:18.442+0000] {logging_mixin.py:190} INFO - [2026-07-22T13:11:18.441+0000] {dagbag.py:588} INFO - Filling up the DagBag from /home/airflow/.local/lib/python3.12/site-packages/airflow/example_dags/example_branch_labels.py
[2026-07-22T13:11:18.476+0000] {processor.py:925} INFO - DAG(s) 'example_branch_labels' retrieved from /home/airflow/.local/lib/python3.12/site-packages/airflow/example_dags/example_branch_labels.py
[2026-07-22T13:11:18.551+0000] {logging_mixin.py:190} INFO - [2026-07-22T13:11:18.550+0000] {dag.py:3239} INFO - Sync 1 DAGs
[2026-07-22T13:11:18.624+0000] {logging_mixin.py:190} INFO - [2026-07-22T13:11:18.623+0000] {dag.py:4180} INFO - Setting next_dagrun for example_branch_labels to 2026-07-21 00:00:00+00:00, run_after=2026-07-22 00:00:00+00:00
[2026-07-22T13:11:18.680+0000] {processor.py:208} INFO - Processing /home/airflow/.local/lib/python3.12/site-packages/airflow/example_dags/example_branch_labels.py took 0.275 seconds
[2026-07-22T13:11:49.414+0000] {processor.py:186} INFO - Started process (PID=657) to work on /home/airflow/.local/lib/python3.12/site-packages/airflow/example_dags/example_branch_labels.py
[2026-07-22T13:11:49.416+0000] {processor.py:914} INFO - Processing file /home/airflow/.local/lib/python3.12/site-packages/airflow/example_dags/example_branch_labels.py for tasks to queue
[2026-07-22T13:11:49.422+0000] {logging_mixin.py:190} INFO - [2026-07-22T13:11:49.421+0000] {dagbag.py:588} INFO - Filling up the DagBag from /home/airflow/.local/lib/python3.12/site-packages/airflow/example_dags/example_branch_labels.py
[2026-07-22T13:11:49.438+0000] {processor.py:925} INFO - DAG(s) 'example_branch_labels' retrieved from /home/airflow/.local/lib/python3.12/site-packages/airflow/example_dags/example_branch_labels.py
[2026-07-22T13:11:49.479+0000] {logging_mixin.py:190} INFO - [2026-07-22T13:11:49.479+0000] {dag.py:3239} INFO - Sync 1 DAGs
[2026-07-22T13:11:49.578+0000] {logging_mixin.py:190} INFO - [2026-07-22T13:11:49.578+0000] {dag.py:4180} INFO - Setting next_dagrun for example_branch_labels to 2026-07-21 00:00:00+00:00, run_after=2026-07-22 00:00:00+00:00
[2026-07-22T13:11:49.631+0000] {processor.py:208} INFO - Processing /home/airflow/.local/lib/python3.12/site-packages/airflow/example_dags/example_branch_labels.py took 0.227 seconds
[2026-07-22T13:12:20.099+0000] {processor.py:186} INFO - Started process (PID=720) to work on /home/airflow/.local/lib/python3.12/site-packages/airflow/example_dags/example_branch_labels.py
[2026-07-22T13:12:20.103+0000] {processor.py:914} INFO - Processing file /home/airflow/.local/lib/python3.12/site-packages/airflow/example_dags/example_branch_labels.py for tasks to queue
[2026-07-22T13:12:20.110+0000] {logging_mixin.py:190} INFO - [2026-07-22T13:12:20.109+0000] {dagbag.py:588} INFO - Filling up the DagBag from /home/airflow/.local/lib/python3.12/site-packages/airflow/example_dags/example_branch_labels.py
[2026-07-22T13:12:20.133+0000] {processor.py:925} INFO - DAG(s) 'example_branch_labels' retrieved from /home/airflow/.local/lib/python3.12/site-packages/airflow/example_dags/example_branch_labels.py
[2026-07-22T13:12:20.164+0000] {logging_mixin.py:190} INFO - [2026-07-22T13:12:20.164+0000] {dag.py:3239} INFO - Sync 1 DAGs
[2026-07-22T13:12:20.199+0000] {logging_mixin.py:190} INFO - [2026-07-22T13:12:20.199+0000] {dag.py:4180} INFO - Setting next_dagrun for example_branch_labels to 2026-07-21 00:00:00+00:00, run_after=2026-07-22 00:00:00+00:00
[2026-07-22T13:12:20.230+0000] {processor.py:208} INFO - Processing /home/airflow/.local/lib/python3.12/site-packages/airflow/example_dags/example_branch_labels.py took 0.141 seconds
[2026-07-22T13:12:51.954+0000] {processor.py:186} INFO - Started process (PID=782) to work on /home/airflow/.local/lib/python3.12/site-packages/airflow/example_dags/example_branch_labels.py
[2026-07-22T13:12:51.957+0000] {processor.py:914} INFO - Processing file /home/airflow/.local/lib/python3.12/site-packages/airflow/example_dags/example_branch_labels.py for tasks to queue
[2026-07-22T13:12:51.962+0000] {logging_mixin.py:190} INFO - [2026-07-22T13:12:51.961+0000] {dagbag.py:588} INFO - Filling up the DagBag from /home/airflow/.local/lib/python3.12/site-packages/airflow/example_dags/example_branch_labels.py
[2026-07-22T13:12:51.982+0000] {processor.py:925} INFO - DAG(s) 'example_branch_labels' retrieved from /home/airflow/.local/lib/python3.12/site-packages/airflow/example_dags/example_branch_labels.py
[2026-07-22T13:12:52.026+0000] {logging_mixin.py:190} INFO - [2026-07-22T13:12:52.026+0000] {dag.py:3239} INFO - Sync 1 DAGs
[2026-07-22T13:12:52.072+0000] {logging_mixin.py:190} INFO - [2026-07-22T13:12:52.072+0000] {dag.py:4180} INFO - Setting next_dagrun for example_branch_labels to 2026-07-21 00:00:00+00:00, run_after=2026-07-22 00:00:00+00:00
[2026-07-22T13:12:52.109+0000] {processor.py:208} INFO - Processing /home/airflow/.local/lib/python3.12/site-packages/airflow/example_dags/example_branch_labels.py took 0.166 seconds
[2026-07-22T13:13:24.579+0000] {processor.py:186} INFO - Started process (PID=836) to work on /home/airflow/.local/lib/python3.12/site-packages/airflow/example_dags/example_branch_labels.py
[2026-07-22T13:13:24.583+0000] {processor.py:914} INFO - Processing file /home/airflow/.local/lib/python3.12/site-packages/airflow/example_dags/example_branch_labels.py for tasks to queue
[2026-07-22T13:13:24.591+0000] {logging_mixin.py:190} INFO - [2026-07-22T13:13:24.590+0000] {dagbag.py:588} INFO - Filling up the DagBag from /home/airflow/.local/lib/python3.12/site-packages/airflow/example_dags/example_branch_labels.py
[2026-07-22T13:13:24.623+0000] {processor.py:925} INFO - DAG(s) 'example_branch_labels' retrieved from /home/airflow/.local/lib/python3.12/site-packages/airflow/example_dags/example_branch_labels.py
[2026-07-22T13:13:24.688+0000] {logging_mixin.py:190} INFO - [2026-07-22T13:13:24.688+0000] {dag.py:3239} INFO - Sync 1 DAGs
[2026-07-22T13:13:24.746+0000] {logging_mixin.py:190} INFO - [2026-07-22T13:13:24.745+0000] {dag.py:4180} INFO - Setting next_dagrun for example_branch_labels to 2026-07-21 00:00:00+00:00, run_after=2026-07-22 00:00:00+00:00
[2026-07-22T13:13:24.787+0000] {processor.py:208} INFO - Processing /home/airflow/.local/lib/python3.12/site-packages/airflow/example_dags/example_branch_labels.py took 0.223 seconds
[2026-07-22T13:13:54.956+0000] {processor.py:186} INFO - Started process (PID=899) to work on /home/airflow/.local/lib/python3.12/site-packages/airflow/example_dags/example_branch_labels.py
[2026-07-22T13:13:54.958+0000] {processor.py:914} INFO - Processing file /home/airflow/.local/lib/python3.12/site-packages/airflow/example_dags/example_branch_labels.py for tasks to queue
[2026-07-22T13:13:54.962+0000] {logging_mixin.py:190} INFO - [2026-07-22T13:13:54.961+0000] {dagbag.py:588} INFO - Filling up the DagBag from /home/airflow/.local/lib/python3.12/site-packages/airflow/example_dags/example_branch_labels.py
[2026-07-22T13:13:54.974+0000] {processor.py:925} INFO - DAG(s) 'example_branch_labels' retrieved from /home/airflow/.local/lib/python3.12/site-packages/airflow/example_dags/example_branch_labels.py
[2026-07-22T13:13:55.004+0000] {logging_mixin.py:190} INFO - [2026-07-22T13:13:55.004+0000] {dag.py:3239} INFO - Sync 1 DAGs
[2026-07-22T13:13:55.031+0000] {logging_mixin.py:190} INFO - [2026-07-22T13:13:55.030+0000] {dag.py:4180} INFO - Setting next_dagrun for example_branch_labels to 2026-07-21 00:00:00+00:00, run_after=2026-07-22 00:00:00+00:00
[2026-07-22T13:13:55.059+0000] {processor.py:208} INFO - Processing /home/airflow/.local/lib/python3.12/site-packages/airflow/example_dags/example_branch_labels.py took 0.110 seconds
[2026-07-22T13:14:27.272+0000] {processor.py:186} INFO - Started process (PID=962) to work on /home/airflow/.local/lib/python3.12/site-packages/airflow/example_dags/example_branch_labels.py
[2026-07-22T13:14:27.274+0000] {processor.py:914} INFO - Processing file /home/airflow/.local/lib/python3.12/site-packages/airflow/example_dags/example_branch_labels.py for tasks to queue
[2026-07-22T13:14:27.278+0000] {logging_mixin.py:190} INFO - [2026-07-22T13:14:27.278+0000] {dagbag.py:588} INFO - Filling up the DagBag from /home/airflow/.local/lib/python3.12/site-packages/airflow/example_dags/example_branch_labels.py
[2026-07-22T13:14:27.297+0000] {processor.py:925} INFO - DAG(s) 'example_branch_labels' retrieved from /home/airflow/.local/lib/python3.12/site-packages/airflow/example_dags/example_branch_labels.py
[2026-07-22T13:14:27.345+0000] {logging_mixin.py:190} INFO - [2026-07-22T13:14:27.344+0000] {dag.py:3239} INFO - Sync 1 DAGs
[2026-07-22T13:14:27.390+0000] {logging_mixin.py:190} INFO - [2026-07-22T13:14:27.389+0000] {dag.py:4180} INFO - Setting next_dagrun for example_branch_labels to 2026-07-21 00:00:00+00:00, run_after=2026-07-22 00:00:00+00:00
[2026-07-22T13:14:27.428+0000] {processor.py:208} INFO - Processing /home/airflow/.local/lib/python3.12/site-packages/airflow/example_dags/example_branch_labels.py took 0.164 seconds
[2026-07-22T13:14:58.221+0000] {processor.py:186} INFO - Started process (PID=1019) to work on /home/airflow/.local/lib/python3.12/site-packages/airflow/example_dags/example_branch_labels.py
[2026-07-22T13:14:58.223+0000] {processor.py:914} INFO - Processing file /home/airflow/.local/lib/python3.12/site-packages/airflow/example_dags/example_branch_labels.py for tasks to queue
[2026-07-22T13:14:58.229+0000] {logging_mixin.py:190} INFO - [2026-07-22T13:14:58.229+0000] {dagbag.py:588} INFO - Filling up the DagBag from /home/airflow/.local/lib/python3.12/site-packages/airflow/example_dags/example_branch_labels.py
[2026-07-22T13:14:58.252+0000] {processor.py:925} INFO - DAG(s) 'example_branch_labels' retrieved from /home/airflow/.local/lib/python3.12/site-packages/airflow/example_dags/example_branch_labels.py
[2026-07-22T13:14:58.307+0000] {logging_mixin.py:190} INFO - [2026-07-22T13:14:58.307+0000] {dag.py:3239} INFO - Sync 1 DAGs
[2026-07-22T13:14:58.361+0000] {logging_mixin.py:190} INFO - [2026-07-22T13:14:58.360+0000] {dag.py:4180} INFO - Setting next_dagrun for example_branch_labels to 2026-07-21 00:00:00+00:00, run_after=2026-07-22 00:00:00+00:00
[2026-07-22T13:14:58.402+0000] {processor.py:208} INFO - Processing /home/airflow/.local/lib/python3.12/site-packages/airflow/example_dags/example_branch_labels.py took 0.194 seconds
[2026-07-22T13:15:30.785+0000] {processor.py:186} INFO - Started process (PID=1077) to work on /home/airflow/.local/lib/python3.12/site-packages/airflow/example_dags/example_branch_labels.py
[2026-07-22T13:15:30.788+0000] {processor.py:914} INFO - Processing file /home/airflow/.local/lib/python3.12/site-packages/airflow/example_dags/example_branch_labels.py for tasks to queue
[2026-07-22T13:15:30.796+0000] {logging_mixin.py:190} INFO - [2026-07-22T13:15:30.795+0000] {dagbag.py:588} INFO - Filling up the DagBag from /home/airflow/.local/lib/python3.12/site-packages/airflow/example_dags/example_branch_labels.py
[2026-07-22T13:15:30.830+0000] {processor.py:925} INFO - DAG(s) 'example_branch_labels' retrieved from /home/airflow/.local/lib/python3.12/site-packages/airflow/example_dags/example_branch_labels.py
[2026-07-22T13:15:30.916+0000] {logging_mixin.py:190} INFO - [2026-07-22T13:15:30.915+0000] {dag.py:3239} INFO - Sync 1 DAGs
[2026-07-22T13:15:31.077+0000] {logging_mixin.py:190} INFO - [2026-07-22T13:15:31.076+0000] {dag.py:4180} INFO - Setting next_dagrun for example_branch_labels to 2026-07-21 00:00:00+00:00, run_after=2026-07-22 00:00:00+00:00
[2026-07-22T13:15:31.188+0000] {processor.py:208} INFO - Processing /home/airflow/.local/lib/python3.12/site-packages/airflow/example_dags/example_branch_labels.py took 0.418 seconds
[2026-07-22T13:16:02.943+0000] {processor.py:186} INFO - Started process (PID=1140) to work on /home/airflow/.local/lib/python3.12/site-packages/airflow/example_dags/example_branch_labels.py
[2026-07-22T13:16:02.952+0000] {processor.py:914} INFO - Processing file /home/airflow/.local/lib/python3.12/site-packages/airflow/example_dags/example_branch_labels.py for tasks to queue
[2026-07-22T13:16:02.964+0000] {logging_mixin.py:190} INFO - [2026-07-22T13:16:02.963+0000] {dagbag.py:588} INFO - Filling up the DagBag from /home/airflow/.local/lib/python3.12/site-packages/airflow/example_dags/example_branch_labels.py
[2026-07-22T13:16:02.998+0000] {processor.py:925} INFO - DAG(s) 'example_branch_labels' retrieved from /home/airflow/.local/lib/python3.12/site-packages/airflow/example_dags/example_branch_labels.py
[2026-07-22T13:16:03.046+0000] {logging_mixin.py:190} INFO - [2026-07-22T13:16:03.046+0000] {dag.py:3239} INFO - Sync 1 DAGs
[2026-07-22T13:16:03.089+0000] {logging_mixin.py:190} INFO - [2026-07-22T13:16:03.089+0000] {dag.py:4180} INFO - Setting next_dagrun for example_branch_labels to 2026-07-21 00:00:00+00:00, run_after=2026-07-22 00:00:00+00:00
[2026-07-22T13:16:03.134+0000] {processor.py:208} INFO - Processing /home/airflow/.local/lib/python3.12/site-packages/airflow/example_dags/example_branch_labels.py took 0.209 seconds
[2026-07-22T13:16:33.300+0000] {processor.py:186} INFO - Started process (PID=1202) to work on /home/airflow/.local/lib/python3.12/site-packages/airflow/example_dags/example_branch_labels.py
[2026-07-22T13:16:33.303+0000] {processor.py:914} INFO - Processing file /home/airflow/.local/lib/python3.12/site-packages/airflow/example_dags/example_branch_labels.py for tasks to queue
[2026-07-22T13:16:33.310+0000] {logging_mixin.py:190} INFO - [2026-07-22T13:16:33.309+0000] {dagbag.py:588} INFO - Filling up the DagBag from /home/airflow/.local/lib/python3.12/site-packages/airflow/example_dags/example_branch_labels.py
[2026-07-22T13:16:33.340+0000] {processor.py:925} INFO - DAG(s) 'example_branch_labels' retrieved from /home/airflow/.local/lib/python3.12/site-packages/airflow/example_dags/example_branch_labels.py
[2026-07-22T13:16:33.385+0000] {logging_mixin.py:190} INFO - [2026-07-22T13:16:33.384+0000] {dag.py:3239} INFO - Sync 1 DAGs
[2026-07-22T13:16:33.466+0000] {logging_mixin.py:190} INFO - [2026-07-22T13:16:33.465+0000] {dag.py:4180} INFO - Setting next_dagrun for example_branch_labels to 2026-07-21 00:00:00+00:00, run_after=2026-07-22 00:00:00+00:00
[2026-07-22T13:16:33.542+0000] {processor.py:208} INFO - Processing /home/airflow/.local/lib/python3.12/site-packages/airflow/example_dags/example_branch_labels.py took 0.263 seconds
[2026-07-22T13:17:03.774+0000] {processor.py:186} INFO - Started process (PID=1264) to work on /home/airflow/.local/lib/python3.12/site-packages/airflow/example_dags/example_branch_labels.py
[2026-07-22T13:17:03.779+0000] {processor.py:914} INFO - Processing file /home/airflow/.local/lib/python3.12/site-packages/airflow/example_dags/example_branch_labels.py for tasks to queue
[2026-07-22T13:17:03.800+0000] {logging_mixin.py:190} INFO - [2026-07-22T13:17:03.797+0000] {dagbag.py:588} INFO - Filling up the DagBag from /home/airflow/.local/lib/python3.12/site-packages/airflow/example_dags/example_branch_labels.py
[2026-07-22T13:17:03.857+0000] {processor.py:925} INFO - DAG(s) 'example_branch_labels' retrieved from /home/airflow/.local/lib/python3.12/site-packages/airflow/example_dags/example_branch_labels.py
[2026-07-22T13:17:03.956+0000] {logging_mixin.py:190} INFO - [2026-07-22T13:17:03.954+0000] {dag.py:3239} INFO - Sync 1 DAGs
[2026-07-22T13:17:04.106+0000] {logging_mixin.py:190} INFO - [2026-07-22T13:17:04.105+0000] {dag.py:4180} INFO - Setting next_dagrun for example_branch_labels to 2026-07-21 00:00:00+00:00, run_after=2026-07-22 00:00:00+00:00
[2026-07-22T13:17:04.199+0000] {processor.py:208} INFO - Processing /home/airflow/.local/lib/python3.12/site-packages/airflow/example_dags/example_branch_labels.py took 0.475 seconds
[2026-07-22T13:17:35.004+0000] {processor.py:186} INFO - Started process (PID=1327) to work on /home/airflow/.local/lib/python3.12/site-packages/airflow/example_dags/example_branch_labels.py
[2026-07-22T13:17:35.008+0000] {processor.py:914} INFO - Processing file /home/airflow/.local/lib/python3.12/site-packages/airflow/example_dags/example_branch_labels.py for tasks to queue
[2026-07-22T13:17:35.016+0000] {logging_mixin.py:190} INFO - [2026-07-22T13:17:35.015+0000] {dagbag.py:588} INFO - Filling up the DagBag from /home/airflow/.local/lib/python3.12/site-packages/airflow/example_dags/example_branch_labels.py
[2026-07-22T13:17:35.047+0000] {processor.py:925} INFO - DAG(s) 'example_branch_labels' retrieved from /home/airflow/.local/lib/python3.12/site-packages/airflow/example_dags/example_branch_labels.py
[2026-07-22T13:17:35.097+0000] {logging_mixin.py:190} INFO - [2026-07-22T13:17:35.096+0000] {dag.py:3239} INFO - Sync 1 DAGs
[2026-07-22T13:17:35.154+0000] {logging_mixin.py:190} INFO - [2026-07-22T13:17:35.153+0000] {dag.py:4180} INFO - Setting next_dagrun for example_branch_labels to 2026-07-21 00:00:00+00:00, run_after=2026-07-22 00:00:00+00:00
[2026-07-22T13:17:35.210+0000] {processor.py:208} INFO - Processing /home/airflow/.local/lib/python3.12/site-packages/airflow/example_dags/example_branch_labels.py took 0.223 seconds
