[2026-07-22T13:07:10.220+0000] {processor.py:186} INFO - Started process (PID=75) to work on /home/airflow/.local/lib/python3.12/site-packages/airflow/example_dags/example_python_operator.py
[2026-07-22T13:07:10.224+0000] {processor.py:914} INFO - Processing file /home/airflow/.local/lib/python3.12/site-packages/airflow/example_dags/example_python_operator.py for tasks to queue
[2026-07-22T13:07:10.235+0000] {logging_mixin.py:190} INFO - [2026-07-22T13:07:10.233+0000] {dagbag.py:588} INFO - Filling up the DagBag from /home/airflow/.local/lib/python3.12/site-packages/airflow/example_dags/example_python_operator.py
[2026-07-22T13:07:10.331+0000] {processor.py:925} INFO - DAG(s) 'example_python_operator' retrieved from /home/airflow/.local/lib/python3.12/site-packages/airflow/example_dags/example_python_operator.py
[2026-07-22T13:07:11.135+0000] {logging_mixin.py:190} INFO - [2026-07-22T13:07:11.131+0000] {override.py:1912} INFO - Created Permission View: can read on DAG:example_python_operator
[2026-07-22T13:07:11.174+0000] {logging_mixin.py:190} INFO - [2026-07-22T13:07:11.173+0000] {override.py:1912} INFO - Created Permission View: can edit on DAG:example_python_operator
[2026-07-22T13:07:11.203+0000] {logging_mixin.py:190} INFO - [2026-07-22T13:07:11.202+0000] {override.py:1912} INFO - Created Permission View: can delete on DAG:example_python_operator
[2026-07-22T13:07:11.240+0000] {logging_mixin.py:190} INFO - [2026-07-22T13:07:11.240+0000] {override.py:1912} INFO - Created Permission View: can read on DAG Run:example_python_operator
[2026-07-22T13:07:11.288+0000] {logging_mixin.py:190} INFO - [2026-07-22T13:07:11.287+0000] {override.py:1912} INFO - Created Permission View: menu access on DAG Run:example_python_operator
[2026-07-22T13:07:11.315+0000] {logging_mixin.py:190} INFO - [2026-07-22T13:07:11.314+0000] {override.py:1912} INFO - Created Permission View: can create on DAG Run:example_python_operator
[2026-07-22T13:07:11.334+0000] {logging_mixin.py:190} INFO - [2026-07-22T13:07:11.333+0000] {override.py:1912} INFO - Created Permission View: can delete on DAG Run:example_python_operator
[2026-07-22T13:07:11.337+0000] {logging_mixin.py:190} INFO - [2026-07-22T13:07:11.337+0000] {dag.py:3239} INFO - Sync 1 DAGs
[2026-07-22T13:07:11.386+0000] {logging_mixin.py:190} INFO - [2026-07-22T13:07:11.385+0000] {dag.py:3262} INFO - Creating ORM DAG for example_python_operator
[2026-07-22T13:07:11.392+0000] {logging_mixin.py:190} INFO - [2026-07-22T13:07:11.392+0000] {dag.py:4180} INFO - Setting next_dagrun for example_python_operator to None, run_after=None
[2026-07-22T13:07:11.449+0000] {processor.py:208} INFO - Processing /home/airflow/.local/lib/python3.12/site-packages/airflow/example_dags/example_python_operator.py took 1.246 seconds
[2026-07-22T13:07:42.037+0000] {processor.py:186} INFO - Started process (PID=139) to work on /home/airflow/.local/lib/python3.12/site-packages/airflow/example_dags/example_python_operator.py
[2026-07-22T13:07:42.040+0000] {processor.py:914} INFO - Processing file /home/airflow/.local/lib/python3.12/site-packages/airflow/example_dags/example_python_operator.py for tasks to queue
[2026-07-22T13:07:42.049+0000] {logging_mixin.py:190} INFO - [2026-07-22T13:07:42.048+0000] {dagbag.py:588} INFO - Filling up the DagBag from /home/airflow/.local/lib/python3.12/site-packages/airflow/example_dags/example_python_operator.py
[2026-07-22T13:07:42.078+0000] {processor.py:925} INFO - DAG(s) 'example_python_operator' retrieved from /home/airflow/.local/lib/python3.12/site-packages/airflow/example_dags/example_python_operator.py
[2026-07-22T13:07:42.136+0000] {logging_mixin.py:190} INFO - [2026-07-22T13:07:42.135+0000] {dag.py:3239} INFO - Sync 1 DAGs
[2026-07-22T13:07:42.176+0000] {logging_mixin.py:190} INFO - [2026-07-22T13:07:42.176+0000] {dag.py:4180} INFO - Setting next_dagrun for example_python_operator to None, run_after=None
[2026-07-22T13:07:42.219+0000] {processor.py:208} INFO - Processing /home/airflow/.local/lib/python3.12/site-packages/airflow/example_dags/example_python_operator.py took 0.196 seconds
[2026-07-22T13:08:12.527+0000] {processor.py:186} INFO - Started process (PID=202) to work on /home/airflow/.local/lib/python3.12/site-packages/airflow/example_dags/example_python_operator.py
[2026-07-22T13:08:12.535+0000] {processor.py:914} INFO - Processing file /home/airflow/.local/lib/python3.12/site-packages/airflow/example_dags/example_python_operator.py for tasks to queue
[2026-07-22T13:08:12.541+0000] {logging_mixin.py:190} INFO - [2026-07-22T13:08:12.541+0000] {dagbag.py:588} INFO - Filling up the DagBag from /home/airflow/.local/lib/python3.12/site-packages/airflow/example_dags/example_python_operator.py
[2026-07-22T13:08:12.575+0000] {processor.py:925} INFO - DAG(s) 'example_python_operator' retrieved from /home/airflow/.local/lib/python3.12/site-packages/airflow/example_dags/example_python_operator.py
[2026-07-22T13:08:12.663+0000] {logging_mixin.py:190} INFO - [2026-07-22T13:08:12.662+0000] {dag.py:3239} INFO - Sync 1 DAGs
[2026-07-22T13:08:12.713+0000] {logging_mixin.py:190} INFO - [2026-07-22T13:08:12.712+0000] {dag.py:4180} INFO - Setting next_dagrun for example_python_operator to None, run_after=None
[2026-07-22T13:08:12.779+0000] {processor.py:208} INFO - Processing /home/airflow/.local/lib/python3.12/site-packages/airflow/example_dags/example_python_operator.py took 0.270 seconds
[2026-07-22T13:08:43.418+0000] {processor.py:186} INFO - Started process (PID=266) to work on /home/airflow/.local/lib/python3.12/site-packages/airflow/example_dags/example_python_operator.py
[2026-07-22T13:08:43.420+0000] {processor.py:914} INFO - Processing file /home/airflow/.local/lib/python3.12/site-packages/airflow/example_dags/example_python_operator.py for tasks to queue
[2026-07-22T13:08:43.424+0000] {logging_mixin.py:190} INFO - [2026-07-22T13:08:43.424+0000] {dagbag.py:588} INFO - Filling up the DagBag from /home/airflow/.local/lib/python3.12/site-packages/airflow/example_dags/example_python_operator.py
[2026-07-22T13:08:43.443+0000] {processor.py:925} INFO - DAG(s) 'example_python_operator' retrieved from /home/airflow/.local/lib/python3.12/site-packages/airflow/example_dags/example_python_operator.py
[2026-07-22T13:08:43.480+0000] {logging_mixin.py:190} INFO - [2026-07-22T13:08:43.479+0000] {dag.py:3239} INFO - Sync 1 DAGs
[2026-07-22T13:08:43.513+0000] {logging_mixin.py:190} INFO - [2026-07-22T13:08:43.512+0000] {dag.py:4180} INFO - Setting next_dagrun for example_python_operator to None, run_after=None
[2026-07-22T13:08:43.556+0000] {processor.py:208} INFO - Processing /home/airflow/.local/lib/python3.12/site-packages/airflow/example_dags/example_python_operator.py took 0.147 seconds
[2026-07-22T13:09:14.235+0000] {processor.py:186} INFO - Started process (PID=329) to work on /home/airflow/.local/lib/python3.12/site-packages/airflow/example_dags/example_python_operator.py
[2026-07-22T13:09:14.238+0000] {processor.py:914} INFO - Processing file /home/airflow/.local/lib/python3.12/site-packages/airflow/example_dags/example_python_operator.py for tasks to queue
[2026-07-22T13:09:14.245+0000] {logging_mixin.py:190} INFO - [2026-07-22T13:09:14.244+0000] {dagbag.py:588} INFO - Filling up the DagBag from /home/airflow/.local/lib/python3.12/site-packages/airflow/example_dags/example_python_operator.py
[2026-07-22T13:09:14.279+0000] {processor.py:925} INFO - DAG(s) 'example_python_operator' retrieved from /home/airflow/.local/lib/python3.12/site-packages/airflow/example_dags/example_python_operator.py
[2026-07-22T13:09:14.334+0000] {logging_mixin.py:190} INFO - [2026-07-22T13:09:14.333+0000] {dag.py:3239} INFO - Sync 1 DAGs
[2026-07-22T13:09:14.371+0000] {logging_mixin.py:190} INFO - [2026-07-22T13:09:14.371+0000] {dag.py:4180} INFO - Setting next_dagrun for example_python_operator to None, run_after=None
[2026-07-22T13:09:14.417+0000] {processor.py:208} INFO - Processing /home/airflow/.local/lib/python3.12/site-packages/airflow/example_dags/example_python_operator.py took 0.196 seconds
[2026-07-22T13:09:44.786+0000] {processor.py:186} INFO - Started process (PID=393) to work on /home/airflow/.local/lib/python3.12/site-packages/airflow/example_dags/example_python_operator.py
[2026-07-22T13:09:44.788+0000] {processor.py:914} INFO - Processing file /home/airflow/.local/lib/python3.12/site-packages/airflow/example_dags/example_python_operator.py for tasks to queue
[2026-07-22T13:09:44.792+0000] {logging_mixin.py:190} INFO - [2026-07-22T13:09:44.791+0000] {dagbag.py:588} INFO - Filling up the DagBag from /home/airflow/.local/lib/python3.12/site-packages/airflow/example_dags/example_python_operator.py
[2026-07-22T13:09:44.810+0000] {processor.py:925} INFO - DAG(s) 'example_python_operator' retrieved from /home/airflow/.local/lib/python3.12/site-packages/airflow/example_dags/example_python_operator.py
[2026-07-22T13:09:44.842+0000] {logging_mixin.py:190} INFO - [2026-07-22T13:09:44.842+0000] {dag.py:3239} INFO - Sync 1 DAGs
[2026-07-22T13:09:44.866+0000] {logging_mixin.py:190} INFO - [2026-07-22T13:09:44.866+0000] {dag.py:4180} INFO - Setting next_dagrun for example_python_operator to None, run_after=None
[2026-07-22T13:09:44.906+0000] {processor.py:208} INFO - Processing /home/airflow/.local/lib/python3.12/site-packages/airflow/example_dags/example_python_operator.py took 0.132 seconds
[2026-07-22T13:10:15.478+0000] {processor.py:186} INFO - Started process (PID=456) to work on /home/airflow/.local/lib/python3.12/site-packages/airflow/example_dags/example_python_operator.py
[2026-07-22T13:10:15.480+0000] {processor.py:914} INFO - Processing file /home/airflow/.local/lib/python3.12/site-packages/airflow/example_dags/example_python_operator.py for tasks to queue
[2026-07-22T13:10:15.487+0000] {logging_mixin.py:190} INFO - [2026-07-22T13:10:15.486+0000] {dagbag.py:588} INFO - Filling up the DagBag from /home/airflow/.local/lib/python3.12/site-packages/airflow/example_dags/example_python_operator.py
[2026-07-22T13:10:15.513+0000] {processor.py:925} INFO - DAG(s) 'example_python_operator' retrieved from /home/airflow/.local/lib/python3.12/site-packages/airflow/example_dags/example_python_operator.py
[2026-07-22T13:10:15.555+0000] {logging_mixin.py:190} INFO - [2026-07-22T13:10:15.555+0000] {dag.py:3239} INFO - Sync 1 DAGs
[2026-07-22T13:10:15.583+0000] {logging_mixin.py:190} INFO - [2026-07-22T13:10:15.582+0000] {dag.py:4180} INFO - Setting next_dagrun for example_python_operator to None, run_after=None
[2026-07-22T13:10:15.625+0000] {processor.py:208} INFO - Processing /home/airflow/.local/lib/python3.12/site-packages/airflow/example_dags/example_python_operator.py took 0.165 seconds
[2026-07-22T13:10:45.762+0000] {processor.py:186} INFO - Started process (PID=519) to work on /home/airflow/.local/lib/python3.12/site-packages/airflow/example_dags/example_python_operator.py
[2026-07-22T13:10:45.764+0000] {processor.py:914} INFO - Processing file /home/airflow/.local/lib/python3.12/site-packages/airflow/example_dags/example_python_operator.py for tasks to queue
[2026-07-22T13:10:45.769+0000] {logging_mixin.py:190} INFO - [2026-07-22T13:10:45.768+0000] {dagbag.py:588} INFO - Filling up the DagBag from /home/airflow/.local/lib/python3.12/site-packages/airflow/example_dags/example_python_operator.py
[2026-07-22T13:10:45.789+0000] {processor.py:925} INFO - DAG(s) 'example_python_operator' retrieved from /home/airflow/.local/lib/python3.12/site-packages/airflow/example_dags/example_python_operator.py
[2026-07-22T13:10:45.821+0000] {logging_mixin.py:190} INFO - [2026-07-22T13:10:45.821+0000] {dag.py:3239} INFO - Sync 1 DAGs
[2026-07-22T13:10:45.843+0000] {logging_mixin.py:190} INFO - [2026-07-22T13:10:45.843+0000] {dag.py:4180} INFO - Setting next_dagrun for example_python_operator to None, run_after=None
[2026-07-22T13:10:45.881+0000] {processor.py:208} INFO - Processing /home/airflow/.local/lib/python3.12/site-packages/airflow/example_dags/example_python_operator.py took 0.129 seconds
[2026-07-22T13:11:16.541+0000] {processor.py:186} INFO - Started process (PID=582) to work on /home/airflow/.local/lib/python3.12/site-packages/airflow/example_dags/example_python_operator.py
[2026-07-22T13:11:16.544+0000] {processor.py:914} INFO - Processing file /home/airflow/.local/lib/python3.12/site-packages/airflow/example_dags/example_python_operator.py for tasks to queue
[2026-07-22T13:11:16.552+0000] {logging_mixin.py:190} INFO - [2026-07-22T13:11:16.550+0000] {dagbag.py:588} INFO - Filling up the DagBag from /home/airflow/.local/lib/python3.12/site-packages/airflow/example_dags/example_python_operator.py
[2026-07-22T13:11:16.580+0000] {processor.py:925} INFO - DAG(s) 'example_python_operator' retrieved from /home/airflow/.local/lib/python3.12/site-packages/airflow/example_dags/example_python_operator.py
[2026-07-22T13:11:16.640+0000] {logging_mixin.py:190} INFO - [2026-07-22T13:11:16.639+0000] {dag.py:3239} INFO - Sync 1 DAGs
[2026-07-22T13:11:16.674+0000] {logging_mixin.py:190} INFO - [2026-07-22T13:11:16.674+0000] {dag.py:4180} INFO - Setting next_dagrun for example_python_operator to None, run_after=None
[2026-07-22T13:11:16.718+0000] {processor.py:208} INFO - Processing /home/airflow/.local/lib/python3.12/site-packages/airflow/example_dags/example_python_operator.py took 0.191 seconds
[2026-07-22T13:11:47.145+0000] {processor.py:186} INFO - Started process (PID=645) to work on /home/airflow/.local/lib/python3.12/site-packages/airflow/example_dags/example_python_operator.py
[2026-07-22T13:11:47.148+0000] {processor.py:914} INFO - Processing file /home/airflow/.local/lib/python3.12/site-packages/airflow/example_dags/example_python_operator.py for tasks to queue
[2026-07-22T13:11:47.153+0000] {logging_mixin.py:190} INFO - [2026-07-22T13:11:47.152+0000] {dagbag.py:588} INFO - Filling up the DagBag from /home/airflow/.local/lib/python3.12/site-packages/airflow/example_dags/example_python_operator.py
[2026-07-22T13:11:47.174+0000] {processor.py:925} INFO - DAG(s) 'example_python_operator' retrieved from /home/airflow/.local/lib/python3.12/site-packages/airflow/example_dags/example_python_operator.py
[2026-07-22T13:11:47.206+0000] {logging_mixin.py:190} INFO - [2026-07-22T13:11:47.206+0000] {dag.py:3239} INFO - Sync 1 DAGs
[2026-07-22T13:11:47.232+0000] {logging_mixin.py:190} INFO - [2026-07-22T13:11:47.231+0000] {dag.py:4180} INFO - Setting next_dagrun for example_python_operator to None, run_after=None
[2026-07-22T13:11:47.266+0000] {processor.py:208} INFO - Processing /home/airflow/.local/lib/python3.12/site-packages/airflow/example_dags/example_python_operator.py took 0.133 seconds
[2026-07-22T13:12:18.224+0000] {processor.py:186} INFO - Started process (PID=709) to work on /home/airflow/.local/lib/python3.12/site-packages/airflow/example_dags/example_python_operator.py
[2026-07-22T13:12:18.228+0000] {processor.py:914} INFO - Processing file /home/airflow/.local/lib/python3.12/site-packages/airflow/example_dags/example_python_operator.py for tasks to queue
[2026-07-22T13:12:18.235+0000] {logging_mixin.py:190} INFO - [2026-07-22T13:12:18.234+0000] {dagbag.py:588} INFO - Filling up the DagBag from /home/airflow/.local/lib/python3.12/site-packages/airflow/example_dags/example_python_operator.py
[2026-07-22T13:12:18.260+0000] {processor.py:925} INFO - DAG(s) 'example_python_operator' retrieved from /home/airflow/.local/lib/python3.12/site-packages/airflow/example_dags/example_python_operator.py
[2026-07-22T13:12:18.315+0000] {logging_mixin.py:190} INFO - [2026-07-22T13:12:18.315+0000] {dag.py:3239} INFO - Sync 1 DAGs
[2026-07-22T13:12:18.355+0000] {logging_mixin.py:190} INFO - [2026-07-22T13:12:18.354+0000] {dag.py:4180} INFO - Setting next_dagrun for example_python_operator to None, run_after=None
[2026-07-22T13:12:18.403+0000] {processor.py:208} INFO - Processing /home/airflow/.local/lib/python3.12/site-packages/airflow/example_dags/example_python_operator.py took 0.192 seconds
[2026-07-22T13:12:50.148+0000] {processor.py:186} INFO - Started process (PID=769) to work on /home/airflow/.local/lib/python3.12/site-packages/airflow/example_dags/example_python_operator.py
[2026-07-22T13:12:50.151+0000] {processor.py:914} INFO - Processing file /home/airflow/.local/lib/python3.12/site-packages/airflow/example_dags/example_python_operator.py for tasks to queue
[2026-07-22T13:12:50.156+0000] {logging_mixin.py:190} INFO - [2026-07-22T13:12:50.156+0000] {dagbag.py:588} INFO - Filling up the DagBag from /home/airflow/.local/lib/python3.12/site-packages/airflow/example_dags/example_python_operator.py
[2026-07-22T13:12:50.179+0000] {processor.py:925} INFO - DAG(s) 'example_python_operator' retrieved from /home/airflow/.local/lib/python3.12/site-packages/airflow/example_dags/example_python_operator.py
[2026-07-22T13:12:50.219+0000] {logging_mixin.py:190} INFO - [2026-07-22T13:12:50.219+0000] {dag.py:3239} INFO - Sync 1 DAGs
[2026-07-22T13:12:50.244+0000] {logging_mixin.py:190} INFO - [2026-07-22T13:12:50.244+0000] {dag.py:4180} INFO - Setting next_dagrun for example_python_operator to None, run_after=None
[2026-07-22T13:12:50.288+0000] {processor.py:208} INFO - Processing /home/airflow/.local/lib/python3.12/site-packages/airflow/example_dags/example_python_operator.py took 0.153 seconds
[2026-07-22T13:13:23.128+0000] {processor.py:186} INFO - Started process (PID=830) to work on /home/airflow/.local/lib/python3.12/site-packages/airflow/example_dags/example_python_operator.py
[2026-07-22T13:13:23.132+0000] {processor.py:914} INFO - Processing file /home/airflow/.local/lib/python3.12/site-packages/airflow/example_dags/example_python_operator.py for tasks to queue
[2026-07-22T13:13:23.141+0000] {logging_mixin.py:190} INFO - [2026-07-22T13:13:23.140+0000] {dagbag.py:588} INFO - Filling up the DagBag from /home/airflow/.local/lib/python3.12/site-packages/airflow/example_dags/example_python_operator.py
[2026-07-22T13:13:23.170+0000] {processor.py:925} INFO - DAG(s) 'example_python_operator' retrieved from /home/airflow/.local/lib/python3.12/site-packages/airflow/example_dags/example_python_operator.py
[2026-07-22T13:13:23.211+0000] {logging_mixin.py:190} INFO - [2026-07-22T13:13:23.211+0000] {dag.py:3239} INFO - Sync 1 DAGs
[2026-07-22T13:13:23.242+0000] {logging_mixin.py:190} INFO - [2026-07-22T13:13:23.242+0000] {dag.py:4180} INFO - Setting next_dagrun for example_python_operator to None, run_after=None
[2026-07-22T13:13:23.284+0000] {processor.py:208} INFO - Processing /home/airflow/.local/lib/python3.12/site-packages/airflow/example_dags/example_python_operator.py took 0.171 seconds
[2026-07-22T13:13:54.233+0000] {processor.py:186} INFO - Started process (PID=893) to work on /home/airflow/.local/lib/python3.12/site-packages/airflow/example_dags/example_python_operator.py
[2026-07-22T13:13:54.236+0000] {processor.py:914} INFO - Processing file /home/airflow/.local/lib/python3.12/site-packages/airflow/example_dags/example_python_operator.py for tasks to queue
[2026-07-22T13:13:54.240+0000] {logging_mixin.py:190} INFO - [2026-07-22T13:13:54.239+0000] {dagbag.py:588} INFO - Filling up the DagBag from /home/airflow/.local/lib/python3.12/site-packages/airflow/example_dags/example_python_operator.py
[2026-07-22T13:13:54.265+0000] {processor.py:925} INFO - DAG(s) 'example_python_operator' retrieved from /home/airflow/.local/lib/python3.12/site-packages/airflow/example_dags/example_python_operator.py
[2026-07-22T13:13:54.305+0000] {logging_mixin.py:190} INFO - [2026-07-22T13:13:54.305+0000] {dag.py:3239} INFO - Sync 1 DAGs
[2026-07-22T13:13:54.330+0000] {logging_mixin.py:190} INFO - [2026-07-22T13:13:54.330+0000] {dag.py:4180} INFO - Setting next_dagrun for example_python_operator to None, run_after=None
[2026-07-22T13:13:54.364+0000] {processor.py:208} INFO - Processing /home/airflow/.local/lib/python3.12/site-packages/airflow/example_dags/example_python_operator.py took 0.139 seconds
[2026-07-22T13:14:25.209+0000] {processor.py:186} INFO - Started process (PID=950) to work on /home/airflow/.local/lib/python3.12/site-packages/airflow/example_dags/example_python_operator.py
[2026-07-22T13:14:25.212+0000] {processor.py:914} INFO - Processing file /home/airflow/.local/lib/python3.12/site-packages/airflow/example_dags/example_python_operator.py for tasks to queue
[2026-07-22T13:14:25.218+0000] {logging_mixin.py:190} INFO - [2026-07-22T13:14:25.217+0000] {dagbag.py:588} INFO - Filling up the DagBag from /home/airflow/.local/lib/python3.12/site-packages/airflow/example_dags/example_python_operator.py
[2026-07-22T13:14:25.243+0000] {processor.py:925} INFO - DAG(s) 'example_python_operator' retrieved from /home/airflow/.local/lib/python3.12/site-packages/airflow/example_dags/example_python_operator.py
[2026-07-22T13:14:25.300+0000] {logging_mixin.py:190} INFO - [2026-07-22T13:14:25.299+0000] {dag.py:3239} INFO - Sync 1 DAGs
[2026-07-22T13:14:25.329+0000] {logging_mixin.py:190} INFO - [2026-07-22T13:14:25.329+0000] {dag.py:4180} INFO - Setting next_dagrun for example_python_operator to None, run_after=None
[2026-07-22T13:14:25.368+0000] {processor.py:208} INFO - Processing /home/airflow/.local/lib/python3.12/site-packages/airflow/example_dags/example_python_operator.py took 0.183 seconds
[2026-07-22T13:14:56.096+0000] {processor.py:186} INFO - Started process (PID=1007) to work on /home/airflow/.local/lib/python3.12/site-packages/airflow/example_dags/example_python_operator.py
[2026-07-22T13:14:56.100+0000] {processor.py:914} INFO - Processing file /home/airflow/.local/lib/python3.12/site-packages/airflow/example_dags/example_python_operator.py for tasks to queue
[2026-07-22T13:14:56.108+0000] {logging_mixin.py:190} INFO - [2026-07-22T13:14:56.107+0000] {dagbag.py:588} INFO - Filling up the DagBag from /home/airflow/.local/lib/python3.12/site-packages/airflow/example_dags/example_python_operator.py
[2026-07-22T13:14:56.140+0000] {processor.py:925} INFO - DAG(s) 'example_python_operator' retrieved from /home/airflow/.local/lib/python3.12/site-packages/airflow/example_dags/example_python_operator.py
[2026-07-22T13:14:56.191+0000] {logging_mixin.py:190} INFO - [2026-07-22T13:14:56.190+0000] {dag.py:3239} INFO - Sync 1 DAGs
[2026-07-22T13:14:56.223+0000] {logging_mixin.py:190} INFO - [2026-07-22T13:14:56.223+0000] {dag.py:4180} INFO - Setting next_dagrun for example_python_operator to None, run_after=None
[2026-07-22T13:14:56.274+0000] {processor.py:208} INFO - Processing /home/airflow/.local/lib/python3.12/site-packages/airflow/example_dags/example_python_operator.py took 0.208 seconds
[2026-07-22T13:15:26.703+0000] {processor.py:186} INFO - Started process (PID=1068) to work on /home/airflow/.local/lib/python3.12/site-packages/airflow/example_dags/example_python_operator.py
[2026-07-22T13:15:26.706+0000] {processor.py:914} INFO - Processing file /home/airflow/.local/lib/python3.12/site-packages/airflow/example_dags/example_python_operator.py for tasks to queue
[2026-07-22T13:15:26.712+0000] {logging_mixin.py:190} INFO - [2026-07-22T13:15:26.711+0000] {dagbag.py:588} INFO - Filling up the DagBag from /home/airflow/.local/lib/python3.12/site-packages/airflow/example_dags/example_python_operator.py
[2026-07-22T13:15:26.734+0000] {processor.py:925} INFO - DAG(s) 'example_python_operator' retrieved from /home/airflow/.local/lib/python3.12/site-packages/airflow/example_dags/example_python_operator.py
[2026-07-22T13:15:26.771+0000] {logging_mixin.py:190} INFO - [2026-07-22T13:15:26.770+0000] {dag.py:3239} INFO - Sync 1 DAGs
[2026-07-22T13:15:26.797+0000] {logging_mixin.py:190} INFO - [2026-07-22T13:15:26.797+0000] {dag.py:4180} INFO - Setting next_dagrun for example_python_operator to None, run_after=None
[2026-07-22T13:15:26.838+0000] {processor.py:208} INFO - Processing /home/airflow/.local/lib/python3.12/site-packages/airflow/example_dags/example_python_operator.py took 0.145 seconds
[2026-07-22T13:15:57.528+0000] {processor.py:186} INFO - Started process (PID=1131) to work on /home/airflow/.local/lib/python3.12/site-packages/airflow/example_dags/example_python_operator.py
[2026-07-22T13:15:57.536+0000] {processor.py:914} INFO - Processing file /home/airflow/.local/lib/python3.12/site-packages/airflow/example_dags/example_python_operator.py for tasks to queue
[2026-07-22T13:15:57.550+0000] {logging_mixin.py:190} INFO - [2026-07-22T13:15:57.547+0000] {dagbag.py:588} INFO - Filling up the DagBag from /home/airflow/.local/lib/python3.12/site-packages/airflow/example_dags/example_python_operator.py
[2026-07-22T13:15:57.602+0000] {processor.py:925} INFO - DAG(s) 'example_python_operator' retrieved from /home/airflow/.local/lib/python3.12/site-packages/airflow/example_dags/example_python_operator.py
[2026-07-22T13:15:57.666+0000] {logging_mixin.py:190} INFO - [2026-07-22T13:15:57.666+0000] {dag.py:3239} INFO - Sync 1 DAGs
[2026-07-22T13:15:57.695+0000] {logging_mixin.py:190} INFO - [2026-07-22T13:15:57.694+0000] {dag.py:4180} INFO - Setting next_dagrun for example_python_operator to None, run_after=None
[2026-07-22T13:15:57.748+0000] {processor.py:208} INFO - Processing /home/airflow/.local/lib/python3.12/site-packages/airflow/example_dags/example_python_operator.py took 0.239 seconds
[2026-07-22T13:16:28.471+0000] {processor.py:186} INFO - Started process (PID=1194) to work on /home/airflow/.local/lib/python3.12/site-packages/airflow/example_dags/example_python_operator.py
[2026-07-22T13:16:28.486+0000] {processor.py:914} INFO - Processing file /home/airflow/.local/lib/python3.12/site-packages/airflow/example_dags/example_python_operator.py for tasks to queue
[2026-07-22T13:16:28.505+0000] {logging_mixin.py:190} INFO - [2026-07-22T13:16:28.504+0000] {dagbag.py:588} INFO - Filling up the DagBag from /home/airflow/.local/lib/python3.12/site-packages/airflow/example_dags/example_python_operator.py
[2026-07-22T13:16:28.592+0000] {processor.py:925} INFO - DAG(s) 'example_python_operator' retrieved from /home/airflow/.local/lib/python3.12/site-packages/airflow/example_dags/example_python_operator.py
[2026-07-22T13:16:28.685+0000] {logging_mixin.py:190} INFO - [2026-07-22T13:16:28.685+0000] {dag.py:3239} INFO - Sync 1 DAGs
[2026-07-22T13:16:28.736+0000] {logging_mixin.py:190} INFO - [2026-07-22T13:16:28.735+0000] {dag.py:4180} INFO - Setting next_dagrun for example_python_operator to None, run_after=None
[2026-07-22T13:16:28.778+0000] {processor.py:208} INFO - Processing /home/airflow/.local/lib/python3.12/site-packages/airflow/example_dags/example_python_operator.py took 0.361 seconds
[2026-07-22T13:16:59.926+0000] {processor.py:186} INFO - Started process (PID=1257) to work on /home/airflow/.local/lib/python3.12/site-packages/airflow/example_dags/example_python_operator.py
[2026-07-22T13:16:59.931+0000] {processor.py:914} INFO - Processing file /home/airflow/.local/lib/python3.12/site-packages/airflow/example_dags/example_python_operator.py for tasks to queue
[2026-07-22T13:16:59.941+0000] {logging_mixin.py:190} INFO - [2026-07-22T13:16:59.940+0000] {dagbag.py:588} INFO - Filling up the DagBag from /home/airflow/.local/lib/python3.12/site-packages/airflow/example_dags/example_python_operator.py
[2026-07-22T13:16:59.996+0000] {processor.py:925} INFO - DAG(s) 'example_python_operator' retrieved from /home/airflow/.local/lib/python3.12/site-packages/airflow/example_dags/example_python_operator.py
[2026-07-22T13:17:00.102+0000] {logging_mixin.py:190} INFO - [2026-07-22T13:17:00.101+0000] {dag.py:3239} INFO - Sync 1 DAGs
[2026-07-22T13:17:00.165+0000] {logging_mixin.py:190} INFO - [2026-07-22T13:17:00.164+0000] {dag.py:4180} INFO - Setting next_dagrun for example_python_operator to None, run_after=None
[2026-07-22T13:17:00.243+0000] {processor.py:208} INFO - Processing /home/airflow/.local/lib/python3.12/site-packages/airflow/example_dags/example_python_operator.py took 0.342 seconds
[2026-07-22T13:17:31.072+0000] {processor.py:186} INFO - Started process (PID=1320) to work on /home/airflow/.local/lib/python3.12/site-packages/airflow/example_dags/example_python_operator.py
[2026-07-22T13:17:31.082+0000] {processor.py:914} INFO - Processing file /home/airflow/.local/lib/python3.12/site-packages/airflow/example_dags/example_python_operator.py for tasks to queue
[2026-07-22T13:17:31.095+0000] {logging_mixin.py:190} INFO - [2026-07-22T13:17:31.094+0000] {dagbag.py:588} INFO - Filling up the DagBag from /home/airflow/.local/lib/python3.12/site-packages/airflow/example_dags/example_python_operator.py
[2026-07-22T13:17:31.167+0000] {processor.py:925} INFO - DAG(s) 'example_python_operator' retrieved from /home/airflow/.local/lib/python3.12/site-packages/airflow/example_dags/example_python_operator.py
[2026-07-22T13:17:31.260+0000] {logging_mixin.py:190} INFO - [2026-07-22T13:17:31.259+0000] {dag.py:3239} INFO - Sync 1 DAGs
[2026-07-22T13:17:31.324+0000] {logging_mixin.py:190} INFO - [2026-07-22T13:17:31.323+0000] {dag.py:4180} INFO - Setting next_dagrun for example_python_operator to None, run_after=None
[2026-07-22T13:17:31.465+0000] {processor.py:208} INFO - Processing /home/airflow/.local/lib/python3.12/site-packages/airflow/example_dags/example_python_operator.py took 0.428 seconds
