[2026-07-22T13:07:28.947+0000] {processor.py:186} INFO - Started process (PID=113) to work on /home/airflow/.local/lib/python3.12/site-packages/airflow/example_dags/example_outlet_event_extra.py
[2026-07-22T13:07:28.950+0000] {processor.py:914} INFO - Processing file /home/airflow/.local/lib/python3.12/site-packages/airflow/example_dags/example_outlet_event_extra.py for tasks to queue
[2026-07-22T13:07:28.956+0000] {logging_mixin.py:190} INFO - [2026-07-22T13:07:28.956+0000] {dagbag.py:588} INFO - Filling up the DagBag from /home/airflow/.local/lib/python3.12/site-packages/airflow/example_dags/example_outlet_event_extra.py
[2026-07-22T13:07:30.093+0000] {processor.py:925} INFO - DAG(s) 'dataset_with_extra_by_context', 'dataset_with_extra_by_yield', 'dataset_with_extra_from_classic_operator' retrieved from /home/airflow/.local/lib/python3.12/site-packages/airflow/example_dags/example_outlet_event_extra.py
[2026-07-22T13:07:30.303+0000] {logging_mixin.py:190} INFO - [2026-07-22T13:07:30.302+0000] {override.py:1912} INFO - Created Permission View: can read on DAG:dataset_with_extra_by_context
[2026-07-22T13:07:30.325+0000] {logging_mixin.py:190} INFO - [2026-07-22T13:07:30.324+0000] {override.py:1912} INFO - Created Permission View: can edit on DAG:dataset_with_extra_by_context
[2026-07-22T13:07:30.341+0000] {logging_mixin.py:190} INFO - [2026-07-22T13:07:30.340+0000] {override.py:1912} INFO - Created Permission View: can delete on DAG:dataset_with_extra_by_context
[2026-07-22T13:07:30.359+0000] {logging_mixin.py:190} INFO - [2026-07-22T13:07:30.359+0000] {override.py:1912} INFO - Created Permission View: can read on DAG Run:dataset_with_extra_by_context
[2026-07-22T13:07:30.378+0000] {logging_mixin.py:190} INFO - [2026-07-22T13:07:30.378+0000] {override.py:1912} INFO - Created Permission View: menu access on DAG Run:dataset_with_extra_by_context
[2026-07-22T13:07:30.396+0000] {logging_mixin.py:190} INFO - [2026-07-22T13:07:30.395+0000] {override.py:1912} INFO - Created Permission View: can create on DAG Run:dataset_with_extra_by_context
[2026-07-22T13:07:30.419+0000] {logging_mixin.py:190} INFO - [2026-07-22T13:07:30.418+0000] {override.py:1912} INFO - Created Permission View: can delete on DAG Run:dataset_with_extra_by_context
[2026-07-22T13:07:30.490+0000] {logging_mixin.py:190} INFO - [2026-07-22T13:07:30.489+0000] {override.py:1912} INFO - Created Permission View: can read on DAG:dataset_with_extra_by_yield
[2026-07-22T13:07:30.519+0000] {logging_mixin.py:190} INFO - [2026-07-22T13:07:30.519+0000] {override.py:1912} INFO - Created Permission View: can edit on DAG:dataset_with_extra_by_yield
[2026-07-22T13:07:30.546+0000] {logging_mixin.py:190} INFO - [2026-07-22T13:07:30.545+0000] {override.py:1912} INFO - Created Permission View: can delete on DAG:dataset_with_extra_by_yield
[2026-07-22T13:07:30.590+0000] {logging_mixin.py:190} INFO - [2026-07-22T13:07:30.590+0000] {override.py:1912} INFO - Created Permission View: can read on DAG Run:dataset_with_extra_by_yield
[2026-07-22T13:07:30.620+0000] {logging_mixin.py:190} INFO - [2026-07-22T13:07:30.619+0000] {override.py:1912} INFO - Created Permission View: menu access on DAG Run:dataset_with_extra_by_yield
[2026-07-22T13:07:30.644+0000] {logging_mixin.py:190} INFO - [2026-07-22T13:07:30.643+0000] {override.py:1912} INFO - Created Permission View: can create on DAG Run:dataset_with_extra_by_yield
[2026-07-22T13:07:30.666+0000] {logging_mixin.py:190} INFO - [2026-07-22T13:07:30.665+0000] {override.py:1912} INFO - Created Permission View: can delete on DAG Run:dataset_with_extra_by_yield
[2026-07-22T13:07:30.711+0000] {logging_mixin.py:190} INFO - [2026-07-22T13:07:30.711+0000] {override.py:1912} INFO - Created Permission View: can read on DAG:dataset_with_extra_from_classic_operator
[2026-07-22T13:07:30.788+0000] {logging_mixin.py:190} INFO - [2026-07-22T13:07:30.786+0000] {override.py:1912} INFO - Created Permission View: can edit on DAG:dataset_with_extra_from_classic_operator
[2026-07-22T13:07:30.842+0000] {logging_mixin.py:190} INFO - [2026-07-22T13:07:30.840+0000] {override.py:1912} INFO - Created Permission View: can delete on DAG:dataset_with_extra_from_classic_operator
[2026-07-22T13:07:30.881+0000] {logging_mixin.py:190} INFO - [2026-07-22T13:07:30.880+0000] {override.py:1912} INFO - Created Permission View: can read on DAG Run:dataset_with_extra_from_classic_operator
[2026-07-22T13:07:30.935+0000] {logging_mixin.py:190} INFO - [2026-07-22T13:07:30.934+0000] {override.py:1912} INFO - Created Permission View: menu access on DAG Run:dataset_with_extra_from_classic_operator
[2026-07-22T13:07:31.022+0000] {logging_mixin.py:190} INFO - [2026-07-22T13:07:31.021+0000] {override.py:1912} INFO - Created Permission View: can create on DAG Run:dataset_with_extra_from_classic_operator
[2026-07-22T13:07:31.085+0000] {logging_mixin.py:190} INFO - [2026-07-22T13:07:31.084+0000] {override.py:1912} INFO - Created Permission View: can delete on DAG Run:dataset_with_extra_from_classic_operator
[2026-07-22T13:07:31.089+0000] {logging_mixin.py:190} INFO - [2026-07-22T13:07:31.089+0000] {dag.py:3239} INFO - Sync 3 DAGs
[2026-07-22T13:07:31.155+0000] {logging_mixin.py:190} INFO - [2026-07-22T13:07:31.154+0000] {dag.py:3262} INFO - Creating ORM DAG for dataset_with_extra_by_context
[2026-07-22T13:07:31.159+0000] {logging_mixin.py:190} INFO - [2026-07-22T13:07:31.158+0000] {dag.py:3262} INFO - Creating ORM DAG for dataset_with_extra_from_classic_operator
[2026-07-22T13:07:31.161+0000] {logging_mixin.py:190} INFO - [2026-07-22T13:07:31.161+0000] {dag.py:3262} INFO - Creating ORM DAG for dataset_with_extra_by_yield
[2026-07-22T13:07:31.187+0000] {logging_mixin.py:190} INFO - [2026-07-22T13:07:31.187+0000] {dag.py:4180} INFO - Setting next_dagrun for dataset_with_extra_by_context to 2026-07-21 00:00:00+00:00, run_after=2026-07-22 00:00:00+00:00
[2026-07-22T13:07:31.194+0000] {logging_mixin.py:190} INFO - [2026-07-22T13:07:31.193+0000] {dag.py:4180} INFO - Setting next_dagrun for dataset_with_extra_by_yield to 2026-07-21 00:00:00+00:00, run_after=2026-07-22 00:00:00+00:00
[2026-07-22T13:07:31.200+0000] {logging_mixin.py:190} INFO - [2026-07-22T13:07:31.199+0000] {dag.py:4180} INFO - Setting next_dagrun for dataset_with_extra_from_classic_operator to 2026-07-21 00:00:00+00:00, run_after=2026-07-22 00:00:00+00:00
[2026-07-22T13:07:31.264+0000] {processor.py:208} INFO - Processing /home/airflow/.local/lib/python3.12/site-packages/airflow/example_dags/example_outlet_event_extra.py took 2.327 seconds
[2026-07-22T13:08:01.704+0000] {processor.py:186} INFO - Started process (PID=178) to work on /home/airflow/.local/lib/python3.12/site-packages/airflow/example_dags/example_outlet_event_extra.py
[2026-07-22T13:08:01.708+0000] {processor.py:914} INFO - Processing file /home/airflow/.local/lib/python3.12/site-packages/airflow/example_dags/example_outlet_event_extra.py for tasks to queue
[2026-07-22T13:08:01.717+0000] {logging_mixin.py:190} INFO - [2026-07-22T13:08:01.716+0000] {dagbag.py:588} INFO - Filling up the DagBag from /home/airflow/.local/lib/python3.12/site-packages/airflow/example_dags/example_outlet_event_extra.py
[2026-07-22T13:08:02.782+0000] {processor.py:925} INFO - DAG(s) 'dataset_with_extra_from_classic_operator', 'dataset_with_extra_by_yield', 'dataset_with_extra_by_context' retrieved from /home/airflow/.local/lib/python3.12/site-packages/airflow/example_dags/example_outlet_event_extra.py
[2026-07-22T13:08:02.820+0000] {logging_mixin.py:190} INFO - [2026-07-22T13:08:02.819+0000] {dag.py:3239} INFO - Sync 3 DAGs
[2026-07-22T13:08:02.852+0000] {logging_mixin.py:190} INFO - [2026-07-22T13:08:02.852+0000] {dag.py:4180} INFO - Setting next_dagrun for dataset_with_extra_by_context to 2026-07-21 00:00:00+00:00, run_after=2026-07-22 00:00:00+00:00
[2026-07-22T13:08:02.860+0000] {logging_mixin.py:190} INFO - [2026-07-22T13:08:02.859+0000] {dag.py:4180} INFO - Setting next_dagrun for dataset_with_extra_by_yield to 2026-07-21 00:00:00+00:00, run_after=2026-07-22 00:00:00+00:00
[2026-07-22T13:08:02.865+0000] {logging_mixin.py:190} INFO - [2026-07-22T13:08:02.865+0000] {dag.py:4180} INFO - Setting next_dagrun for dataset_with_extra_from_classic_operator to 2026-07-21 00:00:00+00:00, run_after=2026-07-22 00:00:00+00:00
[2026-07-22T13:08:02.899+0000] {processor.py:208} INFO - Processing /home/airflow/.local/lib/python3.12/site-packages/airflow/example_dags/example_outlet_event_extra.py took 1.212 seconds
[2026-07-22T13:08:34.692+0000] {processor.py:186} INFO - Started process (PID=240) to work on /home/airflow/.local/lib/python3.12/site-packages/airflow/example_dags/example_outlet_event_extra.py
[2026-07-22T13:08:34.696+0000] {processor.py:914} INFO - Processing file /home/airflow/.local/lib/python3.12/site-packages/airflow/example_dags/example_outlet_event_extra.py for tasks to queue
[2026-07-22T13:08:34.702+0000] {logging_mixin.py:190} INFO - [2026-07-22T13:08:34.701+0000] {dagbag.py:588} INFO - Filling up the DagBag from /home/airflow/.local/lib/python3.12/site-packages/airflow/example_dags/example_outlet_event_extra.py
[2026-07-22T13:08:35.958+0000] {processor.py:925} INFO - DAG(s) 'dataset_with_extra_from_classic_operator', 'dataset_with_extra_by_context', 'dataset_with_extra_by_yield' retrieved from /home/airflow/.local/lib/python3.12/site-packages/airflow/example_dags/example_outlet_event_extra.py
[2026-07-22T13:08:36.017+0000] {logging_mixin.py:190} INFO - [2026-07-22T13:08:36.017+0000] {dag.py:3239} INFO - Sync 3 DAGs
[2026-07-22T13:08:36.067+0000] {logging_mixin.py:190} INFO - [2026-07-22T13:08:36.067+0000] {dag.py:4180} INFO - Setting next_dagrun for dataset_with_extra_by_context to 2026-07-21 00:00:00+00:00, run_after=2026-07-22 00:00:00+00:00
[2026-07-22T13:08:36.080+0000] {logging_mixin.py:190} INFO - [2026-07-22T13:08:36.079+0000] {dag.py:4180} INFO - Setting next_dagrun for dataset_with_extra_by_yield to 2026-07-21 00:00:00+00:00, run_after=2026-07-22 00:00:00+00:00
[2026-07-22T13:08:36.086+0000] {logging_mixin.py:190} INFO - [2026-07-22T13:08:36.085+0000] {dag.py:4180} INFO - Setting next_dagrun for dataset_with_extra_from_classic_operator to 2026-07-21 00:00:00+00:00, run_after=2026-07-22 00:00:00+00:00
[2026-07-22T13:08:36.135+0000] {processor.py:208} INFO - Processing /home/airflow/.local/lib/python3.12/site-packages/airflow/example_dags/example_outlet_event_extra.py took 1.454 seconds
[2026-07-22T13:09:06.551+0000] {processor.py:186} INFO - Started process (PID=305) to work on /home/airflow/.local/lib/python3.12/site-packages/airflow/example_dags/example_outlet_event_extra.py
[2026-07-22T13:09:06.554+0000] {processor.py:914} INFO - Processing file /home/airflow/.local/lib/python3.12/site-packages/airflow/example_dags/example_outlet_event_extra.py for tasks to queue
[2026-07-22T13:09:06.558+0000] {logging_mixin.py:190} INFO - [2026-07-22T13:09:06.558+0000] {dagbag.py:588} INFO - Filling up the DagBag from /home/airflow/.local/lib/python3.12/site-packages/airflow/example_dags/example_outlet_event_extra.py
[2026-07-22T13:09:07.349+0000] {processor.py:925} INFO - DAG(s) 'dataset_with_extra_by_context', 'dataset_with_extra_from_classic_operator', 'dataset_with_extra_by_yield' retrieved from /home/airflow/.local/lib/python3.12/site-packages/airflow/example_dags/example_outlet_event_extra.py
[2026-07-22T13:09:07.389+0000] {logging_mixin.py:190} INFO - [2026-07-22T13:09:07.389+0000] {dag.py:3239} INFO - Sync 3 DAGs
[2026-07-22T13:09:07.426+0000] {logging_mixin.py:190} INFO - [2026-07-22T13:09:07.426+0000] {dag.py:4180} INFO - Setting next_dagrun for dataset_with_extra_by_context to 2026-07-21 00:00:00+00:00, run_after=2026-07-22 00:00:00+00:00
[2026-07-22T13:09:07.436+0000] {logging_mixin.py:190} INFO - [2026-07-22T13:09:07.436+0000] {dag.py:4180} INFO - Setting next_dagrun for dataset_with_extra_by_yield to 2026-07-21 00:00:00+00:00, run_after=2026-07-22 00:00:00+00:00
[2026-07-22T13:09:07.442+0000] {logging_mixin.py:190} INFO - [2026-07-22T13:09:07.441+0000] {dag.py:4180} INFO - Setting next_dagrun for dataset_with_extra_from_classic_operator to 2026-07-21 00:00:00+00:00, run_after=2026-07-22 00:00:00+00:00
[2026-07-22T13:09:07.494+0000] {processor.py:208} INFO - Processing /home/airflow/.local/lib/python3.12/site-packages/airflow/example_dags/example_outlet_event_extra.py took 0.955 seconds
[2026-07-22T13:09:37.610+0000] {processor.py:186} INFO - Started process (PID=369) to work on /home/airflow/.local/lib/python3.12/site-packages/airflow/example_dags/example_outlet_event_extra.py
[2026-07-22T13:09:37.614+0000] {processor.py:914} INFO - Processing file /home/airflow/.local/lib/python3.12/site-packages/airflow/example_dags/example_outlet_event_extra.py for tasks to queue
[2026-07-22T13:09:37.622+0000] {logging_mixin.py:190} INFO - [2026-07-22T13:09:37.621+0000] {dagbag.py:588} INFO - Filling up the DagBag from /home/airflow/.local/lib/python3.12/site-packages/airflow/example_dags/example_outlet_event_extra.py
[2026-07-22T13:09:38.508+0000] {processor.py:925} INFO - DAG(s) 'dataset_with_extra_by_yield', 'dataset_with_extra_by_context', 'dataset_with_extra_from_classic_operator' retrieved from /home/airflow/.local/lib/python3.12/site-packages/airflow/example_dags/example_outlet_event_extra.py
[2026-07-22T13:09:38.554+0000] {logging_mixin.py:190} INFO - [2026-07-22T13:09:38.554+0000] {dag.py:3239} INFO - Sync 3 DAGs
[2026-07-22T13:09:38.592+0000] {logging_mixin.py:190} INFO - [2026-07-22T13:09:38.592+0000] {dag.py:4180} INFO - Setting next_dagrun for dataset_with_extra_by_context to 2026-07-21 00:00:00+00:00, run_after=2026-07-22 00:00:00+00:00
[2026-07-22T13:09:38.603+0000] {logging_mixin.py:190} INFO - [2026-07-22T13:09:38.603+0000] {dag.py:4180} INFO - Setting next_dagrun for dataset_with_extra_by_yield to 2026-07-21 00:00:00+00:00, run_after=2026-07-22 00:00:00+00:00
[2026-07-22T13:09:38.609+0000] {logging_mixin.py:190} INFO - [2026-07-22T13:09:38.609+0000] {dag.py:4180} INFO - Setting next_dagrun for dataset_with_extra_from_classic_operator to 2026-07-21 00:00:00+00:00, run_after=2026-07-22 00:00:00+00:00
[2026-07-22T13:09:38.646+0000] {processor.py:208} INFO - Processing /home/airflow/.local/lib/python3.12/site-packages/airflow/example_dags/example_outlet_event_extra.py took 1.051 seconds
[2026-07-22T13:10:08.758+0000] {processor.py:186} INFO - Started process (PID=436) to work on /home/airflow/.local/lib/python3.12/site-packages/airflow/example_dags/example_outlet_event_extra.py
[2026-07-22T13:10:08.760+0000] {processor.py:914} INFO - Processing file /home/airflow/.local/lib/python3.12/site-packages/airflow/example_dags/example_outlet_event_extra.py for tasks to queue
[2026-07-22T13:10:08.764+0000] {logging_mixin.py:190} INFO - [2026-07-22T13:10:08.764+0000] {dagbag.py:588} INFO - Filling up the DagBag from /home/airflow/.local/lib/python3.12/site-packages/airflow/example_dags/example_outlet_event_extra.py
[2026-07-22T13:10:09.568+0000] {processor.py:925} INFO - DAG(s) 'dataset_with_extra_by_context', 'dataset_with_extra_from_classic_operator', 'dataset_with_extra_by_yield' retrieved from /home/airflow/.local/lib/python3.12/site-packages/airflow/example_dags/example_outlet_event_extra.py
[2026-07-22T13:10:09.612+0000] {logging_mixin.py:190} INFO - [2026-07-22T13:10:09.612+0000] {dag.py:3239} INFO - Sync 3 DAGs
[2026-07-22T13:10:09.652+0000] {logging_mixin.py:190} INFO - [2026-07-22T13:10:09.651+0000] {dag.py:4180} INFO - Setting next_dagrun for dataset_with_extra_by_context to 2026-07-21 00:00:00+00:00, run_after=2026-07-22 00:00:00+00:00
[2026-07-22T13:10:09.660+0000] {logging_mixin.py:190} INFO - [2026-07-22T13:10:09.660+0000] {dag.py:4180} INFO - Setting next_dagrun for dataset_with_extra_by_yield to 2026-07-21 00:00:00+00:00, run_after=2026-07-22 00:00:00+00:00
[2026-07-22T13:10:09.666+0000] {logging_mixin.py:190} INFO - [2026-07-22T13:10:09.666+0000] {dag.py:4180} INFO - Setting next_dagrun for dataset_with_extra_from_classic_operator to 2026-07-21 00:00:00+00:00, run_after=2026-07-22 00:00:00+00:00
[2026-07-22T13:10:09.711+0000] {processor.py:208} INFO - Processing /home/airflow/.local/lib/python3.12/site-packages/airflow/example_dags/example_outlet_event_extra.py took 0.961 seconds
[2026-07-22T13:10:40.441+0000] {processor.py:186} INFO - Started process (PID=497) to work on /home/airflow/.local/lib/python3.12/site-packages/airflow/example_dags/example_outlet_event_extra.py
[2026-07-22T13:10:40.443+0000] {processor.py:914} INFO - Processing file /home/airflow/.local/lib/python3.12/site-packages/airflow/example_dags/example_outlet_event_extra.py for tasks to queue
[2026-07-22T13:10:40.449+0000] {logging_mixin.py:190} INFO - [2026-07-22T13:10:40.448+0000] {dagbag.py:588} INFO - Filling up the DagBag from /home/airflow/.local/lib/python3.12/site-packages/airflow/example_dags/example_outlet_event_extra.py
[2026-07-22T13:10:41.791+0000] {processor.py:925} INFO - DAG(s) 'dataset_with_extra_by_yield', 'dataset_with_extra_by_context', 'dataset_with_extra_from_classic_operator' retrieved from /home/airflow/.local/lib/python3.12/site-packages/airflow/example_dags/example_outlet_event_extra.py
[2026-07-22T13:10:41.828+0000] {logging_mixin.py:190} INFO - [2026-07-22T13:10:41.827+0000] {dag.py:3239} INFO - Sync 3 DAGs
[2026-07-22T13:10:41.862+0000] {logging_mixin.py:190} INFO - [2026-07-22T13:10:41.861+0000] {dag.py:4180} INFO - Setting next_dagrun for dataset_with_extra_by_context to 2026-07-21 00:00:00+00:00, run_after=2026-07-22 00:00:00+00:00
[2026-07-22T13:10:41.870+0000] {logging_mixin.py:190} INFO - [2026-07-22T13:10:41.870+0000] {dag.py:4180} INFO - Setting next_dagrun for dataset_with_extra_by_yield to 2026-07-21 00:00:00+00:00, run_after=2026-07-22 00:00:00+00:00
[2026-07-22T13:10:41.876+0000] {logging_mixin.py:190} INFO - [2026-07-22T13:10:41.875+0000] {dag.py:4180} INFO - Setting next_dagrun for dataset_with_extra_from_classic_operator to 2026-07-21 00:00:00+00:00, run_after=2026-07-22 00:00:00+00:00
[2026-07-22T13:10:41.929+0000] {processor.py:208} INFO - Processing /home/airflow/.local/lib/python3.12/site-packages/airflow/example_dags/example_outlet_event_extra.py took 1.500 seconds
[2026-07-22T13:11:12.089+0000] {processor.py:186} INFO - Started process (PID=565) to work on /home/airflow/.local/lib/python3.12/site-packages/airflow/example_dags/example_outlet_event_extra.py
[2026-07-22T13:11:12.091+0000] {processor.py:914} INFO - Processing file /home/airflow/.local/lib/python3.12/site-packages/airflow/example_dags/example_outlet_event_extra.py for tasks to queue
[2026-07-22T13:11:12.095+0000] {logging_mixin.py:190} INFO - [2026-07-22T13:11:12.095+0000] {dagbag.py:588} INFO - Filling up the DagBag from /home/airflow/.local/lib/python3.12/site-packages/airflow/example_dags/example_outlet_event_extra.py
[2026-07-22T13:11:12.944+0000] {processor.py:925} INFO - DAG(s) 'dataset_with_extra_by_context', 'dataset_with_extra_by_yield', 'dataset_with_extra_from_classic_operator' retrieved from /home/airflow/.local/lib/python3.12/site-packages/airflow/example_dags/example_outlet_event_extra.py
[2026-07-22T13:11:12.982+0000] {logging_mixin.py:190} INFO - [2026-07-22T13:11:12.982+0000] {dag.py:3239} INFO - Sync 3 DAGs
[2026-07-22T13:11:13.018+0000] {logging_mixin.py:190} INFO - [2026-07-22T13:11:13.018+0000] {dag.py:4180} INFO - Setting next_dagrun for dataset_with_extra_by_context to 2026-07-21 00:00:00+00:00, run_after=2026-07-22 00:00:00+00:00
[2026-07-22T13:11:13.026+0000] {logging_mixin.py:190} INFO - [2026-07-22T13:11:13.025+0000] {dag.py:4180} INFO - Setting next_dagrun for dataset_with_extra_by_yield to 2026-07-21 00:00:00+00:00, run_after=2026-07-22 00:00:00+00:00
[2026-07-22T13:11:13.031+0000] {logging_mixin.py:190} INFO - [2026-07-22T13:11:13.030+0000] {dag.py:4180} INFO - Setting next_dagrun for dataset_with_extra_from_classic_operator to 2026-07-21 00:00:00+00:00, run_after=2026-07-22 00:00:00+00:00
[2026-07-22T13:11:13.079+0000] {processor.py:208} INFO - Processing /home/airflow/.local/lib/python3.12/site-packages/airflow/example_dags/example_outlet_event_extra.py took 0.999 seconds
[2026-07-22T13:11:43.529+0000] {processor.py:186} INFO - Started process (PID=630) to work on /home/airflow/.local/lib/python3.12/site-packages/airflow/example_dags/example_outlet_event_extra.py
[2026-07-22T13:11:43.531+0000] {processor.py:914} INFO - Processing file /home/airflow/.local/lib/python3.12/site-packages/airflow/example_dags/example_outlet_event_extra.py for tasks to queue
[2026-07-22T13:11:43.537+0000] {logging_mixin.py:190} INFO - [2026-07-22T13:11:43.537+0000] {dagbag.py:588} INFO - Filling up the DagBag from /home/airflow/.local/lib/python3.12/site-packages/airflow/example_dags/example_outlet_event_extra.py
[2026-07-22T13:11:44.645+0000] {processor.py:925} INFO - DAG(s) 'dataset_with_extra_from_classic_operator', 'dataset_with_extra_by_context', 'dataset_with_extra_by_yield' retrieved from /home/airflow/.local/lib/python3.12/site-packages/airflow/example_dags/example_outlet_event_extra.py
[2026-07-22T13:11:44.683+0000] {logging_mixin.py:190} INFO - [2026-07-22T13:11:44.682+0000] {dag.py:3239} INFO - Sync 3 DAGs
[2026-07-22T13:11:44.724+0000] {logging_mixin.py:190} INFO - [2026-07-22T13:11:44.724+0000] {dag.py:4180} INFO - Setting next_dagrun for dataset_with_extra_by_context to 2026-07-21 00:00:00+00:00, run_after=2026-07-22 00:00:00+00:00
[2026-07-22T13:11:44.736+0000] {logging_mixin.py:190} INFO - [2026-07-22T13:11:44.735+0000] {dag.py:4180} INFO - Setting next_dagrun for dataset_with_extra_by_yield to 2026-07-21 00:00:00+00:00, run_after=2026-07-22 00:00:00+00:00
[2026-07-22T13:11:44.741+0000] {logging_mixin.py:190} INFO - [2026-07-22T13:11:44.741+0000] {dag.py:4180} INFO - Setting next_dagrun for dataset_with_extra_from_classic_operator to 2026-07-21 00:00:00+00:00, run_after=2026-07-22 00:00:00+00:00
[2026-07-22T13:11:44.779+0000] {processor.py:208} INFO - Processing /home/airflow/.local/lib/python3.12/site-packages/airflow/example_dags/example_outlet_event_extra.py took 1.262 seconds
[2026-07-22T13:12:15.514+0000] {processor.py:186} INFO - Started process (PID=687) to work on /home/airflow/.local/lib/python3.12/site-packages/airflow/example_dags/example_outlet_event_extra.py
[2026-07-22T13:12:15.517+0000] {processor.py:914} INFO - Processing file /home/airflow/.local/lib/python3.12/site-packages/airflow/example_dags/example_outlet_event_extra.py for tasks to queue
[2026-07-22T13:12:15.525+0000] {logging_mixin.py:190} INFO - [2026-07-22T13:12:15.524+0000] {dagbag.py:588} INFO - Filling up the DagBag from /home/airflow/.local/lib/python3.12/site-packages/airflow/example_dags/example_outlet_event_extra.py
[2026-07-22T13:12:16.799+0000] {processor.py:925} INFO - DAG(s) 'dataset_with_extra_by_yield', 'dataset_with_extra_by_context', 'dataset_with_extra_from_classic_operator' retrieved from /home/airflow/.local/lib/python3.12/site-packages/airflow/example_dags/example_outlet_event_extra.py
[2026-07-22T13:12:16.868+0000] {logging_mixin.py:190} INFO - [2026-07-22T13:12:16.867+0000] {dag.py:3239} INFO - Sync 3 DAGs
[2026-07-22T13:12:16.948+0000] {logging_mixin.py:190} INFO - [2026-07-22T13:12:16.948+0000] {dag.py:4180} INFO - Setting next_dagrun for dataset_with_extra_by_context to 2026-07-21 00:00:00+00:00, run_after=2026-07-22 00:00:00+00:00
[2026-07-22T13:12:16.969+0000] {logging_mixin.py:190} INFO - [2026-07-22T13:12:16.969+0000] {dag.py:4180} INFO - Setting next_dagrun for dataset_with_extra_by_yield to 2026-07-21 00:00:00+00:00, run_after=2026-07-22 00:00:00+00:00
[2026-07-22T13:12:16.975+0000] {logging_mixin.py:190} INFO - [2026-07-22T13:12:16.975+0000] {dag.py:4180} INFO - Setting next_dagrun for dataset_with_extra_from_classic_operator to 2026-07-21 00:00:00+00:00, run_after=2026-07-22 00:00:00+00:00
[2026-07-22T13:12:17.024+0000] {processor.py:208} INFO - Processing /home/airflow/.local/lib/python3.12/site-packages/airflow/example_dags/example_outlet_event_extra.py took 1.521 seconds
[2026-07-22T13:12:47.863+0000] {processor.py:186} INFO - Started process (PID=755) to work on /home/airflow/.local/lib/python3.12/site-packages/airflow/example_dags/example_outlet_event_extra.py
[2026-07-22T13:12:47.867+0000] {processor.py:914} INFO - Processing file /home/airflow/.local/lib/python3.12/site-packages/airflow/example_dags/example_outlet_event_extra.py for tasks to queue
[2026-07-22T13:12:47.874+0000] {logging_mixin.py:190} INFO - [2026-07-22T13:12:47.873+0000] {dagbag.py:588} INFO - Filling up the DagBag from /home/airflow/.local/lib/python3.12/site-packages/airflow/example_dags/example_outlet_event_extra.py
[2026-07-22T13:12:48.993+0000] {processor.py:925} INFO - DAG(s) 'dataset_with_extra_by_yield', 'dataset_with_extra_by_context', 'dataset_with_extra_from_classic_operator' retrieved from /home/airflow/.local/lib/python3.12/site-packages/airflow/example_dags/example_outlet_event_extra.py
[2026-07-22T13:12:49.040+0000] {logging_mixin.py:190} INFO - [2026-07-22T13:12:49.040+0000] {dag.py:3239} INFO - Sync 3 DAGs
[2026-07-22T13:12:49.103+0000] {logging_mixin.py:190} INFO - [2026-07-22T13:12:49.103+0000] {dag.py:4180} INFO - Setting next_dagrun for dataset_with_extra_by_context to 2026-07-21 00:00:00+00:00, run_after=2026-07-22 00:00:00+00:00
[2026-07-22T13:12:49.114+0000] {logging_mixin.py:190} INFO - [2026-07-22T13:12:49.113+0000] {dag.py:4180} INFO - Setting next_dagrun for dataset_with_extra_by_yield to 2026-07-21 00:00:00+00:00, run_after=2026-07-22 00:00:00+00:00
[2026-07-22T13:12:49.119+0000] {logging_mixin.py:190} INFO - [2026-07-22T13:12:49.119+0000] {dag.py:4180} INFO - Setting next_dagrun for dataset_with_extra_from_classic_operator to 2026-07-21 00:00:00+00:00, run_after=2026-07-22 00:00:00+00:00
[2026-07-22T13:12:49.161+0000] {processor.py:208} INFO - Processing /home/airflow/.local/lib/python3.12/site-packages/airflow/example_dags/example_outlet_event_extra.py took 1.325 seconds
[2026-07-22T13:13:19.875+0000] {processor.py:186} INFO - Started process (PID=816) to work on /home/airflow/.local/lib/python3.12/site-packages/airflow/example_dags/example_outlet_event_extra.py
[2026-07-22T13:13:19.879+0000] {processor.py:914} INFO - Processing file /home/airflow/.local/lib/python3.12/site-packages/airflow/example_dags/example_outlet_event_extra.py for tasks to queue
[2026-07-22T13:13:19.891+0000] {logging_mixin.py:190} INFO - [2026-07-22T13:13:19.889+0000] {dagbag.py:588} INFO - Filling up the DagBag from /home/airflow/.local/lib/python3.12/site-packages/airflow/example_dags/example_outlet_event_extra.py
[2026-07-22T13:13:21.697+0000] {processor.py:925} INFO - DAG(s) 'dataset_with_extra_by_yield', 'dataset_with_extra_by_context', 'dataset_with_extra_from_classic_operator' retrieved from /home/airflow/.local/lib/python3.12/site-packages/airflow/example_dags/example_outlet_event_extra.py
[2026-07-22T13:13:21.769+0000] {logging_mixin.py:190} INFO - [2026-07-22T13:13:21.769+0000] {dag.py:3239} INFO - Sync 3 DAGs
[2026-07-22T13:13:21.834+0000] {logging_mixin.py:190} INFO - [2026-07-22T13:13:21.834+0000] {dag.py:4180} INFO - Setting next_dagrun for dataset_with_extra_by_context to 2026-07-21 00:00:00+00:00, run_after=2026-07-22 00:00:00+00:00
[2026-07-22T13:13:21.852+0000] {logging_mixin.py:190} INFO - [2026-07-22T13:13:21.851+0000] {dag.py:4180} INFO - Setting next_dagrun for dataset_with_extra_by_yield to 2026-07-21 00:00:00+00:00, run_after=2026-07-22 00:00:00+00:00
[2026-07-22T13:13:21.862+0000] {logging_mixin.py:190} INFO - [2026-07-22T13:13:21.861+0000] {dag.py:4180} INFO - Setting next_dagrun for dataset_with_extra_from_classic_operator to 2026-07-21 00:00:00+00:00, run_after=2026-07-22 00:00:00+00:00
[2026-07-22T13:13:21.921+0000] {processor.py:208} INFO - Processing /home/airflow/.local/lib/python3.12/site-packages/airflow/example_dags/example_outlet_event_extra.py took 2.065 seconds
[2026-07-22T13:13:52.373+0000] {processor.py:186} INFO - Started process (PID=884) to work on /home/airflow/.local/lib/python3.12/site-packages/airflow/example_dags/example_outlet_event_extra.py
[2026-07-22T13:13:52.376+0000] {processor.py:914} INFO - Processing file /home/airflow/.local/lib/python3.12/site-packages/airflow/example_dags/example_outlet_event_extra.py for tasks to queue
[2026-07-22T13:13:52.382+0000] {logging_mixin.py:190} INFO - [2026-07-22T13:13:52.381+0000] {dagbag.py:588} INFO - Filling up the DagBag from /home/airflow/.local/lib/python3.12/site-packages/airflow/example_dags/example_outlet_event_extra.py
[2026-07-22T13:13:53.614+0000] {processor.py:925} INFO - DAG(s) 'dataset_with_extra_from_classic_operator', 'dataset_with_extra_by_yield', 'dataset_with_extra_by_context' retrieved from /home/airflow/.local/lib/python3.12/site-packages/airflow/example_dags/example_outlet_event_extra.py
[2026-07-22T13:13:53.716+0000] {logging_mixin.py:190} INFO - [2026-07-22T13:13:53.715+0000] {dag.py:3239} INFO - Sync 3 DAGs
[2026-07-22T13:13:53.783+0000] {logging_mixin.py:190} INFO - [2026-07-22T13:13:53.781+0000] {dag.py:4180} INFO - Setting next_dagrun for dataset_with_extra_by_context to 2026-07-21 00:00:00+00:00, run_after=2026-07-22 00:00:00+00:00
[2026-07-22T13:13:53.797+0000] {logging_mixin.py:190} INFO - [2026-07-22T13:13:53.797+0000] {dag.py:4180} INFO - Setting next_dagrun for dataset_with_extra_by_yield to 2026-07-21 00:00:00+00:00, run_after=2026-07-22 00:00:00+00:00
[2026-07-22T13:13:53.807+0000] {logging_mixin.py:190} INFO - [2026-07-22T13:13:53.805+0000] {dag.py:4180} INFO - Setting next_dagrun for dataset_with_extra_from_classic_operator to 2026-07-21 00:00:00+00:00, run_after=2026-07-22 00:00:00+00:00
[2026-07-22T13:13:53.861+0000] {processor.py:208} INFO - Processing /home/airflow/.local/lib/python3.12/site-packages/airflow/example_dags/example_outlet_event_extra.py took 1.505 seconds
[2026-07-22T13:14:25.798+0000] {processor.py:186} INFO - Started process (PID=955) to work on /home/airflow/.local/lib/python3.12/site-packages/airflow/example_dags/example_outlet_event_extra.py
[2026-07-22T13:14:25.800+0000] {processor.py:914} INFO - Processing file /home/airflow/.local/lib/python3.12/site-packages/airflow/example_dags/example_outlet_event_extra.py for tasks to queue
[2026-07-22T13:14:25.806+0000] {logging_mixin.py:190} INFO - [2026-07-22T13:14:25.805+0000] {dagbag.py:588} INFO - Filling up the DagBag from /home/airflow/.local/lib/python3.12/site-packages/airflow/example_dags/example_outlet_event_extra.py
[2026-07-22T13:14:27.077+0000] {processor.py:925} INFO - DAG(s) 'dataset_with_extra_by_yield', 'dataset_with_extra_from_classic_operator', 'dataset_with_extra_by_context' retrieved from /home/airflow/.local/lib/python3.12/site-packages/airflow/example_dags/example_outlet_event_extra.py
[2026-07-22T13:14:27.117+0000] {logging_mixin.py:190} INFO - [2026-07-22T13:14:27.116+0000] {dag.py:3239} INFO - Sync 3 DAGs
[2026-07-22T13:14:27.152+0000] {logging_mixin.py:190} INFO - [2026-07-22T13:14:27.152+0000] {dag.py:4180} INFO - Setting next_dagrun for dataset_with_extra_by_context to 2026-07-21 00:00:00+00:00, run_after=2026-07-22 00:00:00+00:00
[2026-07-22T13:14:27.160+0000] {logging_mixin.py:190} INFO - [2026-07-22T13:14:27.159+0000] {dag.py:4180} INFO - Setting next_dagrun for dataset_with_extra_by_yield to 2026-07-21 00:00:00+00:00, run_after=2026-07-22 00:00:00+00:00
[2026-07-22T13:14:27.164+0000] {logging_mixin.py:190} INFO - [2026-07-22T13:14:27.164+0000] {dag.py:4180} INFO - Setting next_dagrun for dataset_with_extra_from_classic_operator to 2026-07-21 00:00:00+00:00, run_after=2026-07-22 00:00:00+00:00
[2026-07-22T13:14:27.202+0000] {processor.py:208} INFO - Processing /home/airflow/.local/lib/python3.12/site-packages/airflow/example_dags/example_outlet_event_extra.py took 1.414 seconds
[2026-07-22T13:14:58.684+0000] {processor.py:186} INFO - Started process (PID=1023) to work on /home/airflow/.local/lib/python3.12/site-packages/airflow/example_dags/example_outlet_event_extra.py
[2026-07-22T13:14:58.687+0000] {processor.py:914} INFO - Processing file /home/airflow/.local/lib/python3.12/site-packages/airflow/example_dags/example_outlet_event_extra.py for tasks to queue
[2026-07-22T13:14:58.692+0000] {logging_mixin.py:190} INFO - [2026-07-22T13:14:58.692+0000] {dagbag.py:588} INFO - Filling up the DagBag from /home/airflow/.local/lib/python3.12/site-packages/airflow/example_dags/example_outlet_event_extra.py
[2026-07-22T13:14:59.819+0000] {processor.py:925} INFO - DAG(s) 'dataset_with_extra_by_yield', 'dataset_with_extra_from_classic_operator', 'dataset_with_extra_by_context' retrieved from /home/airflow/.local/lib/python3.12/site-packages/airflow/example_dags/example_outlet_event_extra.py
[2026-07-22T13:14:59.865+0000] {logging_mixin.py:190} INFO - [2026-07-22T13:14:59.865+0000] {dag.py:3239} INFO - Sync 3 DAGs
[2026-07-22T13:14:59.911+0000] {logging_mixin.py:190} INFO - [2026-07-22T13:14:59.911+0000] {dag.py:4180} INFO - Setting next_dagrun for dataset_with_extra_by_context to 2026-07-21 00:00:00+00:00, run_after=2026-07-22 00:00:00+00:00
[2026-07-22T13:14:59.920+0000] {logging_mixin.py:190} INFO - [2026-07-22T13:14:59.919+0000] {dag.py:4180} INFO - Setting next_dagrun for dataset_with_extra_by_yield to 2026-07-21 00:00:00+00:00, run_after=2026-07-22 00:00:00+00:00
[2026-07-22T13:14:59.925+0000] {logging_mixin.py:190} INFO - [2026-07-22T13:14:59.925+0000] {dag.py:4180} INFO - Setting next_dagrun for dataset_with_extra_from_classic_operator to 2026-07-21 00:00:00+00:00, run_after=2026-07-22 00:00:00+00:00
[2026-07-22T13:14:59.966+0000] {processor.py:208} INFO - Processing /home/airflow/.local/lib/python3.12/site-packages/airflow/example_dags/example_outlet_event_extra.py took 1.294 seconds
[2026-07-22T13:15:32.016+0000] {processor.py:186} INFO - Started process (PID=1081) to work on /home/airflow/.local/lib/python3.12/site-packages/airflow/example_dags/example_outlet_event_extra.py
[2026-07-22T13:15:32.020+0000] {processor.py:914} INFO - Processing file /home/airflow/.local/lib/python3.12/site-packages/airflow/example_dags/example_outlet_event_extra.py for tasks to queue
[2026-07-22T13:15:32.031+0000] {logging_mixin.py:190} INFO - [2026-07-22T13:15:32.030+0000] {dagbag.py:588} INFO - Filling up the DagBag from /home/airflow/.local/lib/python3.12/site-packages/airflow/example_dags/example_outlet_event_extra.py
[2026-07-22T13:15:34.167+0000] {processor.py:925} INFO - DAG(s) 'dataset_with_extra_by_yield', 'dataset_with_extra_from_classic_operator', 'dataset_with_extra_by_context' retrieved from /home/airflow/.local/lib/python3.12/site-packages/airflow/example_dags/example_outlet_event_extra.py
[2026-07-22T13:15:34.272+0000] {logging_mixin.py:190} INFO - [2026-07-22T13:15:34.271+0000] {dag.py:3239} INFO - Sync 3 DAGs
[2026-07-22T13:15:34.380+0000] {logging_mixin.py:190} INFO - [2026-07-22T13:15:34.376+0000] {dag.py:4180} INFO - Setting next_dagrun for dataset_with_extra_by_context to 2026-07-21 00:00:00+00:00, run_after=2026-07-22 00:00:00+00:00
[2026-07-22T13:15:34.401+0000] {logging_mixin.py:190} INFO - [2026-07-22T13:15:34.400+0000] {dag.py:4180} INFO - Setting next_dagrun for dataset_with_extra_by_yield to 2026-07-21 00:00:00+00:00, run_after=2026-07-22 00:00:00+00:00
[2026-07-22T13:15:34.412+0000] {logging_mixin.py:190} INFO - [2026-07-22T13:15:34.411+0000] {dag.py:4180} INFO - Setting next_dagrun for dataset_with_extra_from_classic_operator to 2026-07-21 00:00:00+00:00, run_after=2026-07-22 00:00:00+00:00
[2026-07-22T13:15:34.497+0000] {processor.py:208} INFO - Processing /home/airflow/.local/lib/python3.12/site-packages/airflow/example_dags/example_outlet_event_extra.py took 2.504 seconds
[2026-07-22T13:16:05.094+0000] {processor.py:186} INFO - Started process (PID=1149) to work on /home/airflow/.local/lib/python3.12/site-packages/airflow/example_dags/example_outlet_event_extra.py
[2026-07-22T13:16:05.097+0000] {processor.py:914} INFO - Processing file /home/airflow/.local/lib/python3.12/site-packages/airflow/example_dags/example_outlet_event_extra.py for tasks to queue
[2026-07-22T13:16:05.101+0000] {logging_mixin.py:190} INFO - [2026-07-22T13:16:05.101+0000] {dagbag.py:588} INFO - Filling up the DagBag from /home/airflow/.local/lib/python3.12/site-packages/airflow/example_dags/example_outlet_event_extra.py
[2026-07-22T13:16:06.997+0000] {processor.py:925} INFO - DAG(s) 'dataset_with_extra_by_context', 'dataset_with_extra_from_classic_operator', 'dataset_with_extra_by_yield' retrieved from /home/airflow/.local/lib/python3.12/site-packages/airflow/example_dags/example_outlet_event_extra.py
[2026-07-22T13:16:07.102+0000] {logging_mixin.py:190} INFO - [2026-07-22T13:16:07.102+0000] {dag.py:3239} INFO - Sync 3 DAGs
[2026-07-22T13:16:07.223+0000] {logging_mixin.py:190} INFO - [2026-07-22T13:16:07.222+0000] {dag.py:4180} INFO - Setting next_dagrun for dataset_with_extra_by_context to 2026-07-21 00:00:00+00:00, run_after=2026-07-22 00:00:00+00:00
[2026-07-22T13:16:07.252+0000] {logging_mixin.py:190} INFO - [2026-07-22T13:16:07.247+0000] {dag.py:4180} INFO - Setting next_dagrun for dataset_with_extra_by_yield to 2026-07-21 00:00:00+00:00, run_after=2026-07-22 00:00:00+00:00
[2026-07-22T13:16:07.273+0000] {logging_mixin.py:190} INFO - [2026-07-22T13:16:07.271+0000] {dag.py:4180} INFO - Setting next_dagrun for dataset_with_extra_from_classic_operator to 2026-07-21 00:00:00+00:00, run_after=2026-07-22 00:00:00+00:00
[2026-07-22T13:16:07.447+0000] {processor.py:208} INFO - Processing /home/airflow/.local/lib/python3.12/site-packages/airflow/example_dags/example_outlet_event_extra.py took 2.361 seconds
[2026-07-22T13:16:37.862+0000] {processor.py:186} INFO - Started process (PID=1217) to work on /home/airflow/.local/lib/python3.12/site-packages/airflow/example_dags/example_outlet_event_extra.py
[2026-07-22T13:16:37.864+0000] {processor.py:914} INFO - Processing file /home/airflow/.local/lib/python3.12/site-packages/airflow/example_dags/example_outlet_event_extra.py for tasks to queue
[2026-07-22T13:16:37.870+0000] {logging_mixin.py:190} INFO - [2026-07-22T13:16:37.870+0000] {dagbag.py:588} INFO - Filling up the DagBag from /home/airflow/.local/lib/python3.12/site-packages/airflow/example_dags/example_outlet_event_extra.py
[2026-07-22T13:16:39.199+0000] {processor.py:925} INFO - DAG(s) 'dataset_with_extra_by_yield', 'dataset_with_extra_from_classic_operator', 'dataset_with_extra_by_context' retrieved from /home/airflow/.local/lib/python3.12/site-packages/airflow/example_dags/example_outlet_event_extra.py
[2026-07-22T13:16:39.246+0000] {logging_mixin.py:190} INFO - [2026-07-22T13:16:39.246+0000] {dag.py:3239} INFO - Sync 3 DAGs
[2026-07-22T13:16:39.289+0000] {logging_mixin.py:190} INFO - [2026-07-22T13:16:39.289+0000] {dag.py:4180} INFO - Setting next_dagrun for dataset_with_extra_by_context to 2026-07-21 00:00:00+00:00, run_after=2026-07-22 00:00:00+00:00
[2026-07-22T13:16:39.299+0000] {logging_mixin.py:190} INFO - [2026-07-22T13:16:39.299+0000] {dag.py:4180} INFO - Setting next_dagrun for dataset_with_extra_by_yield to 2026-07-21 00:00:00+00:00, run_after=2026-07-22 00:00:00+00:00
[2026-07-22T13:16:39.305+0000] {logging_mixin.py:190} INFO - [2026-07-22T13:16:39.304+0000] {dag.py:4180} INFO - Setting next_dagrun for dataset_with_extra_from_classic_operator to 2026-07-21 00:00:00+00:00, run_after=2026-07-22 00:00:00+00:00
[2026-07-22T13:16:39.352+0000] {processor.py:208} INFO - Processing /home/airflow/.local/lib/python3.12/site-packages/airflow/example_dags/example_outlet_event_extra.py took 1.501 seconds
[2026-07-22T13:17:15.060+0000] {processor.py:186} INFO - Started process (PID=1285) to work on /home/airflow/.local/lib/python3.12/site-packages/airflow/example_dags/example_outlet_event_extra.py
[2026-07-22T13:17:15.064+0000] {processor.py:914} INFO - Processing file /home/airflow/.local/lib/python3.12/site-packages/airflow/example_dags/example_outlet_event_extra.py for tasks to queue
[2026-07-22T13:17:15.078+0000] {logging_mixin.py:190} INFO - [2026-07-22T13:17:15.075+0000] {dagbag.py:588} INFO - Filling up the DagBag from /home/airflow/.local/lib/python3.12/site-packages/airflow/example_dags/example_outlet_event_extra.py
[2026-07-22T13:17:17.508+0000] {processor.py:925} INFO - DAG(s) 'dataset_with_extra_from_classic_operator', 'dataset_with_extra_by_context', 'dataset_with_extra_by_yield' retrieved from /home/airflow/.local/lib/python3.12/site-packages/airflow/example_dags/example_outlet_event_extra.py
[2026-07-22T13:17:17.637+0000] {logging_mixin.py:190} INFO - [2026-07-22T13:17:17.636+0000] {dag.py:3239} INFO - Sync 3 DAGs
[2026-07-22T13:17:17.791+0000] {logging_mixin.py:190} INFO - [2026-07-22T13:17:17.790+0000] {dag.py:4180} INFO - Setting next_dagrun for dataset_with_extra_by_context to 2026-07-21 00:00:00+00:00, run_after=2026-07-22 00:00:00+00:00
[2026-07-22T13:17:17.820+0000] {logging_mixin.py:190} INFO - [2026-07-22T13:17:17.819+0000] {dag.py:4180} INFO - Setting next_dagrun for dataset_with_extra_by_yield to 2026-07-21 00:00:00+00:00, run_after=2026-07-22 00:00:00+00:00
[2026-07-22T13:17:17.834+0000] {logging_mixin.py:190} INFO - [2026-07-22T13:17:17.833+0000] {dag.py:4180} INFO - Setting next_dagrun for dataset_with_extra_from_classic_operator to 2026-07-21 00:00:00+00:00, run_after=2026-07-22 00:00:00+00:00
[2026-07-22T13:17:17.935+0000] {processor.py:208} INFO - Processing /home/airflow/.local/lib/python3.12/site-packages/airflow/example_dags/example_outlet_event_extra.py took 2.904 seconds
