[2026-07-22T13:07:25.751+0000] {processor.py:186} INFO - Started process (PID=104) to work on /home/airflow/.local/lib/python3.12/site-packages/airflow/example_dags/example_branch_datetime_operator.py
[2026-07-22T13:07:25.754+0000] {processor.py:914} INFO - Processing file /home/airflow/.local/lib/python3.12/site-packages/airflow/example_dags/example_branch_datetime_operator.py for tasks to queue
[2026-07-22T13:07:25.761+0000] {logging_mixin.py:190} INFO - [2026-07-22T13:07:25.760+0000] {dagbag.py:588} INFO - Filling up the DagBag from /home/airflow/.local/lib/python3.12/site-packages/airflow/example_dags/example_branch_datetime_operator.py
[2026-07-22T13:07:25.789+0000] {processor.py:925} INFO - DAG(s) 'example_branch_datetime_operator', 'example_branch_datetime_operator_2', 'example_branch_datetime_operator_3' retrieved from /home/airflow/.local/lib/python3.12/site-packages/airflow/example_dags/example_branch_datetime_operator.py
[2026-07-22T13:07:26.000+0000] {logging_mixin.py:190} INFO - [2026-07-22T13:07:25.999+0000] {override.py:1912} INFO - Created Permission View: can read on DAG:example_branch_datetime_operator
[2026-07-22T13:07:26.022+0000] {logging_mixin.py:190} INFO - [2026-07-22T13:07:26.021+0000] {override.py:1912} INFO - Created Permission View: can edit on DAG:example_branch_datetime_operator
[2026-07-22T13:07:26.037+0000] {logging_mixin.py:190} INFO - [2026-07-22T13:07:26.036+0000] {override.py:1912} INFO - Created Permission View: can delete on DAG:example_branch_datetime_operator
[2026-07-22T13:07:26.055+0000] {logging_mixin.py:190} INFO - [2026-07-22T13:07:26.054+0000] {override.py:1912} INFO - Created Permission View: can read on DAG Run:example_branch_datetime_operator
[2026-07-22T13:07:26.070+0000] {logging_mixin.py:190} INFO - [2026-07-22T13:07:26.070+0000] {override.py:1912} INFO - Created Permission View: menu access on DAG Run:example_branch_datetime_operator
[2026-07-22T13:07:26.088+0000] {logging_mixin.py:190} INFO - [2026-07-22T13:07:26.088+0000] {override.py:1912} INFO - Created Permission View: can create on DAG Run:example_branch_datetime_operator
[2026-07-22T13:07:26.102+0000] {logging_mixin.py:190} INFO - [2026-07-22T13:07:26.102+0000] {override.py:1912} INFO - Created Permission View: can delete on DAG Run:example_branch_datetime_operator
[2026-07-22T13:07:26.126+0000] {logging_mixin.py:190} INFO - [2026-07-22T13:07:26.126+0000] {override.py:1912} INFO - Created Permission View: can read on DAG:example_branch_datetime_operator_2
[2026-07-22T13:07:26.141+0000] {logging_mixin.py:190} INFO - [2026-07-22T13:07:26.140+0000] {override.py:1912} INFO - Created Permission View: can edit on DAG:example_branch_datetime_operator_2
[2026-07-22T13:07:26.157+0000] {logging_mixin.py:190} INFO - [2026-07-22T13:07:26.156+0000] {override.py:1912} INFO - Created Permission View: can delete on DAG:example_branch_datetime_operator_2
[2026-07-22T13:07:26.177+0000] {logging_mixin.py:190} INFO - [2026-07-22T13:07:26.176+0000] {override.py:1912} INFO - Created Permission View: can read on DAG Run:example_branch_datetime_operator_2
[2026-07-22T13:07:26.195+0000] {logging_mixin.py:190} INFO - [2026-07-22T13:07:26.194+0000] {override.py:1912} INFO - Created Permission View: menu access on DAG Run:example_branch_datetime_operator_2
[2026-07-22T13:07:26.209+0000] {logging_mixin.py:190} INFO - [2026-07-22T13:07:26.209+0000] {override.py:1912} INFO - Created Permission View: can create on DAG Run:example_branch_datetime_operator_2
[2026-07-22T13:07:26.222+0000] {logging_mixin.py:190} INFO - [2026-07-22T13:07:26.222+0000] {override.py:1912} INFO - Created Permission View: can delete on DAG Run:example_branch_datetime_operator_2
[2026-07-22T13:07:26.249+0000] {logging_mixin.py:190} INFO - [2026-07-22T13:07:26.248+0000] {override.py:1912} INFO - Created Permission View: can read on DAG:example_branch_datetime_operator_3
[2026-07-22T13:07:26.264+0000] {logging_mixin.py:190} INFO - [2026-07-22T13:07:26.263+0000] {override.py:1912} INFO - Created Permission View: can edit on DAG:example_branch_datetime_operator_3
[2026-07-22T13:07:26.279+0000] {logging_mixin.py:190} INFO - [2026-07-22T13:07:26.278+0000] {override.py:1912} INFO - Created Permission View: can delete on DAG:example_branch_datetime_operator_3
[2026-07-22T13:07:26.297+0000] {logging_mixin.py:190} INFO - [2026-07-22T13:07:26.296+0000] {override.py:1912} INFO - Created Permission View: can read on DAG Run:example_branch_datetime_operator_3
[2026-07-22T13:07:26.313+0000] {logging_mixin.py:190} INFO - [2026-07-22T13:07:26.313+0000] {override.py:1912} INFO - Created Permission View: menu access on DAG Run:example_branch_datetime_operator_3
[2026-07-22T13:07:26.331+0000] {logging_mixin.py:190} INFO - [2026-07-22T13:07:26.330+0000] {override.py:1912} INFO - Created Permission View: can create on DAG Run:example_branch_datetime_operator_3
[2026-07-22T13:07:26.348+0000] {logging_mixin.py:190} INFO - [2026-07-22T13:07:26.347+0000] {override.py:1912} INFO - Created Permission View: can delete on DAG Run:example_branch_datetime_operator_3
[2026-07-22T13:07:26.350+0000] {logging_mixin.py:190} INFO - [2026-07-22T13:07:26.349+0000] {dag.py:3239} INFO - Sync 3 DAGs
[2026-07-22T13:07:26.376+0000] {logging_mixin.py:190} INFO - [2026-07-22T13:07:26.375+0000] {dag.py:3262} INFO - Creating ORM DAG for example_branch_datetime_operator_2
[2026-07-22T13:07:26.379+0000] {logging_mixin.py:190} INFO - [2026-07-22T13:07:26.378+0000] {dag.py:3262} INFO - Creating ORM DAG for example_branch_datetime_operator
[2026-07-22T13:07:26.381+0000] {logging_mixin.py:190} INFO - [2026-07-22T13:07:26.381+0000] {dag.py:3262} INFO - Creating ORM DAG for example_branch_datetime_operator_3
[2026-07-22T13:07:26.400+0000] {logging_mixin.py:190} INFO - [2026-07-22T13:07:26.400+0000] {dag.py:4180} INFO - Setting next_dagrun for example_branch_datetime_operator to 2026-07-21 00:00:00+00:00, run_after=2026-07-22 00:00:00+00:00
[2026-07-22T13:07:26.405+0000] {logging_mixin.py:190} INFO - [2026-07-22T13:07:26.405+0000] {dag.py:4180} INFO - Setting next_dagrun for example_branch_datetime_operator_2 to 2026-07-21 00:00:00+00:00, run_after=2026-07-22 00:00:00+00:00
[2026-07-22T13:07:26.410+0000] {logging_mixin.py:190} INFO - [2026-07-22T13:07:26.410+0000] {dag.py:4180} INFO - Setting next_dagrun for example_branch_datetime_operator_3 to 2026-07-21 00:00:00+00:00, run_after=2026-07-22 00:00:00+00:00
[2026-07-22T13:07:26.461+0000] {processor.py:208} INFO - Processing /home/airflow/.local/lib/python3.12/site-packages/airflow/example_dags/example_branch_datetime_operator.py took 0.720 seconds
[2026-07-22T13:07:57.218+0000] {processor.py:186} INFO - Started process (PID=166) to work on /home/airflow/.local/lib/python3.12/site-packages/airflow/example_dags/example_branch_datetime_operator.py
[2026-07-22T13:07:57.221+0000] {processor.py:914} INFO - Processing file /home/airflow/.local/lib/python3.12/site-packages/airflow/example_dags/example_branch_datetime_operator.py for tasks to queue
[2026-07-22T13:07:57.227+0000] {logging_mixin.py:190} INFO - [2026-07-22T13:07:57.227+0000] {dagbag.py:588} INFO - Filling up the DagBag from /home/airflow/.local/lib/python3.12/site-packages/airflow/example_dags/example_branch_datetime_operator.py
[2026-07-22T13:07:57.268+0000] {processor.py:925} INFO - DAG(s) 'example_branch_datetime_operator', 'example_branch_datetime_operator_3', 'example_branch_datetime_operator_2' retrieved from /home/airflow/.local/lib/python3.12/site-packages/airflow/example_dags/example_branch_datetime_operator.py
[2026-07-22T13:07:57.358+0000] {logging_mixin.py:190} INFO - [2026-07-22T13:07:57.357+0000] {dag.py:3239} INFO - Sync 3 DAGs
[2026-07-22T13:07:57.436+0000] {logging_mixin.py:190} INFO - [2026-07-22T13:07:57.435+0000] {dag.py:4180} INFO - Setting next_dagrun for example_branch_datetime_operator to 2026-07-21 00:00:00+00:00, run_after=2026-07-22 00:00:00+00:00
[2026-07-22T13:07:57.451+0000] {logging_mixin.py:190} INFO - [2026-07-22T13:07:57.451+0000] {dag.py:4180} INFO - Setting next_dagrun for example_branch_datetime_operator_2 to 2026-07-21 00:00:00+00:00, run_after=2026-07-22 00:00:00+00:00
[2026-07-22T13:07:57.461+0000] {logging_mixin.py:190} INFO - [2026-07-22T13:07:57.460+0000] {dag.py:4180} INFO - Setting next_dagrun for example_branch_datetime_operator_3 to 2026-07-21 00:00:00+00:00, run_after=2026-07-22 00:00:00+00:00
[2026-07-22T13:07:57.532+0000] {processor.py:208} INFO - Processing /home/airflow/.local/lib/python3.12/site-packages/airflow/example_dags/example_branch_datetime_operator.py took 0.331 seconds
[2026-07-22T13:08:28.091+0000] {processor.py:186} INFO - Started process (PID=229) to work on /home/airflow/.local/lib/python3.12/site-packages/airflow/example_dags/example_branch_datetime_operator.py
[2026-07-22T13:08:28.094+0000] {processor.py:914} INFO - Processing file /home/airflow/.local/lib/python3.12/site-packages/airflow/example_dags/example_branch_datetime_operator.py for tasks to queue
[2026-07-22T13:08:28.098+0000] {logging_mixin.py:190} INFO - [2026-07-22T13:08:28.098+0000] {dagbag.py:588} INFO - Filling up the DagBag from /home/airflow/.local/lib/python3.12/site-packages/airflow/example_dags/example_branch_datetime_operator.py
[2026-07-22T13:08:28.117+0000] {processor.py:925} INFO - DAG(s) 'example_branch_datetime_operator_2', 'example_branch_datetime_operator_3', 'example_branch_datetime_operator' retrieved from /home/airflow/.local/lib/python3.12/site-packages/airflow/example_dags/example_branch_datetime_operator.py
[2026-07-22T13:08:28.160+0000] {logging_mixin.py:190} INFO - [2026-07-22T13:08:28.160+0000] {dag.py:3239} INFO - Sync 3 DAGs
[2026-07-22T13:08:28.204+0000] {logging_mixin.py:190} INFO - [2026-07-22T13:08:28.203+0000] {dag.py:4180} INFO - Setting next_dagrun for example_branch_datetime_operator to 2026-07-21 00:00:00+00:00, run_after=2026-07-22 00:00:00+00:00
[2026-07-22T13:08:28.212+0000] {logging_mixin.py:190} INFO - [2026-07-22T13:08:28.212+0000] {dag.py:4180} INFO - Setting next_dagrun for example_branch_datetime_operator_2 to 2026-07-21 00:00:00+00:00, run_after=2026-07-22 00:00:00+00:00
[2026-07-22T13:08:28.216+0000] {logging_mixin.py:190} INFO - [2026-07-22T13:08:28.216+0000] {dag.py:4180} INFO - Setting next_dagrun for example_branch_datetime_operator_3 to 2026-07-21 00:00:00+00:00, run_after=2026-07-22 00:00:00+00:00
[2026-07-22T13:08:28.261+0000] {processor.py:208} INFO - Processing /home/airflow/.local/lib/python3.12/site-packages/airflow/example_dags/example_branch_datetime_operator.py took 0.179 seconds
[2026-07-22T13:08:58.623+0000] {processor.py:186} INFO - Started process (PID=292) to work on /home/airflow/.local/lib/python3.12/site-packages/airflow/example_dags/example_branch_datetime_operator.py
[2026-07-22T13:08:58.626+0000] {processor.py:914} INFO - Processing file /home/airflow/.local/lib/python3.12/site-packages/airflow/example_dags/example_branch_datetime_operator.py for tasks to queue
[2026-07-22T13:08:58.633+0000] {logging_mixin.py:190} INFO - [2026-07-22T13:08:58.633+0000] {dagbag.py:588} INFO - Filling up the DagBag from /home/airflow/.local/lib/python3.12/site-packages/airflow/example_dags/example_branch_datetime_operator.py
[2026-07-22T13:08:58.661+0000] {processor.py:925} INFO - DAG(s) 'example_branch_datetime_operator', 'example_branch_datetime_operator_2', 'example_branch_datetime_operator_3' retrieved from /home/airflow/.local/lib/python3.12/site-packages/airflow/example_dags/example_branch_datetime_operator.py
[2026-07-22T13:08:58.736+0000] {logging_mixin.py:190} INFO - [2026-07-22T13:08:58.735+0000] {dag.py:3239} INFO - Sync 3 DAGs
[2026-07-22T13:08:58.820+0000] {logging_mixin.py:190} INFO - [2026-07-22T13:08:58.819+0000] {dag.py:4180} INFO - Setting next_dagrun for example_branch_datetime_operator to 2026-07-21 00:00:00+00:00, run_after=2026-07-22 00:00:00+00:00
[2026-07-22T13:08:58.836+0000] {logging_mixin.py:190} INFO - [2026-07-22T13:08:58.836+0000] {dag.py:4180} INFO - Setting next_dagrun for example_branch_datetime_operator_2 to 2026-07-21 00:00:00+00:00, run_after=2026-07-22 00:00:00+00:00
[2026-07-22T13:08:58.841+0000] {logging_mixin.py:190} INFO - [2026-07-22T13:08:58.841+0000] {dag.py:4180} INFO - Setting next_dagrun for example_branch_datetime_operator_3 to 2026-07-21 00:00:00+00:00, run_after=2026-07-22 00:00:00+00:00
[2026-07-22T13:08:58.892+0000] {processor.py:208} INFO - Processing /home/airflow/.local/lib/python3.12/site-packages/airflow/example_dags/example_branch_datetime_operator.py took 0.284 seconds
[2026-07-22T13:09:29.719+0000] {processor.py:186} INFO - Started process (PID=356) to work on /home/airflow/.local/lib/python3.12/site-packages/airflow/example_dags/example_branch_datetime_operator.py
[2026-07-22T13:09:29.721+0000] {processor.py:914} INFO - Processing file /home/airflow/.local/lib/python3.12/site-packages/airflow/example_dags/example_branch_datetime_operator.py for tasks to queue
[2026-07-22T13:09:29.727+0000] {logging_mixin.py:190} INFO - [2026-07-22T13:09:29.725+0000] {dagbag.py:588} INFO - Filling up the DagBag from /home/airflow/.local/lib/python3.12/site-packages/airflow/example_dags/example_branch_datetime_operator.py
[2026-07-22T13:09:29.746+0000] {processor.py:925} INFO - DAG(s) 'example_branch_datetime_operator_3', 'example_branch_datetime_operator', 'example_branch_datetime_operator_2' retrieved from /home/airflow/.local/lib/python3.12/site-packages/airflow/example_dags/example_branch_datetime_operator.py
[2026-07-22T13:09:29.794+0000] {logging_mixin.py:190} INFO - [2026-07-22T13:09:29.794+0000] {dag.py:3239} INFO - Sync 3 DAGs
[2026-07-22T13:09:29.859+0000] {logging_mixin.py:190} INFO - [2026-07-22T13:09:29.858+0000] {dag.py:4180} INFO - Setting next_dagrun for example_branch_datetime_operator to 2026-07-21 00:00:00+00:00, run_after=2026-07-22 00:00:00+00:00
[2026-07-22T13:09:29.880+0000] {logging_mixin.py:190} INFO - [2026-07-22T13:09:29.880+0000] {dag.py:4180} INFO - Setting next_dagrun for example_branch_datetime_operator_2 to 2026-07-21 00:00:00+00:00, run_after=2026-07-22 00:00:00+00:00
[2026-07-22T13:09:29.889+0000] {logging_mixin.py:190} INFO - [2026-07-22T13:09:29.889+0000] {dag.py:4180} INFO - Setting next_dagrun for example_branch_datetime_operator_3 to 2026-07-21 00:00:00+00:00, run_after=2026-07-22 00:00:00+00:00
[2026-07-22T13:09:29.921+0000] {processor.py:208} INFO - Processing /home/airflow/.local/lib/python3.12/site-packages/airflow/example_dags/example_branch_datetime_operator.py took 0.213 seconds
[2026-07-22T13:10:00.441+0000] {processor.py:186} INFO - Started process (PID=419) to work on /home/airflow/.local/lib/python3.12/site-packages/airflow/example_dags/example_branch_datetime_operator.py
[2026-07-22T13:10:00.443+0000] {processor.py:914} INFO - Processing file /home/airflow/.local/lib/python3.12/site-packages/airflow/example_dags/example_branch_datetime_operator.py for tasks to queue
[2026-07-22T13:10:00.449+0000] {logging_mixin.py:190} INFO - [2026-07-22T13:10:00.448+0000] {dagbag.py:588} INFO - Filling up the DagBag from /home/airflow/.local/lib/python3.12/site-packages/airflow/example_dags/example_branch_datetime_operator.py
[2026-07-22T13:10:00.475+0000] {processor.py:925} INFO - DAG(s) 'example_branch_datetime_operator', 'example_branch_datetime_operator_2', 'example_branch_datetime_operator_3' retrieved from /home/airflow/.local/lib/python3.12/site-packages/airflow/example_dags/example_branch_datetime_operator.py
[2026-07-22T13:10:00.525+0000] {logging_mixin.py:190} INFO - [2026-07-22T13:10:00.524+0000] {dag.py:3239} INFO - Sync 3 DAGs
[2026-07-22T13:10:00.634+0000] {logging_mixin.py:190} INFO - [2026-07-22T13:10:00.633+0000] {dag.py:4180} INFO - Setting next_dagrun for example_branch_datetime_operator to 2026-07-21 00:00:00+00:00, run_after=2026-07-22 00:00:00+00:00
[2026-07-22T13:10:00.653+0000] {logging_mixin.py:190} INFO - [2026-07-22T13:10:00.652+0000] {dag.py:4180} INFO - Setting next_dagrun for example_branch_datetime_operator_2 to 2026-07-21 00:00:00+00:00, run_after=2026-07-22 00:00:00+00:00
[2026-07-22T13:10:00.660+0000] {logging_mixin.py:190} INFO - [2026-07-22T13:10:00.660+0000] {dag.py:4180} INFO - Setting next_dagrun for example_branch_datetime_operator_3 to 2026-07-21 00:00:00+00:00, run_after=2026-07-22 00:00:00+00:00
[2026-07-22T13:10:00.764+0000] {processor.py:208} INFO - Processing /home/airflow/.local/lib/python3.12/site-packages/airflow/example_dags/example_branch_datetime_operator.py took 0.334 seconds
[2026-07-22T13:10:30.980+0000] {processor.py:186} INFO - Started process (PID=482) to work on /home/airflow/.local/lib/python3.12/site-packages/airflow/example_dags/example_branch_datetime_operator.py
[2026-07-22T13:10:30.982+0000] {processor.py:914} INFO - Processing file /home/airflow/.local/lib/python3.12/site-packages/airflow/example_dags/example_branch_datetime_operator.py for tasks to queue
[2026-07-22T13:10:30.988+0000] {logging_mixin.py:190} INFO - [2026-07-22T13:10:30.988+0000] {dagbag.py:588} INFO - Filling up the DagBag from /home/airflow/.local/lib/python3.12/site-packages/airflow/example_dags/example_branch_datetime_operator.py
[2026-07-22T13:10:31.008+0000] {processor.py:925} INFO - DAG(s) 'example_branch_datetime_operator_2', 'example_branch_datetime_operator_3', 'example_branch_datetime_operator' retrieved from /home/airflow/.local/lib/python3.12/site-packages/airflow/example_dags/example_branch_datetime_operator.py
[2026-07-22T13:10:31.055+0000] {logging_mixin.py:190} INFO - [2026-07-22T13:10:31.055+0000] {dag.py:3239} INFO - Sync 3 DAGs
[2026-07-22T13:10:31.093+0000] {logging_mixin.py:190} INFO - [2026-07-22T13:10:31.093+0000] {dag.py:4180} INFO - Setting next_dagrun for example_branch_datetime_operator to 2026-07-21 00:00:00+00:00, run_after=2026-07-22 00:00:00+00:00
[2026-07-22T13:10:31.101+0000] {logging_mixin.py:190} INFO - [2026-07-22T13:10:31.100+0000] {dag.py:4180} INFO - Setting next_dagrun for example_branch_datetime_operator_2 to 2026-07-21 00:00:00+00:00, run_after=2026-07-22 00:00:00+00:00
[2026-07-22T13:10:31.105+0000] {logging_mixin.py:190} INFO - [2026-07-22T13:10:31.105+0000] {dag.py:4180} INFO - Setting next_dagrun for example_branch_datetime_operator_3 to 2026-07-21 00:00:00+00:00, run_after=2026-07-22 00:00:00+00:00
[2026-07-22T13:10:31.135+0000] {processor.py:208} INFO - Processing /home/airflow/.local/lib/python3.12/site-packages/airflow/example_dags/example_branch_datetime_operator.py took 0.170 seconds
[2026-07-22T13:11:01.306+0000] {processor.py:186} INFO - Started process (PID=545) to work on /home/airflow/.local/lib/python3.12/site-packages/airflow/example_dags/example_branch_datetime_operator.py
[2026-07-22T13:11:01.308+0000] {processor.py:914} INFO - Processing file /home/airflow/.local/lib/python3.12/site-packages/airflow/example_dags/example_branch_datetime_operator.py for tasks to queue
[2026-07-22T13:11:01.313+0000] {logging_mixin.py:190} INFO - [2026-07-22T13:11:01.313+0000] {dagbag.py:588} INFO - Filling up the DagBag from /home/airflow/.local/lib/python3.12/site-packages/airflow/example_dags/example_branch_datetime_operator.py
[2026-07-22T13:11:01.336+0000] {processor.py:925} INFO - DAG(s) 'example_branch_datetime_operator', 'example_branch_datetime_operator_2', 'example_branch_datetime_operator_3' retrieved from /home/airflow/.local/lib/python3.12/site-packages/airflow/example_dags/example_branch_datetime_operator.py
[2026-07-22T13:11:01.384+0000] {logging_mixin.py:190} INFO - [2026-07-22T13:11:01.383+0000] {dag.py:3239} INFO - Sync 3 DAGs
[2026-07-22T13:11:01.425+0000] {logging_mixin.py:190} INFO - [2026-07-22T13:11:01.424+0000] {dag.py:4180} INFO - Setting next_dagrun for example_branch_datetime_operator to 2026-07-21 00:00:00+00:00, run_after=2026-07-22 00:00:00+00:00
[2026-07-22T13:11:01.433+0000] {logging_mixin.py:190} INFO - [2026-07-22T13:11:01.432+0000] {dag.py:4180} INFO - Setting next_dagrun for example_branch_datetime_operator_2 to 2026-07-21 00:00:00+00:00, run_after=2026-07-22 00:00:00+00:00
[2026-07-22T13:11:01.438+0000] {logging_mixin.py:190} INFO - [2026-07-22T13:11:01.437+0000] {dag.py:4180} INFO - Setting next_dagrun for example_branch_datetime_operator_3 to 2026-07-21 00:00:00+00:00, run_after=2026-07-22 00:00:00+00:00
[2026-07-22T13:11:01.475+0000] {processor.py:208} INFO - Processing /home/airflow/.local/lib/python3.12/site-packages/airflow/example_dags/example_branch_datetime_operator.py took 0.179 seconds
[2026-07-22T13:11:32.104+0000] {processor.py:186} INFO - Started process (PID=607) to work on /home/airflow/.local/lib/python3.12/site-packages/airflow/example_dags/example_branch_datetime_operator.py
[2026-07-22T13:11:32.111+0000] {processor.py:914} INFO - Processing file /home/airflow/.local/lib/python3.12/site-packages/airflow/example_dags/example_branch_datetime_operator.py for tasks to queue
[2026-07-22T13:11:32.121+0000] {logging_mixin.py:190} INFO - [2026-07-22T13:11:32.120+0000] {dagbag.py:588} INFO - Filling up the DagBag from /home/airflow/.local/lib/python3.12/site-packages/airflow/example_dags/example_branch_datetime_operator.py
[2026-07-22T13:11:32.202+0000] {processor.py:925} INFO - DAG(s) 'example_branch_datetime_operator', 'example_branch_datetime_operator_3', 'example_branch_datetime_operator_2' retrieved from /home/airflow/.local/lib/python3.12/site-packages/airflow/example_dags/example_branch_datetime_operator.py
[2026-07-22T13:11:32.301+0000] {logging_mixin.py:190} INFO - [2026-07-22T13:11:32.300+0000] {dag.py:3239} INFO - Sync 3 DAGs
[2026-07-22T13:11:32.403+0000] {logging_mixin.py:190} INFO - [2026-07-22T13:11:32.401+0000] {dag.py:4180} INFO - Setting next_dagrun for example_branch_datetime_operator to 2026-07-21 00:00:00+00:00, run_after=2026-07-22 00:00:00+00:00
[2026-07-22T13:11:32.426+0000] {logging_mixin.py:190} INFO - [2026-07-22T13:11:32.425+0000] {dag.py:4180} INFO - Setting next_dagrun for example_branch_datetime_operator_2 to 2026-07-21 00:00:00+00:00, run_after=2026-07-22 00:00:00+00:00
[2026-07-22T13:11:32.438+0000] {logging_mixin.py:190} INFO - [2026-07-22T13:11:32.438+0000] {dag.py:4180} INFO - Setting next_dagrun for example_branch_datetime_operator_3 to 2026-07-21 00:00:00+00:00, run_after=2026-07-22 00:00:00+00:00
[2026-07-22T13:11:32.516+0000] {processor.py:208} INFO - Processing /home/airflow/.local/lib/python3.12/site-packages/airflow/example_dags/example_branch_datetime_operator.py took 0.439 seconds
[2026-07-22T13:12:02.961+0000] {processor.py:186} INFO - Started process (PID=669) to work on /home/airflow/.local/lib/python3.12/site-packages/airflow/example_dags/example_branch_datetime_operator.py
[2026-07-22T13:12:02.964+0000] {processor.py:914} INFO - Processing file /home/airflow/.local/lib/python3.12/site-packages/airflow/example_dags/example_branch_datetime_operator.py for tasks to queue
[2026-07-22T13:12:02.971+0000] {logging_mixin.py:190} INFO - [2026-07-22T13:12:02.970+0000] {dagbag.py:588} INFO - Filling up the DagBag from /home/airflow/.local/lib/python3.12/site-packages/airflow/example_dags/example_branch_datetime_operator.py
[2026-07-22T13:12:02.991+0000] {processor.py:925} INFO - DAG(s) 'example_branch_datetime_operator_2', 'example_branch_datetime_operator', 'example_branch_datetime_operator_3' retrieved from /home/airflow/.local/lib/python3.12/site-packages/airflow/example_dags/example_branch_datetime_operator.py
[2026-07-22T13:12:03.099+0000] {logging_mixin.py:190} INFO - [2026-07-22T13:12:03.099+0000] {dag.py:3239} INFO - Sync 3 DAGs
[2026-07-22T13:12:03.172+0000] {logging_mixin.py:190} INFO - [2026-07-22T13:12:03.171+0000] {dag.py:4180} INFO - Setting next_dagrun for example_branch_datetime_operator to 2026-07-21 00:00:00+00:00, run_after=2026-07-22 00:00:00+00:00
[2026-07-22T13:12:03.186+0000] {logging_mixin.py:190} INFO - [2026-07-22T13:12:03.185+0000] {dag.py:4180} INFO - Setting next_dagrun for example_branch_datetime_operator_2 to 2026-07-21 00:00:00+00:00, run_after=2026-07-22 00:00:00+00:00
[2026-07-22T13:12:03.192+0000] {logging_mixin.py:190} INFO - [2026-07-22T13:12:03.192+0000] {dag.py:4180} INFO - Setting next_dagrun for example_branch_datetime_operator_3 to 2026-07-21 00:00:00+00:00, run_after=2026-07-22 00:00:00+00:00
[2026-07-22T13:12:03.235+0000] {processor.py:208} INFO - Processing /home/airflow/.local/lib/python3.12/site-packages/airflow/example_dags/example_branch_datetime_operator.py took 0.284 seconds
[2026-07-22T13:12:33.326+0000] {processor.py:186} INFO - Started process (PID=732) to work on /home/airflow/.local/lib/python3.12/site-packages/airflow/example_dags/example_branch_datetime_operator.py
[2026-07-22T13:12:33.328+0000] {processor.py:914} INFO - Processing file /home/airflow/.local/lib/python3.12/site-packages/airflow/example_dags/example_branch_datetime_operator.py for tasks to queue
[2026-07-22T13:12:33.332+0000] {logging_mixin.py:190} INFO - [2026-07-22T13:12:33.332+0000] {dagbag.py:588} INFO - Filling up the DagBag from /home/airflow/.local/lib/python3.12/site-packages/airflow/example_dags/example_branch_datetime_operator.py
[2026-07-22T13:12:33.348+0000] {processor.py:925} INFO - DAG(s) 'example_branch_datetime_operator_3', 'example_branch_datetime_operator', 'example_branch_datetime_operator_2' retrieved from /home/airflow/.local/lib/python3.12/site-packages/airflow/example_dags/example_branch_datetime_operator.py
[2026-07-22T13:12:33.383+0000] {logging_mixin.py:190} INFO - [2026-07-22T13:12:33.383+0000] {dag.py:3239} INFO - Sync 3 DAGs
[2026-07-22T13:12:33.412+0000] {logging_mixin.py:190} INFO - [2026-07-22T13:12:33.412+0000] {dag.py:4180} INFO - Setting next_dagrun for example_branch_datetime_operator to 2026-07-21 00:00:00+00:00, run_after=2026-07-22 00:00:00+00:00
[2026-07-22T13:12:33.421+0000] {logging_mixin.py:190} INFO - [2026-07-22T13:12:33.421+0000] {dag.py:4180} INFO - Setting next_dagrun for example_branch_datetime_operator_2 to 2026-07-21 00:00:00+00:00, run_after=2026-07-22 00:00:00+00:00
[2026-07-22T13:12:33.426+0000] {logging_mixin.py:190} INFO - [2026-07-22T13:12:33.425+0000] {dag.py:4180} INFO - Setting next_dagrun for example_branch_datetime_operator_3 to 2026-07-21 00:00:00+00:00, run_after=2026-07-22 00:00:00+00:00
[2026-07-22T13:12:33.460+0000] {processor.py:208} INFO - Processing /home/airflow/.local/lib/python3.12/site-packages/airflow/example_dags/example_branch_datetime_operator.py took 0.142 seconds
[2026-07-22T13:13:03.546+0000] {processor.py:186} INFO - Started process (PID=795) to work on /home/airflow/.local/lib/python3.12/site-packages/airflow/example_dags/example_branch_datetime_operator.py
[2026-07-22T13:13:03.549+0000] {processor.py:914} INFO - Processing file /home/airflow/.local/lib/python3.12/site-packages/airflow/example_dags/example_branch_datetime_operator.py for tasks to queue
[2026-07-22T13:13:03.555+0000] {logging_mixin.py:190} INFO - [2026-07-22T13:13:03.555+0000] {dagbag.py:588} INFO - Filling up the DagBag from /home/airflow/.local/lib/python3.12/site-packages/airflow/example_dags/example_branch_datetime_operator.py
[2026-07-22T13:13:03.573+0000] {processor.py:925} INFO - DAG(s) 'example_branch_datetime_operator_2', 'example_branch_datetime_operator', 'example_branch_datetime_operator_3' retrieved from /home/airflow/.local/lib/python3.12/site-packages/airflow/example_dags/example_branch_datetime_operator.py
[2026-07-22T13:13:03.609+0000] {logging_mixin.py:190} INFO - [2026-07-22T13:13:03.608+0000] {dag.py:3239} INFO - Sync 3 DAGs
[2026-07-22T13:13:03.641+0000] {logging_mixin.py:190} INFO - [2026-07-22T13:13:03.641+0000] {dag.py:4180} INFO - Setting next_dagrun for example_branch_datetime_operator to 2026-07-21 00:00:00+00:00, run_after=2026-07-22 00:00:00+00:00
[2026-07-22T13:13:03.650+0000] {logging_mixin.py:190} INFO - [2026-07-22T13:13:03.650+0000] {dag.py:4180} INFO - Setting next_dagrun for example_branch_datetime_operator_2 to 2026-07-21 00:00:00+00:00, run_after=2026-07-22 00:00:00+00:00
[2026-07-22T13:13:03.656+0000] {logging_mixin.py:190} INFO - [2026-07-22T13:13:03.656+0000] {dag.py:4180} INFO - Setting next_dagrun for example_branch_datetime_operator_3 to 2026-07-21 00:00:00+00:00, run_after=2026-07-22 00:00:00+00:00
[2026-07-22T13:13:03.685+0000] {processor.py:208} INFO - Processing /home/airflow/.local/lib/python3.12/site-packages/airflow/example_dags/example_branch_datetime_operator.py took 0.148 seconds
[2026-07-22T13:13:34.249+0000] {processor.py:186} INFO - Started process (PID=858) to work on /home/airflow/.local/lib/python3.12/site-packages/airflow/example_dags/example_branch_datetime_operator.py
[2026-07-22T13:13:34.253+0000] {processor.py:914} INFO - Processing file /home/airflow/.local/lib/python3.12/site-packages/airflow/example_dags/example_branch_datetime_operator.py for tasks to queue
[2026-07-22T13:13:34.262+0000] {logging_mixin.py:190} INFO - [2026-07-22T13:13:34.260+0000] {dagbag.py:588} INFO - Filling up the DagBag from /home/airflow/.local/lib/python3.12/site-packages/airflow/example_dags/example_branch_datetime_operator.py
[2026-07-22T13:13:34.284+0000] {processor.py:925} INFO - DAG(s) 'example_branch_datetime_operator_3', 'example_branch_datetime_operator', 'example_branch_datetime_operator_2' retrieved from /home/airflow/.local/lib/python3.12/site-packages/airflow/example_dags/example_branch_datetime_operator.py
[2026-07-22T13:13:34.338+0000] {logging_mixin.py:190} INFO - [2026-07-22T13:13:34.338+0000] {dag.py:3239} INFO - Sync 3 DAGs
[2026-07-22T13:13:34.393+0000] {logging_mixin.py:190} INFO - [2026-07-22T13:13:34.392+0000] {dag.py:4180} INFO - Setting next_dagrun for example_branch_datetime_operator to 2026-07-21 00:00:00+00:00, run_after=2026-07-22 00:00:00+00:00
[2026-07-22T13:13:34.411+0000] {logging_mixin.py:190} INFO - [2026-07-22T13:13:34.410+0000] {dag.py:4180} INFO - Setting next_dagrun for example_branch_datetime_operator_2 to 2026-07-21 00:00:00+00:00, run_after=2026-07-22 00:00:00+00:00
[2026-07-22T13:13:34.418+0000] {logging_mixin.py:190} INFO - [2026-07-22T13:13:34.418+0000] {dag.py:4180} INFO - Setting next_dagrun for example_branch_datetime_operator_3 to 2026-07-21 00:00:00+00:00, run_after=2026-07-22 00:00:00+00:00
[2026-07-22T13:13:34.481+0000] {processor.py:208} INFO - Processing /home/airflow/.local/lib/python3.12/site-packages/airflow/example_dags/example_branch_datetime_operator.py took 0.249 seconds
[2026-07-22T13:14:05.485+0000] {processor.py:186} INFO - Started process (PID=921) to work on /home/airflow/.local/lib/python3.12/site-packages/airflow/example_dags/example_branch_datetime_operator.py
[2026-07-22T13:14:05.495+0000] {processor.py:914} INFO - Processing file /home/airflow/.local/lib/python3.12/site-packages/airflow/example_dags/example_branch_datetime_operator.py for tasks to queue
[2026-07-22T13:14:05.504+0000] {logging_mixin.py:190} INFO - [2026-07-22T13:14:05.502+0000] {dagbag.py:588} INFO - Filling up the DagBag from /home/airflow/.local/lib/python3.12/site-packages/airflow/example_dags/example_branch_datetime_operator.py
[2026-07-22T13:14:05.541+0000] {processor.py:925} INFO - DAG(s) 'example_branch_datetime_operator', 'example_branch_datetime_operator_2', 'example_branch_datetime_operator_3' retrieved from /home/airflow/.local/lib/python3.12/site-packages/airflow/example_dags/example_branch_datetime_operator.py
[2026-07-22T13:14:05.596+0000] {logging_mixin.py:190} INFO - [2026-07-22T13:14:05.596+0000] {dag.py:3239} INFO - Sync 3 DAGs
[2026-07-22T13:14:05.647+0000] {logging_mixin.py:190} INFO - [2026-07-22T13:14:05.646+0000] {dag.py:4180} INFO - Setting next_dagrun for example_branch_datetime_operator to 2026-07-21 00:00:00+00:00, run_after=2026-07-22 00:00:00+00:00
[2026-07-22T13:14:05.659+0000] {logging_mixin.py:190} INFO - [2026-07-22T13:14:05.659+0000] {dag.py:4180} INFO - Setting next_dagrun for example_branch_datetime_operator_2 to 2026-07-21 00:00:00+00:00, run_after=2026-07-22 00:00:00+00:00
[2026-07-22T13:14:05.665+0000] {logging_mixin.py:190} INFO - [2026-07-22T13:14:05.665+0000] {dag.py:4180} INFO - Setting next_dagrun for example_branch_datetime_operator_3 to 2026-07-21 00:00:00+00:00, run_after=2026-07-22 00:00:00+00:00
[2026-07-22T13:14:05.705+0000] {processor.py:208} INFO - Processing /home/airflow/.local/lib/python3.12/site-packages/airflow/example_dags/example_branch_datetime_operator.py took 0.245 seconds
[2026-07-22T13:14:35.798+0000] {processor.py:186} INFO - Started process (PID=984) to work on /home/airflow/.local/lib/python3.12/site-packages/airflow/example_dags/example_branch_datetime_operator.py
[2026-07-22T13:14:35.801+0000] {processor.py:914} INFO - Processing file /home/airflow/.local/lib/python3.12/site-packages/airflow/example_dags/example_branch_datetime_operator.py for tasks to queue
[2026-07-22T13:14:35.809+0000] {logging_mixin.py:190} INFO - [2026-07-22T13:14:35.808+0000] {dagbag.py:588} INFO - Filling up the DagBag from /home/airflow/.local/lib/python3.12/site-packages/airflow/example_dags/example_branch_datetime_operator.py
[2026-07-22T13:14:35.834+0000] {processor.py:925} INFO - DAG(s) 'example_branch_datetime_operator', 'example_branch_datetime_operator_2', 'example_branch_datetime_operator_3' retrieved from /home/airflow/.local/lib/python3.12/site-packages/airflow/example_dags/example_branch_datetime_operator.py
[2026-07-22T13:14:35.896+0000] {logging_mixin.py:190} INFO - [2026-07-22T13:14:35.895+0000] {dag.py:3239} INFO - Sync 3 DAGs
[2026-07-22T13:14:35.948+0000] {logging_mixin.py:190} INFO - [2026-07-22T13:14:35.948+0000] {dag.py:4180} INFO - Setting next_dagrun for example_branch_datetime_operator to 2026-07-21 00:00:00+00:00, run_after=2026-07-22 00:00:00+00:00
[2026-07-22T13:14:35.961+0000] {logging_mixin.py:190} INFO - [2026-07-22T13:14:35.960+0000] {dag.py:4180} INFO - Setting next_dagrun for example_branch_datetime_operator_2 to 2026-07-21 00:00:00+00:00, run_after=2026-07-22 00:00:00+00:00
[2026-07-22T13:14:35.966+0000] {logging_mixin.py:190} INFO - [2026-07-22T13:14:35.965+0000] {dag.py:4180} INFO - Setting next_dagrun for example_branch_datetime_operator_3 to 2026-07-21 00:00:00+00:00, run_after=2026-07-22 00:00:00+00:00
[2026-07-22T13:14:36.008+0000] {processor.py:208} INFO - Processing /home/airflow/.local/lib/python3.12/site-packages/airflow/example_dags/example_branch_datetime_operator.py took 0.221 seconds
[2026-07-22T13:15:06.595+0000] {processor.py:186} INFO - Started process (PID=1047) to work on /home/airflow/.local/lib/python3.12/site-packages/airflow/example_dags/example_branch_datetime_operator.py
[2026-07-22T13:15:06.598+0000] {processor.py:914} INFO - Processing file /home/airflow/.local/lib/python3.12/site-packages/airflow/example_dags/example_branch_datetime_operator.py for tasks to queue
[2026-07-22T13:15:06.606+0000] {logging_mixin.py:190} INFO - [2026-07-22T13:15:06.605+0000] {dagbag.py:588} INFO - Filling up the DagBag from /home/airflow/.local/lib/python3.12/site-packages/airflow/example_dags/example_branch_datetime_operator.py
[2026-07-22T13:15:06.633+0000] {processor.py:925} INFO - DAG(s) 'example_branch_datetime_operator_2', 'example_branch_datetime_operator_3', 'example_branch_datetime_operator' retrieved from /home/airflow/.local/lib/python3.12/site-packages/airflow/example_dags/example_branch_datetime_operator.py
[2026-07-22T13:15:06.688+0000] {logging_mixin.py:190} INFO - [2026-07-22T13:15:06.687+0000] {dag.py:3239} INFO - Sync 3 DAGs
[2026-07-22T13:15:06.748+0000] {logging_mixin.py:190} INFO - [2026-07-22T13:15:06.748+0000] {dag.py:4180} INFO - Setting next_dagrun for example_branch_datetime_operator to 2026-07-21 00:00:00+00:00, run_after=2026-07-22 00:00:00+00:00
[2026-07-22T13:15:06.759+0000] {logging_mixin.py:190} INFO - [2026-07-22T13:15:06.759+0000] {dag.py:4180} INFO - Setting next_dagrun for example_branch_datetime_operator_2 to 2026-07-21 00:00:00+00:00, run_after=2026-07-22 00:00:00+00:00
[2026-07-22T13:15:06.764+0000] {logging_mixin.py:190} INFO - [2026-07-22T13:15:06.764+0000] {dag.py:4180} INFO - Setting next_dagrun for example_branch_datetime_operator_3 to 2026-07-21 00:00:00+00:00, run_after=2026-07-22 00:00:00+00:00
[2026-07-22T13:15:06.812+0000] {processor.py:208} INFO - Processing /home/airflow/.local/lib/python3.12/site-packages/airflow/example_dags/example_branch_datetime_operator.py took 0.229 seconds
[2026-07-22T13:15:38.947+0000] {processor.py:186} INFO - Started process (PID=1111) to work on /home/airflow/.local/lib/python3.12/site-packages/airflow/example_dags/example_branch_datetime_operator.py
[2026-07-22T13:15:38.950+0000] {processor.py:914} INFO - Processing file /home/airflow/.local/lib/python3.12/site-packages/airflow/example_dags/example_branch_datetime_operator.py for tasks to queue
[2026-07-22T13:15:38.956+0000] {logging_mixin.py:190} INFO - [2026-07-22T13:15:38.955+0000] {dagbag.py:588} INFO - Filling up the DagBag from /home/airflow/.local/lib/python3.12/site-packages/airflow/example_dags/example_branch_datetime_operator.py
[2026-07-22T13:15:38.987+0000] {processor.py:925} INFO - DAG(s) 'example_branch_datetime_operator', 'example_branch_datetime_operator_3', 'example_branch_datetime_operator_2' retrieved from /home/airflow/.local/lib/python3.12/site-packages/airflow/example_dags/example_branch_datetime_operator.py
[2026-07-22T13:15:39.054+0000] {logging_mixin.py:190} INFO - [2026-07-22T13:15:39.054+0000] {dag.py:3239} INFO - Sync 3 DAGs
[2026-07-22T13:15:39.109+0000] {logging_mixin.py:190} INFO - [2026-07-22T13:15:39.109+0000] {dag.py:4180} INFO - Setting next_dagrun for example_branch_datetime_operator to 2026-07-21 00:00:00+00:00, run_after=2026-07-22 00:00:00+00:00
[2026-07-22T13:15:39.121+0000] {logging_mixin.py:190} INFO - [2026-07-22T13:15:39.120+0000] {dag.py:4180} INFO - Setting next_dagrun for example_branch_datetime_operator_2 to 2026-07-21 00:00:00+00:00, run_after=2026-07-22 00:00:00+00:00
[2026-07-22T13:15:39.126+0000] {logging_mixin.py:190} INFO - [2026-07-22T13:15:39.126+0000] {dag.py:4180} INFO - Setting next_dagrun for example_branch_datetime_operator_3 to 2026-07-21 00:00:00+00:00, run_after=2026-07-22 00:00:00+00:00
[2026-07-22T13:15:39.178+0000] {processor.py:208} INFO - Processing /home/airflow/.local/lib/python3.12/site-packages/airflow/example_dags/example_branch_datetime_operator.py took 0.249 seconds
[2026-07-22T13:16:11.992+0000] {processor.py:186} INFO - Started process (PID=1168) to work on /home/airflow/.local/lib/python3.12/site-packages/airflow/example_dags/example_branch_datetime_operator.py
[2026-07-22T13:16:11.996+0000] {processor.py:914} INFO - Processing file /home/airflow/.local/lib/python3.12/site-packages/airflow/example_dags/example_branch_datetime_operator.py for tasks to queue
[2026-07-22T13:16:12.008+0000] {logging_mixin.py:190} INFO - [2026-07-22T13:16:12.005+0000] {dagbag.py:588} INFO - Filling up the DagBag from /home/airflow/.local/lib/python3.12/site-packages/airflow/example_dags/example_branch_datetime_operator.py
[2026-07-22T13:16:12.062+0000] {processor.py:925} INFO - DAG(s) 'example_branch_datetime_operator_2', 'example_branch_datetime_operator', 'example_branch_datetime_operator_3' retrieved from /home/airflow/.local/lib/python3.12/site-packages/airflow/example_dags/example_branch_datetime_operator.py
[2026-07-22T13:16:12.180+0000] {logging_mixin.py:190} INFO - [2026-07-22T13:16:12.179+0000] {dag.py:3239} INFO - Sync 3 DAGs
[2026-07-22T13:16:12.285+0000] {logging_mixin.py:190} INFO - [2026-07-22T13:16:12.284+0000] {dag.py:4180} INFO - Setting next_dagrun for example_branch_datetime_operator to 2026-07-21 00:00:00+00:00, run_after=2026-07-22 00:00:00+00:00
[2026-07-22T13:16:12.315+0000] {logging_mixin.py:190} INFO - [2026-07-22T13:16:12.315+0000] {dag.py:4180} INFO - Setting next_dagrun for example_branch_datetime_operator_2 to 2026-07-21 00:00:00+00:00, run_after=2026-07-22 00:00:00+00:00
[2026-07-22T13:16:12.330+0000] {logging_mixin.py:190} INFO - [2026-07-22T13:16:12.330+0000] {dag.py:4180} INFO - Setting next_dagrun for example_branch_datetime_operator_3 to 2026-07-21 00:00:00+00:00, run_after=2026-07-22 00:00:00+00:00
[2026-07-22T13:16:12.394+0000] {processor.py:208} INFO - Processing /home/airflow/.local/lib/python3.12/site-packages/airflow/example_dags/example_branch_datetime_operator.py took 0.427 seconds
[2026-07-22T13:16:43.224+0000] {processor.py:186} INFO - Started process (PID=1231) to work on /home/airflow/.local/lib/python3.12/site-packages/airflow/example_dags/example_branch_datetime_operator.py
[2026-07-22T13:16:43.226+0000] {processor.py:914} INFO - Processing file /home/airflow/.local/lib/python3.12/site-packages/airflow/example_dags/example_branch_datetime_operator.py for tasks to queue
[2026-07-22T13:16:43.231+0000] {logging_mixin.py:190} INFO - [2026-07-22T13:16:43.230+0000] {dagbag.py:588} INFO - Filling up the DagBag from /home/airflow/.local/lib/python3.12/site-packages/airflow/example_dags/example_branch_datetime_operator.py
[2026-07-22T13:16:43.252+0000] {processor.py:925} INFO - DAG(s) 'example_branch_datetime_operator_3', 'example_branch_datetime_operator', 'example_branch_datetime_operator_2' retrieved from /home/airflow/.local/lib/python3.12/site-packages/airflow/example_dags/example_branch_datetime_operator.py
[2026-07-22T13:16:43.299+0000] {logging_mixin.py:190} INFO - [2026-07-22T13:16:43.299+0000] {dag.py:3239} INFO - Sync 3 DAGs
[2026-07-22T13:16:43.367+0000] {logging_mixin.py:190} INFO - [2026-07-22T13:16:43.367+0000] {dag.py:4180} INFO - Setting next_dagrun for example_branch_datetime_operator to 2026-07-21 00:00:00+00:00, run_after=2026-07-22 00:00:00+00:00
[2026-07-22T13:16:43.394+0000] {logging_mixin.py:190} INFO - [2026-07-22T13:16:43.389+0000] {dag.py:4180} INFO - Setting next_dagrun for example_branch_datetime_operator_2 to 2026-07-21 00:00:00+00:00, run_after=2026-07-22 00:00:00+00:00
[2026-07-22T13:16:43.406+0000] {logging_mixin.py:190} INFO - [2026-07-22T13:16:43.406+0000] {dag.py:4180} INFO - Setting next_dagrun for example_branch_datetime_operator_3 to 2026-07-21 00:00:00+00:00, run_after=2026-07-22 00:00:00+00:00
[2026-07-22T13:16:43.495+0000] {processor.py:208} INFO - Processing /home/airflow/.local/lib/python3.12/site-packages/airflow/example_dags/example_branch_datetime_operator.py took 0.280 seconds
[2026-07-22T13:17:18.850+0000] {processor.py:186} INFO - Started process (PID=1300) to work on /home/airflow/.local/lib/python3.12/site-packages/airflow/example_dags/example_branch_datetime_operator.py
[2026-07-22T13:17:18.854+0000] {processor.py:914} INFO - Processing file /home/airflow/.local/lib/python3.12/site-packages/airflow/example_dags/example_branch_datetime_operator.py for tasks to queue
[2026-07-22T13:17:18.866+0000] {logging_mixin.py:190} INFO - [2026-07-22T13:17:18.865+0000] {dagbag.py:588} INFO - Filling up the DagBag from /home/airflow/.local/lib/python3.12/site-packages/airflow/example_dags/example_branch_datetime_operator.py
[2026-07-22T13:17:18.915+0000] {processor.py:925} INFO - DAG(s) 'example_branch_datetime_operator_3', 'example_branch_datetime_operator_2', 'example_branch_datetime_operator' retrieved from /home/airflow/.local/lib/python3.12/site-packages/airflow/example_dags/example_branch_datetime_operator.py
[2026-07-22T13:17:19.035+0000] {logging_mixin.py:190} INFO - [2026-07-22T13:17:19.033+0000] {dag.py:3239} INFO - Sync 3 DAGs
[2026-07-22T13:17:19.207+0000] {logging_mixin.py:190} INFO - [2026-07-22T13:17:19.206+0000] {dag.py:4180} INFO - Setting next_dagrun for example_branch_datetime_operator to 2026-07-21 00:00:00+00:00, run_after=2026-07-22 00:00:00+00:00
[2026-07-22T13:17:19.228+0000] {logging_mixin.py:190} INFO - [2026-07-22T13:17:19.227+0000] {dag.py:4180} INFO - Setting next_dagrun for example_branch_datetime_operator_2 to 2026-07-21 00:00:00+00:00, run_after=2026-07-22 00:00:00+00:00
[2026-07-22T13:17:19.239+0000] {logging_mixin.py:190} INFO - [2026-07-22T13:17:19.237+0000] {dag.py:4180} INFO - Setting next_dagrun for example_branch_datetime_operator_3 to 2026-07-21 00:00:00+00:00, run_after=2026-07-22 00:00:00+00:00
[2026-07-22T13:17:19.316+0000] {processor.py:208} INFO - Processing /home/airflow/.local/lib/python3.12/site-packages/airflow/example_dags/example_branch_datetime_operator.py took 0.487 seconds
