[2026-07-22T13:07:12.763+0000] {processor.py:186} INFO - Started process (PID=79) to work on /home/airflow/.local/lib/python3.12/site-packages/airflow/example_dags/example_local_kubernetes_executor.py
[2026-07-22T13:07:12.767+0000] {processor.py:914} INFO - Processing file /home/airflow/.local/lib/python3.12/site-packages/airflow/example_dags/example_local_kubernetes_executor.py for tasks to queue
[2026-07-22T13:07:12.777+0000] {logging_mixin.py:190} INFO - [2026-07-22T13:07:12.776+0000] {dagbag.py:588} INFO - Filling up the DagBag from /home/airflow/.local/lib/python3.12/site-packages/airflow/example_dags/example_local_kubernetes_executor.py
[2026-07-22T13:07:12.814+0000] {processor.py:925} INFO - DAG(s) 'example_local_kubernetes_executor' retrieved from /home/airflow/.local/lib/python3.12/site-packages/airflow/example_dags/example_local_kubernetes_executor.py
[2026-07-22T13:07:13.109+0000] {logging_mixin.py:190} INFO - [2026-07-22T13:07:13.106+0000] {override.py:1912} INFO - Created Permission View: can read on DAG:example_local_kubernetes_executor
[2026-07-22T13:07:13.144+0000] {logging_mixin.py:190} INFO - [2026-07-22T13:07:13.143+0000] {override.py:1912} INFO - Created Permission View: can edit on DAG:example_local_kubernetes_executor
[2026-07-22T13:07:13.165+0000] {logging_mixin.py:190} INFO - [2026-07-22T13:07:13.163+0000] {override.py:1912} INFO - Created Permission View: can delete on DAG:example_local_kubernetes_executor
[2026-07-22T13:07:13.191+0000] {logging_mixin.py:190} INFO - [2026-07-22T13:07:13.190+0000] {override.py:1912} INFO - Created Permission View: can read on DAG Run:example_local_kubernetes_executor
[2026-07-22T13:07:13.213+0000] {logging_mixin.py:190} INFO - [2026-07-22T13:07:13.212+0000] {override.py:1912} INFO - Created Permission View: menu access on DAG Run:example_local_kubernetes_executor
[2026-07-22T13:07:13.236+0000] {logging_mixin.py:190} INFO - [2026-07-22T13:07:13.235+0000] {override.py:1912} INFO - Created Permission View: can create on DAG Run:example_local_kubernetes_executor
[2026-07-22T13:07:13.256+0000] {logging_mixin.py:190} INFO - [2026-07-22T13:07:13.256+0000] {override.py:1912} INFO - Created Permission View: can delete on DAG Run:example_local_kubernetes_executor
[2026-07-22T13:07:13.259+0000] {logging_mixin.py:190} INFO - [2026-07-22T13:07:13.259+0000] {dag.py:3239} INFO - Sync 1 DAGs
[2026-07-22T13:07:13.291+0000] {logging_mixin.py:190} INFO - [2026-07-22T13:07:13.291+0000] {dag.py:3262} INFO - Creating ORM DAG for example_local_kubernetes_executor
[2026-07-22T13:07:13.296+0000] {logging_mixin.py:190} INFO - [2026-07-22T13:07:13.295+0000] {dag.py:4180} INFO - Setting next_dagrun for example_local_kubernetes_executor to None, run_after=None
[2026-07-22T13:07:13.376+0000] {processor.py:208} INFO - Processing /home/airflow/.local/lib/python3.12/site-packages/airflow/example_dags/example_local_kubernetes_executor.py took 0.636 seconds
[2026-07-22T13:07:43.657+0000] {processor.py:186} INFO - Started process (PID=143) to work on /home/airflow/.local/lib/python3.12/site-packages/airflow/example_dags/example_local_kubernetes_executor.py
[2026-07-22T13:07:43.659+0000] {processor.py:914} INFO - Processing file /home/airflow/.local/lib/python3.12/site-packages/airflow/example_dags/example_local_kubernetes_executor.py for tasks to queue
[2026-07-22T13:07:43.667+0000] {logging_mixin.py:190} INFO - [2026-07-22T13:07:43.666+0000] {dagbag.py:588} INFO - Filling up the DagBag from /home/airflow/.local/lib/python3.12/site-packages/airflow/example_dags/example_local_kubernetes_executor.py
[2026-07-22T13:07:43.698+0000] {processor.py:925} INFO - DAG(s) 'example_local_kubernetes_executor' retrieved from /home/airflow/.local/lib/python3.12/site-packages/airflow/example_dags/example_local_kubernetes_executor.py
[2026-07-22T13:07:43.750+0000] {logging_mixin.py:190} INFO - [2026-07-22T13:07:43.750+0000] {dag.py:3239} INFO - Sync 1 DAGs
[2026-07-22T13:07:43.790+0000] {logging_mixin.py:190} INFO - [2026-07-22T13:07:43.790+0000] {dag.py:4180} INFO - Setting next_dagrun for example_local_kubernetes_executor to None, run_after=None
[2026-07-22T13:07:43.867+0000] {processor.py:208} INFO - Processing /home/airflow/.local/lib/python3.12/site-packages/airflow/example_dags/example_local_kubernetes_executor.py took 0.242 seconds
[2026-07-22T13:08:14.246+0000] {processor.py:186} INFO - Started process (PID=206) to work on /home/airflow/.local/lib/python3.12/site-packages/airflow/example_dags/example_local_kubernetes_executor.py
[2026-07-22T13:08:14.249+0000] {processor.py:914} INFO - Processing file /home/airflow/.local/lib/python3.12/site-packages/airflow/example_dags/example_local_kubernetes_executor.py for tasks to queue
[2026-07-22T13:08:14.255+0000] {logging_mixin.py:190} INFO - [2026-07-22T13:08:14.254+0000] {dagbag.py:588} INFO - Filling up the DagBag from /home/airflow/.local/lib/python3.12/site-packages/airflow/example_dags/example_local_kubernetes_executor.py
[2026-07-22T13:08:14.276+0000] {processor.py:925} INFO - DAG(s) 'example_local_kubernetes_executor' retrieved from /home/airflow/.local/lib/python3.12/site-packages/airflow/example_dags/example_local_kubernetes_executor.py
[2026-07-22T13:08:14.320+0000] {logging_mixin.py:190} INFO - [2026-07-22T13:08:14.320+0000] {dag.py:3239} INFO - Sync 1 DAGs
[2026-07-22T13:08:14.351+0000] {logging_mixin.py:190} INFO - [2026-07-22T13:08:14.351+0000] {dag.py:4180} INFO - Setting next_dagrun for example_local_kubernetes_executor to None, run_after=None
[2026-07-22T13:08:14.378+0000] {processor.py:208} INFO - Processing /home/airflow/.local/lib/python3.12/site-packages/airflow/example_dags/example_local_kubernetes_executor.py took 0.145 seconds
[2026-07-22T13:08:44.801+0000] {processor.py:186} INFO - Started process (PID=270) to work on /home/airflow/.local/lib/python3.12/site-packages/airflow/example_dags/example_local_kubernetes_executor.py
[2026-07-22T13:08:44.803+0000] {processor.py:914} INFO - Processing file /home/airflow/.local/lib/python3.12/site-packages/airflow/example_dags/example_local_kubernetes_executor.py for tasks to queue
[2026-07-22T13:08:44.809+0000] {logging_mixin.py:190} INFO - [2026-07-22T13:08:44.808+0000] {dagbag.py:588} INFO - Filling up the DagBag from /home/airflow/.local/lib/python3.12/site-packages/airflow/example_dags/example_local_kubernetes_executor.py
[2026-07-22T13:08:44.823+0000] {processor.py:925} INFO - DAG(s) 'example_local_kubernetes_executor' retrieved from /home/airflow/.local/lib/python3.12/site-packages/airflow/example_dags/example_local_kubernetes_executor.py
[2026-07-22T13:08:44.850+0000] {logging_mixin.py:190} INFO - [2026-07-22T13:08:44.850+0000] {dag.py:3239} INFO - Sync 1 DAGs
[2026-07-22T13:08:44.869+0000] {logging_mixin.py:190} INFO - [2026-07-22T13:08:44.869+0000] {dag.py:4180} INFO - Setting next_dagrun for example_local_kubernetes_executor to None, run_after=None
[2026-07-22T13:08:44.904+0000] {processor.py:208} INFO - Processing /home/airflow/.local/lib/python3.12/site-packages/airflow/example_dags/example_local_kubernetes_executor.py took 0.111 seconds
[2026-07-22T13:09:15.510+0000] {processor.py:186} INFO - Started process (PID=333) to work on /home/airflow/.local/lib/python3.12/site-packages/airflow/example_dags/example_local_kubernetes_executor.py
[2026-07-22T13:09:15.512+0000] {processor.py:914} INFO - Processing file /home/airflow/.local/lib/python3.12/site-packages/airflow/example_dags/example_local_kubernetes_executor.py for tasks to queue
[2026-07-22T13:09:15.517+0000] {logging_mixin.py:190} INFO - [2026-07-22T13:09:15.516+0000] {dagbag.py:588} INFO - Filling up the DagBag from /home/airflow/.local/lib/python3.12/site-packages/airflow/example_dags/example_local_kubernetes_executor.py
[2026-07-22T13:09:15.531+0000] {processor.py:925} INFO - DAG(s) 'example_local_kubernetes_executor' retrieved from /home/airflow/.local/lib/python3.12/site-packages/airflow/example_dags/example_local_kubernetes_executor.py
[2026-07-22T13:09:15.572+0000] {logging_mixin.py:190} INFO - [2026-07-22T13:09:15.572+0000] {dag.py:3239} INFO - Sync 1 DAGs
[2026-07-22T13:09:15.598+0000] {logging_mixin.py:190} INFO - [2026-07-22T13:09:15.597+0000] {dag.py:4180} INFO - Setting next_dagrun for example_local_kubernetes_executor to None, run_after=None
[2026-07-22T13:09:15.634+0000] {processor.py:208} INFO - Processing /home/airflow/.local/lib/python3.12/site-packages/airflow/example_dags/example_local_kubernetes_executor.py took 0.133 seconds
[2026-07-22T13:09:46.166+0000] {processor.py:186} INFO - Started process (PID=397) to work on /home/airflow/.local/lib/python3.12/site-packages/airflow/example_dags/example_local_kubernetes_executor.py
[2026-07-22T13:09:46.170+0000] {processor.py:914} INFO - Processing file /home/airflow/.local/lib/python3.12/site-packages/airflow/example_dags/example_local_kubernetes_executor.py for tasks to queue
[2026-07-22T13:09:46.175+0000] {logging_mixin.py:190} INFO - [2026-07-22T13:09:46.175+0000] {dagbag.py:588} INFO - Filling up the DagBag from /home/airflow/.local/lib/python3.12/site-packages/airflow/example_dags/example_local_kubernetes_executor.py
[2026-07-22T13:09:46.199+0000] {processor.py:925} INFO - DAG(s) 'example_local_kubernetes_executor' retrieved from /home/airflow/.local/lib/python3.12/site-packages/airflow/example_dags/example_local_kubernetes_executor.py
[2026-07-22T13:09:46.245+0000] {logging_mixin.py:190} INFO - [2026-07-22T13:09:46.244+0000] {dag.py:3239} INFO - Sync 1 DAGs
[2026-07-22T13:09:46.280+0000] {logging_mixin.py:190} INFO - [2026-07-22T13:09:46.279+0000] {dag.py:4180} INFO - Setting next_dagrun for example_local_kubernetes_executor to None, run_after=None
[2026-07-22T13:09:46.329+0000] {processor.py:208} INFO - Processing /home/airflow/.local/lib/python3.12/site-packages/airflow/example_dags/example_local_kubernetes_executor.py took 0.182 seconds
[2026-07-22T13:10:16.865+0000] {processor.py:186} INFO - Started process (PID=460) to work on /home/airflow/.local/lib/python3.12/site-packages/airflow/example_dags/example_local_kubernetes_executor.py
[2026-07-22T13:10:16.868+0000] {processor.py:914} INFO - Processing file /home/airflow/.local/lib/python3.12/site-packages/airflow/example_dags/example_local_kubernetes_executor.py for tasks to queue
[2026-07-22T13:10:16.872+0000] {logging_mixin.py:190} INFO - [2026-07-22T13:10:16.871+0000] {dagbag.py:588} INFO - Filling up the DagBag from /home/airflow/.local/lib/python3.12/site-packages/airflow/example_dags/example_local_kubernetes_executor.py
[2026-07-22T13:10:16.886+0000] {processor.py:925} INFO - DAG(s) 'example_local_kubernetes_executor' retrieved from /home/airflow/.local/lib/python3.12/site-packages/airflow/example_dags/example_local_kubernetes_executor.py
[2026-07-22T13:10:16.917+0000] {logging_mixin.py:190} INFO - [2026-07-22T13:10:16.916+0000] {dag.py:3239} INFO - Sync 1 DAGs
[2026-07-22T13:10:16.935+0000] {logging_mixin.py:190} INFO - [2026-07-22T13:10:16.934+0000] {dag.py:4180} INFO - Setting next_dagrun for example_local_kubernetes_executor to None, run_after=None
[2026-07-22T13:10:16.979+0000] {processor.py:208} INFO - Processing /home/airflow/.local/lib/python3.12/site-packages/airflow/example_dags/example_local_kubernetes_executor.py took 0.121 seconds
[2026-07-22T13:10:47.137+0000] {processor.py:186} INFO - Started process (PID=529) to work on /home/airflow/.local/lib/python3.12/site-packages/airflow/example_dags/example_local_kubernetes_executor.py
[2026-07-22T13:10:47.138+0000] {processor.py:914} INFO - Processing file /home/airflow/.local/lib/python3.12/site-packages/airflow/example_dags/example_local_kubernetes_executor.py for tasks to queue
[2026-07-22T13:10:47.143+0000] {logging_mixin.py:190} INFO - [2026-07-22T13:10:47.143+0000] {dagbag.py:588} INFO - Filling up the DagBag from /home/airflow/.local/lib/python3.12/site-packages/airflow/example_dags/example_local_kubernetes_executor.py
[2026-07-22T13:10:47.163+0000] {processor.py:925} INFO - DAG(s) 'example_local_kubernetes_executor' retrieved from /home/airflow/.local/lib/python3.12/site-packages/airflow/example_dags/example_local_kubernetes_executor.py
[2026-07-22T13:10:47.191+0000] {logging_mixin.py:190} INFO - [2026-07-22T13:10:47.191+0000] {dag.py:3239} INFO - Sync 1 DAGs
[2026-07-22T13:10:47.223+0000] {logging_mixin.py:190} INFO - [2026-07-22T13:10:47.222+0000] {dag.py:4180} INFO - Setting next_dagrun for example_local_kubernetes_executor to None, run_after=None
[2026-07-22T13:10:47.259+0000] {processor.py:208} INFO - Processing /home/airflow/.local/lib/python3.12/site-packages/airflow/example_dags/example_local_kubernetes_executor.py took 0.134 seconds
[2026-07-22T13:11:18.159+0000] {processor.py:186} INFO - Started process (PID=592) to work on /home/airflow/.local/lib/python3.12/site-packages/airflow/example_dags/example_local_kubernetes_executor.py
[2026-07-22T13:11:18.162+0000] {processor.py:914} INFO - Processing file /home/airflow/.local/lib/python3.12/site-packages/airflow/example_dags/example_local_kubernetes_executor.py for tasks to queue
[2026-07-22T13:11:18.168+0000] {logging_mixin.py:190} INFO - [2026-07-22T13:11:18.168+0000] {dagbag.py:588} INFO - Filling up the DagBag from /home/airflow/.local/lib/python3.12/site-packages/airflow/example_dags/example_local_kubernetes_executor.py
[2026-07-22T13:11:18.191+0000] {processor.py:925} INFO - DAG(s) 'example_local_kubernetes_executor' retrieved from /home/airflow/.local/lib/python3.12/site-packages/airflow/example_dags/example_local_kubernetes_executor.py
[2026-07-22T13:11:18.237+0000] {logging_mixin.py:190} INFO - [2026-07-22T13:11:18.237+0000] {dag.py:3239} INFO - Sync 1 DAGs
[2026-07-22T13:11:18.273+0000] {logging_mixin.py:190} INFO - [2026-07-22T13:11:18.273+0000] {dag.py:4180} INFO - Setting next_dagrun for example_local_kubernetes_executor to None, run_after=None
[2026-07-22T13:11:18.319+0000] {processor.py:208} INFO - Processing /home/airflow/.local/lib/python3.12/site-packages/airflow/example_dags/example_local_kubernetes_executor.py took 0.175 seconds
[2026-07-22T13:11:48.389+0000] {processor.py:186} INFO - Started process (PID=655) to work on /home/airflow/.local/lib/python3.12/site-packages/airflow/example_dags/example_local_kubernetes_executor.py
[2026-07-22T13:11:48.391+0000] {processor.py:914} INFO - Processing file /home/airflow/.local/lib/python3.12/site-packages/airflow/example_dags/example_local_kubernetes_executor.py for tasks to queue
[2026-07-22T13:11:48.395+0000] {logging_mixin.py:190} INFO - [2026-07-22T13:11:48.394+0000] {dagbag.py:588} INFO - Filling up the DagBag from /home/airflow/.local/lib/python3.12/site-packages/airflow/example_dags/example_local_kubernetes_executor.py
[2026-07-22T13:11:48.409+0000] {processor.py:925} INFO - DAG(s) 'example_local_kubernetes_executor' retrieved from /home/airflow/.local/lib/python3.12/site-packages/airflow/example_dags/example_local_kubernetes_executor.py
[2026-07-22T13:11:48.441+0000] {logging_mixin.py:190} INFO - [2026-07-22T13:11:48.441+0000] {dag.py:3239} INFO - Sync 1 DAGs
[2026-07-22T13:11:48.459+0000] {logging_mixin.py:190} INFO - [2026-07-22T13:11:48.459+0000] {dag.py:4180} INFO - Setting next_dagrun for example_local_kubernetes_executor to None, run_after=None
[2026-07-22T13:11:48.494+0000] {processor.py:208} INFO - Processing /home/airflow/.local/lib/python3.12/site-packages/airflow/example_dags/example_local_kubernetes_executor.py took 0.114 seconds
[2026-07-22T13:12:19.656+0000] {processor.py:186} INFO - Started process (PID=718) to work on /home/airflow/.local/lib/python3.12/site-packages/airflow/example_dags/example_local_kubernetes_executor.py
[2026-07-22T13:12:19.659+0000] {processor.py:914} INFO - Processing file /home/airflow/.local/lib/python3.12/site-packages/airflow/example_dags/example_local_kubernetes_executor.py for tasks to queue
[2026-07-22T13:12:19.664+0000] {logging_mixin.py:190} INFO - [2026-07-22T13:12:19.663+0000] {dagbag.py:588} INFO - Filling up the DagBag from /home/airflow/.local/lib/python3.12/site-packages/airflow/example_dags/example_local_kubernetes_executor.py
[2026-07-22T13:12:19.688+0000] {processor.py:925} INFO - DAG(s) 'example_local_kubernetes_executor' retrieved from /home/airflow/.local/lib/python3.12/site-packages/airflow/example_dags/example_local_kubernetes_executor.py
[2026-07-22T13:12:19.722+0000] {logging_mixin.py:190} INFO - [2026-07-22T13:12:19.722+0000] {dag.py:3239} INFO - Sync 1 DAGs
[2026-07-22T13:12:19.747+0000] {logging_mixin.py:190} INFO - [2026-07-22T13:12:19.747+0000] {dag.py:4180} INFO - Setting next_dagrun for example_local_kubernetes_executor to None, run_after=None
[2026-07-22T13:12:19.785+0000] {processor.py:208} INFO - Processing /home/airflow/.local/lib/python3.12/site-packages/airflow/example_dags/example_local_kubernetes_executor.py took 0.139 seconds
[2026-07-22T13:12:50.838+0000] {processor.py:186} INFO - Started process (PID=773) to work on /home/airflow/.local/lib/python3.12/site-packages/airflow/example_dags/example_local_kubernetes_executor.py
[2026-07-22T13:12:50.843+0000] {processor.py:914} INFO - Processing file /home/airflow/.local/lib/python3.12/site-packages/airflow/example_dags/example_local_kubernetes_executor.py for tasks to queue
[2026-07-22T13:12:50.856+0000] {logging_mixin.py:190} INFO - [2026-07-22T13:12:50.855+0000] {dagbag.py:588} INFO - Filling up the DagBag from /home/airflow/.local/lib/python3.12/site-packages/airflow/example_dags/example_local_kubernetes_executor.py
[2026-07-22T13:12:50.905+0000] {processor.py:925} INFO - DAG(s) 'example_local_kubernetes_executor' retrieved from /home/airflow/.local/lib/python3.12/site-packages/airflow/example_dags/example_local_kubernetes_executor.py
[2026-07-22T13:12:50.984+0000] {logging_mixin.py:190} INFO - [2026-07-22T13:12:50.983+0000] {dag.py:3239} INFO - Sync 1 DAGs
[2026-07-22T13:12:51.043+0000] {logging_mixin.py:190} INFO - [2026-07-22T13:12:51.043+0000] {dag.py:4180} INFO - Setting next_dagrun for example_local_kubernetes_executor to None, run_after=None
[2026-07-22T13:12:51.127+0000] {processor.py:208} INFO - Processing /home/airflow/.local/lib/python3.12/site-packages/airflow/example_dags/example_local_kubernetes_executor.py took 0.325 seconds
[2026-07-22T13:13:24.277+0000] {processor.py:186} INFO - Started process (PID=834) to work on /home/airflow/.local/lib/python3.12/site-packages/airflow/example_dags/example_local_kubernetes_executor.py
[2026-07-22T13:13:24.282+0000] {processor.py:914} INFO - Processing file /home/airflow/.local/lib/python3.12/site-packages/airflow/example_dags/example_local_kubernetes_executor.py for tasks to queue
[2026-07-22T13:13:24.294+0000] {logging_mixin.py:190} INFO - [2026-07-22T13:13:24.293+0000] {dagbag.py:588} INFO - Filling up the DagBag from /home/airflow/.local/lib/python3.12/site-packages/airflow/example_dags/example_local_kubernetes_executor.py
[2026-07-22T13:13:24.330+0000] {processor.py:925} INFO - DAG(s) 'example_local_kubernetes_executor' retrieved from /home/airflow/.local/lib/python3.12/site-packages/airflow/example_dags/example_local_kubernetes_executor.py
[2026-07-22T13:13:24.405+0000] {logging_mixin.py:190} INFO - [2026-07-22T13:13:24.404+0000] {dag.py:3239} INFO - Sync 1 DAGs
[2026-07-22T13:13:24.459+0000] {logging_mixin.py:190} INFO - [2026-07-22T13:13:24.459+0000] {dag.py:4180} INFO - Setting next_dagrun for example_local_kubernetes_executor to None, run_after=None
[2026-07-22T13:13:24.503+0000] {processor.py:208} INFO - Processing /home/airflow/.local/lib/python3.12/site-packages/airflow/example_dags/example_local_kubernetes_executor.py took 0.257 seconds
[2026-07-22T13:13:54.622+0000] {processor.py:186} INFO - Started process (PID=897) to work on /home/airflow/.local/lib/python3.12/site-packages/airflow/example_dags/example_local_kubernetes_executor.py
[2026-07-22T13:13:54.624+0000] {processor.py:914} INFO - Processing file /home/airflow/.local/lib/python3.12/site-packages/airflow/example_dags/example_local_kubernetes_executor.py for tasks to queue
[2026-07-22T13:13:54.629+0000] {logging_mixin.py:190} INFO - [2026-07-22T13:13:54.629+0000] {dagbag.py:588} INFO - Filling up the DagBag from /home/airflow/.local/lib/python3.12/site-packages/airflow/example_dags/example_local_kubernetes_executor.py
[2026-07-22T13:13:54.648+0000] {processor.py:925} INFO - DAG(s) 'example_local_kubernetes_executor' retrieved from /home/airflow/.local/lib/python3.12/site-packages/airflow/example_dags/example_local_kubernetes_executor.py
[2026-07-22T13:13:54.676+0000] {logging_mixin.py:190} INFO - [2026-07-22T13:13:54.675+0000] {dag.py:3239} INFO - Sync 1 DAGs
[2026-07-22T13:13:54.695+0000] {logging_mixin.py:190} INFO - [2026-07-22T13:13:54.694+0000] {dag.py:4180} INFO - Setting next_dagrun for example_local_kubernetes_executor to None, run_after=None
[2026-07-22T13:13:54.731+0000] {processor.py:208} INFO - Processing /home/airflow/.local/lib/python3.12/site-packages/airflow/example_dags/example_local_kubernetes_executor.py took 0.119 seconds
[2026-07-22T13:14:25.707+0000] {processor.py:186} INFO - Started process (PID=954) to work on /home/airflow/.local/lib/python3.12/site-packages/airflow/example_dags/example_local_kubernetes_executor.py
[2026-07-22T13:14:25.709+0000] {processor.py:914} INFO - Processing file /home/airflow/.local/lib/python3.12/site-packages/airflow/example_dags/example_local_kubernetes_executor.py for tasks to queue
[2026-07-22T13:14:25.715+0000] {logging_mixin.py:190} INFO - [2026-07-22T13:14:25.714+0000] {dagbag.py:588} INFO - Filling up the DagBag from /home/airflow/.local/lib/python3.12/site-packages/airflow/example_dags/example_local_kubernetes_executor.py
[2026-07-22T13:14:25.744+0000] {processor.py:925} INFO - DAG(s) 'example_local_kubernetes_executor' retrieved from /home/airflow/.local/lib/python3.12/site-packages/airflow/example_dags/example_local_kubernetes_executor.py
[2026-07-22T13:14:25.796+0000] {logging_mixin.py:190} INFO - [2026-07-22T13:14:25.796+0000] {dag.py:3239} INFO - Sync 1 DAGs
[2026-07-22T13:14:25.831+0000] {logging_mixin.py:190} INFO - [2026-07-22T13:14:25.831+0000] {dag.py:4180} INFO - Setting next_dagrun for example_local_kubernetes_executor to None, run_after=None
[2026-07-22T13:14:25.874+0000] {processor.py:208} INFO - Processing /home/airflow/.local/lib/python3.12/site-packages/airflow/example_dags/example_local_kubernetes_executor.py took 0.181 seconds
[2026-07-22T13:14:57.918+0000] {processor.py:186} INFO - Started process (PID=1017) to work on /home/airflow/.local/lib/python3.12/site-packages/airflow/example_dags/example_local_kubernetes_executor.py
[2026-07-22T13:14:57.923+0000] {processor.py:914} INFO - Processing file /home/airflow/.local/lib/python3.12/site-packages/airflow/example_dags/example_local_kubernetes_executor.py for tasks to queue
[2026-07-22T13:14:57.928+0000] {logging_mixin.py:190} INFO - [2026-07-22T13:14:57.927+0000] {dagbag.py:588} INFO - Filling up the DagBag from /home/airflow/.local/lib/python3.12/site-packages/airflow/example_dags/example_local_kubernetes_executor.py
[2026-07-22T13:14:57.955+0000] {processor.py:925} INFO - DAG(s) 'example_local_kubernetes_executor' retrieved from /home/airflow/.local/lib/python3.12/site-packages/airflow/example_dags/example_local_kubernetes_executor.py
[2026-07-22T13:14:58.027+0000] {logging_mixin.py:190} INFO - [2026-07-22T13:14:58.027+0000] {dag.py:3239} INFO - Sync 1 DAGs
[2026-07-22T13:14:58.075+0000] {logging_mixin.py:190} INFO - [2026-07-22T13:14:58.075+0000] {dag.py:4180} INFO - Setting next_dagrun for example_local_kubernetes_executor to None, run_after=None
[2026-07-22T13:14:58.134+0000] {processor.py:208} INFO - Processing /home/airflow/.local/lib/python3.12/site-packages/airflow/example_dags/example_local_kubernetes_executor.py took 0.227 seconds
[2026-07-22T13:15:30.504+0000] {processor.py:186} INFO - Started process (PID=1075) to work on /home/airflow/.local/lib/python3.12/site-packages/airflow/example_dags/example_local_kubernetes_executor.py
[2026-07-22T13:15:30.508+0000] {processor.py:914} INFO - Processing file /home/airflow/.local/lib/python3.12/site-packages/airflow/example_dags/example_local_kubernetes_executor.py for tasks to queue
[2026-07-22T13:15:30.514+0000] {logging_mixin.py:190} INFO - [2026-07-22T13:15:30.513+0000] {dagbag.py:588} INFO - Filling up the DagBag from /home/airflow/.local/lib/python3.12/site-packages/airflow/example_dags/example_local_kubernetes_executor.py
[2026-07-22T13:15:30.541+0000] {processor.py:925} INFO - DAG(s) 'example_local_kubernetes_executor' retrieved from /home/airflow/.local/lib/python3.12/site-packages/airflow/example_dags/example_local_kubernetes_executor.py
[2026-07-22T13:15:30.592+0000] {logging_mixin.py:190} INFO - [2026-07-22T13:15:30.591+0000] {dag.py:3239} INFO - Sync 1 DAGs
[2026-07-22T13:15:30.631+0000] {logging_mixin.py:190} INFO - [2026-07-22T13:15:30.631+0000] {dag.py:4180} INFO - Setting next_dagrun for example_local_kubernetes_executor to None, run_after=None
[2026-07-22T13:15:30.684+0000] {processor.py:208} INFO - Processing /home/airflow/.local/lib/python3.12/site-packages/airflow/example_dags/example_local_kubernetes_executor.py took 0.197 seconds
[2026-07-22T13:16:02.378+0000] {processor.py:186} INFO - Started process (PID=1138) to work on /home/airflow/.local/lib/python3.12/site-packages/airflow/example_dags/example_local_kubernetes_executor.py
[2026-07-22T13:16:02.392+0000] {processor.py:914} INFO - Processing file /home/airflow/.local/lib/python3.12/site-packages/airflow/example_dags/example_local_kubernetes_executor.py for tasks to queue
[2026-07-22T13:16:02.402+0000] {logging_mixin.py:190} INFO - [2026-07-22T13:16:02.401+0000] {dagbag.py:588} INFO - Filling up the DagBag from /home/airflow/.local/lib/python3.12/site-packages/airflow/example_dags/example_local_kubernetes_executor.py
[2026-07-22T13:16:02.450+0000] {processor.py:925} INFO - DAG(s) 'example_local_kubernetes_executor' retrieved from /home/airflow/.local/lib/python3.12/site-packages/airflow/example_dags/example_local_kubernetes_executor.py
[2026-07-22T13:16:02.510+0000] {logging_mixin.py:190} INFO - [2026-07-22T13:16:02.509+0000] {dag.py:3239} INFO - Sync 1 DAGs
[2026-07-22T13:16:02.550+0000] {logging_mixin.py:190} INFO - [2026-07-22T13:16:02.550+0000] {dag.py:4180} INFO - Setting next_dagrun for example_local_kubernetes_executor to None, run_after=None
[2026-07-22T13:16:02.594+0000] {processor.py:208} INFO - Processing /home/airflow/.local/lib/python3.12/site-packages/airflow/example_dags/example_local_kubernetes_executor.py took 0.234 seconds
[2026-07-22T13:16:32.697+0000] {processor.py:186} INFO - Started process (PID=1200) to work on /home/airflow/.local/lib/python3.12/site-packages/airflow/example_dags/example_local_kubernetes_executor.py
[2026-07-22T13:16:32.700+0000] {processor.py:914} INFO - Processing file /home/airflow/.local/lib/python3.12/site-packages/airflow/example_dags/example_local_kubernetes_executor.py for tasks to queue
[2026-07-22T13:16:32.707+0000] {logging_mixin.py:190} INFO - [2026-07-22T13:16:32.706+0000] {dagbag.py:588} INFO - Filling up the DagBag from /home/airflow/.local/lib/python3.12/site-packages/airflow/example_dags/example_local_kubernetes_executor.py
[2026-07-22T13:16:32.731+0000] {processor.py:925} INFO - DAG(s) 'example_local_kubernetes_executor' retrieved from /home/airflow/.local/lib/python3.12/site-packages/airflow/example_dags/example_local_kubernetes_executor.py
[2026-07-22T13:16:32.798+0000] {logging_mixin.py:190} INFO - [2026-07-22T13:16:32.798+0000] {dag.py:3239} INFO - Sync 1 DAGs
[2026-07-22T13:16:32.843+0000] {logging_mixin.py:190} INFO - [2026-07-22T13:16:32.842+0000] {dag.py:4180} INFO - Setting next_dagrun for example_local_kubernetes_executor to None, run_after=None
[2026-07-22T13:16:32.894+0000] {processor.py:208} INFO - Processing /home/airflow/.local/lib/python3.12/site-packages/airflow/example_dags/example_local_kubernetes_executor.py took 0.215 seconds
[2026-07-22T13:17:03.167+0000] {processor.py:186} INFO - Started process (PID=1262) to work on /home/airflow/.local/lib/python3.12/site-packages/airflow/example_dags/example_local_kubernetes_executor.py
[2026-07-22T13:17:03.171+0000] {processor.py:914} INFO - Processing file /home/airflow/.local/lib/python3.12/site-packages/airflow/example_dags/example_local_kubernetes_executor.py for tasks to queue
[2026-07-22T13:17:03.182+0000] {logging_mixin.py:190} INFO - [2026-07-22T13:17:03.181+0000] {dagbag.py:588} INFO - Filling up the DagBag from /home/airflow/.local/lib/python3.12/site-packages/airflow/example_dags/example_local_kubernetes_executor.py
[2026-07-22T13:17:03.246+0000] {processor.py:925} INFO - DAG(s) 'example_local_kubernetes_executor' retrieved from /home/airflow/.local/lib/python3.12/site-packages/airflow/example_dags/example_local_kubernetes_executor.py
[2026-07-22T13:17:03.354+0000] {logging_mixin.py:190} INFO - [2026-07-22T13:17:03.354+0000] {dag.py:3239} INFO - Sync 1 DAGs
[2026-07-22T13:17:03.420+0000] {logging_mixin.py:190} INFO - [2026-07-22T13:17:03.420+0000] {dag.py:4180} INFO - Setting next_dagrun for example_local_kubernetes_executor to None, run_after=None
[2026-07-22T13:17:03.511+0000] {processor.py:208} INFO - Processing /home/airflow/.local/lib/python3.12/site-packages/airflow/example_dags/example_local_kubernetes_executor.py took 0.381 seconds
[2026-07-22T13:17:34.186+0000] {processor.py:186} INFO - Started process (PID=1325) to work on /home/airflow/.local/lib/python3.12/site-packages/airflow/example_dags/example_local_kubernetes_executor.py
[2026-07-22T13:17:34.192+0000] {processor.py:914} INFO - Processing file /home/airflow/.local/lib/python3.12/site-packages/airflow/example_dags/example_local_kubernetes_executor.py for tasks to queue
[2026-07-22T13:17:34.202+0000] {logging_mixin.py:190} INFO - [2026-07-22T13:17:34.201+0000] {dagbag.py:588} INFO - Filling up the DagBag from /home/airflow/.local/lib/python3.12/site-packages/airflow/example_dags/example_local_kubernetes_executor.py
[2026-07-22T13:17:34.249+0000] {processor.py:925} INFO - DAG(s) 'example_local_kubernetes_executor' retrieved from /home/airflow/.local/lib/python3.12/site-packages/airflow/example_dags/example_local_kubernetes_executor.py
[2026-07-22T13:17:34.339+0000] {logging_mixin.py:190} INFO - [2026-07-22T13:17:34.339+0000] {dag.py:3239} INFO - Sync 1 DAGs
[2026-07-22T13:17:34.430+0000] {logging_mixin.py:190} INFO - [2026-07-22T13:17:34.429+0000] {dag.py:4180} INFO - Setting next_dagrun for example_local_kubernetes_executor to None, run_after=None
[2026-07-22T13:17:34.500+0000] {processor.py:208} INFO - Processing /home/airflow/.local/lib/python3.12/site-packages/airflow/example_dags/example_local_kubernetes_executor.py took 0.342 seconds
