[2026-07-22T13:07:27.970+0000] {processor.py:186} INFO - Started process (PID=109) to work on /home/airflow/.local/lib/python3.12/site-packages/airflow/example_dags/example_sensor_decorator.py
[2026-07-22T13:07:27.972+0000] {processor.py:914} INFO - Processing file /home/airflow/.local/lib/python3.12/site-packages/airflow/example_dags/example_sensor_decorator.py for tasks to queue
[2026-07-22T13:07:27.978+0000] {logging_mixin.py:190} INFO - [2026-07-22T13:07:27.978+0000] {dagbag.py:588} INFO - Filling up the DagBag from /home/airflow/.local/lib/python3.12/site-packages/airflow/example_dags/example_sensor_decorator.py
[2026-07-22T13:07:28.001+0000] {processor.py:925} INFO - DAG(s) 'example_sensor_decorator' retrieved from /home/airflow/.local/lib/python3.12/site-packages/airflow/example_dags/example_sensor_decorator.py
[2026-07-22T13:07:28.199+0000] {logging_mixin.py:190} INFO - [2026-07-22T13:07:28.198+0000] {override.py:1912} INFO - Created Permission View: can read on DAG:example_sensor_decorator
[2026-07-22T13:07:28.220+0000] {logging_mixin.py:190} INFO - [2026-07-22T13:07:28.219+0000] {override.py:1912} INFO - Created Permission View: can edit on DAG:example_sensor_decorator
[2026-07-22T13:07:28.237+0000] {logging_mixin.py:190} INFO - [2026-07-22T13:07:28.236+0000] {override.py:1912} INFO - Created Permission View: can delete on DAG:example_sensor_decorator
[2026-07-22T13:07:28.254+0000] {logging_mixin.py:190} INFO - [2026-07-22T13:07:28.253+0000] {override.py:1912} INFO - Created Permission View: can read on DAG Run:example_sensor_decorator
[2026-07-22T13:07:28.269+0000] {logging_mixin.py:190} INFO - [2026-07-22T13:07:28.269+0000] {override.py:1912} INFO - Created Permission View: menu access on DAG Run:example_sensor_decorator
[2026-07-22T13:07:28.285+0000] {logging_mixin.py:190} INFO - [2026-07-22T13:07:28.285+0000] {override.py:1912} INFO - Created Permission View: can create on DAG Run:example_sensor_decorator
[2026-07-22T13:07:28.300+0000] {logging_mixin.py:190} INFO - [2026-07-22T13:07:28.299+0000] {override.py:1912} INFO - Created Permission View: can delete on DAG Run:example_sensor_decorator
[2026-07-22T13:07:28.302+0000] {logging_mixin.py:190} INFO - [2026-07-22T13:07:28.301+0000] {dag.py:3239} INFO - Sync 1 DAGs
[2026-07-22T13:07:28.327+0000] {logging_mixin.py:190} INFO - [2026-07-22T13:07:28.327+0000] {dag.py:3262} INFO - Creating ORM DAG for example_sensor_decorator
[2026-07-22T13:07:28.330+0000] {logging_mixin.py:190} INFO - [2026-07-22T13:07:28.329+0000] {dag.py:4180} INFO - Setting next_dagrun for example_sensor_decorator to None, run_after=None
[2026-07-22T13:07:28.362+0000] {processor.py:208} INFO - Processing /home/airflow/.local/lib/python3.12/site-packages/airflow/example_dags/example_sensor_decorator.py took 0.406 seconds
[2026-07-22T13:07:59.386+0000] {processor.py:186} INFO - Started process (PID=172) to work on /home/airflow/.local/lib/python3.12/site-packages/airflow/example_dags/example_sensor_decorator.py
[2026-07-22T13:07:59.390+0000] {processor.py:914} INFO - Processing file /home/airflow/.local/lib/python3.12/site-packages/airflow/example_dags/example_sensor_decorator.py for tasks to queue
[2026-07-22T13:07:59.398+0000] {logging_mixin.py:190} INFO - [2026-07-22T13:07:59.398+0000] {dagbag.py:588} INFO - Filling up the DagBag from /home/airflow/.local/lib/python3.12/site-packages/airflow/example_dags/example_sensor_decorator.py
[2026-07-22T13:07:59.421+0000] {processor.py:925} INFO - DAG(s) 'example_sensor_decorator' retrieved from /home/airflow/.local/lib/python3.12/site-packages/airflow/example_dags/example_sensor_decorator.py
[2026-07-22T13:07:59.486+0000] {logging_mixin.py:190} INFO - [2026-07-22T13:07:59.485+0000] {dag.py:3239} INFO - Sync 1 DAGs
[2026-07-22T13:07:59.523+0000] {logging_mixin.py:190} INFO - [2026-07-22T13:07:59.523+0000] {dag.py:4180} INFO - Setting next_dagrun for example_sensor_decorator to None, run_after=None
[2026-07-22T13:07:59.584+0000] {processor.py:208} INFO - Processing /home/airflow/.local/lib/python3.12/site-packages/airflow/example_dags/example_sensor_decorator.py took 0.214 seconds
[2026-07-22T13:08:33.702+0000] {processor.py:186} INFO - Started process (PID=236) to work on /home/airflow/.local/lib/python3.12/site-packages/airflow/example_dags/example_sensor_decorator.py
[2026-07-22T13:08:33.706+0000] {processor.py:914} INFO - Processing file /home/airflow/.local/lib/python3.12/site-packages/airflow/example_dags/example_sensor_decorator.py for tasks to queue
[2026-07-22T13:08:33.717+0000] {logging_mixin.py:190} INFO - [2026-07-22T13:08:33.715+0000] {dagbag.py:588} INFO - Filling up the DagBag from /home/airflow/.local/lib/python3.12/site-packages/airflow/example_dags/example_sensor_decorator.py
[2026-07-22T13:08:33.767+0000] {processor.py:925} INFO - DAG(s) 'example_sensor_decorator' retrieved from /home/airflow/.local/lib/python3.12/site-packages/airflow/example_dags/example_sensor_decorator.py
[2026-07-22T13:08:33.875+0000] {logging_mixin.py:190} INFO - [2026-07-22T13:08:33.873+0000] {dag.py:3239} INFO - Sync 1 DAGs
[2026-07-22T13:08:34.028+0000] {logging_mixin.py:190} INFO - [2026-07-22T13:08:34.027+0000] {dag.py:4180} INFO - Setting next_dagrun for example_sensor_decorator to None, run_after=None
[2026-07-22T13:08:34.185+0000] {processor.py:208} INFO - Processing /home/airflow/.local/lib/python3.12/site-packages/airflow/example_dags/example_sensor_decorator.py took 0.514 seconds
[2026-07-22T13:09:04.552+0000] {processor.py:186} INFO - Started process (PID=299) to work on /home/airflow/.local/lib/python3.12/site-packages/airflow/example_dags/example_sensor_decorator.py
[2026-07-22T13:09:04.554+0000] {processor.py:914} INFO - Processing file /home/airflow/.local/lib/python3.12/site-packages/airflow/example_dags/example_sensor_decorator.py for tasks to queue
[2026-07-22T13:09:04.560+0000] {logging_mixin.py:190} INFO - [2026-07-22T13:09:04.559+0000] {dagbag.py:588} INFO - Filling up the DagBag from /home/airflow/.local/lib/python3.12/site-packages/airflow/example_dags/example_sensor_decorator.py
[2026-07-22T13:09:04.574+0000] {processor.py:925} INFO - DAG(s) 'example_sensor_decorator' retrieved from /home/airflow/.local/lib/python3.12/site-packages/airflow/example_dags/example_sensor_decorator.py
[2026-07-22T13:09:04.607+0000] {logging_mixin.py:190} INFO - [2026-07-22T13:09:04.606+0000] {dag.py:3239} INFO - Sync 1 DAGs
[2026-07-22T13:09:04.628+0000] {logging_mixin.py:190} INFO - [2026-07-22T13:09:04.628+0000] {dag.py:4180} INFO - Setting next_dagrun for example_sensor_decorator to None, run_after=None
[2026-07-22T13:09:04.658+0000] {processor.py:208} INFO - Processing /home/airflow/.local/lib/python3.12/site-packages/airflow/example_dags/example_sensor_decorator.py took 0.117 seconds
[2026-07-22T13:09:35.678+0000] {processor.py:186} INFO - Started process (PID=363) to work on /home/airflow/.local/lib/python3.12/site-packages/airflow/example_dags/example_sensor_decorator.py
[2026-07-22T13:09:35.680+0000] {processor.py:914} INFO - Processing file /home/airflow/.local/lib/python3.12/site-packages/airflow/example_dags/example_sensor_decorator.py for tasks to queue
[2026-07-22T13:09:35.684+0000] {logging_mixin.py:190} INFO - [2026-07-22T13:09:35.683+0000] {dagbag.py:588} INFO - Filling up the DagBag from /home/airflow/.local/lib/python3.12/site-packages/airflow/example_dags/example_sensor_decorator.py
[2026-07-22T13:09:35.698+0000] {processor.py:925} INFO - DAG(s) 'example_sensor_decorator' retrieved from /home/airflow/.local/lib/python3.12/site-packages/airflow/example_dags/example_sensor_decorator.py
[2026-07-22T13:09:35.731+0000] {logging_mixin.py:190} INFO - [2026-07-22T13:09:35.730+0000] {dag.py:3239} INFO - Sync 1 DAGs
[2026-07-22T13:09:35.752+0000] {logging_mixin.py:190} INFO - [2026-07-22T13:09:35.751+0000] {dag.py:4180} INFO - Setting next_dagrun for example_sensor_decorator to None, run_after=None
[2026-07-22T13:09:35.784+0000] {processor.py:208} INFO - Processing /home/airflow/.local/lib/python3.12/site-packages/airflow/example_dags/example_sensor_decorator.py took 0.114 seconds
[2026-07-22T13:10:06.239+0000] {processor.py:186} INFO - Started process (PID=425) to work on /home/airflow/.local/lib/python3.12/site-packages/airflow/example_dags/example_sensor_decorator.py
[2026-07-22T13:10:06.241+0000] {processor.py:914} INFO - Processing file /home/airflow/.local/lib/python3.12/site-packages/airflow/example_dags/example_sensor_decorator.py for tasks to queue
[2026-07-22T13:10:06.247+0000] {logging_mixin.py:190} INFO - [2026-07-22T13:10:06.246+0000] {dagbag.py:588} INFO - Filling up the DagBag from /home/airflow/.local/lib/python3.12/site-packages/airflow/example_dags/example_sensor_decorator.py
[2026-07-22T13:10:06.268+0000] {processor.py:925} INFO - DAG(s) 'example_sensor_decorator' retrieved from /home/airflow/.local/lib/python3.12/site-packages/airflow/example_dags/example_sensor_decorator.py
[2026-07-22T13:10:06.306+0000] {logging_mixin.py:190} INFO - [2026-07-22T13:10:06.306+0000] {dag.py:3239} INFO - Sync 1 DAGs
[2026-07-22T13:10:06.343+0000] {logging_mixin.py:190} INFO - [2026-07-22T13:10:06.342+0000] {dag.py:4180} INFO - Setting next_dagrun for example_sensor_decorator to None, run_after=None
[2026-07-22T13:10:06.390+0000] {processor.py:208} INFO - Processing /home/airflow/.local/lib/python3.12/site-packages/airflow/example_dags/example_sensor_decorator.py took 0.162 seconds
[2026-07-22T13:10:36.485+0000] {processor.py:186} INFO - Started process (PID=487) to work on /home/airflow/.local/lib/python3.12/site-packages/airflow/example_dags/example_sensor_decorator.py
[2026-07-22T13:10:36.488+0000] {processor.py:914} INFO - Processing file /home/airflow/.local/lib/python3.12/site-packages/airflow/example_dags/example_sensor_decorator.py for tasks to queue
[2026-07-22T13:10:36.492+0000] {logging_mixin.py:190} INFO - [2026-07-22T13:10:36.492+0000] {dagbag.py:588} INFO - Filling up the DagBag from /home/airflow/.local/lib/python3.12/site-packages/airflow/example_dags/example_sensor_decorator.py
[2026-07-22T13:10:36.507+0000] {processor.py:925} INFO - DAG(s) 'example_sensor_decorator' retrieved from /home/airflow/.local/lib/python3.12/site-packages/airflow/example_dags/example_sensor_decorator.py
[2026-07-22T13:10:36.542+0000] {logging_mixin.py:190} INFO - [2026-07-22T13:10:36.542+0000] {dag.py:3239} INFO - Sync 1 DAGs
[2026-07-22T13:10:36.565+0000] {logging_mixin.py:190} INFO - [2026-07-22T13:10:36.564+0000] {dag.py:4180} INFO - Setting next_dagrun for example_sensor_decorator to None, run_after=None
[2026-07-22T13:10:36.597+0000] {processor.py:208} INFO - Processing /home/airflow/.local/lib/python3.12/site-packages/airflow/example_dags/example_sensor_decorator.py took 0.122 seconds
[2026-07-22T13:11:06.918+0000] {processor.py:186} INFO - Started process (PID=550) to work on /home/airflow/.local/lib/python3.12/site-packages/airflow/example_dags/example_sensor_decorator.py
[2026-07-22T13:11:06.922+0000] {processor.py:914} INFO - Processing file /home/airflow/.local/lib/python3.12/site-packages/airflow/example_dags/example_sensor_decorator.py for tasks to queue
[2026-07-22T13:11:06.929+0000] {logging_mixin.py:190} INFO - [2026-07-22T13:11:06.928+0000] {dagbag.py:588} INFO - Filling up the DagBag from /home/airflow/.local/lib/python3.12/site-packages/airflow/example_dags/example_sensor_decorator.py
[2026-07-22T13:11:06.952+0000] {processor.py:925} INFO - DAG(s) 'example_sensor_decorator' retrieved from /home/airflow/.local/lib/python3.12/site-packages/airflow/example_dags/example_sensor_decorator.py
[2026-07-22T13:11:06.991+0000] {logging_mixin.py:190} INFO - [2026-07-22T13:11:06.991+0000] {dag.py:3239} INFO - Sync 1 DAGs
[2026-07-22T13:11:07.028+0000] {logging_mixin.py:190} INFO - [2026-07-22T13:11:07.028+0000] {dag.py:4180} INFO - Setting next_dagrun for example_sensor_decorator to None, run_after=None
[2026-07-22T13:11:07.078+0000] {processor.py:208} INFO - Processing /home/airflow/.local/lib/python3.12/site-packages/airflow/example_dags/example_sensor_decorator.py took 0.174 seconds
[2026-07-22T13:11:37.307+0000] {processor.py:186} INFO - Started process (PID=613) to work on /home/airflow/.local/lib/python3.12/site-packages/airflow/example_dags/example_sensor_decorator.py
[2026-07-22T13:11:37.311+0000] {processor.py:914} INFO - Processing file /home/airflow/.local/lib/python3.12/site-packages/airflow/example_dags/example_sensor_decorator.py for tasks to queue
[2026-07-22T13:11:37.322+0000] {logging_mixin.py:190} INFO - [2026-07-22T13:11:37.321+0000] {dagbag.py:588} INFO - Filling up the DagBag from /home/airflow/.local/lib/python3.12/site-packages/airflow/example_dags/example_sensor_decorator.py
[2026-07-22T13:11:37.352+0000] {processor.py:925} INFO - DAG(s) 'example_sensor_decorator' retrieved from /home/airflow/.local/lib/python3.12/site-packages/airflow/example_dags/example_sensor_decorator.py
[2026-07-22T13:11:37.404+0000] {logging_mixin.py:190} INFO - [2026-07-22T13:11:37.404+0000] {dag.py:3239} INFO - Sync 1 DAGs
[2026-07-22T13:11:37.444+0000] {logging_mixin.py:190} INFO - [2026-07-22T13:11:37.443+0000] {dag.py:4180} INFO - Setting next_dagrun for example_sensor_decorator to None, run_after=None
[2026-07-22T13:11:37.497+0000] {processor.py:208} INFO - Processing /home/airflow/.local/lib/python3.12/site-packages/airflow/example_dags/example_sensor_decorator.py took 0.205 seconds
[2026-07-22T13:12:07.728+0000] {processor.py:186} INFO - Started process (PID=676) to work on /home/airflow/.local/lib/python3.12/site-packages/airflow/example_dags/example_sensor_decorator.py
[2026-07-22T13:12:07.732+0000] {processor.py:914} INFO - Processing file /home/airflow/.local/lib/python3.12/site-packages/airflow/example_dags/example_sensor_decorator.py for tasks to queue
[2026-07-22T13:12:07.740+0000] {logging_mixin.py:190} INFO - [2026-07-22T13:12:07.739+0000] {dagbag.py:588} INFO - Filling up the DagBag from /home/airflow/.local/lib/python3.12/site-packages/airflow/example_dags/example_sensor_decorator.py
[2026-07-22T13:12:07.768+0000] {processor.py:925} INFO - DAG(s) 'example_sensor_decorator' retrieved from /home/airflow/.local/lib/python3.12/site-packages/airflow/example_dags/example_sensor_decorator.py
[2026-07-22T13:12:07.842+0000] {logging_mixin.py:190} INFO - [2026-07-22T13:12:07.842+0000] {dag.py:3239} INFO - Sync 1 DAGs
[2026-07-22T13:12:07.897+0000] {logging_mixin.py:190} INFO - [2026-07-22T13:12:07.897+0000] {dag.py:4180} INFO - Setting next_dagrun for example_sensor_decorator to None, run_after=None
[2026-07-22T13:12:07.978+0000] {processor.py:208} INFO - Processing /home/airflow/.local/lib/python3.12/site-packages/airflow/example_dags/example_sensor_decorator.py took 0.267 seconds
[2026-07-22T13:12:38.093+0000] {processor.py:186} INFO - Started process (PID=739) to work on /home/airflow/.local/lib/python3.12/site-packages/airflow/example_dags/example_sensor_decorator.py
[2026-07-22T13:12:38.095+0000] {processor.py:914} INFO - Processing file /home/airflow/.local/lib/python3.12/site-packages/airflow/example_dags/example_sensor_decorator.py for tasks to queue
[2026-07-22T13:12:38.099+0000] {logging_mixin.py:190} INFO - [2026-07-22T13:12:38.098+0000] {dagbag.py:588} INFO - Filling up the DagBag from /home/airflow/.local/lib/python3.12/site-packages/airflow/example_dags/example_sensor_decorator.py
[2026-07-22T13:12:38.110+0000] {processor.py:925} INFO - DAG(s) 'example_sensor_decorator' retrieved from /home/airflow/.local/lib/python3.12/site-packages/airflow/example_dags/example_sensor_decorator.py
[2026-07-22T13:12:38.143+0000] {logging_mixin.py:190} INFO - [2026-07-22T13:12:38.142+0000] {dag.py:3239} INFO - Sync 1 DAGs
[2026-07-22T13:12:38.164+0000] {logging_mixin.py:190} INFO - [2026-07-22T13:12:38.164+0000] {dag.py:4180} INFO - Setting next_dagrun for example_sensor_decorator to None, run_after=None
[2026-07-22T13:12:38.197+0000] {processor.py:208} INFO - Processing /home/airflow/.local/lib/python3.12/site-packages/airflow/example_dags/example_sensor_decorator.py took 0.111 seconds
[2026-07-22T13:13:08.727+0000] {processor.py:186} INFO - Started process (PID=802) to work on /home/airflow/.local/lib/python3.12/site-packages/airflow/example_dags/example_sensor_decorator.py
[2026-07-22T13:13:08.730+0000] {processor.py:914} INFO - Processing file /home/airflow/.local/lib/python3.12/site-packages/airflow/example_dags/example_sensor_decorator.py for tasks to queue
[2026-07-22T13:13:08.734+0000] {logging_mixin.py:190} INFO - [2026-07-22T13:13:08.733+0000] {dagbag.py:588} INFO - Filling up the DagBag from /home/airflow/.local/lib/python3.12/site-packages/airflow/example_dags/example_sensor_decorator.py
[2026-07-22T13:13:08.747+0000] {processor.py:925} INFO - DAG(s) 'example_sensor_decorator' retrieved from /home/airflow/.local/lib/python3.12/site-packages/airflow/example_dags/example_sensor_decorator.py
[2026-07-22T13:13:08.779+0000] {logging_mixin.py:190} INFO - [2026-07-22T13:13:08.779+0000] {dag.py:3239} INFO - Sync 1 DAGs
[2026-07-22T13:13:08.799+0000] {logging_mixin.py:190} INFO - [2026-07-22T13:13:08.799+0000] {dag.py:4180} INFO - Setting next_dagrun for example_sensor_decorator to None, run_after=None
[2026-07-22T13:13:08.834+0000] {processor.py:208} INFO - Processing /home/airflow/.local/lib/python3.12/site-packages/airflow/example_dags/example_sensor_decorator.py took 0.114 seconds
[2026-07-22T13:13:38.947+0000] {processor.py:186} INFO - Started process (PID=864) to work on /home/airflow/.local/lib/python3.12/site-packages/airflow/example_dags/example_sensor_decorator.py
[2026-07-22T13:13:38.948+0000] {processor.py:914} INFO - Processing file /home/airflow/.local/lib/python3.12/site-packages/airflow/example_dags/example_sensor_decorator.py for tasks to queue
[2026-07-22T13:13:38.953+0000] {logging_mixin.py:190} INFO - [2026-07-22T13:13:38.952+0000] {dagbag.py:588} INFO - Filling up the DagBag from /home/airflow/.local/lib/python3.12/site-packages/airflow/example_dags/example_sensor_decorator.py
[2026-07-22T13:13:38.963+0000] {processor.py:925} INFO - DAG(s) 'example_sensor_decorator' retrieved from /home/airflow/.local/lib/python3.12/site-packages/airflow/example_dags/example_sensor_decorator.py
[2026-07-22T13:13:38.988+0000] {logging_mixin.py:190} INFO - [2026-07-22T13:13:38.987+0000] {dag.py:3239} INFO - Sync 1 DAGs
[2026-07-22T13:13:39.005+0000] {logging_mixin.py:190} INFO - [2026-07-22T13:13:39.004+0000] {dag.py:4180} INFO - Setting next_dagrun for example_sensor_decorator to None, run_after=None
[2026-07-22T13:13:39.035+0000] {processor.py:208} INFO - Processing /home/airflow/.local/lib/python3.12/site-packages/airflow/example_dags/example_sensor_decorator.py took 0.095 seconds
[2026-07-22T13:14:09.405+0000] {processor.py:186} INFO - Started process (PID=927) to work on /home/airflow/.local/lib/python3.12/site-packages/airflow/example_dags/example_sensor_decorator.py
[2026-07-22T13:14:09.409+0000] {processor.py:914} INFO - Processing file /home/airflow/.local/lib/python3.12/site-packages/airflow/example_dags/example_sensor_decorator.py for tasks to queue
[2026-07-22T13:14:09.415+0000] {logging_mixin.py:190} INFO - [2026-07-22T13:14:09.414+0000] {dagbag.py:588} INFO - Filling up the DagBag from /home/airflow/.local/lib/python3.12/site-packages/airflow/example_dags/example_sensor_decorator.py
[2026-07-22T13:14:09.442+0000] {processor.py:925} INFO - DAG(s) 'example_sensor_decorator' retrieved from /home/airflow/.local/lib/python3.12/site-packages/airflow/example_dags/example_sensor_decorator.py
[2026-07-22T13:14:09.531+0000] {logging_mixin.py:190} INFO - [2026-07-22T13:14:09.530+0000] {dag.py:3239} INFO - Sync 1 DAGs
[2026-07-22T13:14:09.578+0000] {logging_mixin.py:190} INFO - [2026-07-22T13:14:09.577+0000] {dag.py:4180} INFO - Setting next_dagrun for example_sensor_decorator to None, run_after=None
[2026-07-22T13:14:09.634+0000] {processor.py:208} INFO - Processing /home/airflow/.local/lib/python3.12/site-packages/airflow/example_dags/example_sensor_decorator.py took 0.245 seconds
[2026-07-22T13:14:39.840+0000] {processor.py:186} INFO - Started process (PID=990) to work on /home/airflow/.local/lib/python3.12/site-packages/airflow/example_dags/example_sensor_decorator.py
[2026-07-22T13:14:39.842+0000] {processor.py:914} INFO - Processing file /home/airflow/.local/lib/python3.12/site-packages/airflow/example_dags/example_sensor_decorator.py for tasks to queue
[2026-07-22T13:14:39.845+0000] {logging_mixin.py:190} INFO - [2026-07-22T13:14:39.845+0000] {dagbag.py:588} INFO - Filling up the DagBag from /home/airflow/.local/lib/python3.12/site-packages/airflow/example_dags/example_sensor_decorator.py
[2026-07-22T13:14:39.858+0000] {processor.py:925} INFO - DAG(s) 'example_sensor_decorator' retrieved from /home/airflow/.local/lib/python3.12/site-packages/airflow/example_dags/example_sensor_decorator.py
[2026-07-22T13:14:39.885+0000] {logging_mixin.py:190} INFO - [2026-07-22T13:14:39.885+0000] {dag.py:3239} INFO - Sync 1 DAGs
[2026-07-22T13:14:39.908+0000] {logging_mixin.py:190} INFO - [2026-07-22T13:14:39.907+0000] {dag.py:4180} INFO - Setting next_dagrun for example_sensor_decorator to None, run_after=None
[2026-07-22T13:14:39.943+0000] {processor.py:208} INFO - Processing /home/airflow/.local/lib/python3.12/site-packages/airflow/example_dags/example_sensor_decorator.py took 0.111 seconds
[2026-07-22T13:15:10.320+0000] {processor.py:186} INFO - Started process (PID=1053) to work on /home/airflow/.local/lib/python3.12/site-packages/airflow/example_dags/example_sensor_decorator.py
[2026-07-22T13:15:10.324+0000] {processor.py:914} INFO - Processing file /home/airflow/.local/lib/python3.12/site-packages/airflow/example_dags/example_sensor_decorator.py for tasks to queue
[2026-07-22T13:15:10.330+0000] {logging_mixin.py:190} INFO - [2026-07-22T13:15:10.329+0000] {dagbag.py:588} INFO - Filling up the DagBag from /home/airflow/.local/lib/python3.12/site-packages/airflow/example_dags/example_sensor_decorator.py
[2026-07-22T13:15:10.349+0000] {processor.py:925} INFO - DAG(s) 'example_sensor_decorator' retrieved from /home/airflow/.local/lib/python3.12/site-packages/airflow/example_dags/example_sensor_decorator.py
[2026-07-22T13:15:10.397+0000] {logging_mixin.py:190} INFO - [2026-07-22T13:15:10.397+0000] {dag.py:3239} INFO - Sync 1 DAGs
[2026-07-22T13:15:10.429+0000] {logging_mixin.py:190} INFO - [2026-07-22T13:15:10.428+0000] {dag.py:4180} INFO - Setting next_dagrun for example_sensor_decorator to None, run_after=None
[2026-07-22T13:15:10.471+0000] {processor.py:208} INFO - Processing /home/airflow/.local/lib/python3.12/site-packages/airflow/example_dags/example_sensor_decorator.py took 0.162 seconds
[2026-07-22T13:15:41.073+0000] {processor.py:186} INFO - Started process (PID=1117) to work on /home/airflow/.local/lib/python3.12/site-packages/airflow/example_dags/example_sensor_decorator.py
[2026-07-22T13:15:41.078+0000] {processor.py:914} INFO - Processing file /home/airflow/.local/lib/python3.12/site-packages/airflow/example_dags/example_sensor_decorator.py for tasks to queue
[2026-07-22T13:15:41.089+0000] {logging_mixin.py:190} INFO - [2026-07-22T13:15:41.088+0000] {dagbag.py:588} INFO - Filling up the DagBag from /home/airflow/.local/lib/python3.12/site-packages/airflow/example_dags/example_sensor_decorator.py
[2026-07-22T13:15:41.127+0000] {processor.py:925} INFO - DAG(s) 'example_sensor_decorator' retrieved from /home/airflow/.local/lib/python3.12/site-packages/airflow/example_dags/example_sensor_decorator.py
[2026-07-22T13:15:41.212+0000] {logging_mixin.py:190} INFO - [2026-07-22T13:15:41.211+0000] {dag.py:3239} INFO - Sync 1 DAGs
[2026-07-22T13:15:41.264+0000] {logging_mixin.py:190} INFO - [2026-07-22T13:15:41.263+0000] {dag.py:4180} INFO - Setting next_dagrun for example_sensor_decorator to None, run_after=None
[2026-07-22T13:15:41.333+0000] {processor.py:208} INFO - Processing /home/airflow/.local/lib/python3.12/site-packages/airflow/example_dags/example_sensor_decorator.py took 0.282 seconds
[2026-07-22T13:16:15.073+0000] {processor.py:186} INFO - Started process (PID=1180) to work on /home/airflow/.local/lib/python3.12/site-packages/airflow/example_dags/example_sensor_decorator.py
[2026-07-22T13:16:15.077+0000] {processor.py:914} INFO - Processing file /home/airflow/.local/lib/python3.12/site-packages/airflow/example_dags/example_sensor_decorator.py for tasks to queue
[2026-07-22T13:16:15.086+0000] {logging_mixin.py:190} INFO - [2026-07-22T13:16:15.085+0000] {dagbag.py:588} INFO - Filling up the DagBag from /home/airflow/.local/lib/python3.12/site-packages/airflow/example_dags/example_sensor_decorator.py
[2026-07-22T13:16:15.110+0000] {processor.py:925} INFO - DAG(s) 'example_sensor_decorator' retrieved from /home/airflow/.local/lib/python3.12/site-packages/airflow/example_dags/example_sensor_decorator.py
[2026-07-22T13:16:15.153+0000] {logging_mixin.py:190} INFO - [2026-07-22T13:16:15.152+0000] {dag.py:3239} INFO - Sync 1 DAGs
[2026-07-22T13:16:15.184+0000] {logging_mixin.py:190} INFO - [2026-07-22T13:16:15.184+0000] {dag.py:4180} INFO - Setting next_dagrun for example_sensor_decorator to None, run_after=None
[2026-07-22T13:16:15.228+0000] {processor.py:208} INFO - Processing /home/airflow/.local/lib/python3.12/site-packages/airflow/example_dags/example_sensor_decorator.py took 0.172 seconds
[2026-07-22T13:16:46.971+0000] {processor.py:186} INFO - Started process (PID=1243) to work on /home/airflow/.local/lib/python3.12/site-packages/airflow/example_dags/example_sensor_decorator.py
[2026-07-22T13:16:46.977+0000] {processor.py:914} INFO - Processing file /home/airflow/.local/lib/python3.12/site-packages/airflow/example_dags/example_sensor_decorator.py for tasks to queue
[2026-07-22T13:16:46.985+0000] {logging_mixin.py:190} INFO - [2026-07-22T13:16:46.984+0000] {dagbag.py:588} INFO - Filling up the DagBag from /home/airflow/.local/lib/python3.12/site-packages/airflow/example_dags/example_sensor_decorator.py
[2026-07-22T13:16:47.012+0000] {processor.py:925} INFO - DAG(s) 'example_sensor_decorator' retrieved from /home/airflow/.local/lib/python3.12/site-packages/airflow/example_dags/example_sensor_decorator.py
[2026-07-22T13:16:47.069+0000] {logging_mixin.py:190} INFO - [2026-07-22T13:16:47.068+0000] {dag.py:3239} INFO - Sync 1 DAGs
[2026-07-22T13:16:47.116+0000] {logging_mixin.py:190} INFO - [2026-07-22T13:16:47.115+0000] {dag.py:4180} INFO - Setting next_dagrun for example_sensor_decorator to None, run_after=None
[2026-07-22T13:16:47.171+0000] {processor.py:208} INFO - Processing /home/airflow/.local/lib/python3.12/site-packages/airflow/example_dags/example_sensor_decorator.py took 0.217 seconds
[2026-07-22T13:17:20.867+0000] {processor.py:186} INFO - Started process (PID=1305) to work on /home/airflow/.local/lib/python3.12/site-packages/airflow/example_dags/example_sensor_decorator.py
[2026-07-22T13:17:20.872+0000] {processor.py:914} INFO - Processing file /home/airflow/.local/lib/python3.12/site-packages/airflow/example_dags/example_sensor_decorator.py for tasks to queue
[2026-07-22T13:17:20.885+0000] {logging_mixin.py:190} INFO - [2026-07-22T13:17:20.884+0000] {dagbag.py:588} INFO - Filling up the DagBag from /home/airflow/.local/lib/python3.12/site-packages/airflow/example_dags/example_sensor_decorator.py
[2026-07-22T13:17:20.924+0000] {processor.py:925} INFO - DAG(s) 'example_sensor_decorator' retrieved from /home/airflow/.local/lib/python3.12/site-packages/airflow/example_dags/example_sensor_decorator.py
[2026-07-22T13:17:21.059+0000] {logging_mixin.py:190} INFO - [2026-07-22T13:17:21.057+0000] {dag.py:3239} INFO - Sync 1 DAGs
[2026-07-22T13:17:21.132+0000] {logging_mixin.py:190} INFO - [2026-07-22T13:17:21.132+0000] {dag.py:4180} INFO - Setting next_dagrun for example_sensor_decorator to None, run_after=None
[2026-07-22T13:17:21.258+0000] {processor.py:208} INFO - Processing /home/airflow/.local/lib/python3.12/site-packages/airflow/example_dags/example_sensor_decorator.py took 0.421 seconds
