[2026-07-22T13:07:30.209+0000] {processor.py:186} INFO - Started process (PID=116) to work on /home/airflow/.local/lib/python3.12/site-packages/airflow/example_dags/example_dataset_alias.py
[2026-07-22T13:07:30.212+0000] {processor.py:914} INFO - Processing file /home/airflow/.local/lib/python3.12/site-packages/airflow/example_dags/example_dataset_alias.py for tasks to queue
[2026-07-22T13:07:30.217+0000] {logging_mixin.py:190} INFO - [2026-07-22T13:07:30.216+0000] {dagbag.py:588} INFO - Filling up the DagBag from /home/airflow/.local/lib/python3.12/site-packages/airflow/example_dags/example_dataset_alias.py
[2026-07-22T13:07:31.865+0000] {processor.py:925} INFO - DAG(s) 'dataset_alias_example_alias_consumer', 'dataset_s3_bucket_producer', 'dataset_s3_bucket_consumer', 'dataset_alias_example_alias_producer' retrieved from /home/airflow/.local/lib/python3.12/site-packages/airflow/example_dags/example_dataset_alias.py
[2026-07-22T13:07:32.079+0000] {logging_mixin.py:190} INFO - [2026-07-22T13:07:32.077+0000] {override.py:1912} INFO - Created Permission View: can read on DAG:dataset_alias_example_alias_consumer
[2026-07-22T13:07:32.111+0000] {logging_mixin.py:190} INFO - [2026-07-22T13:07:32.111+0000] {override.py:1912} INFO - Created Permission View: can edit on DAG:dataset_alias_example_alias_consumer
[2026-07-22T13:07:32.128+0000] {logging_mixin.py:190} INFO - [2026-07-22T13:07:32.128+0000] {override.py:1912} INFO - Created Permission View: can delete on DAG:dataset_alias_example_alias_consumer
[2026-07-22T13:07:32.146+0000] {logging_mixin.py:190} INFO - [2026-07-22T13:07:32.145+0000] {override.py:1912} INFO - Created Permission View: can read on DAG Run:dataset_alias_example_alias_consumer
[2026-07-22T13:07:32.160+0000] {logging_mixin.py:190} INFO - [2026-07-22T13:07:32.160+0000] {override.py:1912} INFO - Created Permission View: menu access on DAG Run:dataset_alias_example_alias_consumer
[2026-07-22T13:07:32.176+0000] {logging_mixin.py:190} INFO - [2026-07-22T13:07:32.175+0000] {override.py:1912} INFO - Created Permission View: can create on DAG Run:dataset_alias_example_alias_consumer
[2026-07-22T13:07:32.191+0000] {logging_mixin.py:190} INFO - [2026-07-22T13:07:32.190+0000] {override.py:1912} INFO - Created Permission View: can delete on DAG Run:dataset_alias_example_alias_consumer
[2026-07-22T13:07:32.218+0000] {logging_mixin.py:190} INFO - [2026-07-22T13:07:32.218+0000] {override.py:1912} INFO - Created Permission View: can read on DAG:dataset_s3_bucket_producer
[2026-07-22T13:07:32.234+0000] {logging_mixin.py:190} INFO - [2026-07-22T13:07:32.234+0000] {override.py:1912} INFO - Created Permission View: can edit on DAG:dataset_s3_bucket_producer
[2026-07-22T13:07:32.251+0000] {logging_mixin.py:190} INFO - [2026-07-22T13:07:32.250+0000] {override.py:1912} INFO - Created Permission View: can delete on DAG:dataset_s3_bucket_producer
[2026-07-22T13:07:32.268+0000] {logging_mixin.py:190} INFO - [2026-07-22T13:07:32.268+0000] {override.py:1912} INFO - Created Permission View: can read on DAG Run:dataset_s3_bucket_producer
[2026-07-22T13:07:32.286+0000] {logging_mixin.py:190} INFO - [2026-07-22T13:07:32.286+0000] {override.py:1912} INFO - Created Permission View: menu access on DAG Run:dataset_s3_bucket_producer
[2026-07-22T13:07:32.303+0000] {logging_mixin.py:190} INFO - [2026-07-22T13:07:32.302+0000] {override.py:1912} INFO - Created Permission View: can create on DAG Run:dataset_s3_bucket_producer
[2026-07-22T13:07:32.320+0000] {logging_mixin.py:190} INFO - [2026-07-22T13:07:32.320+0000] {override.py:1912} INFO - Created Permission View: can delete on DAG Run:dataset_s3_bucket_producer
[2026-07-22T13:07:32.353+0000] {logging_mixin.py:190} INFO - [2026-07-22T13:07:32.353+0000] {override.py:1912} INFO - Created Permission View: can read on DAG:dataset_s3_bucket_consumer
[2026-07-22T13:07:32.369+0000] {logging_mixin.py:190} INFO - [2026-07-22T13:07:32.368+0000] {override.py:1912} INFO - Created Permission View: can edit on DAG:dataset_s3_bucket_consumer
[2026-07-22T13:07:32.386+0000] {logging_mixin.py:190} INFO - [2026-07-22T13:07:32.385+0000] {override.py:1912} INFO - Created Permission View: can delete on DAG:dataset_s3_bucket_consumer
[2026-07-22T13:07:32.408+0000] {logging_mixin.py:190} INFO - [2026-07-22T13:07:32.407+0000] {override.py:1912} INFO - Created Permission View: can read on DAG Run:dataset_s3_bucket_consumer
[2026-07-22T13:07:32.425+0000] {logging_mixin.py:190} INFO - [2026-07-22T13:07:32.425+0000] {override.py:1912} INFO - Created Permission View: menu access on DAG Run:dataset_s3_bucket_consumer
[2026-07-22T13:07:32.442+0000] {logging_mixin.py:190} INFO - [2026-07-22T13:07:32.441+0000] {override.py:1912} INFO - Created Permission View: can create on DAG Run:dataset_s3_bucket_consumer
[2026-07-22T13:07:32.459+0000] {logging_mixin.py:190} INFO - [2026-07-22T13:07:32.458+0000] {override.py:1912} INFO - Created Permission View: can delete on DAG Run:dataset_s3_bucket_consumer
[2026-07-22T13:07:32.488+0000] {logging_mixin.py:190} INFO - [2026-07-22T13:07:32.488+0000] {override.py:1912} INFO - Created Permission View: can read on DAG:dataset_alias_example_alias_producer
[2026-07-22T13:07:32.506+0000] {logging_mixin.py:190} INFO - [2026-07-22T13:07:32.506+0000] {override.py:1912} INFO - Created Permission View: can edit on DAG:dataset_alias_example_alias_producer
[2026-07-22T13:07:32.525+0000] {logging_mixin.py:190} INFO - [2026-07-22T13:07:32.524+0000] {override.py:1912} INFO - Created Permission View: can delete on DAG:dataset_alias_example_alias_producer
[2026-07-22T13:07:32.547+0000] {logging_mixin.py:190} INFO - [2026-07-22T13:07:32.546+0000] {override.py:1912} INFO - Created Permission View: can read on DAG Run:dataset_alias_example_alias_producer
[2026-07-22T13:07:32.565+0000] {logging_mixin.py:190} INFO - [2026-07-22T13:07:32.565+0000] {override.py:1912} INFO - Created Permission View: menu access on DAG Run:dataset_alias_example_alias_producer
[2026-07-22T13:07:32.588+0000] {logging_mixin.py:190} INFO - [2026-07-22T13:07:32.587+0000] {override.py:1912} INFO - Created Permission View: can create on DAG Run:dataset_alias_example_alias_producer
[2026-07-22T13:07:32.611+0000] {logging_mixin.py:190} INFO - [2026-07-22T13:07:32.609+0000] {override.py:1912} INFO - Created Permission View: can delete on DAG Run:dataset_alias_example_alias_producer
[2026-07-22T13:07:32.616+0000] {logging_mixin.py:190} INFO - [2026-07-22T13:07:32.614+0000] {dag.py:3239} INFO - Sync 4 DAGs
[2026-07-22T13:07:32.663+0000] {logging_mixin.py:190} INFO - [2026-07-22T13:07:32.662+0000] {dag.py:3262} INFO - Creating ORM DAG for dataset_alias_example_alias_producer
[2026-07-22T13:07:32.667+0000] {logging_mixin.py:190} INFO - [2026-07-22T13:07:32.667+0000] {dag.py:3262} INFO - Creating ORM DAG for dataset_s3_bucket_producer
[2026-07-22T13:07:32.672+0000] {logging_mixin.py:190} INFO - [2026-07-22T13:07:32.671+0000] {dag.py:3262} INFO - Creating ORM DAG for dataset_alias_example_alias_consumer
[2026-07-22T13:07:32.677+0000] {logging_mixin.py:190} INFO - [2026-07-22T13:07:32.676+0000] {dag.py:3262} INFO - Creating ORM DAG for dataset_s3_bucket_consumer
[2026-07-22T13:07:32.705+0000] {logging_mixin.py:190} INFO - [2026-07-22T13:07:32.705+0000] {dag.py:4180} INFO - Setting next_dagrun for dataset_alias_example_alias_consumer to None, run_after=None
[2026-07-22T13:07:32.709+0000] {logging_mixin.py:190} INFO - [2026-07-22T13:07:32.708+0000] {dag.py:4180} INFO - Setting next_dagrun for dataset_alias_example_alias_producer to None, run_after=None
[2026-07-22T13:07:32.712+0000] {logging_mixin.py:190} INFO - [2026-07-22T13:07:32.711+0000] {dag.py:4180} INFO - Setting next_dagrun for dataset_s3_bucket_consumer to None, run_after=None
[2026-07-22T13:07:32.715+0000] {logging_mixin.py:190} INFO - [2026-07-22T13:07:32.715+0000] {dag.py:4180} INFO - Setting next_dagrun for dataset_s3_bucket_producer to None, run_after=None
[2026-07-22T13:07:32.776+0000] {processor.py:208} INFO - Processing /home/airflow/.local/lib/python3.12/site-packages/airflow/example_dags/example_dataset_alias.py took 2.577 seconds
[2026-07-22T13:08:02.975+0000] {processor.py:186} INFO - Started process (PID=180) to work on /home/airflow/.local/lib/python3.12/site-packages/airflow/example_dags/example_dataset_alias.py
[2026-07-22T13:08:02.977+0000] {processor.py:914} INFO - Processing file /home/airflow/.local/lib/python3.12/site-packages/airflow/example_dags/example_dataset_alias.py for tasks to queue
[2026-07-22T13:08:02.982+0000] {logging_mixin.py:190} INFO - [2026-07-22T13:08:02.982+0000] {dagbag.py:588} INFO - Filling up the DagBag from /home/airflow/.local/lib/python3.12/site-packages/airflow/example_dags/example_dataset_alias.py
[2026-07-22T13:08:04.151+0000] {processor.py:925} INFO - DAG(s) 'dataset_alias_example_alias_producer', 'dataset_s3_bucket_producer', 'dataset_alias_example_alias_consumer', 'dataset_s3_bucket_consumer' retrieved from /home/airflow/.local/lib/python3.12/site-packages/airflow/example_dags/example_dataset_alias.py
[2026-07-22T13:08:04.180+0000] {logging_mixin.py:190} INFO - [2026-07-22T13:08:04.180+0000] {dag.py:3239} INFO - Sync 4 DAGs
[2026-07-22T13:08:04.214+0000] {logging_mixin.py:190} INFO - [2026-07-22T13:08:04.214+0000] {dag.py:4180} INFO - Setting next_dagrun for dataset_alias_example_alias_consumer to None, run_after=None
[2026-07-22T13:08:04.220+0000] {logging_mixin.py:190} INFO - [2026-07-22T13:08:04.220+0000] {dag.py:4180} INFO - Setting next_dagrun for dataset_alias_example_alias_producer to None, run_after=None
[2026-07-22T13:08:04.224+0000] {logging_mixin.py:190} INFO - [2026-07-22T13:08:04.224+0000] {dag.py:4180} INFO - Setting next_dagrun for dataset_s3_bucket_consumer to None, run_after=None
[2026-07-22T13:08:04.228+0000] {logging_mixin.py:190} INFO - [2026-07-22T13:08:04.227+0000] {dag.py:4180} INFO - Setting next_dagrun for dataset_s3_bucket_producer to None, run_after=None
[2026-07-22T13:08:04.262+0000] {processor.py:208} INFO - Processing /home/airflow/.local/lib/python3.12/site-packages/airflow/example_dags/example_dataset_alias.py took 1.296 seconds
[2026-07-22T13:08:35.507+0000] {processor.py:186} INFO - Started process (PID=243) to work on /home/airflow/.local/lib/python3.12/site-packages/airflow/example_dags/example_dataset_alias.py
[2026-07-22T13:08:35.511+0000] {processor.py:914} INFO - Processing file /home/airflow/.local/lib/python3.12/site-packages/airflow/example_dags/example_dataset_alias.py for tasks to queue
[2026-07-22T13:08:35.520+0000] {logging_mixin.py:190} INFO - [2026-07-22T13:08:35.519+0000] {dagbag.py:588} INFO - Filling up the DagBag from /home/airflow/.local/lib/python3.12/site-packages/airflow/example_dags/example_dataset_alias.py
[2026-07-22T13:08:36.861+0000] {processor.py:925} INFO - DAG(s) 'dataset_s3_bucket_consumer', 'dataset_alias_example_alias_consumer', 'dataset_s3_bucket_producer', 'dataset_alias_example_alias_producer' retrieved from /home/airflow/.local/lib/python3.12/site-packages/airflow/example_dags/example_dataset_alias.py
[2026-07-22T13:08:36.933+0000] {logging_mixin.py:190} INFO - [2026-07-22T13:08:36.932+0000] {dag.py:3239} INFO - Sync 4 DAGs
[2026-07-22T13:08:37.021+0000] {logging_mixin.py:190} INFO - [2026-07-22T13:08:37.020+0000] {dag.py:4180} INFO - Setting next_dagrun for dataset_alias_example_alias_consumer to None, run_after=None
[2026-07-22T13:08:37.032+0000] {logging_mixin.py:190} INFO - [2026-07-22T13:08:37.031+0000] {dag.py:4180} INFO - Setting next_dagrun for dataset_alias_example_alias_producer to None, run_after=None
[2026-07-22T13:08:37.038+0000] {logging_mixin.py:190} INFO - [2026-07-22T13:08:37.038+0000] {dag.py:4180} INFO - Setting next_dagrun for dataset_s3_bucket_consumer to None, run_after=None
[2026-07-22T13:08:37.044+0000] {logging_mixin.py:190} INFO - [2026-07-22T13:08:37.043+0000] {dag.py:4180} INFO - Setting next_dagrun for dataset_s3_bucket_producer to None, run_after=None
[2026-07-22T13:08:37.123+0000] {processor.py:208} INFO - Processing /home/airflow/.local/lib/python3.12/site-packages/airflow/example_dags/example_dataset_alias.py took 1.625 seconds
[2026-07-22T13:09:07.558+0000] {processor.py:186} INFO - Started process (PID=307) to work on /home/airflow/.local/lib/python3.12/site-packages/airflow/example_dags/example_dataset_alias.py
[2026-07-22T13:09:07.560+0000] {processor.py:914} INFO - Processing file /home/airflow/.local/lib/python3.12/site-packages/airflow/example_dags/example_dataset_alias.py for tasks to queue
[2026-07-22T13:09:07.565+0000] {logging_mixin.py:190} INFO - [2026-07-22T13:09:07.564+0000] {dagbag.py:588} INFO - Filling up the DagBag from /home/airflow/.local/lib/python3.12/site-packages/airflow/example_dags/example_dataset_alias.py
[2026-07-22T13:09:08.546+0000] {processor.py:925} INFO - DAG(s) 'dataset_alias_example_alias_consumer', 'dataset_s3_bucket_consumer', 'dataset_alias_example_alias_producer', 'dataset_s3_bucket_producer' retrieved from /home/airflow/.local/lib/python3.12/site-packages/airflow/example_dags/example_dataset_alias.py
[2026-07-22T13:09:08.583+0000] {logging_mixin.py:190} INFO - [2026-07-22T13:09:08.582+0000] {dag.py:3239} INFO - Sync 4 DAGs
[2026-07-22T13:09:08.616+0000] {logging_mixin.py:190} INFO - [2026-07-22T13:09:08.616+0000] {dag.py:4180} INFO - Setting next_dagrun for dataset_alias_example_alias_consumer to None, run_after=None
[2026-07-22T13:09:08.623+0000] {logging_mixin.py:190} INFO - [2026-07-22T13:09:08.622+0000] {dag.py:4180} INFO - Setting next_dagrun for dataset_alias_example_alias_producer to None, run_after=None
[2026-07-22T13:09:08.627+0000] {logging_mixin.py:190} INFO - [2026-07-22T13:09:08.627+0000] {dag.py:4180} INFO - Setting next_dagrun for dataset_s3_bucket_consumer to None, run_after=None
[2026-07-22T13:09:08.632+0000] {logging_mixin.py:190} INFO - [2026-07-22T13:09:08.632+0000] {dag.py:4180} INFO - Setting next_dagrun for dataset_s3_bucket_producer to None, run_after=None
[2026-07-22T13:09:08.672+0000] {processor.py:208} INFO - Processing /home/airflow/.local/lib/python3.12/site-packages/airflow/example_dags/example_dataset_alias.py took 1.121 seconds
[2026-07-22T13:09:38.898+0000] {processor.py:186} INFO - Started process (PID=376) to work on /home/airflow/.local/lib/python3.12/site-packages/airflow/example_dags/example_dataset_alias.py
[2026-07-22T13:09:38.901+0000] {processor.py:914} INFO - Processing file /home/airflow/.local/lib/python3.12/site-packages/airflow/example_dags/example_dataset_alias.py for tasks to queue
[2026-07-22T13:09:38.906+0000] {logging_mixin.py:190} INFO - [2026-07-22T13:09:38.905+0000] {dagbag.py:588} INFO - Filling up the DagBag from /home/airflow/.local/lib/python3.12/site-packages/airflow/example_dags/example_dataset_alias.py
[2026-07-22T13:09:39.616+0000] {processor.py:925} INFO - DAG(s) 'dataset_s3_bucket_consumer', 'dataset_s3_bucket_producer', 'dataset_alias_example_alias_producer', 'dataset_alias_example_alias_consumer' retrieved from /home/airflow/.local/lib/python3.12/site-packages/airflow/example_dags/example_dataset_alias.py
[2026-07-22T13:09:39.652+0000] {logging_mixin.py:190} INFO - [2026-07-22T13:09:39.651+0000] {dag.py:3239} INFO - Sync 4 DAGs
[2026-07-22T13:09:39.678+0000] {logging_mixin.py:190} INFO - [2026-07-22T13:09:39.678+0000] {dag.py:4180} INFO - Setting next_dagrun for dataset_alias_example_alias_consumer to None, run_after=None
[2026-07-22T13:09:39.683+0000] {logging_mixin.py:190} INFO - [2026-07-22T13:09:39.682+0000] {dag.py:4180} INFO - Setting next_dagrun for dataset_alias_example_alias_producer to None, run_after=None
[2026-07-22T13:09:39.686+0000] {logging_mixin.py:190} INFO - [2026-07-22T13:09:39.685+0000] {dag.py:4180} INFO - Setting next_dagrun for dataset_s3_bucket_consumer to None, run_after=None
[2026-07-22T13:09:39.688+0000] {logging_mixin.py:190} INFO - [2026-07-22T13:09:39.688+0000] {dag.py:4180} INFO - Setting next_dagrun for dataset_s3_bucket_producer to None, run_after=None
[2026-07-22T13:09:39.729+0000] {processor.py:208} INFO - Processing /home/airflow/.local/lib/python3.12/site-packages/airflow/example_dags/example_dataset_alias.py took 0.843 seconds
[2026-07-22T13:10:09.975+0000] {processor.py:186} INFO - Started process (PID=439) to work on /home/airflow/.local/lib/python3.12/site-packages/airflow/example_dags/example_dataset_alias.py
[2026-07-22T13:10:09.977+0000] {processor.py:914} INFO - Processing file /home/airflow/.local/lib/python3.12/site-packages/airflow/example_dags/example_dataset_alias.py for tasks to queue
[2026-07-22T13:10:09.982+0000] {logging_mixin.py:190} INFO - [2026-07-22T13:10:09.981+0000] {dagbag.py:588} INFO - Filling up the DagBag from /home/airflow/.local/lib/python3.12/site-packages/airflow/example_dags/example_dataset_alias.py
[2026-07-22T13:10:11.308+0000] {processor.py:925} INFO - DAG(s) 'dataset_alias_example_alias_consumer', 'dataset_s3_bucket_consumer', 'dataset_alias_example_alias_producer', 'dataset_s3_bucket_producer' retrieved from /home/airflow/.local/lib/python3.12/site-packages/airflow/example_dags/example_dataset_alias.py
[2026-07-22T13:10:11.350+0000] {logging_mixin.py:190} INFO - [2026-07-22T13:10:11.349+0000] {dag.py:3239} INFO - Sync 4 DAGs
[2026-07-22T13:10:11.389+0000] {logging_mixin.py:190} INFO - [2026-07-22T13:10:11.388+0000] {dag.py:4180} INFO - Setting next_dagrun for dataset_alias_example_alias_consumer to None, run_after=None
[2026-07-22T13:10:11.396+0000] {logging_mixin.py:190} INFO - [2026-07-22T13:10:11.395+0000] {dag.py:4180} INFO - Setting next_dagrun for dataset_alias_example_alias_producer to None, run_after=None
[2026-07-22T13:10:11.402+0000] {logging_mixin.py:190} INFO - [2026-07-22T13:10:11.401+0000] {dag.py:4180} INFO - Setting next_dagrun for dataset_s3_bucket_consumer to None, run_after=None
[2026-07-22T13:10:11.406+0000] {logging_mixin.py:190} INFO - [2026-07-22T13:10:11.405+0000] {dag.py:4180} INFO - Setting next_dagrun for dataset_s3_bucket_producer to None, run_after=None
[2026-07-22T13:10:11.471+0000] {processor.py:208} INFO - Processing /home/airflow/.local/lib/python3.12/site-packages/airflow/example_dags/example_dataset_alias.py took 1.504 seconds
[2026-07-22T13:10:41.961+0000] {processor.py:186} INFO - Started process (PID=504) to work on /home/airflow/.local/lib/python3.12/site-packages/airflow/example_dags/example_dataset_alias.py
[2026-07-22T13:10:41.964+0000] {processor.py:914} INFO - Processing file /home/airflow/.local/lib/python3.12/site-packages/airflow/example_dags/example_dataset_alias.py for tasks to queue
[2026-07-22T13:10:41.970+0000] {logging_mixin.py:190} INFO - [2026-07-22T13:10:41.969+0000] {dagbag.py:588} INFO - Filling up the DagBag from /home/airflow/.local/lib/python3.12/site-packages/airflow/example_dags/example_dataset_alias.py
[2026-07-22T13:10:42.888+0000] {processor.py:925} INFO - DAG(s) 'dataset_s3_bucket_producer', 'dataset_s3_bucket_consumer', 'dataset_alias_example_alias_producer', 'dataset_alias_example_alias_consumer' retrieved from /home/airflow/.local/lib/python3.12/site-packages/airflow/example_dags/example_dataset_alias.py
[2026-07-22T13:10:42.921+0000] {logging_mixin.py:190} INFO - [2026-07-22T13:10:42.920+0000] {dag.py:3239} INFO - Sync 4 DAGs
[2026-07-22T13:10:42.960+0000] {logging_mixin.py:190} INFO - [2026-07-22T13:10:42.959+0000] {dag.py:4180} INFO - Setting next_dagrun for dataset_alias_example_alias_consumer to None, run_after=None
[2026-07-22T13:10:42.965+0000] {logging_mixin.py:190} INFO - [2026-07-22T13:10:42.965+0000] {dag.py:4180} INFO - Setting next_dagrun for dataset_alias_example_alias_producer to None, run_after=None
[2026-07-22T13:10:42.970+0000] {logging_mixin.py:190} INFO - [2026-07-22T13:10:42.969+0000] {dag.py:4180} INFO - Setting next_dagrun for dataset_s3_bucket_consumer to None, run_after=None
[2026-07-22T13:10:42.973+0000] {logging_mixin.py:190} INFO - [2026-07-22T13:10:42.973+0000] {dag.py:4180} INFO - Setting next_dagrun for dataset_s3_bucket_producer to None, run_after=None
[2026-07-22T13:10:43.014+0000] {processor.py:208} INFO - Processing /home/airflow/.local/lib/python3.12/site-packages/airflow/example_dags/example_dataset_alias.py took 1.064 seconds
[2026-07-22T13:11:13.212+0000] {processor.py:186} INFO - Started process (PID=571) to work on /home/airflow/.local/lib/python3.12/site-packages/airflow/example_dags/example_dataset_alias.py
[2026-07-22T13:11:13.216+0000] {processor.py:914} INFO - Processing file /home/airflow/.local/lib/python3.12/site-packages/airflow/example_dags/example_dataset_alias.py for tasks to queue
[2026-07-22T13:11:13.226+0000] {logging_mixin.py:190} INFO - [2026-07-22T13:11:13.225+0000] {dagbag.py:588} INFO - Filling up the DagBag from /home/airflow/.local/lib/python3.12/site-packages/airflow/example_dags/example_dataset_alias.py
[2026-07-22T13:11:14.231+0000] {processor.py:925} INFO - DAG(s) 'dataset_s3_bucket_consumer', 'dataset_alias_example_alias_consumer', 'dataset_alias_example_alias_producer', 'dataset_s3_bucket_producer' retrieved from /home/airflow/.local/lib/python3.12/site-packages/airflow/example_dags/example_dataset_alias.py
[2026-07-22T13:11:14.291+0000] {logging_mixin.py:190} INFO - [2026-07-22T13:11:14.290+0000] {dag.py:3239} INFO - Sync 4 DAGs
[2026-07-22T13:11:14.348+0000] {logging_mixin.py:190} INFO - [2026-07-22T13:11:14.347+0000] {dag.py:4180} INFO - Setting next_dagrun for dataset_alias_example_alias_consumer to None, run_after=None
[2026-07-22T13:11:14.355+0000] {logging_mixin.py:190} INFO - [2026-07-22T13:11:14.354+0000] {dag.py:4180} INFO - Setting next_dagrun for dataset_alias_example_alias_producer to None, run_after=None
[2026-07-22T13:11:14.360+0000] {logging_mixin.py:190} INFO - [2026-07-22T13:11:14.359+0000] {dag.py:4180} INFO - Setting next_dagrun for dataset_s3_bucket_consumer to None, run_after=None
[2026-07-22T13:11:14.365+0000] {logging_mixin.py:190} INFO - [2026-07-22T13:11:14.365+0000] {dag.py:4180} INFO - Setting next_dagrun for dataset_s3_bucket_producer to None, run_after=None
[2026-07-22T13:11:14.423+0000] {processor.py:208} INFO - Processing /home/airflow/.local/lib/python3.12/site-packages/airflow/example_dags/example_dataset_alias.py took 1.222 seconds
[2026-07-22T13:11:44.579+0000] {processor.py:186} INFO - Started process (PID=635) to work on /home/airflow/.local/lib/python3.12/site-packages/airflow/example_dags/example_dataset_alias.py
[2026-07-22T13:11:44.582+0000] {processor.py:914} INFO - Processing file /home/airflow/.local/lib/python3.12/site-packages/airflow/example_dags/example_dataset_alias.py for tasks to queue
[2026-07-22T13:11:44.589+0000] {logging_mixin.py:190} INFO - [2026-07-22T13:11:44.588+0000] {dagbag.py:588} INFO - Filling up the DagBag from /home/airflow/.local/lib/python3.12/site-packages/airflow/example_dags/example_dataset_alias.py
[2026-07-22T13:11:45.664+0000] {processor.py:925} INFO - DAG(s) 'dataset_alias_example_alias_producer', 'dataset_alias_example_alias_consumer', 'dataset_s3_bucket_consumer', 'dataset_s3_bucket_producer' retrieved from /home/airflow/.local/lib/python3.12/site-packages/airflow/example_dags/example_dataset_alias.py
[2026-07-22T13:11:45.749+0000] {logging_mixin.py:190} INFO - [2026-07-22T13:11:45.748+0000] {dag.py:3239} INFO - Sync 4 DAGs
[2026-07-22T13:11:45.792+0000] {logging_mixin.py:190} INFO - [2026-07-22T13:11:45.791+0000] {dag.py:4180} INFO - Setting next_dagrun for dataset_alias_example_alias_consumer to None, run_after=None
[2026-07-22T13:11:45.798+0000] {logging_mixin.py:190} INFO - [2026-07-22T13:11:45.798+0000] {dag.py:4180} INFO - Setting next_dagrun for dataset_alias_example_alias_producer to None, run_after=None
[2026-07-22T13:11:45.805+0000] {logging_mixin.py:190} INFO - [2026-07-22T13:11:45.804+0000] {dag.py:4180} INFO - Setting next_dagrun for dataset_s3_bucket_consumer to None, run_after=None
[2026-07-22T13:11:45.811+0000] {logging_mixin.py:190} INFO - [2026-07-22T13:11:45.810+0000] {dag.py:4180} INFO - Setting next_dagrun for dataset_s3_bucket_producer to None, run_after=None
[2026-07-22T13:11:45.872+0000] {processor.py:208} INFO - Processing /home/airflow/.local/lib/python3.12/site-packages/airflow/example_dags/example_dataset_alias.py took 1.309 seconds
[2026-07-22T13:12:18.697+0000] {processor.py:186} INFO - Started process (PID=711) to work on /home/airflow/.local/lib/python3.12/site-packages/airflow/example_dags/example_dataset_alias.py
[2026-07-22T13:12:18.699+0000] {processor.py:914} INFO - Processing file /home/airflow/.local/lib/python3.12/site-packages/airflow/example_dags/example_dataset_alias.py for tasks to queue
[2026-07-22T13:12:18.709+0000] {logging_mixin.py:190} INFO - [2026-07-22T13:12:18.708+0000] {dagbag.py:588} INFO - Filling up the DagBag from /home/airflow/.local/lib/python3.12/site-packages/airflow/example_dags/example_dataset_alias.py
[2026-07-22T13:12:19.910+0000] {processor.py:925} INFO - DAG(s) 'dataset_alias_example_alias_consumer', 'dataset_s3_bucket_consumer', 'dataset_alias_example_alias_producer', 'dataset_s3_bucket_producer' retrieved from /home/airflow/.local/lib/python3.12/site-packages/airflow/example_dags/example_dataset_alias.py
[2026-07-22T13:12:19.948+0000] {logging_mixin.py:190} INFO - [2026-07-22T13:12:19.947+0000] {dag.py:3239} INFO - Sync 4 DAGs
[2026-07-22T13:12:19.991+0000] {logging_mixin.py:190} INFO - [2026-07-22T13:12:19.990+0000] {dag.py:4180} INFO - Setting next_dagrun for dataset_alias_example_alias_consumer to None, run_after=None
[2026-07-22T13:12:19.997+0000] {logging_mixin.py:190} INFO - [2026-07-22T13:12:19.996+0000] {dag.py:4180} INFO - Setting next_dagrun for dataset_alias_example_alias_producer to None, run_after=None
[2026-07-22T13:12:20.001+0000] {logging_mixin.py:190} INFO - [2026-07-22T13:12:20.000+0000] {dag.py:4180} INFO - Setting next_dagrun for dataset_s3_bucket_consumer to None, run_after=None
[2026-07-22T13:12:20.006+0000] {logging_mixin.py:190} INFO - [2026-07-22T13:12:20.006+0000] {dag.py:4180} INFO - Setting next_dagrun for dataset_s3_bucket_producer to None, run_after=None
[2026-07-22T13:12:20.065+0000] {processor.py:208} INFO - Processing /home/airflow/.local/lib/python3.12/site-packages/airflow/example_dags/example_dataset_alias.py took 1.383 seconds
[2026-07-22T13:12:52.684+0000] {processor.py:186} INFO - Started process (PID=786) to work on /home/airflow/.local/lib/python3.12/site-packages/airflow/example_dags/example_dataset_alias.py
[2026-07-22T13:12:52.688+0000] {processor.py:914} INFO - Processing file /home/airflow/.local/lib/python3.12/site-packages/airflow/example_dags/example_dataset_alias.py for tasks to queue
[2026-07-22T13:12:52.694+0000] {logging_mixin.py:190} INFO - [2026-07-22T13:12:52.693+0000] {dagbag.py:588} INFO - Filling up the DagBag from /home/airflow/.local/lib/python3.12/site-packages/airflow/example_dags/example_dataset_alias.py
[2026-07-22T13:12:53.744+0000] {processor.py:925} INFO - DAG(s) 'dataset_s3_bucket_producer', 'dataset_alias_example_alias_consumer', 'dataset_alias_example_alias_producer', 'dataset_s3_bucket_consumer' retrieved from /home/airflow/.local/lib/python3.12/site-packages/airflow/example_dags/example_dataset_alias.py
[2026-07-22T13:12:53.770+0000] {logging_mixin.py:190} INFO - [2026-07-22T13:12:53.769+0000] {dag.py:3239} INFO - Sync 4 DAGs
[2026-07-22T13:12:53.797+0000] {logging_mixin.py:190} INFO - [2026-07-22T13:12:53.797+0000] {dag.py:4180} INFO - Setting next_dagrun for dataset_alias_example_alias_consumer to None, run_after=None
[2026-07-22T13:12:53.802+0000] {logging_mixin.py:190} INFO - [2026-07-22T13:12:53.802+0000] {dag.py:4180} INFO - Setting next_dagrun for dataset_alias_example_alias_producer to None, run_after=None
[2026-07-22T13:12:53.806+0000] {logging_mixin.py:190} INFO - [2026-07-22T13:12:53.806+0000] {dag.py:4180} INFO - Setting next_dagrun for dataset_s3_bucket_consumer to None, run_after=None
[2026-07-22T13:12:53.808+0000] {logging_mixin.py:190} INFO - [2026-07-22T13:12:53.808+0000] {dag.py:4180} INFO - Setting next_dagrun for dataset_s3_bucket_producer to None, run_after=None
[2026-07-22T13:12:53.841+0000] {processor.py:208} INFO - Processing /home/airflow/.local/lib/python3.12/site-packages/airflow/example_dags/example_dataset_alias.py took 1.170 seconds
[2026-07-22T13:13:26.582+0000] {processor.py:186} INFO - Started process (PID=852) to work on /home/airflow/.local/lib/python3.12/site-packages/airflow/example_dags/example_dataset_alias.py
[2026-07-22T13:13:26.585+0000] {processor.py:914} INFO - Processing file /home/airflow/.local/lib/python3.12/site-packages/airflow/example_dags/example_dataset_alias.py for tasks to queue
[2026-07-22T13:13:26.592+0000] {logging_mixin.py:190} INFO - [2026-07-22T13:13:26.591+0000] {dagbag.py:588} INFO - Filling up the DagBag from /home/airflow/.local/lib/python3.12/site-packages/airflow/example_dags/example_dataset_alias.py
[2026-07-22T13:13:27.651+0000] {processor.py:925} INFO - DAG(s) 'dataset_alias_example_alias_consumer', 'dataset_s3_bucket_producer', 'dataset_s3_bucket_consumer', 'dataset_alias_example_alias_producer' retrieved from /home/airflow/.local/lib/python3.12/site-packages/airflow/example_dags/example_dataset_alias.py
[2026-07-22T13:13:27.688+0000] {logging_mixin.py:190} INFO - [2026-07-22T13:13:27.687+0000] {dag.py:3239} INFO - Sync 4 DAGs
[2026-07-22T13:13:27.729+0000] {logging_mixin.py:190} INFO - [2026-07-22T13:13:27.729+0000] {dag.py:4180} INFO - Setting next_dagrun for dataset_alias_example_alias_consumer to None, run_after=None
[2026-07-22T13:13:27.736+0000] {logging_mixin.py:190} INFO - [2026-07-22T13:13:27.736+0000] {dag.py:4180} INFO - Setting next_dagrun for dataset_alias_example_alias_producer to None, run_after=None
[2026-07-22T13:13:27.743+0000] {logging_mixin.py:190} INFO - [2026-07-22T13:13:27.742+0000] {dag.py:4180} INFO - Setting next_dagrun for dataset_s3_bucket_consumer to None, run_after=None
[2026-07-22T13:13:27.746+0000] {logging_mixin.py:190} INFO - [2026-07-22T13:13:27.746+0000] {dag.py:4180} INFO - Setting next_dagrun for dataset_s3_bucket_producer to None, run_after=None
[2026-07-22T13:13:27.789+0000] {processor.py:208} INFO - Processing /home/airflow/.local/lib/python3.12/site-packages/airflow/example_dags/example_dataset_alias.py took 1.221 seconds
[2026-07-22T13:13:58.007+0000] {processor.py:186} INFO - Started process (PID=917) to work on /home/airflow/.local/lib/python3.12/site-packages/airflow/example_dags/example_dataset_alias.py
[2026-07-22T13:13:58.009+0000] {processor.py:914} INFO - Processing file /home/airflow/.local/lib/python3.12/site-packages/airflow/example_dags/example_dataset_alias.py for tasks to queue
[2026-07-22T13:13:58.013+0000] {logging_mixin.py:190} INFO - [2026-07-22T13:13:58.012+0000] {dagbag.py:588} INFO - Filling up the DagBag from /home/airflow/.local/lib/python3.12/site-packages/airflow/example_dags/example_dataset_alias.py
[2026-07-22T13:13:58.892+0000] {processor.py:925} INFO - DAG(s) 'dataset_s3_bucket_consumer', 'dataset_alias_example_alias_consumer', 'dataset_alias_example_alias_producer', 'dataset_s3_bucket_producer' retrieved from /home/airflow/.local/lib/python3.12/site-packages/airflow/example_dags/example_dataset_alias.py
[2026-07-22T13:13:58.942+0000] {logging_mixin.py:190} INFO - [2026-07-22T13:13:58.941+0000] {dag.py:3239} INFO - Sync 4 DAGs
[2026-07-22T13:13:58.990+0000] {logging_mixin.py:190} INFO - [2026-07-22T13:13:58.990+0000] {dag.py:4180} INFO - Setting next_dagrun for dataset_alias_example_alias_consumer to None, run_after=None
[2026-07-22T13:13:58.996+0000] {logging_mixin.py:190} INFO - [2026-07-22T13:13:58.996+0000] {dag.py:4180} INFO - Setting next_dagrun for dataset_alias_example_alias_producer to None, run_after=None
[2026-07-22T13:13:59.001+0000] {logging_mixin.py:190} INFO - [2026-07-22T13:13:59.000+0000] {dag.py:4180} INFO - Setting next_dagrun for dataset_s3_bucket_consumer to None, run_after=None
[2026-07-22T13:13:59.006+0000] {logging_mixin.py:190} INFO - [2026-07-22T13:13:59.006+0000] {dag.py:4180} INFO - Setting next_dagrun for dataset_s3_bucket_producer to None, run_after=None
[2026-07-22T13:13:59.048+0000] {processor.py:208} INFO - Processing /home/airflow/.local/lib/python3.12/site-packages/airflow/example_dags/example_dataset_alias.py took 1.050 seconds
[2026-07-22T13:14:29.224+0000] {processor.py:186} INFO - Started process (PID=980) to work on /home/airflow/.local/lib/python3.12/site-packages/airflow/example_dags/example_dataset_alias.py
[2026-07-22T13:14:29.226+0000] {processor.py:914} INFO - Processing file /home/airflow/.local/lib/python3.12/site-packages/airflow/example_dags/example_dataset_alias.py for tasks to queue
[2026-07-22T13:14:29.231+0000] {logging_mixin.py:190} INFO - [2026-07-22T13:14:29.231+0000] {dagbag.py:588} INFO - Filling up the DagBag from /home/airflow/.local/lib/python3.12/site-packages/airflow/example_dags/example_dataset_alias.py
[2026-07-22T13:14:30.205+0000] {processor.py:925} INFO - DAG(s) 'dataset_alias_example_alias_producer', 'dataset_s3_bucket_producer', 'dataset_s3_bucket_consumer', 'dataset_alias_example_alias_consumer' retrieved from /home/airflow/.local/lib/python3.12/site-packages/airflow/example_dags/example_dataset_alias.py
[2026-07-22T13:14:30.247+0000] {logging_mixin.py:190} INFO - [2026-07-22T13:14:30.246+0000] {dag.py:3239} INFO - Sync 4 DAGs
[2026-07-22T13:14:30.283+0000] {logging_mixin.py:190} INFO - [2026-07-22T13:14:30.283+0000] {dag.py:4180} INFO - Setting next_dagrun for dataset_alias_example_alias_consumer to None, run_after=None
[2026-07-22T13:14:30.290+0000] {logging_mixin.py:190} INFO - [2026-07-22T13:14:30.289+0000] {dag.py:4180} INFO - Setting next_dagrun for dataset_alias_example_alias_producer to None, run_after=None
[2026-07-22T13:14:30.293+0000] {logging_mixin.py:190} INFO - [2026-07-22T13:14:30.293+0000] {dag.py:4180} INFO - Setting next_dagrun for dataset_s3_bucket_consumer to None, run_after=None
[2026-07-22T13:14:30.296+0000] {logging_mixin.py:190} INFO - [2026-07-22T13:14:30.296+0000] {dag.py:4180} INFO - Setting next_dagrun for dataset_s3_bucket_producer to None, run_after=None
[2026-07-22T13:14:30.344+0000] {processor.py:208} INFO - Processing /home/airflow/.local/lib/python3.12/site-packages/airflow/example_dags/example_dataset_alias.py took 1.130 seconds
[2026-07-22T13:15:02.188+0000] {processor.py:186} INFO - Started process (PID=1045) to work on /home/airflow/.local/lib/python3.12/site-packages/airflow/example_dags/example_dataset_alias.py
[2026-07-22T13:15:02.191+0000] {processor.py:914} INFO - Processing file /home/airflow/.local/lib/python3.12/site-packages/airflow/example_dags/example_dataset_alias.py for tasks to queue
[2026-07-22T13:15:02.198+0000] {logging_mixin.py:190} INFO - [2026-07-22T13:15:02.198+0000] {dagbag.py:588} INFO - Filling up the DagBag from /home/airflow/.local/lib/python3.12/site-packages/airflow/example_dags/example_dataset_alias.py
[2026-07-22T13:15:03.428+0000] {processor.py:925} INFO - DAG(s) 'dataset_alias_example_alias_producer', 'dataset_s3_bucket_consumer', 'dataset_alias_example_alias_consumer', 'dataset_s3_bucket_producer' retrieved from /home/airflow/.local/lib/python3.12/site-packages/airflow/example_dags/example_dataset_alias.py
[2026-07-22T13:15:03.493+0000] {logging_mixin.py:190} INFO - [2026-07-22T13:15:03.491+0000] {dag.py:3239} INFO - Sync 4 DAGs
[2026-07-22T13:15:03.537+0000] {logging_mixin.py:190} INFO - [2026-07-22T13:15:03.537+0000] {dag.py:4180} INFO - Setting next_dagrun for dataset_alias_example_alias_consumer to None, run_after=None
[2026-07-22T13:15:03.543+0000] {logging_mixin.py:190} INFO - [2026-07-22T13:15:03.543+0000] {dag.py:4180} INFO - Setting next_dagrun for dataset_alias_example_alias_producer to None, run_after=None
[2026-07-22T13:15:03.557+0000] {logging_mixin.py:190} INFO - [2026-07-22T13:15:03.554+0000] {dag.py:4180} INFO - Setting next_dagrun for dataset_s3_bucket_consumer to None, run_after=None
[2026-07-22T13:15:03.563+0000] {logging_mixin.py:190} INFO - [2026-07-22T13:15:03.562+0000] {dag.py:4180} INFO - Setting next_dagrun for dataset_s3_bucket_producer to None, run_after=None
[2026-07-22T13:15:03.649+0000] {processor.py:208} INFO - Processing /home/airflow/.local/lib/python3.12/site-packages/airflow/example_dags/example_dataset_alias.py took 1.477 seconds
[2026-07-22T13:15:36.832+0000] {processor.py:186} INFO - Started process (PID=1101) to work on /home/airflow/.local/lib/python3.12/site-packages/airflow/example_dags/example_dataset_alias.py
[2026-07-22T13:15:36.836+0000] {processor.py:914} INFO - Processing file /home/airflow/.local/lib/python3.12/site-packages/airflow/example_dags/example_dataset_alias.py for tasks to queue
[2026-07-22T13:15:36.846+0000] {logging_mixin.py:190} INFO - [2026-07-22T13:15:36.845+0000] {dagbag.py:588} INFO - Filling up the DagBag from /home/airflow/.local/lib/python3.12/site-packages/airflow/example_dags/example_dataset_alias.py
[2026-07-22T13:15:38.324+0000] {processor.py:925} INFO - DAG(s) 'dataset_s3_bucket_consumer', 'dataset_alias_example_alias_consumer', 'dataset_alias_example_alias_producer', 'dataset_s3_bucket_producer' retrieved from /home/airflow/.local/lib/python3.12/site-packages/airflow/example_dags/example_dataset_alias.py
[2026-07-22T13:15:38.389+0000] {logging_mixin.py:190} INFO - [2026-07-22T13:15:38.388+0000] {dag.py:3239} INFO - Sync 4 DAGs
[2026-07-22T13:15:38.465+0000] {logging_mixin.py:190} INFO - [2026-07-22T13:15:38.464+0000] {dag.py:4180} INFO - Setting next_dagrun for dataset_alias_example_alias_consumer to None, run_after=None
[2026-07-22T13:15:38.487+0000] {logging_mixin.py:190} INFO - [2026-07-22T13:15:38.487+0000] {dag.py:4180} INFO - Setting next_dagrun for dataset_alias_example_alias_producer to None, run_after=None
[2026-07-22T13:15:38.493+0000] {logging_mixin.py:190} INFO - [2026-07-22T13:15:38.493+0000] {dag.py:4180} INFO - Setting next_dagrun for dataset_s3_bucket_consumer to None, run_after=None
[2026-07-22T13:15:38.498+0000] {logging_mixin.py:190} INFO - [2026-07-22T13:15:38.497+0000] {dag.py:4180} INFO - Setting next_dagrun for dataset_s3_bucket_producer to None, run_after=None
[2026-07-22T13:15:38.571+0000] {processor.py:208} INFO - Processing /home/airflow/.local/lib/python3.12/site-packages/airflow/example_dags/example_dataset_alias.py took 1.758 seconds
[2026-07-22T13:16:13.309+0000] {processor.py:186} INFO - Started process (PID=1173) to work on /home/airflow/.local/lib/python3.12/site-packages/airflow/example_dags/example_dataset_alias.py
[2026-07-22T13:16:13.311+0000] {processor.py:914} INFO - Processing file /home/airflow/.local/lib/python3.12/site-packages/airflow/example_dags/example_dataset_alias.py for tasks to queue
[2026-07-22T13:16:13.316+0000] {logging_mixin.py:190} INFO - [2026-07-22T13:16:13.315+0000] {dagbag.py:588} INFO - Filling up the DagBag from /home/airflow/.local/lib/python3.12/site-packages/airflow/example_dags/example_dataset_alias.py
[2026-07-22T13:16:14.605+0000] {processor.py:925} INFO - DAG(s) 'dataset_alias_example_alias_producer', 'dataset_s3_bucket_producer', 'dataset_s3_bucket_consumer', 'dataset_alias_example_alias_consumer' retrieved from /home/airflow/.local/lib/python3.12/site-packages/airflow/example_dags/example_dataset_alias.py
[2026-07-22T13:16:14.663+0000] {logging_mixin.py:190} INFO - [2026-07-22T13:16:14.662+0000] {dag.py:3239} INFO - Sync 4 DAGs
[2026-07-22T13:16:14.734+0000] {logging_mixin.py:190} INFO - [2026-07-22T13:16:14.733+0000] {dag.py:4180} INFO - Setting next_dagrun for dataset_alias_example_alias_consumer to None, run_after=None
[2026-07-22T13:16:14.751+0000] {logging_mixin.py:190} INFO - [2026-07-22T13:16:14.749+0000] {dag.py:4180} INFO - Setting next_dagrun for dataset_alias_example_alias_producer to None, run_after=None
[2026-07-22T13:16:14.763+0000] {logging_mixin.py:190} INFO - [2026-07-22T13:16:14.763+0000] {dag.py:4180} INFO - Setting next_dagrun for dataset_s3_bucket_consumer to None, run_after=None
[2026-07-22T13:16:14.771+0000] {logging_mixin.py:190} INFO - [2026-07-22T13:16:14.771+0000] {dag.py:4180} INFO - Setting next_dagrun for dataset_s3_bucket_producer to None, run_after=None
[2026-07-22T13:16:14.866+0000] {processor.py:208} INFO - Processing /home/airflow/.local/lib/python3.12/site-packages/airflow/example_dags/example_dataset_alias.py took 1.566 seconds
[2026-07-22T13:16:45.317+0000] {processor.py:186} INFO - Started process (PID=1236) to work on /home/airflow/.local/lib/python3.12/site-packages/airflow/example_dags/example_dataset_alias.py
[2026-07-22T13:16:45.322+0000] {processor.py:914} INFO - Processing file /home/airflow/.local/lib/python3.12/site-packages/airflow/example_dags/example_dataset_alias.py for tasks to queue
[2026-07-22T13:16:45.335+0000] {logging_mixin.py:190} INFO - [2026-07-22T13:16:45.333+0000] {dagbag.py:588} INFO - Filling up the DagBag from /home/airflow/.local/lib/python3.12/site-packages/airflow/example_dags/example_dataset_alias.py
[2026-07-22T13:16:47.468+0000] {processor.py:925} INFO - DAG(s) 'dataset_alias_example_alias_consumer', 'dataset_s3_bucket_consumer', 'dataset_s3_bucket_producer', 'dataset_alias_example_alias_producer' retrieved from /home/airflow/.local/lib/python3.12/site-packages/airflow/example_dags/example_dataset_alias.py
[2026-07-22T13:16:47.554+0000] {logging_mixin.py:190} INFO - [2026-07-22T13:16:47.552+0000] {dag.py:3239} INFO - Sync 4 DAGs
[2026-07-22T13:16:47.647+0000] {logging_mixin.py:190} INFO - [2026-07-22T13:16:47.647+0000] {dag.py:4180} INFO - Setting next_dagrun for dataset_alias_example_alias_consumer to None, run_after=None
[2026-07-22T13:16:47.657+0000] {logging_mixin.py:190} INFO - [2026-07-22T13:16:47.656+0000] {dag.py:4180} INFO - Setting next_dagrun for dataset_alias_example_alias_producer to None, run_after=None
[2026-07-22T13:16:47.664+0000] {logging_mixin.py:190} INFO - [2026-07-22T13:16:47.663+0000] {dag.py:4180} INFO - Setting next_dagrun for dataset_s3_bucket_consumer to None, run_after=None
[2026-07-22T13:16:47.669+0000] {logging_mixin.py:190} INFO - [2026-07-22T13:16:47.669+0000] {dag.py:4180} INFO - Setting next_dagrun for dataset_s3_bucket_producer to None, run_after=None
[2026-07-22T13:16:47.758+0000] {processor.py:208} INFO - Processing /home/airflow/.local/lib/python3.12/site-packages/airflow/example_dags/example_dataset_alias.py took 2.474 seconds
[2026-07-22T13:17:22.827+0000] {processor.py:186} INFO - Started process (PID=1310) to work on /home/airflow/.local/lib/python3.12/site-packages/airflow/example_dags/example_dataset_alias.py
[2026-07-22T13:17:22.831+0000] {processor.py:914} INFO - Processing file /home/airflow/.local/lib/python3.12/site-packages/airflow/example_dags/example_dataset_alias.py for tasks to queue
[2026-07-22T13:17:22.843+0000] {logging_mixin.py:190} INFO - [2026-07-22T13:17:22.841+0000] {dagbag.py:588} INFO - Filling up the DagBag from /home/airflow/.local/lib/python3.12/site-packages/airflow/example_dags/example_dataset_alias.py
[2026-07-22T13:17:24.967+0000] {processor.py:925} INFO - DAG(s) 'dataset_alias_example_alias_consumer', 'dataset_s3_bucket_consumer', 'dataset_alias_example_alias_producer', 'dataset_s3_bucket_producer' retrieved from /home/airflow/.local/lib/python3.12/site-packages/airflow/example_dags/example_dataset_alias.py
[2026-07-22T13:17:25.042+0000] {logging_mixin.py:190} INFO - [2026-07-22T13:17:25.041+0000] {dag.py:3239} INFO - Sync 4 DAGs
[2026-07-22T13:17:25.143+0000] {logging_mixin.py:190} INFO - [2026-07-22T13:17:25.143+0000] {dag.py:4180} INFO - Setting next_dagrun for dataset_alias_example_alias_consumer to None, run_after=None
[2026-07-22T13:17:25.156+0000] {logging_mixin.py:190} INFO - [2026-07-22T13:17:25.155+0000] {dag.py:4180} INFO - Setting next_dagrun for dataset_alias_example_alias_producer to None, run_after=None
[2026-07-22T13:17:25.170+0000] {logging_mixin.py:190} INFO - [2026-07-22T13:17:25.168+0000] {dag.py:4180} INFO - Setting next_dagrun for dataset_s3_bucket_consumer to None, run_after=None
[2026-07-22T13:17:25.176+0000] {logging_mixin.py:190} INFO - [2026-07-22T13:17:25.175+0000] {dag.py:4180} INFO - Setting next_dagrun for dataset_s3_bucket_producer to None, run_after=None
[2026-07-22T13:17:25.250+0000] {processor.py:208} INFO - Processing /home/airflow/.local/lib/python3.12/site-packages/airflow/example_dags/example_dataset_alias.py took 2.451 seconds
