[2026-07-22T13:07:35.744+0000] {processor.py:186} INFO - Started process (PID=130) to work on /home/airflow/.local/lib/python3.12/site-packages/airflow/example_dags/example_complex.py
[2026-07-22T13:07:35.748+0000] {processor.py:914} INFO - Processing file /home/airflow/.local/lib/python3.12/site-packages/airflow/example_dags/example_complex.py for tasks to queue
[2026-07-22T13:07:35.755+0000] {logging_mixin.py:190} INFO - [2026-07-22T13:07:35.754+0000] {dagbag.py:588} INFO - Filling up the DagBag from /home/airflow/.local/lib/python3.12/site-packages/airflow/example_dags/example_complex.py
[2026-07-22T13:07:35.789+0000] {processor.py:925} INFO - DAG(s) 'example_complex' retrieved from /home/airflow/.local/lib/python3.12/site-packages/airflow/example_dags/example_complex.py
[2026-07-22T13:07:36.066+0000] {logging_mixin.py:190} INFO - [2026-07-22T13:07:36.065+0000] {override.py:1912} INFO - Created Permission View: can read on DAG:example_complex
[2026-07-22T13:07:36.086+0000] {logging_mixin.py:190} INFO - [2026-07-22T13:07:36.085+0000] {override.py:1912} INFO - Created Permission View: can edit on DAG:example_complex
[2026-07-22T13:07:36.099+0000] {logging_mixin.py:190} INFO - [2026-07-22T13:07:36.099+0000] {override.py:1912} INFO - Created Permission View: can delete on DAG:example_complex
[2026-07-22T13:07:36.116+0000] {logging_mixin.py:190} INFO - [2026-07-22T13:07:36.115+0000] {override.py:1912} INFO - Created Permission View: can read on DAG Run:example_complex
[2026-07-22T13:07:36.129+0000] {logging_mixin.py:190} INFO - [2026-07-22T13:07:36.129+0000] {override.py:1912} INFO - Created Permission View: menu access on DAG Run:example_complex
[2026-07-22T13:07:36.147+0000] {logging_mixin.py:190} INFO - [2026-07-22T13:07:36.146+0000] {override.py:1912} INFO - Created Permission View: can create on DAG Run:example_complex
[2026-07-22T13:07:36.163+0000] {logging_mixin.py:190} INFO - [2026-07-22T13:07:36.163+0000] {override.py:1912} INFO - Created Permission View: can delete on DAG Run:example_complex
[2026-07-22T13:07:36.165+0000] {logging_mixin.py:190} INFO - [2026-07-22T13:07:36.165+0000] {dag.py:3239} INFO - Sync 1 DAGs
[2026-07-22T13:07:36.188+0000] {logging_mixin.py:190} INFO - [2026-07-22T13:07:36.188+0000] {dag.py:3262} INFO - Creating ORM DAG for example_complex
[2026-07-22T13:07:36.191+0000] {logging_mixin.py:190} INFO - [2026-07-22T13:07:36.190+0000] {dag.py:4180} INFO - Setting next_dagrun for example_complex to None, run_after=None
[2026-07-22T13:07:36.225+0000] {processor.py:208} INFO - Processing /home/airflow/.local/lib/python3.12/site-packages/airflow/example_dags/example_complex.py took 0.497 seconds
[2026-07-22T13:08:06.469+0000] {processor.py:186} INFO - Started process (PID=193) to work on /home/airflow/.local/lib/python3.12/site-packages/airflow/example_dags/example_complex.py
[2026-07-22T13:08:06.472+0000] {processor.py:914} INFO - Processing file /home/airflow/.local/lib/python3.12/site-packages/airflow/example_dags/example_complex.py for tasks to queue
[2026-07-22T13:08:06.478+0000] {logging_mixin.py:190} INFO - [2026-07-22T13:08:06.477+0000] {dagbag.py:588} INFO - Filling up the DagBag from /home/airflow/.local/lib/python3.12/site-packages/airflow/example_dags/example_complex.py
[2026-07-22T13:08:06.515+0000] {processor.py:925} INFO - DAG(s) 'example_complex' retrieved from /home/airflow/.local/lib/python3.12/site-packages/airflow/example_dags/example_complex.py
[2026-07-22T13:08:06.588+0000] {logging_mixin.py:190} INFO - [2026-07-22T13:08:06.587+0000] {dag.py:3239} INFO - Sync 1 DAGs
[2026-07-22T13:08:06.631+0000] {logging_mixin.py:190} INFO - [2026-07-22T13:08:06.630+0000] {dag.py:4180} INFO - Setting next_dagrun for example_complex to None, run_after=None
[2026-07-22T13:08:06.675+0000] {processor.py:208} INFO - Processing /home/airflow/.local/lib/python3.12/site-packages/airflow/example_dags/example_complex.py took 0.221 seconds
[2026-07-22T13:08:38.568+0000] {processor.py:186} INFO - Started process (PID=257) to work on /home/airflow/.local/lib/python3.12/site-packages/airflow/example_dags/example_complex.py
[2026-07-22T13:08:38.572+0000] {processor.py:914} INFO - Processing file /home/airflow/.local/lib/python3.12/site-packages/airflow/example_dags/example_complex.py for tasks to queue
[2026-07-22T13:08:38.581+0000] {logging_mixin.py:190} INFO - [2026-07-22T13:08:38.580+0000] {dagbag.py:588} INFO - Filling up the DagBag from /home/airflow/.local/lib/python3.12/site-packages/airflow/example_dags/example_complex.py
[2026-07-22T13:08:38.619+0000] {processor.py:925} INFO - DAG(s) 'example_complex' retrieved from /home/airflow/.local/lib/python3.12/site-packages/airflow/example_dags/example_complex.py
[2026-07-22T13:08:38.720+0000] {logging_mixin.py:190} INFO - [2026-07-22T13:08:38.719+0000] {dag.py:3239} INFO - Sync 1 DAGs
[2026-07-22T13:08:38.760+0000] {logging_mixin.py:190} INFO - [2026-07-22T13:08:38.759+0000] {dag.py:4180} INFO - Setting next_dagrun for example_complex to None, run_after=None
[2026-07-22T13:08:38.805+0000] {processor.py:208} INFO - Processing /home/airflow/.local/lib/python3.12/site-packages/airflow/example_dags/example_complex.py took 0.260 seconds
[2026-07-22T13:09:09.341+0000] {processor.py:186} INFO - Started process (PID=320) to work on /home/airflow/.local/lib/python3.12/site-packages/airflow/example_dags/example_complex.py
[2026-07-22T13:09:09.343+0000] {processor.py:914} INFO - Processing file /home/airflow/.local/lib/python3.12/site-packages/airflow/example_dags/example_complex.py for tasks to queue
[2026-07-22T13:09:09.349+0000] {logging_mixin.py:190} INFO - [2026-07-22T13:09:09.348+0000] {dagbag.py:588} INFO - Filling up the DagBag from /home/airflow/.local/lib/python3.12/site-packages/airflow/example_dags/example_complex.py
[2026-07-22T13:09:09.377+0000] {processor.py:925} INFO - DAG(s) 'example_complex' retrieved from /home/airflow/.local/lib/python3.12/site-packages/airflow/example_dags/example_complex.py
[2026-07-22T13:09:09.434+0000] {logging_mixin.py:190} INFO - [2026-07-22T13:09:09.434+0000] {dag.py:3239} INFO - Sync 1 DAGs
[2026-07-22T13:09:09.465+0000] {logging_mixin.py:190} INFO - [2026-07-22T13:09:09.465+0000] {dag.py:4180} INFO - Setting next_dagrun for example_complex to None, run_after=None
[2026-07-22T13:09:09.541+0000] {processor.py:208} INFO - Processing /home/airflow/.local/lib/python3.12/site-packages/airflow/example_dags/example_complex.py took 0.209 seconds
[2026-07-22T13:09:40.573+0000] {processor.py:186} INFO - Started process (PID=384) to work on /home/airflow/.local/lib/python3.12/site-packages/airflow/example_dags/example_complex.py
[2026-07-22T13:09:40.577+0000] {processor.py:914} INFO - Processing file /home/airflow/.local/lib/python3.12/site-packages/airflow/example_dags/example_complex.py for tasks to queue
[2026-07-22T13:09:40.585+0000] {logging_mixin.py:190} INFO - [2026-07-22T13:09:40.585+0000] {dagbag.py:588} INFO - Filling up the DagBag from /home/airflow/.local/lib/python3.12/site-packages/airflow/example_dags/example_complex.py
[2026-07-22T13:09:40.622+0000] {processor.py:925} INFO - DAG(s) 'example_complex' retrieved from /home/airflow/.local/lib/python3.12/site-packages/airflow/example_dags/example_complex.py
[2026-07-22T13:09:40.741+0000] {logging_mixin.py:190} INFO - [2026-07-22T13:09:40.741+0000] {dag.py:3239} INFO - Sync 1 DAGs
[2026-07-22T13:09:40.795+0000] {logging_mixin.py:190} INFO - [2026-07-22T13:09:40.794+0000] {dag.py:4180} INFO - Setting next_dagrun for example_complex to None, run_after=None
[2026-07-22T13:09:40.876+0000] {processor.py:208} INFO - Processing /home/airflow/.local/lib/python3.12/site-packages/airflow/example_dags/example_complex.py took 0.329 seconds
[2026-07-22T13:10:11.704+0000] {processor.py:186} INFO - Started process (PID=447) to work on /home/airflow/.local/lib/python3.12/site-packages/airflow/example_dags/example_complex.py
[2026-07-22T13:10:11.706+0000] {processor.py:914} INFO - Processing file /home/airflow/.local/lib/python3.12/site-packages/airflow/example_dags/example_complex.py for tasks to queue
[2026-07-22T13:10:11.711+0000] {logging_mixin.py:190} INFO - [2026-07-22T13:10:11.710+0000] {dagbag.py:588} INFO - Filling up the DagBag from /home/airflow/.local/lib/python3.12/site-packages/airflow/example_dags/example_complex.py
[2026-07-22T13:10:11.734+0000] {processor.py:925} INFO - DAG(s) 'example_complex' retrieved from /home/airflow/.local/lib/python3.12/site-packages/airflow/example_dags/example_complex.py
[2026-07-22T13:10:11.778+0000] {logging_mixin.py:190} INFO - [2026-07-22T13:10:11.778+0000] {dag.py:3239} INFO - Sync 1 DAGs
[2026-07-22T13:10:11.802+0000] {logging_mixin.py:190} INFO - [2026-07-22T13:10:11.802+0000] {dag.py:4180} INFO - Setting next_dagrun for example_complex to None, run_after=None
[2026-07-22T13:10:11.845+0000] {processor.py:208} INFO - Processing /home/airflow/.local/lib/python3.12/site-packages/airflow/example_dags/example_complex.py took 0.150 seconds
[2026-07-22T13:10:42.965+0000] {processor.py:186} INFO - Started process (PID=510) to work on /home/airflow/.local/lib/python3.12/site-packages/airflow/example_dags/example_complex.py
[2026-07-22T13:10:42.967+0000] {processor.py:914} INFO - Processing file /home/airflow/.local/lib/python3.12/site-packages/airflow/example_dags/example_complex.py for tasks to queue
[2026-07-22T13:10:42.971+0000] {logging_mixin.py:190} INFO - [2026-07-22T13:10:42.971+0000] {dagbag.py:588} INFO - Filling up the DagBag from /home/airflow/.local/lib/python3.12/site-packages/airflow/example_dags/example_complex.py
[2026-07-22T13:10:42.991+0000] {processor.py:925} INFO - DAG(s) 'example_complex' retrieved from /home/airflow/.local/lib/python3.12/site-packages/airflow/example_dags/example_complex.py
[2026-07-22T13:10:43.049+0000] {logging_mixin.py:190} INFO - [2026-07-22T13:10:43.048+0000] {dag.py:3239} INFO - Sync 1 DAGs
[2026-07-22T13:10:43.076+0000] {logging_mixin.py:190} INFO - [2026-07-22T13:10:43.075+0000] {dag.py:4180} INFO - Setting next_dagrun for example_complex to None, run_after=None
[2026-07-22T13:10:43.154+0000] {processor.py:208} INFO - Processing /home/airflow/.local/lib/python3.12/site-packages/airflow/example_dags/example_complex.py took 0.198 seconds
[2026-07-22T13:11:13.508+0000] {processor.py:186} INFO - Started process (PID=573) to work on /home/airflow/.local/lib/python3.12/site-packages/airflow/example_dags/example_complex.py
[2026-07-22T13:11:13.510+0000] {processor.py:914} INFO - Processing file /home/airflow/.local/lib/python3.12/site-packages/airflow/example_dags/example_complex.py for tasks to queue
[2026-07-22T13:11:13.514+0000] {logging_mixin.py:190} INFO - [2026-07-22T13:11:13.514+0000] {dagbag.py:588} INFO - Filling up the DagBag from /home/airflow/.local/lib/python3.12/site-packages/airflow/example_dags/example_complex.py
[2026-07-22T13:11:13.533+0000] {processor.py:925} INFO - DAG(s) 'example_complex' retrieved from /home/airflow/.local/lib/python3.12/site-packages/airflow/example_dags/example_complex.py
[2026-07-22T13:11:13.582+0000] {logging_mixin.py:190} INFO - [2026-07-22T13:11:13.581+0000] {dag.py:3239} INFO - Sync 1 DAGs
[2026-07-22T13:11:13.610+0000] {logging_mixin.py:190} INFO - [2026-07-22T13:11:13.609+0000] {dag.py:4180} INFO - Setting next_dagrun for example_complex to None, run_after=None
[2026-07-22T13:11:13.650+0000] {processor.py:208} INFO - Processing /home/airflow/.local/lib/python3.12/site-packages/airflow/example_dags/example_complex.py took 0.153 seconds
[2026-07-22T13:11:44.850+0000] {processor.py:186} INFO - Started process (PID=636) to work on /home/airflow/.local/lib/python3.12/site-packages/airflow/example_dags/example_complex.py
[2026-07-22T13:11:44.853+0000] {processor.py:914} INFO - Processing file /home/airflow/.local/lib/python3.12/site-packages/airflow/example_dags/example_complex.py for tasks to queue
[2026-07-22T13:11:44.858+0000] {logging_mixin.py:190} INFO - [2026-07-22T13:11:44.858+0000] {dagbag.py:588} INFO - Filling up the DagBag from /home/airflow/.local/lib/python3.12/site-packages/airflow/example_dags/example_complex.py
[2026-07-22T13:11:44.878+0000] {processor.py:925} INFO - DAG(s) 'example_complex' retrieved from /home/airflow/.local/lib/python3.12/site-packages/airflow/example_dags/example_complex.py
[2026-07-22T13:11:44.935+0000] {logging_mixin.py:190} INFO - [2026-07-22T13:11:44.935+0000] {dag.py:3239} INFO - Sync 1 DAGs
[2026-07-22T13:11:44.962+0000] {logging_mixin.py:190} INFO - [2026-07-22T13:11:44.962+0000] {dag.py:4180} INFO - Setting next_dagrun for example_complex to None, run_after=None
[2026-07-22T13:11:45.003+0000] {processor.py:208} INFO - Processing /home/airflow/.local/lib/python3.12/site-packages/airflow/example_dags/example_complex.py took 0.166 seconds
[2026-07-22T13:12:17.561+0000] {processor.py:186} INFO - Started process (PID=704) to work on /home/airflow/.local/lib/python3.12/site-packages/airflow/example_dags/example_complex.py
[2026-07-22T13:12:17.563+0000] {processor.py:914} INFO - Processing file /home/airflow/.local/lib/python3.12/site-packages/airflow/example_dags/example_complex.py for tasks to queue
[2026-07-22T13:12:17.570+0000] {logging_mixin.py:190} INFO - [2026-07-22T13:12:17.569+0000] {dagbag.py:588} INFO - Filling up the DagBag from /home/airflow/.local/lib/python3.12/site-packages/airflow/example_dags/example_complex.py
[2026-07-22T13:12:17.604+0000] {processor.py:925} INFO - DAG(s) 'example_complex' retrieved from /home/airflow/.local/lib/python3.12/site-packages/airflow/example_dags/example_complex.py
[2026-07-22T13:12:17.710+0000] {logging_mixin.py:190} INFO - [2026-07-22T13:12:17.709+0000] {dag.py:3239} INFO - Sync 1 DAGs
[2026-07-22T13:12:17.759+0000] {logging_mixin.py:190} INFO - [2026-07-22T13:12:17.758+0000] {dag.py:4180} INFO - Setting next_dagrun for example_complex to None, run_after=None
[2026-07-22T13:12:17.810+0000] {processor.py:208} INFO - Processing /home/airflow/.local/lib/python3.12/site-packages/airflow/example_dags/example_complex.py took 0.267 seconds
[2026-07-22T13:12:51.246+0000] {processor.py:186} INFO - Started process (PID=774) to work on /home/airflow/.local/lib/python3.12/site-packages/airflow/example_dags/example_complex.py
[2026-07-22T13:12:51.248+0000] {processor.py:914} INFO - Processing file /home/airflow/.local/lib/python3.12/site-packages/airflow/example_dags/example_complex.py for tasks to queue
[2026-07-22T13:12:51.254+0000] {logging_mixin.py:190} INFO - [2026-07-22T13:12:51.253+0000] {dagbag.py:588} INFO - Filling up the DagBag from /home/airflow/.local/lib/python3.12/site-packages/airflow/example_dags/example_complex.py
[2026-07-22T13:12:51.276+0000] {processor.py:925} INFO - DAG(s) 'example_complex' retrieved from /home/airflow/.local/lib/python3.12/site-packages/airflow/example_dags/example_complex.py
[2026-07-22T13:12:51.337+0000] {logging_mixin.py:190} INFO - [2026-07-22T13:12:51.337+0000] {dag.py:3239} INFO - Sync 1 DAGs
[2026-07-22T13:12:51.368+0000] {logging_mixin.py:190} INFO - [2026-07-22T13:12:51.367+0000] {dag.py:4180} INFO - Setting next_dagrun for example_complex to None, run_after=None
[2026-07-22T13:12:51.411+0000] {processor.py:208} INFO - Processing /home/airflow/.local/lib/python3.12/site-packages/airflow/example_dags/example_complex.py took 0.176 seconds
[2026-07-22T13:13:25.554+0000] {processor.py:186} INFO - Started process (PID=842) to work on /home/airflow/.local/lib/python3.12/site-packages/airflow/example_dags/example_complex.py
[2026-07-22T13:13:25.558+0000] {processor.py:914} INFO - Processing file /home/airflow/.local/lib/python3.12/site-packages/airflow/example_dags/example_complex.py for tasks to queue
[2026-07-22T13:13:25.565+0000] {logging_mixin.py:190} INFO - [2026-07-22T13:13:25.564+0000] {dagbag.py:588} INFO - Filling up the DagBag from /home/airflow/.local/lib/python3.12/site-packages/airflow/example_dags/example_complex.py
[2026-07-22T13:13:25.607+0000] {processor.py:925} INFO - DAG(s) 'example_complex' retrieved from /home/airflow/.local/lib/python3.12/site-packages/airflow/example_dags/example_complex.py
[2026-07-22T13:13:25.726+0000] {logging_mixin.py:190} INFO - [2026-07-22T13:13:25.726+0000] {dag.py:3239} INFO - Sync 1 DAGs
[2026-07-22T13:13:25.775+0000] {logging_mixin.py:190} INFO - [2026-07-22T13:13:25.775+0000] {dag.py:4180} INFO - Setting next_dagrun for example_complex to None, run_after=None
[2026-07-22T13:13:25.829+0000] {processor.py:208} INFO - Processing /home/airflow/.local/lib/python3.12/site-packages/airflow/example_dags/example_complex.py took 0.291 seconds
[2026-07-22T13:13:56.727+0000] {processor.py:186} INFO - Started process (PID=905) to work on /home/airflow/.local/lib/python3.12/site-packages/airflow/example_dags/example_complex.py
[2026-07-22T13:13:56.730+0000] {processor.py:914} INFO - Processing file /home/airflow/.local/lib/python3.12/site-packages/airflow/example_dags/example_complex.py for tasks to queue
[2026-07-22T13:13:56.738+0000] {logging_mixin.py:190} INFO - [2026-07-22T13:13:56.737+0000] {dagbag.py:588} INFO - Filling up the DagBag from /home/airflow/.local/lib/python3.12/site-packages/airflow/example_dags/example_complex.py
[2026-07-22T13:13:56.763+0000] {processor.py:925} INFO - DAG(s) 'example_complex' retrieved from /home/airflow/.local/lib/python3.12/site-packages/airflow/example_dags/example_complex.py
[2026-07-22T13:13:56.828+0000] {logging_mixin.py:190} INFO - [2026-07-22T13:13:56.827+0000] {dag.py:3239} INFO - Sync 1 DAGs
[2026-07-22T13:13:56.855+0000] {logging_mixin.py:190} INFO - [2026-07-22T13:13:56.854+0000] {dag.py:4180} INFO - Setting next_dagrun for example_complex to None, run_after=None
[2026-07-22T13:13:56.901+0000] {processor.py:208} INFO - Processing /home/airflow/.local/lib/python3.12/site-packages/airflow/example_dags/example_complex.py took 0.188 seconds
[2026-07-22T13:14:28.079+0000] {processor.py:186} INFO - Started process (PID=968) to work on /home/airflow/.local/lib/python3.12/site-packages/airflow/example_dags/example_complex.py
[2026-07-22T13:14:28.082+0000] {processor.py:914} INFO - Processing file /home/airflow/.local/lib/python3.12/site-packages/airflow/example_dags/example_complex.py for tasks to queue
[2026-07-22T13:14:28.086+0000] {logging_mixin.py:190} INFO - [2026-07-22T13:14:28.085+0000] {dagbag.py:588} INFO - Filling up the DagBag from /home/airflow/.local/lib/python3.12/site-packages/airflow/example_dags/example_complex.py
[2026-07-22T13:14:28.107+0000] {processor.py:925} INFO - DAG(s) 'example_complex' retrieved from /home/airflow/.local/lib/python3.12/site-packages/airflow/example_dags/example_complex.py
[2026-07-22T13:14:28.175+0000] {logging_mixin.py:190} INFO - [2026-07-22T13:14:28.175+0000] {dag.py:3239} INFO - Sync 1 DAGs
[2026-07-22T13:14:28.197+0000] {logging_mixin.py:190} INFO - [2026-07-22T13:14:28.196+0000] {dag.py:4180} INFO - Setting next_dagrun for example_complex to None, run_after=None
[2026-07-22T13:14:28.229+0000] {processor.py:208} INFO - Processing /home/airflow/.local/lib/python3.12/site-packages/airflow/example_dags/example_complex.py took 0.160 seconds
[2026-07-22T13:15:00.833+0000] {processor.py:186} INFO - Started process (PID=1036) to work on /home/airflow/.local/lib/python3.12/site-packages/airflow/example_dags/example_complex.py
[2026-07-22T13:15:00.839+0000] {processor.py:914} INFO - Processing file /home/airflow/.local/lib/python3.12/site-packages/airflow/example_dags/example_complex.py for tasks to queue
[2026-07-22T13:15:00.854+0000] {logging_mixin.py:190} INFO - [2026-07-22T13:15:00.853+0000] {dagbag.py:588} INFO - Filling up the DagBag from /home/airflow/.local/lib/python3.12/site-packages/airflow/example_dags/example_complex.py
[2026-07-22T13:15:00.952+0000] {processor.py:925} INFO - DAG(s) 'example_complex' retrieved from /home/airflow/.local/lib/python3.12/site-packages/airflow/example_dags/example_complex.py
[2026-07-22T13:15:01.131+0000] {logging_mixin.py:190} INFO - [2026-07-22T13:15:01.130+0000] {dag.py:3239} INFO - Sync 1 DAGs
[2026-07-22T13:15:01.190+0000] {logging_mixin.py:190} INFO - [2026-07-22T13:15:01.190+0000] {dag.py:4180} INFO - Setting next_dagrun for example_complex to None, run_after=None
[2026-07-22T13:15:01.270+0000] {processor.py:208} INFO - Processing /home/airflow/.local/lib/python3.12/site-packages/airflow/example_dags/example_complex.py took 0.456 seconds
[2026-07-22T13:15:37.675+0000] {processor.py:186} INFO - Started process (PID=1104) to work on /home/airflow/.local/lib/python3.12/site-packages/airflow/example_dags/example_complex.py
[2026-07-22T13:15:37.678+0000] {processor.py:914} INFO - Processing file /home/airflow/.local/lib/python3.12/site-packages/airflow/example_dags/example_complex.py for tasks to queue
[2026-07-22T13:15:37.684+0000] {logging_mixin.py:190} INFO - [2026-07-22T13:15:37.683+0000] {dagbag.py:588} INFO - Filling up the DagBag from /home/airflow/.local/lib/python3.12/site-packages/airflow/example_dags/example_complex.py
[2026-07-22T13:15:37.716+0000] {processor.py:925} INFO - DAG(s) 'example_complex' retrieved from /home/airflow/.local/lib/python3.12/site-packages/airflow/example_dags/example_complex.py
[2026-07-22T13:15:37.791+0000] {logging_mixin.py:190} INFO - [2026-07-22T13:15:37.790+0000] {dag.py:3239} INFO - Sync 1 DAGs
[2026-07-22T13:15:37.833+0000] {logging_mixin.py:190} INFO - [2026-07-22T13:15:37.833+0000] {dag.py:4180} INFO - Setting next_dagrun for example_complex to None, run_after=None
[2026-07-22T13:15:37.878+0000] {processor.py:208} INFO - Processing /home/airflow/.local/lib/python3.12/site-packages/airflow/example_dags/example_complex.py took 0.214 seconds
[2026-07-22T13:16:11.138+0000] {processor.py:186} INFO - Started process (PID=1166) to work on /home/airflow/.local/lib/python3.12/site-packages/airflow/example_dags/example_complex.py
[2026-07-22T13:16:11.254+0000] {processor.py:914} INFO - Processing file /home/airflow/.local/lib/python3.12/site-packages/airflow/example_dags/example_complex.py for tasks to queue
[2026-07-22T13:16:11.292+0000] {logging_mixin.py:190} INFO - [2026-07-22T13:16:11.291+0000] {dagbag.py:588} INFO - Filling up the DagBag from /home/airflow/.local/lib/python3.12/site-packages/airflow/example_dags/example_complex.py
[2026-07-22T13:16:11.374+0000] {processor.py:925} INFO - DAG(s) 'example_complex' retrieved from /home/airflow/.local/lib/python3.12/site-packages/airflow/example_dags/example_complex.py
[2026-07-22T13:16:11.569+0000] {logging_mixin.py:190} INFO - [2026-07-22T13:16:11.567+0000] {dag.py:3239} INFO - Sync 1 DAGs
[2026-07-22T13:16:11.644+0000] {logging_mixin.py:190} INFO - [2026-07-22T13:16:11.643+0000] {dag.py:4180} INFO - Setting next_dagrun for example_complex to None, run_after=None
[2026-07-22T13:16:11.771+0000] {processor.py:208} INFO - Processing /home/airflow/.local/lib/python3.12/site-packages/airflow/example_dags/example_complex.py took 0.680 seconds
[2026-07-22T13:16:42.177+0000] {processor.py:186} INFO - Started process (PID=1229) to work on /home/airflow/.local/lib/python3.12/site-packages/airflow/example_dags/example_complex.py
[2026-07-22T13:16:42.179+0000] {processor.py:914} INFO - Processing file /home/airflow/.local/lib/python3.12/site-packages/airflow/example_dags/example_complex.py for tasks to queue
[2026-07-22T13:16:42.183+0000] {logging_mixin.py:190} INFO - [2026-07-22T13:16:42.183+0000] {dagbag.py:588} INFO - Filling up the DagBag from /home/airflow/.local/lib/python3.12/site-packages/airflow/example_dags/example_complex.py
[2026-07-22T13:16:42.203+0000] {processor.py:925} INFO - DAG(s) 'example_complex' retrieved from /home/airflow/.local/lib/python3.12/site-packages/airflow/example_dags/example_complex.py
[2026-07-22T13:16:42.244+0000] {logging_mixin.py:190} INFO - [2026-07-22T13:16:42.243+0000] {dag.py:3239} INFO - Sync 1 DAGs
[2026-07-22T13:16:42.265+0000] {logging_mixin.py:190} INFO - [2026-07-22T13:16:42.265+0000] {dag.py:4180} INFO - Setting next_dagrun for example_complex to None, run_after=None
[2026-07-22T13:16:42.295+0000] {processor.py:208} INFO - Processing /home/airflow/.local/lib/python3.12/site-packages/airflow/example_dags/example_complex.py took 0.129 seconds
[2026-07-22T13:17:18.390+0000] {processor.py:186} INFO - Started process (PID=1292) to work on /home/airflow/.local/lib/python3.12/site-packages/airflow/example_dags/example_complex.py
[2026-07-22T13:17:18.396+0000] {processor.py:914} INFO - Processing file /home/airflow/.local/lib/python3.12/site-packages/airflow/example_dags/example_complex.py for tasks to queue
[2026-07-22T13:17:18.403+0000] {logging_mixin.py:190} INFO - [2026-07-22T13:17:18.402+0000] {dagbag.py:588} INFO - Filling up the DagBag from /home/airflow/.local/lib/python3.12/site-packages/airflow/example_dags/example_complex.py
[2026-07-22T13:17:18.450+0000] {processor.py:925} INFO - DAG(s) 'example_complex' retrieved from /home/airflow/.local/lib/python3.12/site-packages/airflow/example_dags/example_complex.py
[2026-07-22T13:17:18.569+0000] {logging_mixin.py:190} INFO - [2026-07-22T13:17:18.568+0000] {dag.py:3239} INFO - Sync 1 DAGs
[2026-07-22T13:17:18.636+0000] {logging_mixin.py:190} INFO - [2026-07-22T13:17:18.636+0000] {dag.py:4180} INFO - Setting next_dagrun for example_complex to None, run_after=None
[2026-07-22T13:17:18.705+0000] {processor.py:208} INFO - Processing /home/airflow/.local/lib/python3.12/site-packages/airflow/example_dags/example_complex.py took 0.333 seconds
