[2026-07-22T13:07:11.664+0000] {processor.py:186} INFO - Started process (PID=77) to work on /home/airflow/.local/lib/python3.12/site-packages/airflow/example_dags/example_bash_decorator.py
[2026-07-22T13:07:11.668+0000] {processor.py:914} INFO - Processing file /home/airflow/.local/lib/python3.12/site-packages/airflow/example_dags/example_bash_decorator.py for tasks to queue
[2026-07-22T13:07:11.678+0000] {logging_mixin.py:190} INFO - [2026-07-22T13:07:11.676+0000] {dagbag.py:588} INFO - Filling up the DagBag from /home/airflow/.local/lib/python3.12/site-packages/airflow/example_dags/example_bash_decorator.py
[2026-07-22T13:07:11.812+0000] {processor.py:925} INFO - DAG(s) 'example_bash_decorator' retrieved from /home/airflow/.local/lib/python3.12/site-packages/airflow/example_dags/example_bash_decorator.py
[2026-07-22T13:07:12.367+0000] {logging_mixin.py:190} INFO - [2026-07-22T13:07:12.365+0000] {override.py:1912} INFO - Created Permission View: can read on DAG:example_bash_decorator
[2026-07-22T13:07:12.398+0000] {logging_mixin.py:190} INFO - [2026-07-22T13:07:12.397+0000] {override.py:1912} INFO - Created Permission View: can edit on DAG:example_bash_decorator
[2026-07-22T13:07:12.422+0000] {logging_mixin.py:190} INFO - [2026-07-22T13:07:12.421+0000] {override.py:1912} INFO - Created Permission View: can delete on DAG:example_bash_decorator
[2026-07-22T13:07:12.451+0000] {logging_mixin.py:190} INFO - [2026-07-22T13:07:12.450+0000] {override.py:1912} INFO - Created Permission View: can read on DAG Run:example_bash_decorator
[2026-07-22T13:07:12.484+0000] {logging_mixin.py:190} INFO - [2026-07-22T13:07:12.483+0000] {override.py:1912} INFO - Created Permission View: menu access on DAG Run:example_bash_decorator
[2026-07-22T13:07:12.512+0000] {logging_mixin.py:190} INFO - [2026-07-22T13:07:12.511+0000] {override.py:1912} INFO - Created Permission View: can create on DAG Run:example_bash_decorator
[2026-07-22T13:07:12.540+0000] {logging_mixin.py:190} INFO - [2026-07-22T13:07:12.539+0000] {override.py:1912} INFO - Created Permission View: can delete on DAG Run:example_bash_decorator
[2026-07-22T13:07:12.544+0000] {logging_mixin.py:190} INFO - [2026-07-22T13:07:12.543+0000] {dag.py:3239} INFO - Sync 1 DAGs
[2026-07-22T13:07:12.586+0000] {logging_mixin.py:190} INFO - [2026-07-22T13:07:12.585+0000] {dag.py:3262} INFO - Creating ORM DAG for example_bash_decorator
[2026-07-22T13:07:12.589+0000] {logging_mixin.py:190} INFO - [2026-07-22T13:07:12.589+0000] {dag.py:4180} INFO - Setting next_dagrun for example_bash_decorator to None, run_after=None
[2026-07-22T13:07:12.644+0000] {processor.py:208} INFO - Processing /home/airflow/.local/lib/python3.12/site-packages/airflow/example_dags/example_bash_decorator.py took 1.004 seconds
[2026-07-22T13:07:43.247+0000] {processor.py:186} INFO - Started process (PID=141) to work on /home/airflow/.local/lib/python3.12/site-packages/airflow/example_dags/example_bash_decorator.py
[2026-07-22T13:07:43.254+0000] {processor.py:914} INFO - Processing file /home/airflow/.local/lib/python3.12/site-packages/airflow/example_dags/example_bash_decorator.py for tasks to queue
[2026-07-22T13:07:43.262+0000] {logging_mixin.py:190} INFO - [2026-07-22T13:07:43.259+0000] {dagbag.py:588} INFO - Filling up the DagBag from /home/airflow/.local/lib/python3.12/site-packages/airflow/example_dags/example_bash_decorator.py
[2026-07-22T13:07:43.321+0000] {processor.py:925} INFO - DAG(s) 'example_bash_decorator' retrieved from /home/airflow/.local/lib/python3.12/site-packages/airflow/example_dags/example_bash_decorator.py
[2026-07-22T13:07:43.395+0000] {logging_mixin.py:190} INFO - [2026-07-22T13:07:43.394+0000] {dag.py:3239} INFO - Sync 1 DAGs
[2026-07-22T13:07:43.456+0000] {logging_mixin.py:190} INFO - [2026-07-22T13:07:43.456+0000] {dag.py:4180} INFO - Setting next_dagrun for example_bash_decorator to None, run_after=None
[2026-07-22T13:07:43.521+0000] {processor.py:208} INFO - Processing /home/airflow/.local/lib/python3.12/site-packages/airflow/example_dags/example_bash_decorator.py took 0.293 seconds
[2026-07-22T13:08:13.933+0000] {processor.py:186} INFO - Started process (PID=204) to work on /home/airflow/.local/lib/python3.12/site-packages/airflow/example_dags/example_bash_decorator.py
[2026-07-22T13:08:13.936+0000] {processor.py:914} INFO - Processing file /home/airflow/.local/lib/python3.12/site-packages/airflow/example_dags/example_bash_decorator.py for tasks to queue
[2026-07-22T13:08:13.944+0000] {logging_mixin.py:190} INFO - [2026-07-22T13:08:13.943+0000] {dagbag.py:588} INFO - Filling up the DagBag from /home/airflow/.local/lib/python3.12/site-packages/airflow/example_dags/example_bash_decorator.py
[2026-07-22T13:08:13.983+0000] {processor.py:925} INFO - DAG(s) 'example_bash_decorator' retrieved from /home/airflow/.local/lib/python3.12/site-packages/airflow/example_dags/example_bash_decorator.py
[2026-07-22T13:08:14.057+0000] {logging_mixin.py:190} INFO - [2026-07-22T13:08:14.057+0000] {dag.py:3239} INFO - Sync 1 DAGs
[2026-07-22T13:08:14.109+0000] {logging_mixin.py:190} INFO - [2026-07-22T13:08:14.109+0000] {dag.py:4180} INFO - Setting next_dagrun for example_bash_decorator to None, run_after=None
[2026-07-22T13:08:14.156+0000] {processor.py:208} INFO - Processing /home/airflow/.local/lib/python3.12/site-packages/airflow/example_dags/example_bash_decorator.py took 0.236 seconds
[2026-07-22T13:08:44.606+0000] {processor.py:186} INFO - Started process (PID=268) to work on /home/airflow/.local/lib/python3.12/site-packages/airflow/example_dags/example_bash_decorator.py
[2026-07-22T13:08:44.609+0000] {processor.py:914} INFO - Processing file /home/airflow/.local/lib/python3.12/site-packages/airflow/example_dags/example_bash_decorator.py for tasks to queue
[2026-07-22T13:08:44.614+0000] {logging_mixin.py:190} INFO - [2026-07-22T13:08:44.613+0000] {dagbag.py:588} INFO - Filling up the DagBag from /home/airflow/.local/lib/python3.12/site-packages/airflow/example_dags/example_bash_decorator.py
[2026-07-22T13:08:44.637+0000] {processor.py:925} INFO - DAG(s) 'example_bash_decorator' retrieved from /home/airflow/.local/lib/python3.12/site-packages/airflow/example_dags/example_bash_decorator.py
[2026-07-22T13:08:44.682+0000] {logging_mixin.py:190} INFO - [2026-07-22T13:08:44.681+0000] {dag.py:3239} INFO - Sync 1 DAGs
[2026-07-22T13:08:44.712+0000] {logging_mixin.py:190} INFO - [2026-07-22T13:08:44.712+0000] {dag.py:4180} INFO - Setting next_dagrun for example_bash_decorator to None, run_after=None
[2026-07-22T13:08:44.743+0000] {processor.py:208} INFO - Processing /home/airflow/.local/lib/python3.12/site-packages/airflow/example_dags/example_bash_decorator.py took 0.148 seconds
[2026-07-22T13:09:15.272+0000] {processor.py:186} INFO - Started process (PID=331) to work on /home/airflow/.local/lib/python3.12/site-packages/airflow/example_dags/example_bash_decorator.py
[2026-07-22T13:09:15.275+0000] {processor.py:914} INFO - Processing file /home/airflow/.local/lib/python3.12/site-packages/airflow/example_dags/example_bash_decorator.py for tasks to queue
[2026-07-22T13:09:15.281+0000] {logging_mixin.py:190} INFO - [2026-07-22T13:09:15.280+0000] {dagbag.py:588} INFO - Filling up the DagBag from /home/airflow/.local/lib/python3.12/site-packages/airflow/example_dags/example_bash_decorator.py
[2026-07-22T13:09:15.313+0000] {processor.py:925} INFO - DAG(s) 'example_bash_decorator' retrieved from /home/airflow/.local/lib/python3.12/site-packages/airflow/example_dags/example_bash_decorator.py
[2026-07-22T13:09:15.362+0000] {logging_mixin.py:190} INFO - [2026-07-22T13:09:15.362+0000] {dag.py:3239} INFO - Sync 1 DAGs
[2026-07-22T13:09:15.394+0000] {logging_mixin.py:190} INFO - [2026-07-22T13:09:15.394+0000] {dag.py:4180} INFO - Setting next_dagrun for example_bash_decorator to None, run_after=None
[2026-07-22T13:09:15.435+0000] {processor.py:208} INFO - Processing /home/airflow/.local/lib/python3.12/site-packages/airflow/example_dags/example_bash_decorator.py took 0.177 seconds
[2026-07-22T13:09:45.849+0000] {processor.py:186} INFO - Started process (PID=395) to work on /home/airflow/.local/lib/python3.12/site-packages/airflow/example_dags/example_bash_decorator.py
[2026-07-22T13:09:45.852+0000] {processor.py:914} INFO - Processing file /home/airflow/.local/lib/python3.12/site-packages/airflow/example_dags/example_bash_decorator.py for tasks to queue
[2026-07-22T13:09:45.858+0000] {logging_mixin.py:190} INFO - [2026-07-22T13:09:45.857+0000] {dagbag.py:588} INFO - Filling up the DagBag from /home/airflow/.local/lib/python3.12/site-packages/airflow/example_dags/example_bash_decorator.py
[2026-07-22T13:09:45.900+0000] {processor.py:925} INFO - DAG(s) 'example_bash_decorator' retrieved from /home/airflow/.local/lib/python3.12/site-packages/airflow/example_dags/example_bash_decorator.py
[2026-07-22T13:09:46.005+0000] {logging_mixin.py:190} INFO - [2026-07-22T13:09:46.005+0000] {dag.py:3239} INFO - Sync 1 DAGs
[2026-07-22T13:09:46.069+0000] {logging_mixin.py:190} INFO - [2026-07-22T13:09:46.069+0000] {dag.py:4180} INFO - Setting next_dagrun for example_bash_decorator to None, run_after=None
[2026-07-22T13:09:46.125+0000] {processor.py:208} INFO - Processing /home/airflow/.local/lib/python3.12/site-packages/airflow/example_dags/example_bash_decorator.py took 0.291 seconds
[2026-07-22T13:10:16.684+0000] {processor.py:186} INFO - Started process (PID=458) to work on /home/airflow/.local/lib/python3.12/site-packages/airflow/example_dags/example_bash_decorator.py
[2026-07-22T13:10:16.686+0000] {processor.py:914} INFO - Processing file /home/airflow/.local/lib/python3.12/site-packages/airflow/example_dags/example_bash_decorator.py for tasks to queue
[2026-07-22T13:10:16.690+0000] {logging_mixin.py:190} INFO - [2026-07-22T13:10:16.689+0000] {dagbag.py:588} INFO - Filling up the DagBag from /home/airflow/.local/lib/python3.12/site-packages/airflow/example_dags/example_bash_decorator.py
[2026-07-22T13:10:16.711+0000] {processor.py:925} INFO - DAG(s) 'example_bash_decorator' retrieved from /home/airflow/.local/lib/python3.12/site-packages/airflow/example_dags/example_bash_decorator.py
[2026-07-22T13:10:16.745+0000] {logging_mixin.py:190} INFO - [2026-07-22T13:10:16.745+0000] {dag.py:3239} INFO - Sync 1 DAGs
[2026-07-22T13:10:16.768+0000] {logging_mixin.py:190} INFO - [2026-07-22T13:10:16.767+0000] {dag.py:4180} INFO - Setting next_dagrun for example_bash_decorator to None, run_after=None
[2026-07-22T13:10:16.806+0000] {processor.py:208} INFO - Processing /home/airflow/.local/lib/python3.12/site-packages/airflow/example_dags/example_bash_decorator.py took 0.131 seconds
[2026-07-22T13:10:46.947+0000] {processor.py:186} INFO - Started process (PID=521) to work on /home/airflow/.local/lib/python3.12/site-packages/airflow/example_dags/example_bash_decorator.py
[2026-07-22T13:10:46.950+0000] {processor.py:914} INFO - Processing file /home/airflow/.local/lib/python3.12/site-packages/airflow/example_dags/example_bash_decorator.py for tasks to queue
[2026-07-22T13:10:46.955+0000] {logging_mixin.py:190} INFO - [2026-07-22T13:10:46.955+0000] {dagbag.py:588} INFO - Filling up the DagBag from /home/airflow/.local/lib/python3.12/site-packages/airflow/example_dags/example_bash_decorator.py
[2026-07-22T13:10:46.979+0000] {processor.py:925} INFO - DAG(s) 'example_bash_decorator' retrieved from /home/airflow/.local/lib/python3.12/site-packages/airflow/example_dags/example_bash_decorator.py
[2026-07-22T13:10:47.012+0000] {logging_mixin.py:190} INFO - [2026-07-22T13:10:47.011+0000] {dag.py:3239} INFO - Sync 1 DAGs
[2026-07-22T13:10:47.032+0000] {logging_mixin.py:190} INFO - [2026-07-22T13:10:47.031+0000] {dag.py:4180} INFO - Setting next_dagrun for example_bash_decorator to None, run_after=None
[2026-07-22T13:10:47.077+0000] {processor.py:208} INFO - Processing /home/airflow/.local/lib/python3.12/site-packages/airflow/example_dags/example_bash_decorator.py took 0.141 seconds
[2026-07-22T13:11:17.796+0000] {processor.py:186} INFO - Started process (PID=590) to work on /home/airflow/.local/lib/python3.12/site-packages/airflow/example_dags/example_bash_decorator.py
[2026-07-22T13:11:17.801+0000] {processor.py:914} INFO - Processing file /home/airflow/.local/lib/python3.12/site-packages/airflow/example_dags/example_bash_decorator.py for tasks to queue
[2026-07-22T13:11:17.807+0000] {logging_mixin.py:190} INFO - [2026-07-22T13:11:17.806+0000] {dagbag.py:588} INFO - Filling up the DagBag from /home/airflow/.local/lib/python3.12/site-packages/airflow/example_dags/example_bash_decorator.py
[2026-07-22T13:11:17.858+0000] {processor.py:925} INFO - DAG(s) 'example_bash_decorator' retrieved from /home/airflow/.local/lib/python3.12/site-packages/airflow/example_dags/example_bash_decorator.py
[2026-07-22T13:11:17.941+0000] {logging_mixin.py:190} INFO - [2026-07-22T13:11:17.941+0000] {dag.py:3239} INFO - Sync 1 DAGs
[2026-07-22T13:11:17.996+0000] {logging_mixin.py:190} INFO - [2026-07-22T13:11:17.995+0000] {dag.py:4180} INFO - Setting next_dagrun for example_bash_decorator to None, run_after=None
[2026-07-22T13:11:18.063+0000] {processor.py:208} INFO - Processing /home/airflow/.local/lib/python3.12/site-packages/airflow/example_dags/example_bash_decorator.py took 0.282 seconds
[2026-07-22T13:11:48.183+0000] {processor.py:186} INFO - Started process (PID=653) to work on /home/airflow/.local/lib/python3.12/site-packages/airflow/example_dags/example_bash_decorator.py
[2026-07-22T13:11:48.185+0000] {processor.py:914} INFO - Processing file /home/airflow/.local/lib/python3.12/site-packages/airflow/example_dags/example_bash_decorator.py for tasks to queue
[2026-07-22T13:11:48.189+0000] {logging_mixin.py:190} INFO - [2026-07-22T13:11:48.189+0000] {dagbag.py:588} INFO - Filling up the DagBag from /home/airflow/.local/lib/python3.12/site-packages/airflow/example_dags/example_bash_decorator.py
[2026-07-22T13:11:48.212+0000] {processor.py:925} INFO - DAG(s) 'example_bash_decorator' retrieved from /home/airflow/.local/lib/python3.12/site-packages/airflow/example_dags/example_bash_decorator.py
[2026-07-22T13:11:48.248+0000] {logging_mixin.py:190} INFO - [2026-07-22T13:11:48.248+0000] {dag.py:3239} INFO - Sync 1 DAGs
[2026-07-22T13:11:48.273+0000] {logging_mixin.py:190} INFO - [2026-07-22T13:11:48.272+0000] {dag.py:4180} INFO - Setting next_dagrun for example_bash_decorator to None, run_after=None
[2026-07-22T13:11:48.322+0000] {processor.py:208} INFO - Processing /home/airflow/.local/lib/python3.12/site-packages/airflow/example_dags/example_bash_decorator.py took 0.147 seconds
[2026-07-22T13:12:19.223+0000] {processor.py:186} INFO - Started process (PID=716) to work on /home/airflow/.local/lib/python3.12/site-packages/airflow/example_dags/example_bash_decorator.py
[2026-07-22T13:12:19.225+0000] {processor.py:914} INFO - Processing file /home/airflow/.local/lib/python3.12/site-packages/airflow/example_dags/example_bash_decorator.py for tasks to queue
[2026-07-22T13:12:19.230+0000] {logging_mixin.py:190} INFO - [2026-07-22T13:12:19.230+0000] {dagbag.py:588} INFO - Filling up the DagBag from /home/airflow/.local/lib/python3.12/site-packages/airflow/example_dags/example_bash_decorator.py
[2026-07-22T13:12:19.260+0000] {processor.py:925} INFO - DAG(s) 'example_bash_decorator' retrieved from /home/airflow/.local/lib/python3.12/site-packages/airflow/example_dags/example_bash_decorator.py
[2026-07-22T13:12:19.307+0000] {logging_mixin.py:190} INFO - [2026-07-22T13:12:19.306+0000] {dag.py:3239} INFO - Sync 1 DAGs
[2026-07-22T13:12:19.335+0000] {logging_mixin.py:190} INFO - [2026-07-22T13:12:19.335+0000] {dag.py:4180} INFO - Setting next_dagrun for example_bash_decorator to None, run_after=None
[2026-07-22T13:12:19.377+0000] {processor.py:208} INFO - Processing /home/airflow/.local/lib/python3.12/site-packages/airflow/example_dags/example_bash_decorator.py took 0.164 seconds
[2026-07-22T13:12:50.553+0000] {processor.py:186} INFO - Started process (PID=771) to work on /home/airflow/.local/lib/python3.12/site-packages/airflow/example_dags/example_bash_decorator.py
[2026-07-22T13:12:50.557+0000] {processor.py:914} INFO - Processing file /home/airflow/.local/lib/python3.12/site-packages/airflow/example_dags/example_bash_decorator.py for tasks to queue
[2026-07-22T13:12:50.561+0000] {logging_mixin.py:190} INFO - [2026-07-22T13:12:50.561+0000] {dagbag.py:588} INFO - Filling up the DagBag from /home/airflow/.local/lib/python3.12/site-packages/airflow/example_dags/example_bash_decorator.py
[2026-07-22T13:12:50.586+0000] {processor.py:925} INFO - DAG(s) 'example_bash_decorator' retrieved from /home/airflow/.local/lib/python3.12/site-packages/airflow/example_dags/example_bash_decorator.py
[2026-07-22T13:12:50.626+0000] {logging_mixin.py:190} INFO - [2026-07-22T13:12:50.625+0000] {dag.py:3239} INFO - Sync 1 DAGs
[2026-07-22T13:12:50.651+0000] {logging_mixin.py:190} INFO - [2026-07-22T13:12:50.650+0000] {dag.py:4180} INFO - Setting next_dagrun for example_bash_decorator to None, run_after=None
[2026-07-22T13:12:50.693+0000] {processor.py:208} INFO - Processing /home/airflow/.local/lib/python3.12/site-packages/airflow/example_dags/example_bash_decorator.py took 0.149 seconds
[2026-07-22T13:13:23.839+0000] {processor.py:186} INFO - Started process (PID=832) to work on /home/airflow/.local/lib/python3.12/site-packages/airflow/example_dags/example_bash_decorator.py
[2026-07-22T13:13:23.844+0000] {processor.py:914} INFO - Processing file /home/airflow/.local/lib/python3.12/site-packages/airflow/example_dags/example_bash_decorator.py for tasks to queue
[2026-07-22T13:13:23.854+0000] {logging_mixin.py:190} INFO - [2026-07-22T13:13:23.853+0000] {dagbag.py:588} INFO - Filling up the DagBag from /home/airflow/.local/lib/python3.12/site-packages/airflow/example_dags/example_bash_decorator.py
[2026-07-22T13:13:23.925+0000] {processor.py:925} INFO - DAG(s) 'example_bash_decorator' retrieved from /home/airflow/.local/lib/python3.12/site-packages/airflow/example_dags/example_bash_decorator.py
[2026-07-22T13:13:24.044+0000] {logging_mixin.py:190} INFO - [2026-07-22T13:13:24.042+0000] {dag.py:3239} INFO - Sync 1 DAGs
[2026-07-22T13:13:24.103+0000] {logging_mixin.py:190} INFO - [2026-07-22T13:13:24.102+0000] {dag.py:4180} INFO - Setting next_dagrun for example_bash_decorator to None, run_after=None
[2026-07-22T13:13:24.173+0000] {processor.py:208} INFO - Processing /home/airflow/.local/lib/python3.12/site-packages/airflow/example_dags/example_bash_decorator.py took 0.357 seconds
[2026-07-22T13:13:54.422+0000] {processor.py:186} INFO - Started process (PID=895) to work on /home/airflow/.local/lib/python3.12/site-packages/airflow/example_dags/example_bash_decorator.py
[2026-07-22T13:13:54.424+0000] {processor.py:914} INFO - Processing file /home/airflow/.local/lib/python3.12/site-packages/airflow/example_dags/example_bash_decorator.py for tasks to queue
[2026-07-22T13:13:54.429+0000] {logging_mixin.py:190} INFO - [2026-07-22T13:13:54.428+0000] {dagbag.py:588} INFO - Filling up the DagBag from /home/airflow/.local/lib/python3.12/site-packages/airflow/example_dags/example_bash_decorator.py
[2026-07-22T13:13:54.461+0000] {processor.py:925} INFO - DAG(s) 'example_bash_decorator' retrieved from /home/airflow/.local/lib/python3.12/site-packages/airflow/example_dags/example_bash_decorator.py
[2026-07-22T13:13:54.503+0000] {logging_mixin.py:190} INFO - [2026-07-22T13:13:54.502+0000] {dag.py:3239} INFO - Sync 1 DAGs
[2026-07-22T13:13:54.525+0000] {logging_mixin.py:190} INFO - [2026-07-22T13:13:54.525+0000] {dag.py:4180} INFO - Setting next_dagrun for example_bash_decorator to None, run_after=None
[2026-07-22T13:13:54.559+0000] {processor.py:208} INFO - Processing /home/airflow/.local/lib/python3.12/site-packages/airflow/example_dags/example_bash_decorator.py took 0.146 seconds
[2026-07-22T13:14:25.440+0000] {processor.py:186} INFO - Started process (PID=952) to work on /home/airflow/.local/lib/python3.12/site-packages/airflow/example_dags/example_bash_decorator.py
[2026-07-22T13:14:25.443+0000] {processor.py:914} INFO - Processing file /home/airflow/.local/lib/python3.12/site-packages/airflow/example_dags/example_bash_decorator.py for tasks to queue
[2026-07-22T13:14:25.450+0000] {logging_mixin.py:190} INFO - [2026-07-22T13:14:25.449+0000] {dagbag.py:588} INFO - Filling up the DagBag from /home/airflow/.local/lib/python3.12/site-packages/airflow/example_dags/example_bash_decorator.py
[2026-07-22T13:14:25.499+0000] {processor.py:925} INFO - DAG(s) 'example_bash_decorator' retrieved from /home/airflow/.local/lib/python3.12/site-packages/airflow/example_dags/example_bash_decorator.py
[2026-07-22T13:14:25.548+0000] {logging_mixin.py:190} INFO - [2026-07-22T13:14:25.548+0000] {dag.py:3239} INFO - Sync 1 DAGs
[2026-07-22T13:14:25.577+0000] {logging_mixin.py:190} INFO - [2026-07-22T13:14:25.577+0000] {dag.py:4180} INFO - Setting next_dagrun for example_bash_decorator to None, run_after=None
[2026-07-22T13:14:25.632+0000] {processor.py:208} INFO - Processing /home/airflow/.local/lib/python3.12/site-packages/airflow/example_dags/example_bash_decorator.py took 0.205 seconds
[2026-07-22T13:14:56.382+0000] {processor.py:186} INFO - Started process (PID=1009) to work on /home/airflow/.local/lib/python3.12/site-packages/airflow/example_dags/example_bash_decorator.py
[2026-07-22T13:14:56.386+0000] {processor.py:914} INFO - Processing file /home/airflow/.local/lib/python3.12/site-packages/airflow/example_dags/example_bash_decorator.py for tasks to queue
[2026-07-22T13:14:56.394+0000] {logging_mixin.py:190} INFO - [2026-07-22T13:14:56.393+0000] {dagbag.py:588} INFO - Filling up the DagBag from /home/airflow/.local/lib/python3.12/site-packages/airflow/example_dags/example_bash_decorator.py
[2026-07-22T13:14:56.438+0000] {processor.py:925} INFO - DAG(s) 'example_bash_decorator' retrieved from /home/airflow/.local/lib/python3.12/site-packages/airflow/example_dags/example_bash_decorator.py
[2026-07-22T13:14:56.504+0000] {logging_mixin.py:190} INFO - [2026-07-22T13:14:56.503+0000] {dag.py:3239} INFO - Sync 1 DAGs
[2026-07-22T13:14:56.624+0000] {logging_mixin.py:190} INFO - [2026-07-22T13:14:56.624+0000] {dag.py:4180} INFO - Setting next_dagrun for example_bash_decorator to None, run_after=None
[2026-07-22T13:14:56.712+0000] {processor.py:208} INFO - Processing /home/airflow/.local/lib/python3.12/site-packages/airflow/example_dags/example_bash_decorator.py took 0.351 seconds
[2026-07-22T13:15:30.205+0000] {processor.py:186} INFO - Started process (PID=1073) to work on /home/airflow/.local/lib/python3.12/site-packages/airflow/example_dags/example_bash_decorator.py
[2026-07-22T13:15:30.209+0000] {processor.py:914} INFO - Processing file /home/airflow/.local/lib/python3.12/site-packages/airflow/example_dags/example_bash_decorator.py for tasks to queue
[2026-07-22T13:15:30.222+0000] {logging_mixin.py:190} INFO - [2026-07-22T13:15:30.221+0000] {dagbag.py:588} INFO - Filling up the DagBag from /home/airflow/.local/lib/python3.12/site-packages/airflow/example_dags/example_bash_decorator.py
[2026-07-22T13:15:30.279+0000] {processor.py:925} INFO - DAG(s) 'example_bash_decorator' retrieved from /home/airflow/.local/lib/python3.12/site-packages/airflow/example_dags/example_bash_decorator.py
[2026-07-22T13:15:30.328+0000] {logging_mixin.py:190} INFO - [2026-07-22T13:15:30.327+0000] {dag.py:3239} INFO - Sync 1 DAGs
[2026-07-22T13:15:30.361+0000] {logging_mixin.py:190} INFO - [2026-07-22T13:15:30.361+0000] {dag.py:4180} INFO - Setting next_dagrun for example_bash_decorator to None, run_after=None
[2026-07-22T13:15:30.420+0000] {processor.py:208} INFO - Processing /home/airflow/.local/lib/python3.12/site-packages/airflow/example_dags/example_bash_decorator.py took 0.238 seconds
[2026-07-22T13:16:00.808+0000] {processor.py:186} INFO - Started process (PID=1134) to work on /home/airflow/.local/lib/python3.12/site-packages/airflow/example_dags/example_bash_decorator.py
[2026-07-22T13:16:00.811+0000] {processor.py:914} INFO - Processing file /home/airflow/.local/lib/python3.12/site-packages/airflow/example_dags/example_bash_decorator.py for tasks to queue
[2026-07-22T13:16:00.817+0000] {logging_mixin.py:190} INFO - [2026-07-22T13:16:00.816+0000] {dagbag.py:588} INFO - Filling up the DagBag from /home/airflow/.local/lib/python3.12/site-packages/airflow/example_dags/example_bash_decorator.py
[2026-07-22T13:16:00.854+0000] {processor.py:925} INFO - DAG(s) 'example_bash_decorator' retrieved from /home/airflow/.local/lib/python3.12/site-packages/airflow/example_dags/example_bash_decorator.py
[2026-07-22T13:16:00.972+0000] {logging_mixin.py:190} INFO - [2026-07-22T13:16:00.971+0000] {dag.py:3239} INFO - Sync 1 DAGs
[2026-07-22T13:16:01.052+0000] {logging_mixin.py:190} INFO - [2026-07-22T13:16:01.051+0000] {dag.py:4180} INFO - Setting next_dagrun for example_bash_decorator to None, run_after=None
[2026-07-22T13:16:01.149+0000] {processor.py:208} INFO - Processing /home/airflow/.local/lib/python3.12/site-packages/airflow/example_dags/example_bash_decorator.py took 0.355 seconds
[2026-07-22T13:16:31.885+0000] {processor.py:186} INFO - Started process (PID=1196) to work on /home/airflow/.local/lib/python3.12/site-packages/airflow/example_dags/example_bash_decorator.py
[2026-07-22T13:16:31.890+0000] {processor.py:914} INFO - Processing file /home/airflow/.local/lib/python3.12/site-packages/airflow/example_dags/example_bash_decorator.py for tasks to queue
[2026-07-22T13:16:31.897+0000] {logging_mixin.py:190} INFO - [2026-07-22T13:16:31.896+0000] {dagbag.py:588} INFO - Filling up the DagBag from /home/airflow/.local/lib/python3.12/site-packages/airflow/example_dags/example_bash_decorator.py
[2026-07-22T13:16:31.937+0000] {processor.py:925} INFO - DAG(s) 'example_bash_decorator' retrieved from /home/airflow/.local/lib/python3.12/site-packages/airflow/example_dags/example_bash_decorator.py
[2026-07-22T13:16:31.989+0000] {logging_mixin.py:190} INFO - [2026-07-22T13:16:31.989+0000] {dag.py:3239} INFO - Sync 1 DAGs
[2026-07-22T13:16:32.021+0000] {logging_mixin.py:190} INFO - [2026-07-22T13:16:32.020+0000] {dag.py:4180} INFO - Setting next_dagrun for example_bash_decorator to None, run_after=None
[2026-07-22T13:16:32.066+0000] {processor.py:208} INFO - Processing /home/airflow/.local/lib/python3.12/site-packages/airflow/example_dags/example_bash_decorator.py took 0.197 seconds
[2026-07-22T13:17:02.380+0000] {processor.py:186} INFO - Started process (PID=1259) to work on /home/airflow/.local/lib/python3.12/site-packages/airflow/example_dags/example_bash_decorator.py
[2026-07-22T13:17:02.384+0000] {processor.py:914} INFO - Processing file /home/airflow/.local/lib/python3.12/site-packages/airflow/example_dags/example_bash_decorator.py for tasks to queue
[2026-07-22T13:17:02.413+0000] {logging_mixin.py:190} INFO - [2026-07-22T13:17:02.406+0000] {dagbag.py:588} INFO - Filling up the DagBag from /home/airflow/.local/lib/python3.12/site-packages/airflow/example_dags/example_bash_decorator.py
[2026-07-22T13:17:02.519+0000] {processor.py:925} INFO - DAG(s) 'example_bash_decorator' retrieved from /home/airflow/.local/lib/python3.12/site-packages/airflow/example_dags/example_bash_decorator.py
[2026-07-22T13:17:02.636+0000] {logging_mixin.py:190} INFO - [2026-07-22T13:17:02.635+0000] {dag.py:3239} INFO - Sync 1 DAGs
[2026-07-22T13:17:02.711+0000] {logging_mixin.py:190} INFO - [2026-07-22T13:17:02.710+0000] {dag.py:4180} INFO - Setting next_dagrun for example_bash_decorator to None, run_after=None
[2026-07-22T13:17:02.777+0000] {processor.py:208} INFO - Processing /home/airflow/.local/lib/python3.12/site-packages/airflow/example_dags/example_bash_decorator.py took 0.455 seconds
[2026-07-22T13:17:32.882+0000] {processor.py:186} INFO - Started process (PID=1322) to work on /home/airflow/.local/lib/python3.12/site-packages/airflow/example_dags/example_bash_decorator.py
[2026-07-22T13:17:32.884+0000] {processor.py:914} INFO - Processing file /home/airflow/.local/lib/python3.12/site-packages/airflow/example_dags/example_bash_decorator.py for tasks to queue
[2026-07-22T13:17:32.890+0000] {logging_mixin.py:190} INFO - [2026-07-22T13:17:32.889+0000] {dagbag.py:588} INFO - Filling up the DagBag from /home/airflow/.local/lib/python3.12/site-packages/airflow/example_dags/example_bash_decorator.py
[2026-07-22T13:17:32.916+0000] {processor.py:925} INFO - DAG(s) 'example_bash_decorator' retrieved from /home/airflow/.local/lib/python3.12/site-packages/airflow/example_dags/example_bash_decorator.py
[2026-07-22T13:17:32.963+0000] {logging_mixin.py:190} INFO - [2026-07-22T13:17:32.962+0000] {dag.py:3239} INFO - Sync 1 DAGs
[2026-07-22T13:17:32.994+0000] {logging_mixin.py:190} INFO - [2026-07-22T13:17:32.993+0000] {dag.py:4180} INFO - Setting next_dagrun for example_bash_decorator to None, run_after=None
[2026-07-22T13:17:33.035+0000] {processor.py:208} INFO - Processing /home/airflow/.local/lib/python3.12/site-packages/airflow/example_dags/example_bash_decorator.py took 0.167 seconds
