[2026-07-22T13:07:25.387+0000] {processor.py:186} INFO - Started process (PID=103) to work on /home/airflow/.local/lib/python3.12/site-packages/airflow/example_dags/example_dataset_alias_with_no_taskflow.py
[2026-07-22T13:07:25.389+0000] {processor.py:914} INFO - Processing file /home/airflow/.local/lib/python3.12/site-packages/airflow/example_dags/example_dataset_alias_with_no_taskflow.py for tasks to queue
[2026-07-22T13:07:25.396+0000] {logging_mixin.py:190} INFO - [2026-07-22T13:07:25.395+0000] {dagbag.py:588} INFO - Filling up the DagBag from /home/airflow/.local/lib/python3.12/site-packages/airflow/example_dags/example_dataset_alias_with_no_taskflow.py
[2026-07-22T13:07:26.560+0000] {processor.py:925} INFO - DAG(s) 'dataset_alias_example_alias_producer_with_no_taskflow', 'dataset_alias_example_alias_consumer_with_no_taskflow', 'dataset_s3_bucket_producer_with_no_taskflow', 'dataset_s3_bucket_consumer_with_no_taskflow' retrieved from /home/airflow/.local/lib/python3.12/site-packages/airflow/example_dags/example_dataset_alias_with_no_taskflow.py
[2026-07-22T13:07:26.717+0000] {logging_mixin.py:190} INFO - [2026-07-22T13:07:26.716+0000] {override.py:1912} INFO - Created Permission View: can read on DAG:dataset_alias_example_alias_producer_with_no_taskflow
[2026-07-22T13:07:26.739+0000] {logging_mixin.py:190} INFO - [2026-07-22T13:07:26.738+0000] {override.py:1912} INFO - Created Permission View: can edit on DAG:dataset_alias_example_alias_producer_with_no_taskflow
[2026-07-22T13:07:26.757+0000] {logging_mixin.py:190} INFO - [2026-07-22T13:07:26.756+0000] {override.py:1912} INFO - Created Permission View: can delete on DAG:dataset_alias_example_alias_producer_with_no_taskflow
[2026-07-22T13:07:26.778+0000] {logging_mixin.py:190} INFO - [2026-07-22T13:07:26.778+0000] {override.py:1912} INFO - Created Permission View: can read on DAG Run:dataset_alias_example_alias_producer_with_no_taskflow
[2026-07-22T13:07:26.793+0000] {logging_mixin.py:190} INFO - [2026-07-22T13:07:26.792+0000] {override.py:1912} INFO - Created Permission View: menu access on DAG Run:dataset_alias_example_alias_producer_with_no_taskflow
[2026-07-22T13:07:26.808+0000] {logging_mixin.py:190} INFO - [2026-07-22T13:07:26.807+0000] {override.py:1912} INFO - Created Permission View: can create on DAG Run:dataset_alias_example_alias_producer_with_no_taskflow
[2026-07-22T13:07:26.825+0000] {logging_mixin.py:190} INFO - [2026-07-22T13:07:26.824+0000] {override.py:1912} INFO - Created Permission View: can delete on DAG Run:dataset_alias_example_alias_producer_with_no_taskflow
[2026-07-22T13:07:26.855+0000] {logging_mixin.py:190} INFO - [2026-07-22T13:07:26.855+0000] {override.py:1912} INFO - Created Permission View: can read on DAG:dataset_alias_example_alias_consumer_with_no_taskflow
[2026-07-22T13:07:26.872+0000] {logging_mixin.py:190} INFO - [2026-07-22T13:07:26.871+0000] {override.py:1912} INFO - Created Permission View: can edit on DAG:dataset_alias_example_alias_consumer_with_no_taskflow
[2026-07-22T13:07:26.890+0000] {logging_mixin.py:190} INFO - [2026-07-22T13:07:26.890+0000] {override.py:1912} INFO - Created Permission View: can delete on DAG:dataset_alias_example_alias_consumer_with_no_taskflow
[2026-07-22T13:07:26.913+0000] {logging_mixin.py:190} INFO - [2026-07-22T13:07:26.912+0000] {override.py:1912} INFO - Created Permission View: can read on DAG Run:dataset_alias_example_alias_consumer_with_no_taskflow
[2026-07-22T13:07:26.931+0000] {logging_mixin.py:190} INFO - [2026-07-22T13:07:26.930+0000] {override.py:1912} INFO - Created Permission View: menu access on DAG Run:dataset_alias_example_alias_consumer_with_no_taskflow
[2026-07-22T13:07:26.949+0000] {logging_mixin.py:190} INFO - [2026-07-22T13:07:26.948+0000] {override.py:1912} INFO - Created Permission View: can create on DAG Run:dataset_alias_example_alias_consumer_with_no_taskflow
[2026-07-22T13:07:26.963+0000] {logging_mixin.py:190} INFO - [2026-07-22T13:07:26.963+0000] {override.py:1912} INFO - Created Permission View: can delete on DAG Run:dataset_alias_example_alias_consumer_with_no_taskflow
[2026-07-22T13:07:26.992+0000] {logging_mixin.py:190} INFO - [2026-07-22T13:07:26.991+0000] {override.py:1912} INFO - Created Permission View: can read on DAG:dataset_s3_bucket_producer_with_no_taskflow
[2026-07-22T13:07:27.013+0000] {logging_mixin.py:190} INFO - [2026-07-22T13:07:27.012+0000] {override.py:1912} INFO - Created Permission View: can edit on DAG:dataset_s3_bucket_producer_with_no_taskflow
[2026-07-22T13:07:27.031+0000] {logging_mixin.py:190} INFO - [2026-07-22T13:07:27.030+0000] {override.py:1912} INFO - Created Permission View: can delete on DAG:dataset_s3_bucket_producer_with_no_taskflow
[2026-07-22T13:07:27.048+0000] {logging_mixin.py:190} INFO - [2026-07-22T13:07:27.047+0000] {override.py:1912} INFO - Created Permission View: can read on DAG Run:dataset_s3_bucket_producer_with_no_taskflow
[2026-07-22T13:07:27.061+0000] {logging_mixin.py:190} INFO - [2026-07-22T13:07:27.061+0000] {override.py:1912} INFO - Created Permission View: menu access on DAG Run:dataset_s3_bucket_producer_with_no_taskflow
[2026-07-22T13:07:27.076+0000] {logging_mixin.py:190} INFO - [2026-07-22T13:07:27.076+0000] {override.py:1912} INFO - Created Permission View: can create on DAG Run:dataset_s3_bucket_producer_with_no_taskflow
[2026-07-22T13:07:27.090+0000] {logging_mixin.py:190} INFO - [2026-07-22T13:07:27.089+0000] {override.py:1912} INFO - Created Permission View: can delete on DAG Run:dataset_s3_bucket_producer_with_no_taskflow
[2026-07-22T13:07:27.114+0000] {logging_mixin.py:190} INFO - [2026-07-22T13:07:27.114+0000] {override.py:1912} INFO - Created Permission View: can read on DAG:dataset_s3_bucket_consumer_with_no_taskflow
[2026-07-22T13:07:27.129+0000] {logging_mixin.py:190} INFO - [2026-07-22T13:07:27.129+0000] {override.py:1912} INFO - Created Permission View: can edit on DAG:dataset_s3_bucket_consumer_with_no_taskflow
[2026-07-22T13:07:27.144+0000] {logging_mixin.py:190} INFO - [2026-07-22T13:07:27.143+0000] {override.py:1912} INFO - Created Permission View: can delete on DAG:dataset_s3_bucket_consumer_with_no_taskflow
[2026-07-22T13:07:27.160+0000] {logging_mixin.py:190} INFO - [2026-07-22T13:07:27.159+0000] {override.py:1912} INFO - Created Permission View: can read on DAG Run:dataset_s3_bucket_consumer_with_no_taskflow
[2026-07-22T13:07:27.175+0000] {logging_mixin.py:190} INFO - [2026-07-22T13:07:27.175+0000] {override.py:1912} INFO - Created Permission View: menu access on DAG Run:dataset_s3_bucket_consumer_with_no_taskflow
[2026-07-22T13:07:27.189+0000] {logging_mixin.py:190} INFO - [2026-07-22T13:07:27.189+0000] {override.py:1912} INFO - Created Permission View: can create on DAG Run:dataset_s3_bucket_consumer_with_no_taskflow
[2026-07-22T13:07:27.204+0000] {logging_mixin.py:190} INFO - [2026-07-22T13:07:27.204+0000] {override.py:1912} INFO - Created Permission View: can delete on DAG Run:dataset_s3_bucket_consumer_with_no_taskflow
[2026-07-22T13:07:27.207+0000] {logging_mixin.py:190} INFO - [2026-07-22T13:07:27.206+0000] {dag.py:3239} INFO - Sync 4 DAGs
[2026-07-22T13:07:27.236+0000] {logging_mixin.py:190} INFO - [2026-07-22T13:07:27.235+0000] {dag.py:3262} INFO - Creating ORM DAG for dataset_s3_bucket_consumer_with_no_taskflow
[2026-07-22T13:07:27.238+0000] {logging_mixin.py:190} INFO - [2026-07-22T13:07:27.237+0000] {dag.py:3262} INFO - Creating ORM DAG for dataset_alias_example_alias_consumer_with_no_taskflow
[2026-07-22T13:07:27.240+0000] {logging_mixin.py:190} INFO - [2026-07-22T13:07:27.240+0000] {dag.py:3262} INFO - Creating ORM DAG for dataset_s3_bucket_producer_with_no_taskflow
[2026-07-22T13:07:27.243+0000] {logging_mixin.py:190} INFO - [2026-07-22T13:07:27.242+0000] {dag.py:3262} INFO - Creating ORM DAG for dataset_alias_example_alias_producer_with_no_taskflow
[2026-07-22T13:07:27.259+0000] {logging_mixin.py:190} INFO - [2026-07-22T13:07:27.258+0000] {dag.py:4180} INFO - Setting next_dagrun for dataset_alias_example_alias_consumer_with_no_taskflow to None, run_after=None
[2026-07-22T13:07:27.262+0000] {logging_mixin.py:190} INFO - [2026-07-22T13:07:27.262+0000] {dag.py:4180} INFO - Setting next_dagrun for dataset_alias_example_alias_producer_with_no_taskflow to None, run_after=None
[2026-07-22T13:07:27.265+0000] {logging_mixin.py:190} INFO - [2026-07-22T13:07:27.264+0000] {dag.py:4180} INFO - Setting next_dagrun for dataset_s3_bucket_consumer_with_no_taskflow to None, run_after=None
[2026-07-22T13:07:27.267+0000] {logging_mixin.py:190} INFO - [2026-07-22T13:07:27.267+0000] {dag.py:4180} INFO - Setting next_dagrun for dataset_s3_bucket_producer_with_no_taskflow to None, run_after=None
[2026-07-22T13:07:27.330+0000] {processor.py:208} INFO - Processing /home/airflow/.local/lib/python3.12/site-packages/airflow/example_dags/example_dataset_alias_with_no_taskflow.py took 1.953 seconds
[2026-07-22T13:07:57.965+0000] {processor.py:186} INFO - Started process (PID=168) to work on /home/airflow/.local/lib/python3.12/site-packages/airflow/example_dags/example_dataset_alias_with_no_taskflow.py
[2026-07-22T13:07:57.969+0000] {processor.py:914} INFO - Processing file /home/airflow/.local/lib/python3.12/site-packages/airflow/example_dags/example_dataset_alias_with_no_taskflow.py for tasks to queue
[2026-07-22T13:07:57.976+0000] {logging_mixin.py:190} INFO - [2026-07-22T13:07:57.976+0000] {dagbag.py:588} INFO - Filling up the DagBag from /home/airflow/.local/lib/python3.12/site-packages/airflow/example_dags/example_dataset_alias_with_no_taskflow.py
[2026-07-22T13:07:59.588+0000] {processor.py:925} INFO - DAG(s) 'dataset_alias_example_alias_consumer_with_no_taskflow', 'dataset_alias_example_alias_producer_with_no_taskflow', 'dataset_s3_bucket_consumer_with_no_taskflow', 'dataset_s3_bucket_producer_with_no_taskflow' retrieved from /home/airflow/.local/lib/python3.12/site-packages/airflow/example_dags/example_dataset_alias_with_no_taskflow.py
[2026-07-22T13:07:59.659+0000] {logging_mixin.py:190} INFO - [2026-07-22T13:07:59.657+0000] {dag.py:3239} INFO - Sync 4 DAGs
[2026-07-22T13:07:59.713+0000] {logging_mixin.py:190} INFO - [2026-07-22T13:07:59.713+0000] {dag.py:4180} INFO - Setting next_dagrun for dataset_alias_example_alias_consumer_with_no_taskflow to None, run_after=None
[2026-07-22T13:07:59.720+0000] {logging_mixin.py:190} INFO - [2026-07-22T13:07:59.719+0000] {dag.py:4180} INFO - Setting next_dagrun for dataset_alias_example_alias_producer_with_no_taskflow to None, run_after=None
[2026-07-22T13:07:59.724+0000] {logging_mixin.py:190} INFO - [2026-07-22T13:07:59.724+0000] {dag.py:4180} INFO - Setting next_dagrun for dataset_s3_bucket_consumer_with_no_taskflow to None, run_after=None
[2026-07-22T13:07:59.729+0000] {logging_mixin.py:190} INFO - [2026-07-22T13:07:59.729+0000] {dag.py:4180} INFO - Setting next_dagrun for dataset_s3_bucket_producer_with_no_taskflow to None, run_after=None
[2026-07-22T13:07:59.776+0000] {processor.py:208} INFO - Processing /home/airflow/.local/lib/python3.12/site-packages/airflow/example_dags/example_dataset_alias_with_no_taskflow.py took 1.822 seconds
[2026-07-22T13:08:30.952+0000] {processor.py:186} INFO - Started process (PID=234) to work on /home/airflow/.local/lib/python3.12/site-packages/airflow/example_dags/example_dataset_alias_with_no_taskflow.py
[2026-07-22T13:08:30.974+0000] {processor.py:914} INFO - Processing file /home/airflow/.local/lib/python3.12/site-packages/airflow/example_dags/example_dataset_alias_with_no_taskflow.py for tasks to queue
[2026-07-22T13:08:31.000+0000] {logging_mixin.py:190} INFO - [2026-07-22T13:08:30.998+0000] {dagbag.py:588} INFO - Filling up the DagBag from /home/airflow/.local/lib/python3.12/site-packages/airflow/example_dags/example_dataset_alias_with_no_taskflow.py
[2026-07-22T13:08:33.362+0000] {processor.py:925} INFO - DAG(s) 'dataset_alias_example_alias_consumer_with_no_taskflow', 'dataset_s3_bucket_consumer_with_no_taskflow', 'dataset_alias_example_alias_producer_with_no_taskflow', 'dataset_s3_bucket_producer_with_no_taskflow' retrieved from /home/airflow/.local/lib/python3.12/site-packages/airflow/example_dags/example_dataset_alias_with_no_taskflow.py
[2026-07-22T13:08:33.506+0000] {logging_mixin.py:190} INFO - [2026-07-22T13:08:33.505+0000] {dag.py:3239} INFO - Sync 4 DAGs
[2026-07-22T13:08:33.673+0000] {logging_mixin.py:190} INFO - [2026-07-22T13:08:33.673+0000] {dag.py:4180} INFO - Setting next_dagrun for dataset_alias_example_alias_consumer_with_no_taskflow to None, run_after=None
[2026-07-22T13:08:33.685+0000] {logging_mixin.py:190} INFO - [2026-07-22T13:08:33.685+0000] {dag.py:4180} INFO - Setting next_dagrun for dataset_alias_example_alias_producer_with_no_taskflow to None, run_after=None
[2026-07-22T13:08:33.693+0000] {logging_mixin.py:190} INFO - [2026-07-22T13:08:33.692+0000] {dag.py:4180} INFO - Setting next_dagrun for dataset_s3_bucket_consumer_with_no_taskflow to None, run_after=None
[2026-07-22T13:08:33.700+0000] {logging_mixin.py:190} INFO - [2026-07-22T13:08:33.699+0000] {dag.py:4180} INFO - Setting next_dagrun for dataset_s3_bucket_producer_with_no_taskflow to None, run_after=None
[2026-07-22T13:08:33.803+0000] {processor.py:208} INFO - Processing /home/airflow/.local/lib/python3.12/site-packages/airflow/example_dags/example_dataset_alias_with_no_taskflow.py took 2.899 seconds
[2026-07-22T13:09:04.029+0000] {processor.py:186} INFO - Started process (PID=297) to work on /home/airflow/.local/lib/python3.12/site-packages/airflow/example_dags/example_dataset_alias_with_no_taskflow.py
[2026-07-22T13:09:04.050+0000] {processor.py:914} INFO - Processing file /home/airflow/.local/lib/python3.12/site-packages/airflow/example_dags/example_dataset_alias_with_no_taskflow.py for tasks to queue
[2026-07-22T13:09:04.056+0000] {logging_mixin.py:190} INFO - [2026-07-22T13:09:04.056+0000] {dagbag.py:588} INFO - Filling up the DagBag from /home/airflow/.local/lib/python3.12/site-packages/airflow/example_dags/example_dataset_alias_with_no_taskflow.py
[2026-07-22T13:09:05.016+0000] {processor.py:925} INFO - DAG(s) 'dataset_s3_bucket_producer_with_no_taskflow', 'dataset_alias_example_alias_producer_with_no_taskflow', 'dataset_s3_bucket_consumer_with_no_taskflow', 'dataset_alias_example_alias_consumer_with_no_taskflow' retrieved from /home/airflow/.local/lib/python3.12/site-packages/airflow/example_dags/example_dataset_alias_with_no_taskflow.py
[2026-07-22T13:09:05.047+0000] {logging_mixin.py:190} INFO - [2026-07-22T13:09:05.046+0000] {dag.py:3239} INFO - Sync 4 DAGs
[2026-07-22T13:09:05.080+0000] {logging_mixin.py:190} INFO - [2026-07-22T13:09:05.079+0000] {dag.py:4180} INFO - Setting next_dagrun for dataset_alias_example_alias_consumer_with_no_taskflow to None, run_after=None
[2026-07-22T13:09:05.085+0000] {logging_mixin.py:190} INFO - [2026-07-22T13:09:05.085+0000] {dag.py:4180} INFO - Setting next_dagrun for dataset_alias_example_alias_producer_with_no_taskflow to None, run_after=None
[2026-07-22T13:09:05.089+0000] {logging_mixin.py:190} INFO - [2026-07-22T13:09:05.089+0000] {dag.py:4180} INFO - Setting next_dagrun for dataset_s3_bucket_consumer_with_no_taskflow to None, run_after=None
[2026-07-22T13:09:05.093+0000] {logging_mixin.py:190} INFO - [2026-07-22T13:09:05.092+0000] {dag.py:4180} INFO - Setting next_dagrun for dataset_s3_bucket_producer_with_no_taskflow to None, run_after=None
[2026-07-22T13:09:05.131+0000] {processor.py:208} INFO - Processing /home/airflow/.local/lib/python3.12/site-packages/airflow/example_dags/example_dataset_alias_with_no_taskflow.py took 1.117 seconds
[2026-07-22T13:09:35.233+0000] {processor.py:186} INFO - Started process (PID=361) to work on /home/airflow/.local/lib/python3.12/site-packages/airflow/example_dags/example_dataset_alias_with_no_taskflow.py
[2026-07-22T13:09:35.236+0000] {processor.py:914} INFO - Processing file /home/airflow/.local/lib/python3.12/site-packages/airflow/example_dags/example_dataset_alias_with_no_taskflow.py for tasks to queue
[2026-07-22T13:09:35.241+0000] {logging_mixin.py:190} INFO - [2026-07-22T13:09:35.241+0000] {dagbag.py:588} INFO - Filling up the DagBag from /home/airflow/.local/lib/python3.12/site-packages/airflow/example_dags/example_dataset_alias_with_no_taskflow.py
[2026-07-22T13:09:36.164+0000] {processor.py:925} INFO - DAG(s) 'dataset_s3_bucket_producer_with_no_taskflow', 'dataset_alias_example_alias_producer_with_no_taskflow', 'dataset_s3_bucket_consumer_with_no_taskflow', 'dataset_alias_example_alias_consumer_with_no_taskflow' retrieved from /home/airflow/.local/lib/python3.12/site-packages/airflow/example_dags/example_dataset_alias_with_no_taskflow.py
[2026-07-22T13:09:36.200+0000] {logging_mixin.py:190} INFO - [2026-07-22T13:09:36.200+0000] {dag.py:3239} INFO - Sync 4 DAGs
[2026-07-22T13:09:36.234+0000] {logging_mixin.py:190} INFO - [2026-07-22T13:09:36.234+0000] {dag.py:4180} INFO - Setting next_dagrun for dataset_alias_example_alias_consumer_with_no_taskflow to None, run_after=None
[2026-07-22T13:09:36.240+0000] {logging_mixin.py:190} INFO - [2026-07-22T13:09:36.239+0000] {dag.py:4180} INFO - Setting next_dagrun for dataset_alias_example_alias_producer_with_no_taskflow to None, run_after=None
[2026-07-22T13:09:36.243+0000] {logging_mixin.py:190} INFO - [2026-07-22T13:09:36.243+0000] {dag.py:4180} INFO - Setting next_dagrun for dataset_s3_bucket_consumer_with_no_taskflow to None, run_after=None
[2026-07-22T13:09:36.247+0000] {logging_mixin.py:190} INFO - [2026-07-22T13:09:36.247+0000] {dag.py:4180} INFO - Setting next_dagrun for dataset_s3_bucket_producer_with_no_taskflow to None, run_after=None
[2026-07-22T13:09:36.307+0000] {processor.py:208} INFO - Processing /home/airflow/.local/lib/python3.12/site-packages/airflow/example_dags/example_dataset_alias_with_no_taskflow.py took 1.082 seconds
[2026-07-22T13:10:06.460+0000] {processor.py:186} INFO - Started process (PID=426) to work on /home/airflow/.local/lib/python3.12/site-packages/airflow/example_dags/example_dataset_alias_with_no_taskflow.py
[2026-07-22T13:10:06.463+0000] {processor.py:914} INFO - Processing file /home/airflow/.local/lib/python3.12/site-packages/airflow/example_dags/example_dataset_alias_with_no_taskflow.py for tasks to queue
[2026-07-22T13:10:06.469+0000] {logging_mixin.py:190} INFO - [2026-07-22T13:10:06.469+0000] {dagbag.py:588} INFO - Filling up the DagBag from /home/airflow/.local/lib/python3.12/site-packages/airflow/example_dags/example_dataset_alias_with_no_taskflow.py
[2026-07-22T13:10:07.625+0000] {processor.py:925} INFO - DAG(s) 'dataset_alias_example_alias_producer_with_no_taskflow', 'dataset_alias_example_alias_consumer_with_no_taskflow', 'dataset_s3_bucket_producer_with_no_taskflow', 'dataset_s3_bucket_consumer_with_no_taskflow' retrieved from /home/airflow/.local/lib/python3.12/site-packages/airflow/example_dags/example_dataset_alias_with_no_taskflow.py
[2026-07-22T13:10:07.688+0000] {logging_mixin.py:190} INFO - [2026-07-22T13:10:07.687+0000] {dag.py:3239} INFO - Sync 4 DAGs
[2026-07-22T13:10:07.751+0000] {logging_mixin.py:190} INFO - [2026-07-22T13:10:07.751+0000] {dag.py:4180} INFO - Setting next_dagrun for dataset_alias_example_alias_consumer_with_no_taskflow to None, run_after=None
[2026-07-22T13:10:07.759+0000] {logging_mixin.py:190} INFO - [2026-07-22T13:10:07.758+0000] {dag.py:4180} INFO - Setting next_dagrun for dataset_alias_example_alias_producer_with_no_taskflow to None, run_after=None
[2026-07-22T13:10:07.765+0000] {logging_mixin.py:190} INFO - [2026-07-22T13:10:07.764+0000] {dag.py:4180} INFO - Setting next_dagrun for dataset_s3_bucket_consumer_with_no_taskflow to None, run_after=None
[2026-07-22T13:10:07.770+0000] {logging_mixin.py:190} INFO - [2026-07-22T13:10:07.770+0000] {dag.py:4180} INFO - Setting next_dagrun for dataset_s3_bucket_producer_with_no_taskflow to None, run_after=None
[2026-07-22T13:10:07.828+0000] {processor.py:208} INFO - Processing /home/airflow/.local/lib/python3.12/site-packages/airflow/example_dags/example_dataset_alias_with_no_taskflow.py took 1.384 seconds
[2026-07-22T13:10:38.674+0000] {processor.py:186} INFO - Started process (PID=489) to work on /home/airflow/.local/lib/python3.12/site-packages/airflow/example_dags/example_dataset_alias_with_no_taskflow.py
[2026-07-22T13:10:38.676+0000] {processor.py:914} INFO - Processing file /home/airflow/.local/lib/python3.12/site-packages/airflow/example_dags/example_dataset_alias_with_no_taskflow.py for tasks to queue
[2026-07-22T13:10:38.681+0000] {logging_mixin.py:190} INFO - [2026-07-22T13:10:38.680+0000] {dagbag.py:588} INFO - Filling up the DagBag from /home/airflow/.local/lib/python3.12/site-packages/airflow/example_dags/example_dataset_alias_with_no_taskflow.py
[2026-07-22T13:10:39.837+0000] {processor.py:925} INFO - DAG(s) 'dataset_s3_bucket_producer_with_no_taskflow', 'dataset_s3_bucket_consumer_with_no_taskflow', 'dataset_alias_example_alias_producer_with_no_taskflow', 'dataset_alias_example_alias_consumer_with_no_taskflow' retrieved from /home/airflow/.local/lib/python3.12/site-packages/airflow/example_dags/example_dataset_alias_with_no_taskflow.py
[2026-07-22T13:10:39.869+0000] {logging_mixin.py:190} INFO - [2026-07-22T13:10:39.868+0000] {dag.py:3239} INFO - Sync 4 DAGs
[2026-07-22T13:10:39.902+0000] {logging_mixin.py:190} INFO - [2026-07-22T13:10:39.902+0000] {dag.py:4180} INFO - Setting next_dagrun for dataset_alias_example_alias_consumer_with_no_taskflow to None, run_after=None
[2026-07-22T13:10:39.909+0000] {logging_mixin.py:190} INFO - [2026-07-22T13:10:39.909+0000] {dag.py:4180} INFO - Setting next_dagrun for dataset_alias_example_alias_producer_with_no_taskflow to None, run_after=None
[2026-07-22T13:10:39.914+0000] {logging_mixin.py:190} INFO - [2026-07-22T13:10:39.914+0000] {dag.py:4180} INFO - Setting next_dagrun for dataset_s3_bucket_consumer_with_no_taskflow to None, run_after=None
[2026-07-22T13:10:39.921+0000] {logging_mixin.py:190} INFO - [2026-07-22T13:10:39.920+0000] {dag.py:4180} INFO - Setting next_dagrun for dataset_s3_bucket_producer_with_no_taskflow to None, run_after=None
[2026-07-22T13:10:39.968+0000] {processor.py:208} INFO - Processing /home/airflow/.local/lib/python3.12/site-packages/airflow/example_dags/example_dataset_alias_with_no_taskflow.py took 1.305 seconds
[2026-07-22T13:11:10.093+0000] {processor.py:186} INFO - Started process (PID=554) to work on /home/airflow/.local/lib/python3.12/site-packages/airflow/example_dags/example_dataset_alias_with_no_taskflow.py
[2026-07-22T13:11:10.095+0000] {processor.py:914} INFO - Processing file /home/airflow/.local/lib/python3.12/site-packages/airflow/example_dags/example_dataset_alias_with_no_taskflow.py for tasks to queue
[2026-07-22T13:11:10.101+0000] {logging_mixin.py:190} INFO - [2026-07-22T13:11:10.100+0000] {dagbag.py:588} INFO - Filling up the DagBag from /home/airflow/.local/lib/python3.12/site-packages/airflow/example_dags/example_dataset_alias_with_no_taskflow.py
[2026-07-22T13:11:11.278+0000] {processor.py:925} INFO - DAG(s) 'dataset_s3_bucket_producer_with_no_taskflow', 'dataset_alias_example_alias_consumer_with_no_taskflow', 'dataset_s3_bucket_consumer_with_no_taskflow', 'dataset_alias_example_alias_producer_with_no_taskflow' retrieved from /home/airflow/.local/lib/python3.12/site-packages/airflow/example_dags/example_dataset_alias_with_no_taskflow.py
[2026-07-22T13:11:11.313+0000] {logging_mixin.py:190} INFO - [2026-07-22T13:11:11.312+0000] {dag.py:3239} INFO - Sync 4 DAGs
[2026-07-22T13:11:11.348+0000] {logging_mixin.py:190} INFO - [2026-07-22T13:11:11.348+0000] {dag.py:4180} INFO - Setting next_dagrun for dataset_alias_example_alias_consumer_with_no_taskflow to None, run_after=None
[2026-07-22T13:11:11.356+0000] {logging_mixin.py:190} INFO - [2026-07-22T13:11:11.355+0000] {dag.py:4180} INFO - Setting next_dagrun for dataset_alias_example_alias_producer_with_no_taskflow to None, run_after=None
[2026-07-22T13:11:11.359+0000] {logging_mixin.py:190} INFO - [2026-07-22T13:11:11.359+0000] {dag.py:4180} INFO - Setting next_dagrun for dataset_s3_bucket_consumer_with_no_taskflow to None, run_after=None
[2026-07-22T13:11:11.362+0000] {logging_mixin.py:190} INFO - [2026-07-22T13:11:11.362+0000] {dag.py:4180} INFO - Setting next_dagrun for dataset_s3_bucket_producer_with_no_taskflow to None, run_after=None
[2026-07-22T13:11:11.403+0000] {processor.py:208} INFO - Processing /home/airflow/.local/lib/python3.12/site-packages/airflow/example_dags/example_dataset_alias_with_no_taskflow.py took 1.322 seconds
[2026-07-22T13:11:41.474+0000] {processor.py:186} INFO - Started process (PID=619) to work on /home/airflow/.local/lib/python3.12/site-packages/airflow/example_dags/example_dataset_alias_with_no_taskflow.py
[2026-07-22T13:11:41.476+0000] {processor.py:914} INFO - Processing file /home/airflow/.local/lib/python3.12/site-packages/airflow/example_dags/example_dataset_alias_with_no_taskflow.py for tasks to queue
[2026-07-22T13:11:41.481+0000] {logging_mixin.py:190} INFO - [2026-07-22T13:11:41.480+0000] {dagbag.py:588} INFO - Filling up the DagBag from /home/airflow/.local/lib/python3.12/site-packages/airflow/example_dags/example_dataset_alias_with_no_taskflow.py
[2026-07-22T13:11:42.425+0000] {processor.py:925} INFO - DAG(s) 'dataset_alias_example_alias_producer_with_no_taskflow', 'dataset_s3_bucket_consumer_with_no_taskflow', 'dataset_alias_example_alias_consumer_with_no_taskflow', 'dataset_s3_bucket_producer_with_no_taskflow' retrieved from /home/airflow/.local/lib/python3.12/site-packages/airflow/example_dags/example_dataset_alias_with_no_taskflow.py
[2026-07-22T13:11:42.469+0000] {logging_mixin.py:190} INFO - [2026-07-22T13:11:42.469+0000] {dag.py:3239} INFO - Sync 4 DAGs
[2026-07-22T13:11:42.500+0000] {logging_mixin.py:190} INFO - [2026-07-22T13:11:42.499+0000] {dag.py:4180} INFO - Setting next_dagrun for dataset_alias_example_alias_consumer_with_no_taskflow to None, run_after=None
[2026-07-22T13:11:42.506+0000] {logging_mixin.py:190} INFO - [2026-07-22T13:11:42.505+0000] {dag.py:4180} INFO - Setting next_dagrun for dataset_alias_example_alias_producer_with_no_taskflow to None, run_after=None
[2026-07-22T13:11:42.511+0000] {logging_mixin.py:190} INFO - [2026-07-22T13:11:42.511+0000] {dag.py:4180} INFO - Setting next_dagrun for dataset_s3_bucket_consumer_with_no_taskflow to None, run_after=None
[2026-07-22T13:11:42.514+0000] {logging_mixin.py:190} INFO - [2026-07-22T13:11:42.514+0000] {dag.py:4180} INFO - Setting next_dagrun for dataset_s3_bucket_producer_with_no_taskflow to None, run_after=None
[2026-07-22T13:11:42.555+0000] {processor.py:208} INFO - Processing /home/airflow/.local/lib/python3.12/site-packages/airflow/example_dags/example_dataset_alias_with_no_taskflow.py took 1.091 seconds
[2026-07-22T13:12:13.020+0000] {processor.py:186} INFO - Started process (PID=682) to work on /home/airflow/.local/lib/python3.12/site-packages/airflow/example_dags/example_dataset_alias_with_no_taskflow.py
[2026-07-22T13:12:13.023+0000] {processor.py:914} INFO - Processing file /home/airflow/.local/lib/python3.12/site-packages/airflow/example_dags/example_dataset_alias_with_no_taskflow.py for tasks to queue
[2026-07-22T13:12:13.033+0000] {logging_mixin.py:190} INFO - [2026-07-22T13:12:13.031+0000] {dagbag.py:588} INFO - Filling up the DagBag from /home/airflow/.local/lib/python3.12/site-packages/airflow/example_dags/example_dataset_alias_with_no_taskflow.py
[2026-07-22T13:12:14.662+0000] {processor.py:925} INFO - DAG(s) 'dataset_alias_example_alias_producer_with_no_taskflow', 'dataset_alias_example_alias_consumer_with_no_taskflow', 'dataset_s3_bucket_producer_with_no_taskflow', 'dataset_s3_bucket_consumer_with_no_taskflow' retrieved from /home/airflow/.local/lib/python3.12/site-packages/airflow/example_dags/example_dataset_alias_with_no_taskflow.py
[2026-07-22T13:12:14.715+0000] {logging_mixin.py:190} INFO - [2026-07-22T13:12:14.714+0000] {dag.py:3239} INFO - Sync 4 DAGs
[2026-07-22T13:12:14.779+0000] {logging_mixin.py:190} INFO - [2026-07-22T13:12:14.779+0000] {dag.py:4180} INFO - Setting next_dagrun for dataset_alias_example_alias_consumer_with_no_taskflow to None, run_after=None
[2026-07-22T13:12:14.788+0000] {logging_mixin.py:190} INFO - [2026-07-22T13:12:14.788+0000] {dag.py:4180} INFO - Setting next_dagrun for dataset_alias_example_alias_producer_with_no_taskflow to None, run_after=None
[2026-07-22T13:12:14.793+0000] {logging_mixin.py:190} INFO - [2026-07-22T13:12:14.792+0000] {dag.py:4180} INFO - Setting next_dagrun for dataset_s3_bucket_consumer_with_no_taskflow to None, run_after=None
[2026-07-22T13:12:14.797+0000] {logging_mixin.py:190} INFO - [2026-07-22T13:12:14.797+0000] {dag.py:4180} INFO - Setting next_dagrun for dataset_s3_bucket_producer_with_no_taskflow to None, run_after=None
[2026-07-22T13:12:14.860+0000] {processor.py:208} INFO - Processing /home/airflow/.local/lib/python3.12/site-packages/airflow/example_dags/example_dataset_alias_with_no_taskflow.py took 1.868 seconds
[2026-07-22T13:12:45.582+0000] {processor.py:186} INFO - Started process (PID=745) to work on /home/airflow/.local/lib/python3.12/site-packages/airflow/example_dags/example_dataset_alias_with_no_taskflow.py
[2026-07-22T13:12:45.585+0000] {processor.py:914} INFO - Processing file /home/airflow/.local/lib/python3.12/site-packages/airflow/example_dags/example_dataset_alias_with_no_taskflow.py for tasks to queue
[2026-07-22T13:12:45.591+0000] {logging_mixin.py:190} INFO - [2026-07-22T13:12:45.591+0000] {dagbag.py:588} INFO - Filling up the DagBag from /home/airflow/.local/lib/python3.12/site-packages/airflow/example_dags/example_dataset_alias_with_no_taskflow.py
[2026-07-22T13:12:46.868+0000] {processor.py:925} INFO - DAG(s) 'dataset_s3_bucket_producer_with_no_taskflow', 'dataset_s3_bucket_consumer_with_no_taskflow', 'dataset_alias_example_alias_producer_with_no_taskflow', 'dataset_alias_example_alias_consumer_with_no_taskflow' retrieved from /home/airflow/.local/lib/python3.12/site-packages/airflow/example_dags/example_dataset_alias_with_no_taskflow.py
[2026-07-22T13:12:46.925+0000] {logging_mixin.py:190} INFO - [2026-07-22T13:12:46.924+0000] {dag.py:3239} INFO - Sync 4 DAGs
[2026-07-22T13:12:47.043+0000] {logging_mixin.py:190} INFO - [2026-07-22T13:12:47.042+0000] {dag.py:4180} INFO - Setting next_dagrun for dataset_alias_example_alias_consumer_with_no_taskflow to None, run_after=None
[2026-07-22T13:12:47.065+0000] {logging_mixin.py:190} INFO - [2026-07-22T13:12:47.064+0000] {dag.py:4180} INFO - Setting next_dagrun for dataset_alias_example_alias_producer_with_no_taskflow to None, run_after=None
[2026-07-22T13:12:47.074+0000] {logging_mixin.py:190} INFO - [2026-07-22T13:12:47.074+0000] {dag.py:4180} INFO - Setting next_dagrun for dataset_s3_bucket_consumer_with_no_taskflow to None, run_after=None
[2026-07-22T13:12:47.080+0000] {logging_mixin.py:190} INFO - [2026-07-22T13:12:47.079+0000] {dag.py:4180} INFO - Setting next_dagrun for dataset_s3_bucket_producer_with_no_taskflow to None, run_after=None
[2026-07-22T13:12:47.145+0000] {processor.py:208} INFO - Processing /home/airflow/.local/lib/python3.12/site-packages/airflow/example_dags/example_dataset_alias_with_no_taskflow.py took 1.576 seconds
[2026-07-22T13:13:17.822+0000] {processor.py:186} INFO - Started process (PID=814) to work on /home/airflow/.local/lib/python3.12/site-packages/airflow/example_dags/example_dataset_alias_with_no_taskflow.py
[2026-07-22T13:13:17.826+0000] {processor.py:914} INFO - Processing file /home/airflow/.local/lib/python3.12/site-packages/airflow/example_dags/example_dataset_alias_with_no_taskflow.py for tasks to queue
[2026-07-22T13:13:17.832+0000] {logging_mixin.py:190} INFO - [2026-07-22T13:13:17.832+0000] {dagbag.py:588} INFO - Filling up the DagBag from /home/airflow/.local/lib/python3.12/site-packages/airflow/example_dags/example_dataset_alias_with_no_taskflow.py
[2026-07-22T13:13:19.336+0000] {processor.py:925} INFO - DAG(s) 'dataset_alias_example_alias_consumer_with_no_taskflow', 'dataset_s3_bucket_producer_with_no_taskflow', 'dataset_s3_bucket_consumer_with_no_taskflow', 'dataset_alias_example_alias_producer_with_no_taskflow' retrieved from /home/airflow/.local/lib/python3.12/site-packages/airflow/example_dags/example_dataset_alias_with_no_taskflow.py
[2026-07-22T13:13:19.404+0000] {logging_mixin.py:190} INFO - [2026-07-22T13:13:19.402+0000] {dag.py:3239} INFO - Sync 4 DAGs
[2026-07-22T13:13:19.469+0000] {logging_mixin.py:190} INFO - [2026-07-22T13:13:19.468+0000] {dag.py:4180} INFO - Setting next_dagrun for dataset_alias_example_alias_consumer_with_no_taskflow to None, run_after=None
[2026-07-22T13:13:19.480+0000] {logging_mixin.py:190} INFO - [2026-07-22T13:13:19.479+0000] {dag.py:4180} INFO - Setting next_dagrun for dataset_alias_example_alias_producer_with_no_taskflow to None, run_after=None
[2026-07-22T13:13:19.488+0000] {logging_mixin.py:190} INFO - [2026-07-22T13:13:19.487+0000] {dag.py:4180} INFO - Setting next_dagrun for dataset_s3_bucket_consumer_with_no_taskflow to None, run_after=None
[2026-07-22T13:13:19.498+0000] {logging_mixin.py:190} INFO - [2026-07-22T13:13:19.497+0000] {dag.py:4180} INFO - Setting next_dagrun for dataset_s3_bucket_producer_with_no_taskflow to None, run_after=None
[2026-07-22T13:13:19.574+0000] {processor.py:208} INFO - Processing /home/airflow/.local/lib/python3.12/site-packages/airflow/example_dags/example_dataset_alias_with_no_taskflow.py took 1.766 seconds
[2026-07-22T13:13:50.428+0000] {processor.py:186} INFO - Started process (PID=877) to work on /home/airflow/.local/lib/python3.12/site-packages/airflow/example_dags/example_dataset_alias_with_no_taskflow.py
[2026-07-22T13:13:50.430+0000] {processor.py:914} INFO - Processing file /home/airflow/.local/lib/python3.12/site-packages/airflow/example_dags/example_dataset_alias_with_no_taskflow.py for tasks to queue
[2026-07-22T13:13:50.435+0000] {logging_mixin.py:190} INFO - [2026-07-22T13:13:50.434+0000] {dagbag.py:588} INFO - Filling up the DagBag from /home/airflow/.local/lib/python3.12/site-packages/airflow/example_dags/example_dataset_alias_with_no_taskflow.py
[2026-07-22T13:13:51.522+0000] {processor.py:925} INFO - DAG(s) 'dataset_s3_bucket_consumer_with_no_taskflow', 'dataset_alias_example_alias_producer_with_no_taskflow', 'dataset_alias_example_alias_consumer_with_no_taskflow', 'dataset_s3_bucket_producer_with_no_taskflow' retrieved from /home/airflow/.local/lib/python3.12/site-packages/airflow/example_dags/example_dataset_alias_with_no_taskflow.py
[2026-07-22T13:13:51.557+0000] {logging_mixin.py:190} INFO - [2026-07-22T13:13:51.556+0000] {dag.py:3239} INFO - Sync 4 DAGs
[2026-07-22T13:13:51.604+0000] {logging_mixin.py:190} INFO - [2026-07-22T13:13:51.603+0000] {dag.py:4180} INFO - Setting next_dagrun for dataset_alias_example_alias_consumer_with_no_taskflow to None, run_after=None
[2026-07-22T13:13:51.616+0000] {logging_mixin.py:190} INFO - [2026-07-22T13:13:51.615+0000] {dag.py:4180} INFO - Setting next_dagrun for dataset_alias_example_alias_producer_with_no_taskflow to None, run_after=None
[2026-07-22T13:13:51.621+0000] {logging_mixin.py:190} INFO - [2026-07-22T13:13:51.620+0000] {dag.py:4180} INFO - Setting next_dagrun for dataset_s3_bucket_consumer_with_no_taskflow to None, run_after=None
[2026-07-22T13:13:51.627+0000] {logging_mixin.py:190} INFO - [2026-07-22T13:13:51.626+0000] {dag.py:4180} INFO - Setting next_dagrun for dataset_s3_bucket_producer_with_no_taskflow to None, run_after=None
[2026-07-22T13:13:51.685+0000] {processor.py:208} INFO - Processing /home/airflow/.local/lib/python3.12/site-packages/airflow/example_dags/example_dataset_alias_with_no_taskflow.py took 1.265 seconds
[2026-07-22T13:14:21.912+0000] {processor.py:186} INFO - Started process (PID=939) to work on /home/airflow/.local/lib/python3.12/site-packages/airflow/example_dags/example_dataset_alias_with_no_taskflow.py
[2026-07-22T13:14:21.917+0000] {processor.py:914} INFO - Processing file /home/airflow/.local/lib/python3.12/site-packages/airflow/example_dags/example_dataset_alias_with_no_taskflow.py for tasks to queue
[2026-07-22T13:14:21.929+0000] {logging_mixin.py:190} INFO - [2026-07-22T13:14:21.928+0000] {dagbag.py:588} INFO - Filling up the DagBag from /home/airflow/.local/lib/python3.12/site-packages/airflow/example_dags/example_dataset_alias_with_no_taskflow.py
[2026-07-22T13:14:23.659+0000] {processor.py:925} INFO - DAG(s) 'dataset_s3_bucket_consumer_with_no_taskflow', 'dataset_s3_bucket_producer_with_no_taskflow', 'dataset_alias_example_alias_producer_with_no_taskflow', 'dataset_alias_example_alias_consumer_with_no_taskflow' retrieved from /home/airflow/.local/lib/python3.12/site-packages/airflow/example_dags/example_dataset_alias_with_no_taskflow.py
[2026-07-22T13:14:23.724+0000] {logging_mixin.py:190} INFO - [2026-07-22T13:14:23.723+0000] {dag.py:3239} INFO - Sync 4 DAGs
[2026-07-22T13:14:23.783+0000] {logging_mixin.py:190} INFO - [2026-07-22T13:14:23.782+0000] {dag.py:4180} INFO - Setting next_dagrun for dataset_alias_example_alias_consumer_with_no_taskflow to None, run_after=None
[2026-07-22T13:14:23.794+0000] {logging_mixin.py:190} INFO - [2026-07-22T13:14:23.793+0000] {dag.py:4180} INFO - Setting next_dagrun for dataset_alias_example_alias_producer_with_no_taskflow to None, run_after=None
[2026-07-22T13:14:23.805+0000] {logging_mixin.py:190} INFO - [2026-07-22T13:14:23.804+0000] {dag.py:4180} INFO - Setting next_dagrun for dataset_s3_bucket_consumer_with_no_taskflow to None, run_after=None
[2026-07-22T13:14:23.813+0000] {logging_mixin.py:190} INFO - [2026-07-22T13:14:23.813+0000] {dag.py:4180} INFO - Setting next_dagrun for dataset_s3_bucket_producer_with_no_taskflow to None, run_after=None
[2026-07-22T13:14:23.890+0000] {processor.py:208} INFO - Processing /home/airflow/.local/lib/python3.12/site-packages/airflow/example_dags/example_dataset_alias_with_no_taskflow.py took 2.006 seconds
[2026-07-22T13:14:54.314+0000] {processor.py:186} INFO - Started process (PID=1003) to work on /home/airflow/.local/lib/python3.12/site-packages/airflow/example_dags/example_dataset_alias_with_no_taskflow.py
[2026-07-22T13:14:54.316+0000] {processor.py:914} INFO - Processing file /home/airflow/.local/lib/python3.12/site-packages/airflow/example_dags/example_dataset_alias_with_no_taskflow.py for tasks to queue
[2026-07-22T13:14:54.322+0000] {logging_mixin.py:190} INFO - [2026-07-22T13:14:54.322+0000] {dagbag.py:588} INFO - Filling up the DagBag from /home/airflow/.local/lib/python3.12/site-packages/airflow/example_dags/example_dataset_alias_with_no_taskflow.py
[2026-07-22T13:14:55.460+0000] {processor.py:925} INFO - DAG(s) 'dataset_alias_example_alias_producer_with_no_taskflow', 'dataset_s3_bucket_producer_with_no_taskflow', 'dataset_alias_example_alias_consumer_with_no_taskflow', 'dataset_s3_bucket_consumer_with_no_taskflow' retrieved from /home/airflow/.local/lib/python3.12/site-packages/airflow/example_dags/example_dataset_alias_with_no_taskflow.py
[2026-07-22T13:14:55.496+0000] {logging_mixin.py:190} INFO - [2026-07-22T13:14:55.495+0000] {dag.py:3239} INFO - Sync 4 DAGs
[2026-07-22T13:14:55.542+0000] {logging_mixin.py:190} INFO - [2026-07-22T13:14:55.541+0000] {dag.py:4180} INFO - Setting next_dagrun for dataset_alias_example_alias_consumer_with_no_taskflow to None, run_after=None
[2026-07-22T13:14:55.550+0000] {logging_mixin.py:190} INFO - [2026-07-22T13:14:55.549+0000] {dag.py:4180} INFO - Setting next_dagrun for dataset_alias_example_alias_producer_with_no_taskflow to None, run_after=None
[2026-07-22T13:14:55.556+0000] {logging_mixin.py:190} INFO - [2026-07-22T13:14:55.556+0000] {dag.py:4180} INFO - Setting next_dagrun for dataset_s3_bucket_consumer_with_no_taskflow to None, run_after=None
[2026-07-22T13:14:55.560+0000] {logging_mixin.py:190} INFO - [2026-07-22T13:14:55.560+0000] {dag.py:4180} INFO - Setting next_dagrun for dataset_s3_bucket_producer_with_no_taskflow to None, run_after=None
[2026-07-22T13:14:55.609+0000] {processor.py:208} INFO - Processing /home/airflow/.local/lib/python3.12/site-packages/airflow/example_dags/example_dataset_alias_with_no_taskflow.py took 1.305 seconds
[2026-07-22T13:15:26.947+0000] {processor.py:186} INFO - Started process (PID=1070) to work on /home/airflow/.local/lib/python3.12/site-packages/airflow/example_dags/example_dataset_alias_with_no_taskflow.py
[2026-07-22T13:15:26.949+0000] {processor.py:914} INFO - Processing file /home/airflow/.local/lib/python3.12/site-packages/airflow/example_dags/example_dataset_alias_with_no_taskflow.py for tasks to queue
[2026-07-22T13:15:26.957+0000] {logging_mixin.py:190} INFO - [2026-07-22T13:15:26.956+0000] {dagbag.py:588} INFO - Filling up the DagBag from /home/airflow/.local/lib/python3.12/site-packages/airflow/example_dags/example_dataset_alias_with_no_taskflow.py
[2026-07-22T13:15:29.577+0000] {processor.py:925} INFO - DAG(s) 'dataset_s3_bucket_producer_with_no_taskflow', 'dataset_alias_example_alias_consumer_with_no_taskflow', 'dataset_s3_bucket_consumer_with_no_taskflow', 'dataset_alias_example_alias_producer_with_no_taskflow' retrieved from /home/airflow/.local/lib/python3.12/site-packages/airflow/example_dags/example_dataset_alias_with_no_taskflow.py
[2026-07-22T13:15:29.618+0000] {logging_mixin.py:190} INFO - [2026-07-22T13:15:29.617+0000] {dag.py:3239} INFO - Sync 4 DAGs
[2026-07-22T13:15:29.692+0000] {logging_mixin.py:190} INFO - [2026-07-22T13:15:29.692+0000] {dag.py:4180} INFO - Setting next_dagrun for dataset_alias_example_alias_consumer_with_no_taskflow to None, run_after=None
[2026-07-22T13:15:29.700+0000] {logging_mixin.py:190} INFO - [2026-07-22T13:15:29.699+0000] {dag.py:4180} INFO - Setting next_dagrun for dataset_alias_example_alias_producer_with_no_taskflow to None, run_after=None
[2026-07-22T13:15:29.704+0000] {logging_mixin.py:190} INFO - [2026-07-22T13:15:29.703+0000] {dag.py:4180} INFO - Setting next_dagrun for dataset_s3_bucket_consumer_with_no_taskflow to None, run_after=None
[2026-07-22T13:15:29.708+0000] {logging_mixin.py:190} INFO - [2026-07-22T13:15:29.708+0000] {dag.py:4180} INFO - Setting next_dagrun for dataset_s3_bucket_producer_with_no_taskflow to None, run_after=None
[2026-07-22T13:15:29.766+0000] {processor.py:208} INFO - Processing /home/airflow/.local/lib/python3.12/site-packages/airflow/example_dags/example_dataset_alias_with_no_taskflow.py took 2.835 seconds
[2026-07-22T13:15:59.874+0000] {processor.py:186} INFO - Started process (PID=1132) to work on /home/airflow/.local/lib/python3.12/site-packages/airflow/example_dags/example_dataset_alias_with_no_taskflow.py
[2026-07-22T13:15:59.877+0000] {processor.py:914} INFO - Processing file /home/airflow/.local/lib/python3.12/site-packages/airflow/example_dags/example_dataset_alias_with_no_taskflow.py for tasks to queue
[2026-07-22T13:15:59.881+0000] {logging_mixin.py:190} INFO - [2026-07-22T13:15:59.881+0000] {dagbag.py:588} INFO - Filling up the DagBag from /home/airflow/.local/lib/python3.12/site-packages/airflow/example_dags/example_dataset_alias_with_no_taskflow.py
[2026-07-22T13:16:00.792+0000] {processor.py:925} INFO - DAG(s) 'dataset_alias_example_alias_producer_with_no_taskflow', 'dataset_alias_example_alias_consumer_with_no_taskflow', 'dataset_s3_bucket_producer_with_no_taskflow', 'dataset_s3_bucket_consumer_with_no_taskflow' retrieved from /home/airflow/.local/lib/python3.12/site-packages/airflow/example_dags/example_dataset_alias_with_no_taskflow.py
[2026-07-22T13:16:00.838+0000] {logging_mixin.py:190} INFO - [2026-07-22T13:16:00.837+0000] {dag.py:3239} INFO - Sync 4 DAGs
[2026-07-22T13:16:00.909+0000] {logging_mixin.py:190} INFO - [2026-07-22T13:16:00.908+0000] {dag.py:4180} INFO - Setting next_dagrun for dataset_alias_example_alias_consumer_with_no_taskflow to None, run_after=None
[2026-07-22T13:16:00.929+0000] {logging_mixin.py:190} INFO - [2026-07-22T13:16:00.928+0000] {dag.py:4180} INFO - Setting next_dagrun for dataset_alias_example_alias_producer_with_no_taskflow to None, run_after=None
[2026-07-22T13:16:00.945+0000] {logging_mixin.py:190} INFO - [2026-07-22T13:16:00.944+0000] {dag.py:4180} INFO - Setting next_dagrun for dataset_s3_bucket_consumer_with_no_taskflow to None, run_after=None
[2026-07-22T13:16:00.960+0000] {logging_mixin.py:190} INFO - [2026-07-22T13:16:00.959+0000] {dag.py:4180} INFO - Setting next_dagrun for dataset_s3_bucket_producer_with_no_taskflow to None, run_after=None
[2026-07-22T13:16:01.094+0000] {processor.py:208} INFO - Processing /home/airflow/.local/lib/python3.12/site-packages/airflow/example_dags/example_dataset_alias_with_no_taskflow.py took 1.230 seconds
[2026-07-22T13:16:31.892+0000] {processor.py:186} INFO - Started process (PID=1197) to work on /home/airflow/.local/lib/python3.12/site-packages/airflow/example_dags/example_dataset_alias_with_no_taskflow.py
[2026-07-22T13:16:31.895+0000] {processor.py:914} INFO - Processing file /home/airflow/.local/lib/python3.12/site-packages/airflow/example_dags/example_dataset_alias_with_no_taskflow.py for tasks to queue
[2026-07-22T13:16:31.901+0000] {logging_mixin.py:190} INFO - [2026-07-22T13:16:31.900+0000] {dagbag.py:588} INFO - Filling up the DagBag from /home/airflow/.local/lib/python3.12/site-packages/airflow/example_dags/example_dataset_alias_with_no_taskflow.py
[2026-07-22T13:16:33.353+0000] {processor.py:925} INFO - DAG(s) 'dataset_s3_bucket_producer_with_no_taskflow', 'dataset_alias_example_alias_producer_with_no_taskflow', 'dataset_alias_example_alias_consumer_with_no_taskflow', 'dataset_s3_bucket_consumer_with_no_taskflow' retrieved from /home/airflow/.local/lib/python3.12/site-packages/airflow/example_dags/example_dataset_alias_with_no_taskflow.py
[2026-07-22T13:16:33.399+0000] {logging_mixin.py:190} INFO - [2026-07-22T13:16:33.398+0000] {dag.py:3239} INFO - Sync 4 DAGs
[2026-07-22T13:16:33.459+0000] {logging_mixin.py:190} INFO - [2026-07-22T13:16:33.458+0000] {dag.py:4180} INFO - Setting next_dagrun for dataset_alias_example_alias_consumer_with_no_taskflow to None, run_after=None
[2026-07-22T13:16:33.476+0000] {logging_mixin.py:190} INFO - [2026-07-22T13:16:33.475+0000] {dag.py:4180} INFO - Setting next_dagrun for dataset_alias_example_alias_producer_with_no_taskflow to None, run_after=None
[2026-07-22T13:16:33.485+0000] {logging_mixin.py:190} INFO - [2026-07-22T13:16:33.484+0000] {dag.py:4180} INFO - Setting next_dagrun for dataset_s3_bucket_consumer_with_no_taskflow to None, run_after=None
[2026-07-22T13:16:33.493+0000] {logging_mixin.py:190} INFO - [2026-07-22T13:16:33.492+0000] {dag.py:4180} INFO - Setting next_dagrun for dataset_s3_bucket_producer_with_no_taskflow to None, run_after=None
[2026-07-22T13:16:33.580+0000] {processor.py:208} INFO - Processing /home/airflow/.local/lib/python3.12/site-packages/airflow/example_dags/example_dataset_alias_with_no_taskflow.py took 1.702 seconds
[2026-07-22T13:17:04.278+0000] {processor.py:186} INFO - Started process (PID=1265) to work on /home/airflow/.local/lib/python3.12/site-packages/airflow/example_dags/example_dataset_alias_with_no_taskflow.py
[2026-07-22T13:17:04.282+0000] {processor.py:914} INFO - Processing file /home/airflow/.local/lib/python3.12/site-packages/airflow/example_dags/example_dataset_alias_with_no_taskflow.py for tasks to queue
[2026-07-22T13:17:04.295+0000] {logging_mixin.py:190} INFO - [2026-07-22T13:17:04.294+0000] {dagbag.py:588} INFO - Filling up the DagBag from /home/airflow/.local/lib/python3.12/site-packages/airflow/example_dags/example_dataset_alias_with_no_taskflow.py
[2026-07-22T13:17:08.294+0000] {processor.py:925} INFO - DAG(s) 'dataset_s3_bucket_producer_with_no_taskflow', 'dataset_s3_bucket_consumer_with_no_taskflow', 'dataset_alias_example_alias_consumer_with_no_taskflow', 'dataset_alias_example_alias_producer_with_no_taskflow' retrieved from /home/airflow/.local/lib/python3.12/site-packages/airflow/example_dags/example_dataset_alias_with_no_taskflow.py
[2026-07-22T13:17:08.378+0000] {logging_mixin.py:190} INFO - [2026-07-22T13:17:08.377+0000] {dag.py:3239} INFO - Sync 4 DAGs
[2026-07-22T13:17:08.563+0000] {logging_mixin.py:190} INFO - [2026-07-22T13:17:08.563+0000] {dag.py:4180} INFO - Setting next_dagrun for dataset_alias_example_alias_consumer_with_no_taskflow to None, run_after=None
[2026-07-22T13:17:08.576+0000] {logging_mixin.py:190} INFO - [2026-07-22T13:17:08.575+0000] {dag.py:4180} INFO - Setting next_dagrun for dataset_alias_example_alias_producer_with_no_taskflow to None, run_after=None
[2026-07-22T13:17:08.588+0000] {logging_mixin.py:190} INFO - [2026-07-22T13:17:08.587+0000] {dag.py:4180} INFO - Setting next_dagrun for dataset_s3_bucket_consumer_with_no_taskflow to None, run_after=None
[2026-07-22T13:17:08.595+0000] {logging_mixin.py:190} INFO - [2026-07-22T13:17:08.594+0000] {dag.py:4180} INFO - Setting next_dagrun for dataset_s3_bucket_producer_with_no_taskflow to None, run_after=None
[2026-07-22T13:17:08.686+0000] {processor.py:208} INFO - Processing /home/airflow/.local/lib/python3.12/site-packages/airflow/example_dags/example_dataset_alias_with_no_taskflow.py took 4.429 seconds
[2026-07-22T13:17:39.532+0000] {processor.py:186} INFO - Started process (PID=1331) to work on /home/airflow/.local/lib/python3.12/site-packages/airflow/example_dags/example_dataset_alias_with_no_taskflow.py
[2026-07-22T13:17:39.535+0000] {processor.py:914} INFO - Processing file /home/airflow/.local/lib/python3.12/site-packages/airflow/example_dags/example_dataset_alias_with_no_taskflow.py for tasks to queue
[2026-07-22T13:17:39.541+0000] {logging_mixin.py:190} INFO - [2026-07-22T13:17:39.540+0000] {dagbag.py:588} INFO - Filling up the DagBag from /home/airflow/.local/lib/python3.12/site-packages/airflow/example_dags/example_dataset_alias_with_no_taskflow.py
[2026-07-22T13:17:41.638+0000] {processor.py:925} INFO - DAG(s) 'dataset_alias_example_alias_producer_with_no_taskflow', 'dataset_alias_example_alias_consumer_with_no_taskflow', 'dataset_s3_bucket_producer_with_no_taskflow', 'dataset_s3_bucket_consumer_with_no_taskflow' retrieved from /home/airflow/.local/lib/python3.12/site-packages/airflow/example_dags/example_dataset_alias_with_no_taskflow.py
[2026-07-22T13:17:41.733+0000] {logging_mixin.py:190} INFO - [2026-07-22T13:17:41.732+0000] {dag.py:3239} INFO - Sync 4 DAGs
[2026-07-22T13:17:41.848+0000] {logging_mixin.py:190} INFO - [2026-07-22T13:17:41.848+0000] {dag.py:4180} INFO - Setting next_dagrun for dataset_alias_example_alias_consumer_with_no_taskflow to None, run_after=None
[2026-07-22T13:17:41.898+0000] {logging_mixin.py:190} INFO - [2026-07-22T13:17:41.888+0000] {dag.py:4180} INFO - Setting next_dagrun for dataset_alias_example_alias_producer_with_no_taskflow to None, run_after=None
[2026-07-22T13:17:41.910+0000] {logging_mixin.py:190} INFO - [2026-07-22T13:17:41.909+0000] {dag.py:4180} INFO - Setting next_dagrun for dataset_s3_bucket_consumer_with_no_taskflow to None, run_after=None
[2026-07-22T13:17:41.933+0000] {logging_mixin.py:190} INFO - [2026-07-22T13:17:41.933+0000] {dag.py:4180} INFO - Setting next_dagrun for dataset_s3_bucket_producer_with_no_taskflow to None, run_after=None
[2026-07-22T13:17:42.070+0000] {processor.py:208} INFO - Processing /home/airflow/.local/lib/python3.12/site-packages/airflow/example_dags/example_dataset_alias_with_no_taskflow.py took 2.550 seconds
