[2026-07-22T13:07:26.531+0000] {processor.py:186} INFO - Started process (PID=105) to work on /home/airflow/.local/lib/python3.12/site-packages/airflow/example_dags/example_nested_branch_dag.py
[2026-07-22T13:07:26.534+0000] {processor.py:914} INFO - Processing file /home/airflow/.local/lib/python3.12/site-packages/airflow/example_dags/example_nested_branch_dag.py for tasks to queue
[2026-07-22T13:07:26.538+0000] {logging_mixin.py:190} INFO - [2026-07-22T13:07:26.538+0000] {dagbag.py:588} INFO - Filling up the DagBag from /home/airflow/.local/lib/python3.12/site-packages/airflow/example_dags/example_nested_branch_dag.py
[2026-07-22T13:07:26.565+0000] {processor.py:925} INFO - DAG(s) 'example_nested_branch_dag' retrieved from /home/airflow/.local/lib/python3.12/site-packages/airflow/example_dags/example_nested_branch_dag.py
[2026-07-22T13:07:26.782+0000] {logging_mixin.py:190} INFO - [2026-07-22T13:07:26.780+0000] {override.py:1912} INFO - Created Permission View: can read on DAG:example_nested_branch_dag
[2026-07-22T13:07:26.803+0000] {logging_mixin.py:190} INFO - [2026-07-22T13:07:26.803+0000] {override.py:1912} INFO - Created Permission View: can edit on DAG:example_nested_branch_dag
[2026-07-22T13:07:26.819+0000] {logging_mixin.py:190} INFO - [2026-07-22T13:07:26.818+0000] {override.py:1912} INFO - Created Permission View: can delete on DAG:example_nested_branch_dag
[2026-07-22T13:07:26.839+0000] {logging_mixin.py:190} INFO - [2026-07-22T13:07:26.838+0000] {override.py:1912} INFO - Created Permission View: can read on DAG Run:example_nested_branch_dag
[2026-07-22T13:07:26.857+0000] {logging_mixin.py:190} INFO - [2026-07-22T13:07:26.857+0000] {override.py:1912} INFO - Created Permission View: menu access on DAG Run:example_nested_branch_dag
[2026-07-22T13:07:26.874+0000] {logging_mixin.py:190} INFO - [2026-07-22T13:07:26.873+0000] {override.py:1912} INFO - Created Permission View: can create on DAG Run:example_nested_branch_dag
[2026-07-22T13:07:26.892+0000] {logging_mixin.py:190} INFO - [2026-07-22T13:07:26.892+0000] {override.py:1912} INFO - Created Permission View: can delete on DAG Run:example_nested_branch_dag
[2026-07-22T13:07:26.895+0000] {logging_mixin.py:190} INFO - [2026-07-22T13:07:26.894+0000] {dag.py:3239} INFO - Sync 1 DAGs
[2026-07-22T13:07:26.920+0000] {logging_mixin.py:190} INFO - [2026-07-22T13:07:26.920+0000] {dag.py:3262} INFO - Creating ORM DAG for example_nested_branch_dag
[2026-07-22T13:07:26.942+0000] {logging_mixin.py:190} INFO - [2026-07-22T13:07:26.942+0000] {dag.py:4180} INFO - Setting next_dagrun for example_nested_branch_dag to 2026-07-21 00:00:00+00:00, run_after=2026-07-22 00:00:00+00:00
[2026-07-22T13:07:26.975+0000] {processor.py:208} INFO - Processing /home/airflow/.local/lib/python3.12/site-packages/airflow/example_dags/example_nested_branch_dag.py took 0.454 seconds
[2026-07-22T13:07:57.622+0000] {processor.py:186} INFO - Started process (PID=167) to work on /home/airflow/.local/lib/python3.12/site-packages/airflow/example_dags/example_nested_branch_dag.py
[2026-07-22T13:07:57.625+0000] {processor.py:914} INFO - Processing file /home/airflow/.local/lib/python3.12/site-packages/airflow/example_dags/example_nested_branch_dag.py for tasks to queue
[2026-07-22T13:07:57.631+0000] {logging_mixin.py:190} INFO - [2026-07-22T13:07:57.630+0000] {dagbag.py:588} INFO - Filling up the DagBag from /home/airflow/.local/lib/python3.12/site-packages/airflow/example_dags/example_nested_branch_dag.py
[2026-07-22T13:07:57.673+0000] {processor.py:925} INFO - DAG(s) 'example_nested_branch_dag' retrieved from /home/airflow/.local/lib/python3.12/site-packages/airflow/example_dags/example_nested_branch_dag.py
[2026-07-22T13:07:57.748+0000] {logging_mixin.py:190} INFO - [2026-07-22T13:07:57.747+0000] {dag.py:3239} INFO - Sync 1 DAGs
[2026-07-22T13:07:57.824+0000] {logging_mixin.py:190} INFO - [2026-07-22T13:07:57.823+0000] {dag.py:4180} INFO - Setting next_dagrun for example_nested_branch_dag to 2026-07-21 00:00:00+00:00, run_after=2026-07-22 00:00:00+00:00
[2026-07-22T13:07:57.872+0000] {processor.py:208} INFO - Processing /home/airflow/.local/lib/python3.12/site-packages/airflow/example_dags/example_nested_branch_dag.py took 0.265 seconds
[2026-07-22T13:08:28.093+0000] {processor.py:186} INFO - Started process (PID=230) to work on /home/airflow/.local/lib/python3.12/site-packages/airflow/example_dags/example_nested_branch_dag.py
[2026-07-22T13:08:28.096+0000] {processor.py:914} INFO - Processing file /home/airflow/.local/lib/python3.12/site-packages/airflow/example_dags/example_nested_branch_dag.py for tasks to queue
[2026-07-22T13:08:28.101+0000] {logging_mixin.py:190} INFO - [2026-07-22T13:08:28.101+0000] {dagbag.py:588} INFO - Filling up the DagBag from /home/airflow/.local/lib/python3.12/site-packages/airflow/example_dags/example_nested_branch_dag.py
[2026-07-22T13:08:28.121+0000] {processor.py:925} INFO - DAG(s) 'example_nested_branch_dag' retrieved from /home/airflow/.local/lib/python3.12/site-packages/airflow/example_dags/example_nested_branch_dag.py
[2026-07-22T13:08:28.156+0000] {logging_mixin.py:190} INFO - [2026-07-22T13:08:28.155+0000] {dag.py:3239} INFO - Sync 1 DAGs
[2026-07-22T13:08:28.199+0000] {logging_mixin.py:190} INFO - [2026-07-22T13:08:28.199+0000] {dag.py:4180} INFO - Setting next_dagrun for example_nested_branch_dag to 2026-07-21 00:00:00+00:00, run_after=2026-07-22 00:00:00+00:00
[2026-07-22T13:08:28.238+0000] {processor.py:208} INFO - Processing /home/airflow/.local/lib/python3.12/site-packages/airflow/example_dags/example_nested_branch_dag.py took 0.154 seconds
[2026-07-22T13:08:58.627+0000] {processor.py:186} INFO - Started process (PID=293) to work on /home/airflow/.local/lib/python3.12/site-packages/airflow/example_dags/example_nested_branch_dag.py
[2026-07-22T13:08:58.631+0000] {processor.py:914} INFO - Processing file /home/airflow/.local/lib/python3.12/site-packages/airflow/example_dags/example_nested_branch_dag.py for tasks to queue
[2026-07-22T13:08:58.636+0000] {logging_mixin.py:190} INFO - [2026-07-22T13:08:58.636+0000] {dagbag.py:588} INFO - Filling up the DagBag from /home/airflow/.local/lib/python3.12/site-packages/airflow/example_dags/example_nested_branch_dag.py
[2026-07-22T13:08:58.666+0000] {processor.py:925} INFO - DAG(s) 'example_nested_branch_dag' retrieved from /home/airflow/.local/lib/python3.12/site-packages/airflow/example_dags/example_nested_branch_dag.py
[2026-07-22T13:08:58.728+0000] {logging_mixin.py:190} INFO - [2026-07-22T13:08:58.727+0000] {dag.py:3239} INFO - Sync 1 DAGs
[2026-07-22T13:08:58.803+0000] {logging_mixin.py:190} INFO - [2026-07-22T13:08:58.802+0000] {dag.py:4180} INFO - Setting next_dagrun for example_nested_branch_dag to 2026-07-21 00:00:00+00:00, run_after=2026-07-22 00:00:00+00:00
[2026-07-22T13:08:58.865+0000] {processor.py:208} INFO - Processing /home/airflow/.local/lib/python3.12/site-packages/airflow/example_dags/example_nested_branch_dag.py took 0.257 seconds
[2026-07-22T13:09:29.719+0000] {processor.py:186} INFO - Started process (PID=357) to work on /home/airflow/.local/lib/python3.12/site-packages/airflow/example_dags/example_nested_branch_dag.py
[2026-07-22T13:09:29.721+0000] {processor.py:914} INFO - Processing file /home/airflow/.local/lib/python3.12/site-packages/airflow/example_dags/example_nested_branch_dag.py for tasks to queue
[2026-07-22T13:09:29.727+0000] {logging_mixin.py:190} INFO - [2026-07-22T13:09:29.725+0000] {dagbag.py:588} INFO - Filling up the DagBag from /home/airflow/.local/lib/python3.12/site-packages/airflow/example_dags/example_nested_branch_dag.py
[2026-07-22T13:09:29.745+0000] {processor.py:925} INFO - DAG(s) 'example_nested_branch_dag' retrieved from /home/airflow/.local/lib/python3.12/site-packages/airflow/example_dags/example_nested_branch_dag.py
[2026-07-22T13:09:29.785+0000] {logging_mixin.py:190} INFO - [2026-07-22T13:09:29.784+0000] {dag.py:3239} INFO - Sync 1 DAGs
[2026-07-22T13:09:29.842+0000] {logging_mixin.py:190} INFO - [2026-07-22T13:09:29.841+0000] {dag.py:4180} INFO - Setting next_dagrun for example_nested_branch_dag to 2026-07-21 00:00:00+00:00, run_after=2026-07-22 00:00:00+00:00
[2026-07-22T13:09:29.902+0000] {processor.py:208} INFO - Processing /home/airflow/.local/lib/python3.12/site-packages/airflow/example_dags/example_nested_branch_dag.py took 0.193 seconds
[2026-07-22T13:10:00.441+0000] {processor.py:186} INFO - Started process (PID=420) to work on /home/airflow/.local/lib/python3.12/site-packages/airflow/example_dags/example_nested_branch_dag.py
[2026-07-22T13:10:00.443+0000] {processor.py:914} INFO - Processing file /home/airflow/.local/lib/python3.12/site-packages/airflow/example_dags/example_nested_branch_dag.py for tasks to queue
[2026-07-22T13:10:00.450+0000] {logging_mixin.py:190} INFO - [2026-07-22T13:10:00.448+0000] {dagbag.py:588} INFO - Filling up the DagBag from /home/airflow/.local/lib/python3.12/site-packages/airflow/example_dags/example_nested_branch_dag.py
[2026-07-22T13:10:00.472+0000] {processor.py:925} INFO - DAG(s) 'example_nested_branch_dag' retrieved from /home/airflow/.local/lib/python3.12/site-packages/airflow/example_dags/example_nested_branch_dag.py
[2026-07-22T13:10:00.510+0000] {logging_mixin.py:190} INFO - [2026-07-22T13:10:00.510+0000] {dag.py:3239} INFO - Sync 1 DAGs
[2026-07-22T13:10:00.616+0000] {logging_mixin.py:190} INFO - [2026-07-22T13:10:00.615+0000] {dag.py:4180} INFO - Setting next_dagrun for example_nested_branch_dag to 2026-07-21 00:00:00+00:00, run_after=2026-07-22 00:00:00+00:00
[2026-07-22T13:10:00.691+0000] {processor.py:208} INFO - Processing /home/airflow/.local/lib/python3.12/site-packages/airflow/example_dags/example_nested_branch_dag.py took 0.261 seconds
[2026-07-22T13:10:31.206+0000] {processor.py:186} INFO - Started process (PID=483) to work on /home/airflow/.local/lib/python3.12/site-packages/airflow/example_dags/example_nested_branch_dag.py
[2026-07-22T13:10:31.208+0000] {processor.py:914} INFO - Processing file /home/airflow/.local/lib/python3.12/site-packages/airflow/example_dags/example_nested_branch_dag.py for tasks to queue
[2026-07-22T13:10:31.212+0000] {logging_mixin.py:190} INFO - [2026-07-22T13:10:31.211+0000] {dagbag.py:588} INFO - Filling up the DagBag from /home/airflow/.local/lib/python3.12/site-packages/airflow/example_dags/example_nested_branch_dag.py
[2026-07-22T13:10:31.226+0000] {processor.py:925} INFO - DAG(s) 'example_nested_branch_dag' retrieved from /home/airflow/.local/lib/python3.12/site-packages/airflow/example_dags/example_nested_branch_dag.py
[2026-07-22T13:10:31.258+0000] {logging_mixin.py:190} INFO - [2026-07-22T13:10:31.258+0000] {dag.py:3239} INFO - Sync 1 DAGs
[2026-07-22T13:10:31.288+0000] {logging_mixin.py:190} INFO - [2026-07-22T13:10:31.288+0000] {dag.py:4180} INFO - Setting next_dagrun for example_nested_branch_dag to 2026-07-21 00:00:00+00:00, run_after=2026-07-22 00:00:00+00:00
[2026-07-22T13:10:31.319+0000] {processor.py:208} INFO - Processing /home/airflow/.local/lib/python3.12/site-packages/airflow/example_dags/example_nested_branch_dag.py took 0.120 seconds
[2026-07-22T13:11:01.573+0000] {processor.py:186} INFO - Started process (PID=546) to work on /home/airflow/.local/lib/python3.12/site-packages/airflow/example_dags/example_nested_branch_dag.py
[2026-07-22T13:11:01.576+0000] {processor.py:914} INFO - Processing file /home/airflow/.local/lib/python3.12/site-packages/airflow/example_dags/example_nested_branch_dag.py for tasks to queue
[2026-07-22T13:11:01.584+0000] {logging_mixin.py:190} INFO - [2026-07-22T13:11:01.583+0000] {dagbag.py:588} INFO - Filling up the DagBag from /home/airflow/.local/lib/python3.12/site-packages/airflow/example_dags/example_nested_branch_dag.py
[2026-07-22T13:11:01.606+0000] {processor.py:925} INFO - DAG(s) 'example_nested_branch_dag' retrieved from /home/airflow/.local/lib/python3.12/site-packages/airflow/example_dags/example_nested_branch_dag.py
[2026-07-22T13:11:01.654+0000] {logging_mixin.py:190} INFO - [2026-07-22T13:11:01.653+0000] {dag.py:3239} INFO - Sync 1 DAGs
[2026-07-22T13:11:01.703+0000] {logging_mixin.py:190} INFO - [2026-07-22T13:11:01.703+0000] {dag.py:4180} INFO - Setting next_dagrun for example_nested_branch_dag to 2026-07-21 00:00:00+00:00, run_after=2026-07-22 00:00:00+00:00
[2026-07-22T13:11:01.739+0000] {processor.py:208} INFO - Processing /home/airflow/.local/lib/python3.12/site-packages/airflow/example_dags/example_nested_branch_dag.py took 0.185 seconds
[2026-07-22T13:11:32.605+0000] {processor.py:186} INFO - Started process (PID=608) to work on /home/airflow/.local/lib/python3.12/site-packages/airflow/example_dags/example_nested_branch_dag.py
[2026-07-22T13:11:32.608+0000] {processor.py:914} INFO - Processing file /home/airflow/.local/lib/python3.12/site-packages/airflow/example_dags/example_nested_branch_dag.py for tasks to queue
[2026-07-22T13:11:32.615+0000] {logging_mixin.py:190} INFO - [2026-07-22T13:11:32.614+0000] {dagbag.py:588} INFO - Filling up the DagBag from /home/airflow/.local/lib/python3.12/site-packages/airflow/example_dags/example_nested_branch_dag.py
[2026-07-22T13:11:32.642+0000] {processor.py:925} INFO - DAG(s) 'example_nested_branch_dag' retrieved from /home/airflow/.local/lib/python3.12/site-packages/airflow/example_dags/example_nested_branch_dag.py
[2026-07-22T13:11:32.708+0000] {logging_mixin.py:190} INFO - [2026-07-22T13:11:32.707+0000] {dag.py:3239} INFO - Sync 1 DAGs
[2026-07-22T13:11:32.816+0000] {logging_mixin.py:190} INFO - [2026-07-22T13:11:32.815+0000] {dag.py:4180} INFO - Setting next_dagrun for example_nested_branch_dag to 2026-07-21 00:00:00+00:00, run_after=2026-07-22 00:00:00+00:00
[2026-07-22T13:11:32.896+0000] {processor.py:208} INFO - Processing /home/airflow/.local/lib/python3.12/site-packages/airflow/example_dags/example_nested_branch_dag.py took 0.305 seconds
[2026-07-22T13:12:03.144+0000] {processor.py:186} INFO - Started process (PID=670) to work on /home/airflow/.local/lib/python3.12/site-packages/airflow/example_dags/example_nested_branch_dag.py
[2026-07-22T13:12:03.147+0000] {processor.py:914} INFO - Processing file /home/airflow/.local/lib/python3.12/site-packages/airflow/example_dags/example_nested_branch_dag.py for tasks to queue
[2026-07-22T13:12:03.157+0000] {logging_mixin.py:190} INFO - [2026-07-22T13:12:03.156+0000] {dagbag.py:588} INFO - Filling up the DagBag from /home/airflow/.local/lib/python3.12/site-packages/airflow/example_dags/example_nested_branch_dag.py
[2026-07-22T13:12:03.185+0000] {processor.py:925} INFO - DAG(s) 'example_nested_branch_dag' retrieved from /home/airflow/.local/lib/python3.12/site-packages/airflow/example_dags/example_nested_branch_dag.py
[2026-07-22T13:12:03.235+0000] {logging_mixin.py:190} INFO - [2026-07-22T13:12:03.234+0000] {dag.py:3239} INFO - Sync 1 DAGs
[2026-07-22T13:12:03.297+0000] {logging_mixin.py:190} INFO - [2026-07-22T13:12:03.296+0000] {dag.py:4180} INFO - Setting next_dagrun for example_nested_branch_dag to 2026-07-21 00:00:00+00:00, run_after=2026-07-22 00:00:00+00:00
[2026-07-22T13:12:03.337+0000] {processor.py:208} INFO - Processing /home/airflow/.local/lib/python3.12/site-packages/airflow/example_dags/example_nested_branch_dag.py took 0.206 seconds
[2026-07-22T13:12:33.457+0000] {processor.py:186} INFO - Started process (PID=733) to work on /home/airflow/.local/lib/python3.12/site-packages/airflow/example_dags/example_nested_branch_dag.py
[2026-07-22T13:12:33.460+0000] {processor.py:914} INFO - Processing file /home/airflow/.local/lib/python3.12/site-packages/airflow/example_dags/example_nested_branch_dag.py for tasks to queue
[2026-07-22T13:12:33.464+0000] {logging_mixin.py:190} INFO - [2026-07-22T13:12:33.463+0000] {dagbag.py:588} INFO - Filling up the DagBag from /home/airflow/.local/lib/python3.12/site-packages/airflow/example_dags/example_nested_branch_dag.py
[2026-07-22T13:12:33.487+0000] {processor.py:925} INFO - DAG(s) 'example_nested_branch_dag' retrieved from /home/airflow/.local/lib/python3.12/site-packages/airflow/example_dags/example_nested_branch_dag.py
[2026-07-22T13:12:33.513+0000] {logging_mixin.py:190} INFO - [2026-07-22T13:12:33.512+0000] {dag.py:3239} INFO - Sync 1 DAGs
[2026-07-22T13:12:33.543+0000] {logging_mixin.py:190} INFO - [2026-07-22T13:12:33.542+0000] {dag.py:4180} INFO - Setting next_dagrun for example_nested_branch_dag to 2026-07-21 00:00:00+00:00, run_after=2026-07-22 00:00:00+00:00
[2026-07-22T13:12:33.571+0000] {processor.py:208} INFO - Processing /home/airflow/.local/lib/python3.12/site-packages/airflow/example_dags/example_nested_branch_dag.py took 0.122 seconds
[2026-07-22T13:13:03.664+0000] {processor.py:186} INFO - Started process (PID=796) to work on /home/airflow/.local/lib/python3.12/site-packages/airflow/example_dags/example_nested_branch_dag.py
[2026-07-22T13:13:03.666+0000] {processor.py:914} INFO - Processing file /home/airflow/.local/lib/python3.12/site-packages/airflow/example_dags/example_nested_branch_dag.py for tasks to queue
[2026-07-22T13:13:03.670+0000] {logging_mixin.py:190} INFO - [2026-07-22T13:13:03.670+0000] {dagbag.py:588} INFO - Filling up the DagBag from /home/airflow/.local/lib/python3.12/site-packages/airflow/example_dags/example_nested_branch_dag.py
[2026-07-22T13:13:03.688+0000] {processor.py:925} INFO - DAG(s) 'example_nested_branch_dag' retrieved from /home/airflow/.local/lib/python3.12/site-packages/airflow/example_dags/example_nested_branch_dag.py
[2026-07-22T13:13:03.720+0000] {logging_mixin.py:190} INFO - [2026-07-22T13:13:03.719+0000] {dag.py:3239} INFO - Sync 1 DAGs
[2026-07-22T13:13:03.747+0000] {logging_mixin.py:190} INFO - [2026-07-22T13:13:03.747+0000] {dag.py:4180} INFO - Setting next_dagrun for example_nested_branch_dag to 2026-07-21 00:00:00+00:00, run_after=2026-07-22 00:00:00+00:00
[2026-07-22T13:13:03.778+0000] {processor.py:208} INFO - Processing /home/airflow/.local/lib/python3.12/site-packages/airflow/example_dags/example_nested_branch_dag.py took 0.121 seconds
[2026-07-22T13:13:34.249+0000] {processor.py:186} INFO - Started process (PID=859) to work on /home/airflow/.local/lib/python3.12/site-packages/airflow/example_dags/example_nested_branch_dag.py
[2026-07-22T13:13:34.253+0000] {processor.py:914} INFO - Processing file /home/airflow/.local/lib/python3.12/site-packages/airflow/example_dags/example_nested_branch_dag.py for tasks to queue
[2026-07-22T13:13:34.261+0000] {logging_mixin.py:190} INFO - [2026-07-22T13:13:34.260+0000] {dagbag.py:588} INFO - Filling up the DagBag from /home/airflow/.local/lib/python3.12/site-packages/airflow/example_dags/example_nested_branch_dag.py
[2026-07-22T13:13:34.284+0000] {processor.py:925} INFO - DAG(s) 'example_nested_branch_dag' retrieved from /home/airflow/.local/lib/python3.12/site-packages/airflow/example_dags/example_nested_branch_dag.py
[2026-07-22T13:13:34.326+0000] {logging_mixin.py:190} INFO - [2026-07-22T13:13:34.326+0000] {dag.py:3239} INFO - Sync 1 DAGs
[2026-07-22T13:13:34.382+0000] {logging_mixin.py:190} INFO - [2026-07-22T13:13:34.382+0000] {dag.py:4180} INFO - Setting next_dagrun for example_nested_branch_dag to 2026-07-21 00:00:00+00:00, run_after=2026-07-22 00:00:00+00:00
[2026-07-22T13:13:34.446+0000] {processor.py:208} INFO - Processing /home/airflow/.local/lib/python3.12/site-packages/airflow/example_dags/example_nested_branch_dag.py took 0.214 seconds
[2026-07-22T13:14:05.493+0000] {processor.py:186} INFO - Started process (PID=922) to work on /home/airflow/.local/lib/python3.12/site-packages/airflow/example_dags/example_nested_branch_dag.py
[2026-07-22T13:14:05.497+0000] {processor.py:914} INFO - Processing file /home/airflow/.local/lib/python3.12/site-packages/airflow/example_dags/example_nested_branch_dag.py for tasks to queue
[2026-07-22T13:14:05.509+0000] {logging_mixin.py:190} INFO - [2026-07-22T13:14:05.508+0000] {dagbag.py:588} INFO - Filling up the DagBag from /home/airflow/.local/lib/python3.12/site-packages/airflow/example_dags/example_nested_branch_dag.py
[2026-07-22T13:14:05.547+0000] {processor.py:925} INFO - DAG(s) 'example_nested_branch_dag' retrieved from /home/airflow/.local/lib/python3.12/site-packages/airflow/example_dags/example_nested_branch_dag.py
[2026-07-22T13:14:05.593+0000] {logging_mixin.py:190} INFO - [2026-07-22T13:14:05.593+0000] {dag.py:3239} INFO - Sync 1 DAGs
[2026-07-22T13:14:05.643+0000] {logging_mixin.py:190} INFO - [2026-07-22T13:14:05.643+0000] {dag.py:4180} INFO - Setting next_dagrun for example_nested_branch_dag to 2026-07-21 00:00:00+00:00, run_after=2026-07-22 00:00:00+00:00
[2026-07-22T13:14:05.687+0000] {processor.py:208} INFO - Processing /home/airflow/.local/lib/python3.12/site-packages/airflow/example_dags/example_nested_branch_dag.py took 0.221 seconds
[2026-07-22T13:14:35.801+0000] {processor.py:186} INFO - Started process (PID=985) to work on /home/airflow/.local/lib/python3.12/site-packages/airflow/example_dags/example_nested_branch_dag.py
[2026-07-22T13:14:35.805+0000] {processor.py:914} INFO - Processing file /home/airflow/.local/lib/python3.12/site-packages/airflow/example_dags/example_nested_branch_dag.py for tasks to queue
[2026-07-22T13:14:35.812+0000] {logging_mixin.py:190} INFO - [2026-07-22T13:14:35.811+0000] {dagbag.py:588} INFO - Filling up the DagBag from /home/airflow/.local/lib/python3.12/site-packages/airflow/example_dags/example_nested_branch_dag.py
[2026-07-22T13:14:35.837+0000] {processor.py:925} INFO - DAG(s) 'example_nested_branch_dag' retrieved from /home/airflow/.local/lib/python3.12/site-packages/airflow/example_dags/example_nested_branch_dag.py
[2026-07-22T13:14:35.888+0000] {logging_mixin.py:190} INFO - [2026-07-22T13:14:35.887+0000] {dag.py:3239} INFO - Sync 1 DAGs
[2026-07-22T13:14:35.945+0000] {logging_mixin.py:190} INFO - [2026-07-22T13:14:35.944+0000] {dag.py:4180} INFO - Setting next_dagrun for example_nested_branch_dag to 2026-07-21 00:00:00+00:00, run_after=2026-07-22 00:00:00+00:00
[2026-07-22T13:14:35.986+0000] {processor.py:208} INFO - Processing /home/airflow/.local/lib/python3.12/site-packages/airflow/example_dags/example_nested_branch_dag.py took 0.196 seconds
[2026-07-22T13:15:06.593+0000] {processor.py:186} INFO - Started process (PID=1048) to work on /home/airflow/.local/lib/python3.12/site-packages/airflow/example_dags/example_nested_branch_dag.py
[2026-07-22T13:15:06.596+0000] {processor.py:914} INFO - Processing file /home/airflow/.local/lib/python3.12/site-packages/airflow/example_dags/example_nested_branch_dag.py for tasks to queue
[2026-07-22T13:15:06.603+0000] {logging_mixin.py:190} INFO - [2026-07-22T13:15:06.601+0000] {dagbag.py:588} INFO - Filling up the DagBag from /home/airflow/.local/lib/python3.12/site-packages/airflow/example_dags/example_nested_branch_dag.py
[2026-07-22T13:15:06.629+0000] {processor.py:925} INFO - DAG(s) 'example_nested_branch_dag' retrieved from /home/airflow/.local/lib/python3.12/site-packages/airflow/example_dags/example_nested_branch_dag.py
[2026-07-22T13:15:06.666+0000] {logging_mixin.py:190} INFO - [2026-07-22T13:15:06.666+0000] {dag.py:3239} INFO - Sync 1 DAGs
[2026-07-22T13:15:06.727+0000] {logging_mixin.py:190} INFO - [2026-07-22T13:15:06.727+0000] {dag.py:4180} INFO - Setting next_dagrun for example_nested_branch_dag to 2026-07-21 00:00:00+00:00, run_after=2026-07-22 00:00:00+00:00
[2026-07-22T13:15:06.778+0000] {processor.py:208} INFO - Processing /home/airflow/.local/lib/python3.12/site-packages/airflow/example_dags/example_nested_branch_dag.py took 0.194 seconds
[2026-07-22T13:15:38.956+0000] {processor.py:186} INFO - Started process (PID=1112) to work on /home/airflow/.local/lib/python3.12/site-packages/airflow/example_dags/example_nested_branch_dag.py
[2026-07-22T13:15:38.959+0000] {processor.py:914} INFO - Processing file /home/airflow/.local/lib/python3.12/site-packages/airflow/example_dags/example_nested_branch_dag.py for tasks to queue
[2026-07-22T13:15:38.965+0000] {logging_mixin.py:190} INFO - [2026-07-22T13:15:38.964+0000] {dagbag.py:588} INFO - Filling up the DagBag from /home/airflow/.local/lib/python3.12/site-packages/airflow/example_dags/example_nested_branch_dag.py
[2026-07-22T13:15:38.997+0000] {processor.py:925} INFO - DAG(s) 'example_nested_branch_dag' retrieved from /home/airflow/.local/lib/python3.12/site-packages/airflow/example_dags/example_nested_branch_dag.py
[2026-07-22T13:15:39.057+0000] {logging_mixin.py:190} INFO - [2026-07-22T13:15:39.057+0000] {dag.py:3239} INFO - Sync 1 DAGs
[2026-07-22T13:15:39.110+0000] {logging_mixin.py:190} INFO - [2026-07-22T13:15:39.109+0000] {dag.py:4180} INFO - Setting next_dagrun for example_nested_branch_dag to 2026-07-21 00:00:00+00:00, run_after=2026-07-22 00:00:00+00:00
[2026-07-22T13:15:39.155+0000] {processor.py:208} INFO - Processing /home/airflow/.local/lib/python3.12/site-packages/airflow/example_dags/example_nested_branch_dag.py took 0.217 seconds
[2026-07-22T13:16:12.787+0000] {processor.py:186} INFO - Started process (PID=1169) to work on /home/airflow/.local/lib/python3.12/site-packages/airflow/example_dags/example_nested_branch_dag.py
[2026-07-22T13:16:12.789+0000] {processor.py:914} INFO - Processing file /home/airflow/.local/lib/python3.12/site-packages/airflow/example_dags/example_nested_branch_dag.py for tasks to queue
[2026-07-22T13:16:12.795+0000] {logging_mixin.py:190} INFO - [2026-07-22T13:16:12.795+0000] {dagbag.py:588} INFO - Filling up the DagBag from /home/airflow/.local/lib/python3.12/site-packages/airflow/example_dags/example_nested_branch_dag.py
[2026-07-22T13:16:12.821+0000] {processor.py:925} INFO - DAG(s) 'example_nested_branch_dag' retrieved from /home/airflow/.local/lib/python3.12/site-packages/airflow/example_dags/example_nested_branch_dag.py
[2026-07-22T13:16:12.876+0000] {logging_mixin.py:190} INFO - [2026-07-22T13:16:12.875+0000] {dag.py:3239} INFO - Sync 1 DAGs
[2026-07-22T13:16:12.949+0000] {logging_mixin.py:190} INFO - [2026-07-22T13:16:12.949+0000] {dag.py:4180} INFO - Setting next_dagrun for example_nested_branch_dag to 2026-07-21 00:00:00+00:00, run_after=2026-07-22 00:00:00+00:00
[2026-07-22T13:16:13.004+0000] {processor.py:208} INFO - Processing /home/airflow/.local/lib/python3.12/site-packages/airflow/example_dags/example_nested_branch_dag.py took 0.230 seconds
[2026-07-22T13:16:43.568+0000] {processor.py:186} INFO - Started process (PID=1232) to work on /home/airflow/.local/lib/python3.12/site-packages/airflow/example_dags/example_nested_branch_dag.py
[2026-07-22T13:16:43.571+0000] {processor.py:914} INFO - Processing file /home/airflow/.local/lib/python3.12/site-packages/airflow/example_dags/example_nested_branch_dag.py for tasks to queue
[2026-07-22T13:16:43.577+0000] {logging_mixin.py:190} INFO - [2026-07-22T13:16:43.576+0000] {dagbag.py:588} INFO - Filling up the DagBag from /home/airflow/.local/lib/python3.12/site-packages/airflow/example_dags/example_nested_branch_dag.py
[2026-07-22T13:16:43.603+0000] {processor.py:925} INFO - DAG(s) 'example_nested_branch_dag' retrieved from /home/airflow/.local/lib/python3.12/site-packages/airflow/example_dags/example_nested_branch_dag.py
[2026-07-22T13:16:43.666+0000] {logging_mixin.py:190} INFO - [2026-07-22T13:16:43.665+0000] {dag.py:3239} INFO - Sync 1 DAGs
[2026-07-22T13:16:43.718+0000] {logging_mixin.py:190} INFO - [2026-07-22T13:16:43.717+0000] {dag.py:4180} INFO - Setting next_dagrun for example_nested_branch_dag to 2026-07-21 00:00:00+00:00, run_after=2026-07-22 00:00:00+00:00
[2026-07-22T13:16:43.764+0000] {processor.py:208} INFO - Processing /home/airflow/.local/lib/python3.12/site-packages/airflow/example_dags/example_nested_branch_dag.py took 0.208 seconds
[2026-07-22T13:17:19.897+0000] {processor.py:186} INFO - Started process (PID=1301) to work on /home/airflow/.local/lib/python3.12/site-packages/airflow/example_dags/example_nested_branch_dag.py
[2026-07-22T13:17:19.906+0000] {processor.py:914} INFO - Processing file /home/airflow/.local/lib/python3.12/site-packages/airflow/example_dags/example_nested_branch_dag.py for tasks to queue
[2026-07-22T13:17:19.919+0000] {logging_mixin.py:190} INFO - [2026-07-22T13:17:19.918+0000] {dagbag.py:588} INFO - Filling up the DagBag from /home/airflow/.local/lib/python3.12/site-packages/airflow/example_dags/example_nested_branch_dag.py
[2026-07-22T13:17:20.008+0000] {processor.py:925} INFO - DAG(s) 'example_nested_branch_dag' retrieved from /home/airflow/.local/lib/python3.12/site-packages/airflow/example_dags/example_nested_branch_dag.py
[2026-07-22T13:17:20.183+0000] {logging_mixin.py:190} INFO - [2026-07-22T13:17:20.182+0000] {dag.py:3239} INFO - Sync 1 DAGs
[2026-07-22T13:17:20.282+0000] {logging_mixin.py:190} INFO - [2026-07-22T13:17:20.281+0000] {dag.py:4180} INFO - Setting next_dagrun for example_nested_branch_dag to 2026-07-21 00:00:00+00:00, run_after=2026-07-22 00:00:00+00:00
[2026-07-22T13:17:20.346+0000] {processor.py:208} INFO - Processing /home/airflow/.local/lib/python3.12/site-packages/airflow/example_dags/example_nested_branch_dag.py took 0.481 seconds
