[2026-07-22T13:07:24.035+0000] {processor.py:186} INFO - Started process (PID=102) to work on /home/airflow/.local/lib/python3.12/site-packages/airflow/example_dags/example_dag_decorator.py
[2026-07-22T13:07:24.038+0000] {processor.py:914} INFO - Processing file /home/airflow/.local/lib/python3.12/site-packages/airflow/example_dags/example_dag_decorator.py for tasks to queue
[2026-07-22T13:07:24.046+0000] {logging_mixin.py:190} INFO - [2026-07-22T13:07:24.045+0000] {dagbag.py:588} INFO - Filling up the DagBag from /home/airflow/.local/lib/python3.12/site-packages/airflow/example_dags/example_dag_decorator.py
[2026-07-22T13:07:24.956+0000] {processor.py:925} INFO - DAG(s) 'example_dag_decorator' retrieved from /home/airflow/.local/lib/python3.12/site-packages/airflow/example_dags/example_dag_decorator.py
[2026-07-22T13:07:25.156+0000] {logging_mixin.py:190} INFO - [2026-07-22T13:07:25.155+0000] {override.py:1912} INFO - Created Permission View: can read on DAG:example_dag_decorator
[2026-07-22T13:07:25.177+0000] {logging_mixin.py:190} INFO - [2026-07-22T13:07:25.177+0000] {override.py:1912} INFO - Created Permission View: can edit on DAG:example_dag_decorator
[2026-07-22T13:07:25.192+0000] {logging_mixin.py:190} INFO - [2026-07-22T13:07:25.191+0000] {override.py:1912} INFO - Created Permission View: can delete on DAG:example_dag_decorator
[2026-07-22T13:07:25.209+0000] {logging_mixin.py:190} INFO - [2026-07-22T13:07:25.209+0000] {override.py:1912} INFO - Created Permission View: can read on DAG Run:example_dag_decorator
[2026-07-22T13:07:25.225+0000] {logging_mixin.py:190} INFO - [2026-07-22T13:07:25.224+0000] {override.py:1912} INFO - Created Permission View: menu access on DAG Run:example_dag_decorator
[2026-07-22T13:07:25.238+0000] {logging_mixin.py:190} INFO - [2026-07-22T13:07:25.238+0000] {override.py:1912} INFO - Created Permission View: can create on DAG Run:example_dag_decorator
[2026-07-22T13:07:25.253+0000] {logging_mixin.py:190} INFO - [2026-07-22T13:07:25.252+0000] {override.py:1912} INFO - Created Permission View: can delete on DAG Run:example_dag_decorator
[2026-07-22T13:07:25.255+0000] {logging_mixin.py:190} INFO - [2026-07-22T13:07:25.254+0000] {dag.py:3239} INFO - Sync 1 DAGs
[2026-07-22T13:07:25.281+0000] {logging_mixin.py:190} INFO - [2026-07-22T13:07:25.280+0000] {dag.py:3262} INFO - Creating ORM DAG for example_dag_decorator
[2026-07-22T13:07:25.283+0000] {logging_mixin.py:190} INFO - [2026-07-22T13:07:25.283+0000] {dag.py:4180} INFO - Setting next_dagrun for example_dag_decorator to None, run_after=None
[2026-07-22T13:07:25.315+0000] {processor.py:208} INFO - Processing /home/airflow/.local/lib/python3.12/site-packages/airflow/example_dags/example_dag_decorator.py took 1.292 seconds
[2026-07-22T13:07:55.627+0000] {processor.py:186} INFO - Started process (PID=164) to work on /home/airflow/.local/lib/python3.12/site-packages/airflow/example_dags/example_dag_decorator.py
[2026-07-22T13:07:55.634+0000] {processor.py:914} INFO - Processing file /home/airflow/.local/lib/python3.12/site-packages/airflow/example_dags/example_dag_decorator.py for tasks to queue
[2026-07-22T13:07:55.645+0000] {logging_mixin.py:190} INFO - [2026-07-22T13:07:55.644+0000] {dagbag.py:588} INFO - Filling up the DagBag from /home/airflow/.local/lib/python3.12/site-packages/airflow/example_dags/example_dag_decorator.py
[2026-07-22T13:07:55.951+0000] {processor.py:925} INFO - DAG(s) 'example_dag_decorator' retrieved from /home/airflow/.local/lib/python3.12/site-packages/airflow/example_dags/example_dag_decorator.py
[2026-07-22T13:07:56.275+0000] {logging_mixin.py:190} INFO - [2026-07-22T13:07:56.274+0000] {dag.py:3239} INFO - Sync 1 DAGs
[2026-07-22T13:07:56.313+0000] {logging_mixin.py:190} INFO - [2026-07-22T13:07:56.312+0000] {dag.py:4180} INFO - Setting next_dagrun for example_dag_decorator to None, run_after=None
[2026-07-22T13:07:56.392+0000] {processor.py:208} INFO - Processing /home/airflow/.local/lib/python3.12/site-packages/airflow/example_dags/example_dag_decorator.py took 0.788 seconds
[2026-07-22T13:08:26.743+0000] {processor.py:186} INFO - Started process (PID=228) to work on /home/airflow/.local/lib/python3.12/site-packages/airflow/example_dags/example_dag_decorator.py
[2026-07-22T13:08:26.749+0000] {processor.py:914} INFO - Processing file /home/airflow/.local/lib/python3.12/site-packages/airflow/example_dags/example_dag_decorator.py for tasks to queue
[2026-07-22T13:08:26.754+0000] {logging_mixin.py:190} INFO - [2026-07-22T13:08:26.753+0000] {dagbag.py:588} INFO - Filling up the DagBag from /home/airflow/.local/lib/python3.12/site-packages/airflow/example_dags/example_dag_decorator.py
[2026-07-22T13:08:26.943+0000] {processor.py:925} INFO - DAG(s) 'example_dag_decorator' retrieved from /home/airflow/.local/lib/python3.12/site-packages/airflow/example_dags/example_dag_decorator.py
[2026-07-22T13:08:27.109+0000] {logging_mixin.py:190} INFO - [2026-07-22T13:08:27.108+0000] {dag.py:3239} INFO - Sync 1 DAGs
[2026-07-22T13:08:27.129+0000] {logging_mixin.py:190} INFO - [2026-07-22T13:08:27.127+0000] {dag.py:4180} INFO - Setting next_dagrun for example_dag_decorator to None, run_after=None
[2026-07-22T13:08:27.158+0000] {processor.py:208} INFO - Processing /home/airflow/.local/lib/python3.12/site-packages/airflow/example_dags/example_dag_decorator.py took 0.424 seconds
[2026-07-22T13:08:57.594+0000] {processor.py:186} INFO - Started process (PID=291) to work on /home/airflow/.local/lib/python3.12/site-packages/airflow/example_dags/example_dag_decorator.py
[2026-07-22T13:08:57.596+0000] {processor.py:914} INFO - Processing file /home/airflow/.local/lib/python3.12/site-packages/airflow/example_dags/example_dag_decorator.py for tasks to queue
[2026-07-22T13:08:57.600+0000] {logging_mixin.py:190} INFO - [2026-07-22T13:08:57.600+0000] {dagbag.py:588} INFO - Filling up the DagBag from /home/airflow/.local/lib/python3.12/site-packages/airflow/example_dags/example_dag_decorator.py
[2026-07-22T13:08:57.721+0000] {processor.py:925} INFO - DAG(s) 'example_dag_decorator' retrieved from /home/airflow/.local/lib/python3.12/site-packages/airflow/example_dags/example_dag_decorator.py
[2026-07-22T13:08:57.850+0000] {logging_mixin.py:190} INFO - [2026-07-22T13:08:57.850+0000] {dag.py:3239} INFO - Sync 1 DAGs
[2026-07-22T13:08:57.867+0000] {logging_mixin.py:190} INFO - [2026-07-22T13:08:57.867+0000] {dag.py:4180} INFO - Setting next_dagrun for example_dag_decorator to None, run_after=None
[2026-07-22T13:08:57.899+0000] {processor.py:208} INFO - Processing /home/airflow/.local/lib/python3.12/site-packages/airflow/example_dags/example_dag_decorator.py took 0.312 seconds
[2026-07-22T13:09:28.443+0000] {processor.py:186} INFO - Started process (PID=355) to work on /home/airflow/.local/lib/python3.12/site-packages/airflow/example_dags/example_dag_decorator.py
[2026-07-22T13:09:28.444+0000] {processor.py:914} INFO - Processing file /home/airflow/.local/lib/python3.12/site-packages/airflow/example_dags/example_dag_decorator.py for tasks to queue
[2026-07-22T13:09:28.448+0000] {logging_mixin.py:190} INFO - [2026-07-22T13:09:28.448+0000] {dagbag.py:588} INFO - Filling up the DagBag from /home/airflow/.local/lib/python3.12/site-packages/airflow/example_dags/example_dag_decorator.py
[2026-07-22T13:09:28.557+0000] {processor.py:925} INFO - DAG(s) 'example_dag_decorator' retrieved from /home/airflow/.local/lib/python3.12/site-packages/airflow/example_dags/example_dag_decorator.py
[2026-07-22T13:09:28.690+0000] {logging_mixin.py:190} INFO - [2026-07-22T13:09:28.690+0000] {dag.py:3239} INFO - Sync 1 DAGs
[2026-07-22T13:09:28.704+0000] {logging_mixin.py:190} INFO - [2026-07-22T13:09:28.704+0000] {dag.py:4180} INFO - Setting next_dagrun for example_dag_decorator to None, run_after=None
[2026-07-22T13:09:28.731+0000] {processor.py:208} INFO - Processing /home/airflow/.local/lib/python3.12/site-packages/airflow/example_dags/example_dag_decorator.py took 0.295 seconds
[2026-07-22T13:09:59.131+0000] {processor.py:186} INFO - Started process (PID=418) to work on /home/airflow/.local/lib/python3.12/site-packages/airflow/example_dags/example_dag_decorator.py
[2026-07-22T13:09:59.135+0000] {processor.py:914} INFO - Processing file /home/airflow/.local/lib/python3.12/site-packages/airflow/example_dags/example_dag_decorator.py for tasks to queue
[2026-07-22T13:09:59.145+0000] {logging_mixin.py:190} INFO - [2026-07-22T13:09:59.144+0000] {dagbag.py:588} INFO - Filling up the DagBag from /home/airflow/.local/lib/python3.12/site-packages/airflow/example_dags/example_dag_decorator.py
[2026-07-22T13:09:59.462+0000] {processor.py:925} INFO - DAG(s) 'example_dag_decorator' retrieved from /home/airflow/.local/lib/python3.12/site-packages/airflow/example_dags/example_dag_decorator.py
[2026-07-22T13:09:59.626+0000] {logging_mixin.py:190} INFO - [2026-07-22T13:09:59.626+0000] {dag.py:3239} INFO - Sync 1 DAGs
[2026-07-22T13:09:59.643+0000] {logging_mixin.py:190} INFO - [2026-07-22T13:09:59.643+0000] {dag.py:4180} INFO - Setting next_dagrun for example_dag_decorator to None, run_after=None
[2026-07-22T13:09:59.686+0000] {processor.py:208} INFO - Processing /home/airflow/.local/lib/python3.12/site-packages/airflow/example_dags/example_dag_decorator.py took 0.577 seconds
[2026-07-22T13:10:29.881+0000] {processor.py:186} INFO - Started process (PID=481) to work on /home/airflow/.local/lib/python3.12/site-packages/airflow/example_dags/example_dag_decorator.py
[2026-07-22T13:10:29.885+0000] {processor.py:914} INFO - Processing file /home/airflow/.local/lib/python3.12/site-packages/airflow/example_dags/example_dag_decorator.py for tasks to queue
[2026-07-22T13:10:29.895+0000] {logging_mixin.py:190} INFO - [2026-07-22T13:10:29.893+0000] {dagbag.py:588} INFO - Filling up the DagBag from /home/airflow/.local/lib/python3.12/site-packages/airflow/example_dags/example_dag_decorator.py
[2026-07-22T13:10:30.129+0000] {processor.py:925} INFO - DAG(s) 'example_dag_decorator' retrieved from /home/airflow/.local/lib/python3.12/site-packages/airflow/example_dags/example_dag_decorator.py
[2026-07-22T13:10:30.339+0000] {logging_mixin.py:190} INFO - [2026-07-22T13:10:30.339+0000] {dag.py:3239} INFO - Sync 1 DAGs
[2026-07-22T13:10:30.363+0000] {logging_mixin.py:190} INFO - [2026-07-22T13:10:30.362+0000] {dag.py:4180} INFO - Setting next_dagrun for example_dag_decorator to None, run_after=None
[2026-07-22T13:10:30.410+0000] {processor.py:208} INFO - Processing /home/airflow/.local/lib/python3.12/site-packages/airflow/example_dags/example_dag_decorator.py took 0.547 seconds
[2026-07-22T13:11:00.497+0000] {processor.py:186} INFO - Started process (PID=543) to work on /home/airflow/.local/lib/python3.12/site-packages/airflow/example_dags/example_dag_decorator.py
[2026-07-22T13:11:00.501+0000] {processor.py:914} INFO - Processing file /home/airflow/.local/lib/python3.12/site-packages/airflow/example_dags/example_dag_decorator.py for tasks to queue
[2026-07-22T13:11:00.506+0000] {logging_mixin.py:190} INFO - [2026-07-22T13:11:00.505+0000] {dagbag.py:588} INFO - Filling up the DagBag from /home/airflow/.local/lib/python3.12/site-packages/airflow/example_dags/example_dag_decorator.py
[2026-07-22T13:11:00.867+0000] {processor.py:925} INFO - DAG(s) 'example_dag_decorator' retrieved from /home/airflow/.local/lib/python3.12/site-packages/airflow/example_dags/example_dag_decorator.py
[2026-07-22T13:11:01.179+0000] {logging_mixin.py:190} INFO - [2026-07-22T13:11:01.179+0000] {dag.py:3239} INFO - Sync 1 DAGs
[2026-07-22T13:11:01.196+0000] {logging_mixin.py:190} INFO - [2026-07-22T13:11:01.196+0000] {dag.py:4180} INFO - Setting next_dagrun for example_dag_decorator to None, run_after=None
[2026-07-22T13:11:01.230+0000] {processor.py:208} INFO - Processing /home/airflow/.local/lib/python3.12/site-packages/airflow/example_dags/example_dag_decorator.py took 0.746 seconds
[2026-07-22T13:11:32.098+0000] {processor.py:186} INFO - Started process (PID=606) to work on /home/airflow/.local/lib/python3.12/site-packages/airflow/example_dags/example_dag_decorator.py
[2026-07-22T13:11:32.103+0000] {processor.py:914} INFO - Processing file /home/airflow/.local/lib/python3.12/site-packages/airflow/example_dags/example_dag_decorator.py for tasks to queue
[2026-07-22T13:11:32.115+0000] {logging_mixin.py:190} INFO - [2026-07-22T13:11:32.113+0000] {dagbag.py:588} INFO - Filling up the DagBag from /home/airflow/.local/lib/python3.12/site-packages/airflow/example_dags/example_dag_decorator.py
[2026-07-22T13:11:32.558+0000] {processor.py:925} INFO - DAG(s) 'example_dag_decorator' retrieved from /home/airflow/.local/lib/python3.12/site-packages/airflow/example_dags/example_dag_decorator.py
[2026-07-22T13:11:33.047+0000] {logging_mixin.py:190} INFO - [2026-07-22T13:11:33.047+0000] {dag.py:3239} INFO - Sync 1 DAGs
[2026-07-22T13:11:33.143+0000] {logging_mixin.py:190} INFO - [2026-07-22T13:11:33.142+0000] {dag.py:4180} INFO - Setting next_dagrun for example_dag_decorator to None, run_after=None
[2026-07-22T13:11:33.233+0000] {processor.py:208} INFO - Processing /home/airflow/.local/lib/python3.12/site-packages/airflow/example_dags/example_dag_decorator.py took 1.162 seconds
[2026-07-22T13:12:03.424+0000] {processor.py:186} INFO - Started process (PID=671) to work on /home/airflow/.local/lib/python3.12/site-packages/airflow/example_dags/example_dag_decorator.py
[2026-07-22T13:12:03.427+0000] {processor.py:914} INFO - Processing file /home/airflow/.local/lib/python3.12/site-packages/airflow/example_dags/example_dag_decorator.py for tasks to queue
[2026-07-22T13:12:03.433+0000] {logging_mixin.py:190} INFO - [2026-07-22T13:12:03.432+0000] {dagbag.py:588} INFO - Filling up the DagBag from /home/airflow/.local/lib/python3.12/site-packages/airflow/example_dags/example_dag_decorator.py
[2026-07-22T13:12:03.643+0000] {processor.py:925} INFO - DAG(s) 'example_dag_decorator' retrieved from /home/airflow/.local/lib/python3.12/site-packages/airflow/example_dags/example_dag_decorator.py
[2026-07-22T13:12:03.840+0000] {logging_mixin.py:190} INFO - [2026-07-22T13:12:03.839+0000] {dag.py:3239} INFO - Sync 1 DAGs
[2026-07-22T13:12:03.859+0000] {logging_mixin.py:190} INFO - [2026-07-22T13:12:03.859+0000] {dag.py:4180} INFO - Setting next_dagrun for example_dag_decorator to None, run_after=None
[2026-07-22T13:12:03.898+0000] {processor.py:208} INFO - Processing /home/airflow/.local/lib/python3.12/site-packages/airflow/example_dags/example_dag_decorator.py took 0.490 seconds
[2026-07-22T13:12:34.538+0000] {processor.py:186} INFO - Started process (PID=734) to work on /home/airflow/.local/lib/python3.12/site-packages/airflow/example_dags/example_dag_decorator.py
[2026-07-22T13:12:34.540+0000] {processor.py:914} INFO - Processing file /home/airflow/.local/lib/python3.12/site-packages/airflow/example_dags/example_dag_decorator.py for tasks to queue
[2026-07-22T13:12:34.544+0000] {logging_mixin.py:190} INFO - [2026-07-22T13:12:34.543+0000] {dagbag.py:588} INFO - Filling up the DagBag from /home/airflow/.local/lib/python3.12/site-packages/airflow/example_dags/example_dag_decorator.py
[2026-07-22T13:12:34.756+0000] {processor.py:925} INFO - DAG(s) 'example_dag_decorator' retrieved from /home/airflow/.local/lib/python3.12/site-packages/airflow/example_dags/example_dag_decorator.py
[2026-07-22T13:12:34.949+0000] {logging_mixin.py:190} INFO - [2026-07-22T13:12:34.949+0000] {dag.py:3239} INFO - Sync 1 DAGs
[2026-07-22T13:12:34.965+0000] {logging_mixin.py:190} INFO - [2026-07-22T13:12:34.965+0000] {dag.py:4180} INFO - Setting next_dagrun for example_dag_decorator to None, run_after=None
[2026-07-22T13:12:35.000+0000] {processor.py:208} INFO - Processing /home/airflow/.local/lib/python3.12/site-packages/airflow/example_dags/example_dag_decorator.py took 0.470 seconds
[2026-07-22T13:13:05.189+0000] {processor.py:186} INFO - Started process (PID=799) to work on /home/airflow/.local/lib/python3.12/site-packages/airflow/example_dags/example_dag_decorator.py
[2026-07-22T13:13:05.191+0000] {processor.py:914} INFO - Processing file /home/airflow/.local/lib/python3.12/site-packages/airflow/example_dags/example_dag_decorator.py for tasks to queue
[2026-07-22T13:13:05.195+0000] {logging_mixin.py:190} INFO - [2026-07-22T13:13:05.194+0000] {dagbag.py:588} INFO - Filling up the DagBag from /home/airflow/.local/lib/python3.12/site-packages/airflow/example_dags/example_dag_decorator.py
[2026-07-22T13:13:05.314+0000] {processor.py:925} INFO - DAG(s) 'example_dag_decorator' retrieved from /home/airflow/.local/lib/python3.12/site-packages/airflow/example_dags/example_dag_decorator.py
[2026-07-22T13:13:05.439+0000] {logging_mixin.py:190} INFO - [2026-07-22T13:13:05.439+0000] {dag.py:3239} INFO - Sync 1 DAGs
[2026-07-22T13:13:05.458+0000] {logging_mixin.py:190} INFO - [2026-07-22T13:13:05.458+0000] {dag.py:4180} INFO - Setting next_dagrun for example_dag_decorator to None, run_after=None
[2026-07-22T13:13:05.488+0000] {processor.py:208} INFO - Processing /home/airflow/.local/lib/python3.12/site-packages/airflow/example_dags/example_dag_decorator.py took 0.306 seconds
[2026-07-22T13:13:35.597+0000] {processor.py:186} INFO - Started process (PID=860) to work on /home/airflow/.local/lib/python3.12/site-packages/airflow/example_dags/example_dag_decorator.py
[2026-07-22T13:13:35.613+0000] {processor.py:914} INFO - Processing file /home/airflow/.local/lib/python3.12/site-packages/airflow/example_dags/example_dag_decorator.py for tasks to queue
[2026-07-22T13:13:35.627+0000] {logging_mixin.py:190} INFO - [2026-07-22T13:13:35.625+0000] {dagbag.py:588} INFO - Filling up the DagBag from /home/airflow/.local/lib/python3.12/site-packages/airflow/example_dags/example_dag_decorator.py
[2026-07-22T13:13:36.299+0000] {processor.py:925} INFO - DAG(s) 'example_dag_decorator' retrieved from /home/airflow/.local/lib/python3.12/site-packages/airflow/example_dags/example_dag_decorator.py
[2026-07-22T13:13:36.661+0000] {logging_mixin.py:190} INFO - [2026-07-22T13:13:36.661+0000] {dag.py:3239} INFO - Sync 1 DAGs
[2026-07-22T13:13:36.679+0000] {logging_mixin.py:190} INFO - [2026-07-22T13:13:36.679+0000] {dag.py:4180} INFO - Setting next_dagrun for example_dag_decorator to None, run_after=None
[2026-07-22T13:13:36.714+0000] {processor.py:208} INFO - Processing /home/airflow/.local/lib/python3.12/site-packages/airflow/example_dags/example_dag_decorator.py took 1.151 seconds
[2026-07-22T13:14:07.059+0000] {processor.py:186} INFO - Started process (PID=925) to work on /home/airflow/.local/lib/python3.12/site-packages/airflow/example_dags/example_dag_decorator.py
[2026-07-22T13:14:07.061+0000] {processor.py:914} INFO - Processing file /home/airflow/.local/lib/python3.12/site-packages/airflow/example_dags/example_dag_decorator.py for tasks to queue
[2026-07-22T13:14:07.064+0000] {logging_mixin.py:190} INFO - [2026-07-22T13:14:07.064+0000] {dagbag.py:588} INFO - Filling up the DagBag from /home/airflow/.local/lib/python3.12/site-packages/airflow/example_dags/example_dag_decorator.py
[2026-07-22T13:14:07.216+0000] {processor.py:925} INFO - DAG(s) 'example_dag_decorator' retrieved from /home/airflow/.local/lib/python3.12/site-packages/airflow/example_dags/example_dag_decorator.py
[2026-07-22T13:14:07.345+0000] {logging_mixin.py:190} INFO - [2026-07-22T13:14:07.345+0000] {dag.py:3239} INFO - Sync 1 DAGs
[2026-07-22T13:14:07.360+0000] {logging_mixin.py:190} INFO - [2026-07-22T13:14:07.360+0000] {dag.py:4180} INFO - Setting next_dagrun for example_dag_decorator to None, run_after=None
[2026-07-22T13:14:07.395+0000] {processor.py:208} INFO - Processing /home/airflow/.local/lib/python3.12/site-packages/airflow/example_dags/example_dag_decorator.py took 0.347 seconds
[2026-07-22T13:14:38.283+0000] {processor.py:186} INFO - Started process (PID=988) to work on /home/airflow/.local/lib/python3.12/site-packages/airflow/example_dags/example_dag_decorator.py
[2026-07-22T13:14:38.285+0000] {processor.py:914} INFO - Processing file /home/airflow/.local/lib/python3.12/site-packages/airflow/example_dags/example_dag_decorator.py for tasks to queue
[2026-07-22T13:14:38.290+0000] {logging_mixin.py:190} INFO - [2026-07-22T13:14:38.290+0000] {dagbag.py:588} INFO - Filling up the DagBag from /home/airflow/.local/lib/python3.12/site-packages/airflow/example_dags/example_dag_decorator.py
[2026-07-22T13:14:38.428+0000] {processor.py:925} INFO - DAG(s) 'example_dag_decorator' retrieved from /home/airflow/.local/lib/python3.12/site-packages/airflow/example_dags/example_dag_decorator.py
[2026-07-22T13:14:38.563+0000] {logging_mixin.py:190} INFO - [2026-07-22T13:14:38.563+0000] {dag.py:3239} INFO - Sync 1 DAGs
[2026-07-22T13:14:38.578+0000] {logging_mixin.py:190} INFO - [2026-07-22T13:14:38.578+0000] {dag.py:4180} INFO - Setting next_dagrun for example_dag_decorator to None, run_after=None
[2026-07-22T13:14:38.610+0000] {processor.py:208} INFO - Processing /home/airflow/.local/lib/python3.12/site-packages/airflow/example_dags/example_dag_decorator.py took 0.335 seconds
[2026-07-22T13:15:09.275+0000] {processor.py:186} INFO - Started process (PID=1051) to work on /home/airflow/.local/lib/python3.12/site-packages/airflow/example_dags/example_dag_decorator.py
[2026-07-22T13:15:09.277+0000] {processor.py:914} INFO - Processing file /home/airflow/.local/lib/python3.12/site-packages/airflow/example_dags/example_dag_decorator.py for tasks to queue
[2026-07-22T13:15:09.282+0000] {logging_mixin.py:190} INFO - [2026-07-22T13:15:09.281+0000] {dagbag.py:588} INFO - Filling up the DagBag from /home/airflow/.local/lib/python3.12/site-packages/airflow/example_dags/example_dag_decorator.py
[2026-07-22T13:15:09.434+0000] {processor.py:925} INFO - DAG(s) 'example_dag_decorator' retrieved from /home/airflow/.local/lib/python3.12/site-packages/airflow/example_dags/example_dag_decorator.py
[2026-07-22T13:15:09.608+0000] {logging_mixin.py:190} INFO - [2026-07-22T13:15:09.607+0000] {dag.py:3239} INFO - Sync 1 DAGs
[2026-07-22T13:15:09.626+0000] {logging_mixin.py:190} INFO - [2026-07-22T13:15:09.626+0000] {dag.py:4180} INFO - Setting next_dagrun for example_dag_decorator to None, run_after=None
[2026-07-22T13:15:09.660+0000] {processor.py:208} INFO - Processing /home/airflow/.local/lib/python3.12/site-packages/airflow/example_dags/example_dag_decorator.py took 0.392 seconds
[2026-07-22T13:15:40.508+0000] {processor.py:186} INFO - Started process (PID=1115) to work on /home/airflow/.local/lib/python3.12/site-packages/airflow/example_dags/example_dag_decorator.py
[2026-07-22T13:15:40.511+0000] {processor.py:914} INFO - Processing file /home/airflow/.local/lib/python3.12/site-packages/airflow/example_dags/example_dag_decorator.py for tasks to queue
[2026-07-22T13:15:40.516+0000] {logging_mixin.py:190} INFO - [2026-07-22T13:15:40.515+0000] {dagbag.py:588} INFO - Filling up the DagBag from /home/airflow/.local/lib/python3.12/site-packages/airflow/example_dags/example_dag_decorator.py
[2026-07-22T13:15:40.675+0000] {processor.py:925} INFO - DAG(s) 'example_dag_decorator' retrieved from /home/airflow/.local/lib/python3.12/site-packages/airflow/example_dags/example_dag_decorator.py
[2026-07-22T13:15:40.974+0000] {logging_mixin.py:190} INFO - [2026-07-22T13:15:40.973+0000] {dag.py:3239} INFO - Sync 1 DAGs
[2026-07-22T13:15:41.038+0000] {logging_mixin.py:190} INFO - [2026-07-22T13:15:41.037+0000] {dag.py:4180} INFO - Setting next_dagrun for example_dag_decorator to None, run_after=None
[2026-07-22T13:15:41.111+0000] {processor.py:208} INFO - Processing /home/airflow/.local/lib/python3.12/site-packages/airflow/example_dags/example_dag_decorator.py took 0.612 seconds
[2026-07-22T13:16:11.511+0000] {processor.py:186} INFO - Started process (PID=1167) to work on /home/airflow/.local/lib/python3.12/site-packages/airflow/example_dags/example_dag_decorator.py
[2026-07-22T13:16:11.519+0000] {processor.py:914} INFO - Processing file /home/airflow/.local/lib/python3.12/site-packages/airflow/example_dags/example_dag_decorator.py for tasks to queue
[2026-07-22T13:16:11.533+0000] {logging_mixin.py:190} INFO - [2026-07-22T13:16:11.532+0000] {dagbag.py:588} INFO - Filling up the DagBag from /home/airflow/.local/lib/python3.12/site-packages/airflow/example_dags/example_dag_decorator.py
[2026-07-22T13:16:12.142+0000] {processor.py:925} INFO - DAG(s) 'example_dag_decorator' retrieved from /home/airflow/.local/lib/python3.12/site-packages/airflow/example_dags/example_dag_decorator.py
[2026-07-22T13:16:12.594+0000] {logging_mixin.py:190} INFO - [2026-07-22T13:16:12.594+0000] {dag.py:3239} INFO - Sync 1 DAGs
[2026-07-22T13:16:12.621+0000] {logging_mixin.py:190} INFO - [2026-07-22T13:16:12.621+0000] {dag.py:4180} INFO - Setting next_dagrun for example_dag_decorator to None, run_after=None
[2026-07-22T13:16:12.672+0000] {processor.py:208} INFO - Processing /home/airflow/.local/lib/python3.12/site-packages/airflow/example_dags/example_dag_decorator.py took 1.210 seconds
[2026-07-22T13:16:43.217+0000] {processor.py:186} INFO - Started process (PID=1230) to work on /home/airflow/.local/lib/python3.12/site-packages/airflow/example_dags/example_dag_decorator.py
[2026-07-22T13:16:43.219+0000] {processor.py:914} INFO - Processing file /home/airflow/.local/lib/python3.12/site-packages/airflow/example_dags/example_dag_decorator.py for tasks to queue
[2026-07-22T13:16:43.224+0000] {logging_mixin.py:190} INFO - [2026-07-22T13:16:43.223+0000] {dagbag.py:588} INFO - Filling up the DagBag from /home/airflow/.local/lib/python3.12/site-packages/airflow/example_dags/example_dag_decorator.py
[2026-07-22T13:16:43.497+0000] {processor.py:925} INFO - DAG(s) 'example_dag_decorator' retrieved from /home/airflow/.local/lib/python3.12/site-packages/airflow/example_dags/example_dag_decorator.py
[2026-07-22T13:16:43.759+0000] {logging_mixin.py:190} INFO - [2026-07-22T13:16:43.758+0000] {dag.py:3239} INFO - Sync 1 DAGs
[2026-07-22T13:16:43.784+0000] {logging_mixin.py:190} INFO - [2026-07-22T13:16:43.783+0000] {dag.py:4180} INFO - Setting next_dagrun for example_dag_decorator to None, run_after=None
[2026-07-22T13:16:43.837+0000] {processor.py:208} INFO - Processing /home/airflow/.local/lib/python3.12/site-packages/airflow/example_dags/example_dag_decorator.py took 0.630 seconds
[2026-07-22T13:17:18.849+0000] {processor.py:186} INFO - Started process (PID=1299) to work on /home/airflow/.local/lib/python3.12/site-packages/airflow/example_dags/example_dag_decorator.py
[2026-07-22T13:17:18.854+0000] {processor.py:914} INFO - Processing file /home/airflow/.local/lib/python3.12/site-packages/airflow/example_dags/example_dag_decorator.py for tasks to queue
[2026-07-22T13:17:18.865+0000] {logging_mixin.py:190} INFO - [2026-07-22T13:17:18.864+0000] {dagbag.py:588} INFO - Filling up the DagBag from /home/airflow/.local/lib/python3.12/site-packages/airflow/example_dags/example_dag_decorator.py
[2026-07-22T13:17:19.370+0000] {processor.py:925} INFO - DAG(s) 'example_dag_decorator' retrieved from /home/airflow/.local/lib/python3.12/site-packages/airflow/example_dags/example_dag_decorator.py
[2026-07-22T13:17:20.012+0000] {logging_mixin.py:190} INFO - [2026-07-22T13:17:20.011+0000] {dag.py:3239} INFO - Sync 1 DAGs
[2026-07-22T13:17:20.135+0000] {logging_mixin.py:190} INFO - [2026-07-22T13:17:20.134+0000] {dag.py:4180} INFO - Setting next_dagrun for example_dag_decorator to None, run_after=None
[2026-07-22T13:17:20.219+0000] {processor.py:208} INFO - Processing /home/airflow/.local/lib/python3.12/site-packages/airflow/example_dags/example_dag_decorator.py took 1.393 seconds
