[2026-07-22T13:07:34.668+0000] {processor.py:186} INFO - Started process (PID=126) to work on /home/airflow/.local/lib/python3.12/site-packages/airflow/example_dags/example_short_circuit_decorator.py
[2026-07-22T13:07:34.684+0000] {processor.py:914} INFO - Processing file /home/airflow/.local/lib/python3.12/site-packages/airflow/example_dags/example_short_circuit_decorator.py for tasks to queue
[2026-07-22T13:07:34.697+0000] {logging_mixin.py:190} INFO - [2026-07-22T13:07:34.696+0000] {dagbag.py:588} INFO - Filling up the DagBag from /home/airflow/.local/lib/python3.12/site-packages/airflow/example_dags/example_short_circuit_decorator.py
[2026-07-22T13:07:34.739+0000] {processor.py:925} INFO - DAG(s) 'example_short_circuit_decorator' retrieved from /home/airflow/.local/lib/python3.12/site-packages/airflow/example_dags/example_short_circuit_decorator.py
[2026-07-22T13:07:35.000+0000] {logging_mixin.py:190} INFO - [2026-07-22T13:07:34.999+0000] {override.py:1912} INFO - Created Permission View: can read on DAG:example_short_circuit_decorator
[2026-07-22T13:07:35.026+0000] {logging_mixin.py:190} INFO - [2026-07-22T13:07:35.026+0000] {override.py:1912} INFO - Created Permission View: can edit on DAG:example_short_circuit_decorator
[2026-07-22T13:07:35.041+0000] {logging_mixin.py:190} INFO - [2026-07-22T13:07:35.040+0000] {override.py:1912} INFO - Created Permission View: can delete on DAG:example_short_circuit_decorator
[2026-07-22T13:07:35.058+0000] {logging_mixin.py:190} INFO - [2026-07-22T13:07:35.058+0000] {override.py:1912} INFO - Created Permission View: can read on DAG Run:example_short_circuit_decorator
[2026-07-22T13:07:35.074+0000] {logging_mixin.py:190} INFO - [2026-07-22T13:07:35.073+0000] {override.py:1912} INFO - Created Permission View: menu access on DAG Run:example_short_circuit_decorator
[2026-07-22T13:07:35.087+0000] {logging_mixin.py:190} INFO - [2026-07-22T13:07:35.086+0000] {override.py:1912} INFO - Created Permission View: can create on DAG Run:example_short_circuit_decorator
[2026-07-22T13:07:35.101+0000] {logging_mixin.py:190} INFO - [2026-07-22T13:07:35.101+0000] {override.py:1912} INFO - Created Permission View: can delete on DAG Run:example_short_circuit_decorator
[2026-07-22T13:07:35.103+0000] {logging_mixin.py:190} INFO - [2026-07-22T13:07:35.103+0000] {dag.py:3239} INFO - Sync 1 DAGs
[2026-07-22T13:07:35.125+0000] {logging_mixin.py:190} INFO - [2026-07-22T13:07:35.124+0000] {dag.py:3262} INFO - Creating ORM DAG for example_short_circuit_decorator
[2026-07-22T13:07:35.127+0000] {logging_mixin.py:190} INFO - [2026-07-22T13:07:35.127+0000] {dag.py:4180} INFO - Setting next_dagrun for example_short_circuit_decorator to None, run_after=None
[2026-07-22T13:07:35.164+0000] {processor.py:208} INFO - Processing /home/airflow/.local/lib/python3.12/site-packages/airflow/example_dags/example_short_circuit_decorator.py took 0.522 seconds
[2026-07-22T13:08:05.547+0000] {processor.py:186} INFO - Started process (PID=189) to work on /home/airflow/.local/lib/python3.12/site-packages/airflow/example_dags/example_short_circuit_decorator.py
[2026-07-22T13:08:05.552+0000] {processor.py:914} INFO - Processing file /home/airflow/.local/lib/python3.12/site-packages/airflow/example_dags/example_short_circuit_decorator.py for tasks to queue
[2026-07-22T13:08:05.562+0000] {logging_mixin.py:190} INFO - [2026-07-22T13:08:05.561+0000] {dagbag.py:588} INFO - Filling up the DagBag from /home/airflow/.local/lib/python3.12/site-packages/airflow/example_dags/example_short_circuit_decorator.py
[2026-07-22T13:08:05.590+0000] {processor.py:925} INFO - DAG(s) 'example_short_circuit_decorator' retrieved from /home/airflow/.local/lib/python3.12/site-packages/airflow/example_dags/example_short_circuit_decorator.py
[2026-07-22T13:08:05.675+0000] {logging_mixin.py:190} INFO - [2026-07-22T13:08:05.672+0000] {dag.py:3239} INFO - Sync 1 DAGs
[2026-07-22T13:08:05.717+0000] {logging_mixin.py:190} INFO - [2026-07-22T13:08:05.717+0000] {dag.py:4180} INFO - Setting next_dagrun for example_short_circuit_decorator to None, run_after=None
[2026-07-22T13:08:05.781+0000] {processor.py:208} INFO - Processing /home/airflow/.local/lib/python3.12/site-packages/airflow/example_dags/example_short_circuit_decorator.py took 0.248 seconds
[2026-07-22T13:08:37.986+0000] {processor.py:186} INFO - Started process (PID=253) to work on /home/airflow/.local/lib/python3.12/site-packages/airflow/example_dags/example_short_circuit_decorator.py
[2026-07-22T13:08:37.988+0000] {processor.py:914} INFO - Processing file /home/airflow/.local/lib/python3.12/site-packages/airflow/example_dags/example_short_circuit_decorator.py for tasks to queue
[2026-07-22T13:08:37.995+0000] {logging_mixin.py:190} INFO - [2026-07-22T13:08:37.994+0000] {dagbag.py:588} INFO - Filling up the DagBag from /home/airflow/.local/lib/python3.12/site-packages/airflow/example_dags/example_short_circuit_decorator.py
[2026-07-22T13:08:38.021+0000] {processor.py:925} INFO - DAG(s) 'example_short_circuit_decorator' retrieved from /home/airflow/.local/lib/python3.12/site-packages/airflow/example_dags/example_short_circuit_decorator.py
[2026-07-22T13:08:38.074+0000] {logging_mixin.py:190} INFO - [2026-07-22T13:08:38.074+0000] {dag.py:3239} INFO - Sync 1 DAGs
[2026-07-22T13:08:38.115+0000] {logging_mixin.py:190} INFO - [2026-07-22T13:08:38.115+0000] {dag.py:4180} INFO - Setting next_dagrun for example_short_circuit_decorator to None, run_after=None
[2026-07-22T13:08:38.161+0000] {processor.py:208} INFO - Processing /home/airflow/.local/lib/python3.12/site-packages/airflow/example_dags/example_short_circuit_decorator.py took 0.189 seconds
[2026-07-22T13:09:08.971+0000] {processor.py:186} INFO - Started process (PID=316) to work on /home/airflow/.local/lib/python3.12/site-packages/airflow/example_dags/example_short_circuit_decorator.py
[2026-07-22T13:09:08.973+0000] {processor.py:914} INFO - Processing file /home/airflow/.local/lib/python3.12/site-packages/airflow/example_dags/example_short_circuit_decorator.py for tasks to queue
[2026-07-22T13:09:08.980+0000] {logging_mixin.py:190} INFO - [2026-07-22T13:09:08.979+0000] {dagbag.py:588} INFO - Filling up the DagBag from /home/airflow/.local/lib/python3.12/site-packages/airflow/example_dags/example_short_circuit_decorator.py
[2026-07-22T13:09:09.005+0000] {processor.py:925} INFO - DAG(s) 'example_short_circuit_decorator' retrieved from /home/airflow/.local/lib/python3.12/site-packages/airflow/example_dags/example_short_circuit_decorator.py
[2026-07-22T13:09:09.041+0000] {logging_mixin.py:190} INFO - [2026-07-22T13:09:09.040+0000] {dag.py:3239} INFO - Sync 1 DAGs
[2026-07-22T13:09:09.071+0000] {logging_mixin.py:190} INFO - [2026-07-22T13:09:09.070+0000] {dag.py:4180} INFO - Setting next_dagrun for example_short_circuit_decorator to None, run_after=None
[2026-07-22T13:09:09.105+0000] {processor.py:208} INFO - Processing /home/airflow/.local/lib/python3.12/site-packages/airflow/example_dags/example_short_circuit_decorator.py took 0.143 seconds
[2026-07-22T13:09:39.976+0000] {processor.py:186} INFO - Started process (PID=380) to work on /home/airflow/.local/lib/python3.12/site-packages/airflow/example_dags/example_short_circuit_decorator.py
[2026-07-22T13:09:39.978+0000] {processor.py:914} INFO - Processing file /home/airflow/.local/lib/python3.12/site-packages/airflow/example_dags/example_short_circuit_decorator.py for tasks to queue
[2026-07-22T13:09:39.982+0000] {logging_mixin.py:190} INFO - [2026-07-22T13:09:39.982+0000] {dagbag.py:588} INFO - Filling up the DagBag from /home/airflow/.local/lib/python3.12/site-packages/airflow/example_dags/example_short_circuit_decorator.py
[2026-07-22T13:09:39.995+0000] {processor.py:925} INFO - DAG(s) 'example_short_circuit_decorator' retrieved from /home/airflow/.local/lib/python3.12/site-packages/airflow/example_dags/example_short_circuit_decorator.py
[2026-07-22T13:09:40.041+0000] {logging_mixin.py:190} INFO - [2026-07-22T13:09:40.040+0000] {dag.py:3239} INFO - Sync 1 DAGs
[2026-07-22T13:09:40.061+0000] {logging_mixin.py:190} INFO - [2026-07-22T13:09:40.061+0000] {dag.py:4180} INFO - Setting next_dagrun for example_short_circuit_decorator to None, run_after=None
[2026-07-22T13:09:40.093+0000] {processor.py:208} INFO - Processing /home/airflow/.local/lib/python3.12/site-packages/airflow/example_dags/example_short_circuit_decorator.py took 0.125 seconds
[2026-07-22T13:10:10.711+0000] {processor.py:186} INFO - Started process (PID=443) to work on /home/airflow/.local/lib/python3.12/site-packages/airflow/example_dags/example_short_circuit_decorator.py
[2026-07-22T13:10:10.722+0000] {processor.py:914} INFO - Processing file /home/airflow/.local/lib/python3.12/site-packages/airflow/example_dags/example_short_circuit_decorator.py for tasks to queue
[2026-07-22T13:10:10.747+0000] {logging_mixin.py:190} INFO - [2026-07-22T13:10:10.744+0000] {dagbag.py:588} INFO - Filling up the DagBag from /home/airflow/.local/lib/python3.12/site-packages/airflow/example_dags/example_short_circuit_decorator.py
[2026-07-22T13:10:10.810+0000] {processor.py:925} INFO - DAG(s) 'example_short_circuit_decorator' retrieved from /home/airflow/.local/lib/python3.12/site-packages/airflow/example_dags/example_short_circuit_decorator.py
[2026-07-22T13:10:10.951+0000] {logging_mixin.py:190} INFO - [2026-07-22T13:10:10.951+0000] {dag.py:3239} INFO - Sync 1 DAGs
[2026-07-22T13:10:11.051+0000] {logging_mixin.py:190} INFO - [2026-07-22T13:10:11.047+0000] {dag.py:4180} INFO - Setting next_dagrun for example_short_circuit_decorator to None, run_after=None
[2026-07-22T13:10:11.167+0000] {processor.py:208} INFO - Processing /home/airflow/.local/lib/python3.12/site-packages/airflow/example_dags/example_short_circuit_decorator.py took 0.495 seconds
[2026-07-22T13:10:42.209+0000] {processor.py:186} INFO - Started process (PID=506) to work on /home/airflow/.local/lib/python3.12/site-packages/airflow/example_dags/example_short_circuit_decorator.py
[2026-07-22T13:10:42.211+0000] {processor.py:914} INFO - Processing file /home/airflow/.local/lib/python3.12/site-packages/airflow/example_dags/example_short_circuit_decorator.py for tasks to queue
[2026-07-22T13:10:42.215+0000] {logging_mixin.py:190} INFO - [2026-07-22T13:10:42.214+0000] {dagbag.py:588} INFO - Filling up the DagBag from /home/airflow/.local/lib/python3.12/site-packages/airflow/example_dags/example_short_circuit_decorator.py
[2026-07-22T13:10:42.234+0000] {processor.py:925} INFO - DAG(s) 'example_short_circuit_decorator' retrieved from /home/airflow/.local/lib/python3.12/site-packages/airflow/example_dags/example_short_circuit_decorator.py
[2026-07-22T13:10:42.269+0000] {logging_mixin.py:190} INFO - [2026-07-22T13:10:42.269+0000] {dag.py:3239} INFO - Sync 1 DAGs
[2026-07-22T13:10:42.290+0000] {logging_mixin.py:190} INFO - [2026-07-22T13:10:42.290+0000] {dag.py:4180} INFO - Setting next_dagrun for example_short_circuit_decorator to None, run_after=None
[2026-07-22T13:10:42.323+0000] {processor.py:208} INFO - Processing /home/airflow/.local/lib/python3.12/site-packages/airflow/example_dags/example_short_circuit_decorator.py took 0.122 seconds
[2026-07-22T13:11:12.613+0000] {processor.py:186} INFO - Started process (PID=568) to work on /home/airflow/.local/lib/python3.12/site-packages/airflow/example_dags/example_short_circuit_decorator.py
[2026-07-22T13:11:12.615+0000] {processor.py:914} INFO - Processing file /home/airflow/.local/lib/python3.12/site-packages/airflow/example_dags/example_short_circuit_decorator.py for tasks to queue
[2026-07-22T13:11:12.622+0000] {logging_mixin.py:190} INFO - [2026-07-22T13:11:12.622+0000] {dagbag.py:588} INFO - Filling up the DagBag from /home/airflow/.local/lib/python3.12/site-packages/airflow/example_dags/example_short_circuit_decorator.py
[2026-07-22T13:11:12.641+0000] {processor.py:925} INFO - DAG(s) 'example_short_circuit_decorator' retrieved from /home/airflow/.local/lib/python3.12/site-packages/airflow/example_dags/example_short_circuit_decorator.py
[2026-07-22T13:11:12.685+0000] {logging_mixin.py:190} INFO - [2026-07-22T13:11:12.684+0000] {dag.py:3239} INFO - Sync 1 DAGs
[2026-07-22T13:11:12.717+0000] {logging_mixin.py:190} INFO - [2026-07-22T13:11:12.716+0000] {dag.py:4180} INFO - Setting next_dagrun for example_short_circuit_decorator to None, run_after=None
[2026-07-22T13:11:12.789+0000] {processor.py:208} INFO - Processing /home/airflow/.local/lib/python3.12/site-packages/airflow/example_dags/example_short_circuit_decorator.py took 0.185 seconds
[2026-07-22T13:11:43.676+0000] {processor.py:186} INFO - Started process (PID=631) to work on /home/airflow/.local/lib/python3.12/site-packages/airflow/example_dags/example_short_circuit_decorator.py
[2026-07-22T13:11:43.678+0000] {processor.py:914} INFO - Processing file /home/airflow/.local/lib/python3.12/site-packages/airflow/example_dags/example_short_circuit_decorator.py for tasks to queue
[2026-07-22T13:11:43.683+0000] {logging_mixin.py:190} INFO - [2026-07-22T13:11:43.682+0000] {dagbag.py:588} INFO - Filling up the DagBag from /home/airflow/.local/lib/python3.12/site-packages/airflow/example_dags/example_short_circuit_decorator.py
[2026-07-22T13:11:43.701+0000] {processor.py:925} INFO - DAG(s) 'example_short_circuit_decorator' retrieved from /home/airflow/.local/lib/python3.12/site-packages/airflow/example_dags/example_short_circuit_decorator.py
[2026-07-22T13:11:43.737+0000] {logging_mixin.py:190} INFO - [2026-07-22T13:11:43.737+0000] {dag.py:3239} INFO - Sync 1 DAGs
[2026-07-22T13:11:43.762+0000] {logging_mixin.py:190} INFO - [2026-07-22T13:11:43.761+0000] {dag.py:4180} INFO - Setting next_dagrun for example_short_circuit_decorator to None, run_after=None
[2026-07-22T13:11:43.807+0000] {processor.py:208} INFO - Processing /home/airflow/.local/lib/python3.12/site-packages/airflow/example_dags/example_short_circuit_decorator.py took 0.143 seconds
[2026-07-22T13:12:17.102+0000] {processor.py:186} INFO - Started process (PID=694) to work on /home/airflow/.local/lib/python3.12/site-packages/airflow/example_dags/example_short_circuit_decorator.py
[2026-07-22T13:12:17.105+0000] {processor.py:914} INFO - Processing file /home/airflow/.local/lib/python3.12/site-packages/airflow/example_dags/example_short_circuit_decorator.py for tasks to queue
[2026-07-22T13:12:17.109+0000] {logging_mixin.py:190} INFO - [2026-07-22T13:12:17.109+0000] {dagbag.py:588} INFO - Filling up the DagBag from /home/airflow/.local/lib/python3.12/site-packages/airflow/example_dags/example_short_circuit_decorator.py
[2026-07-22T13:12:17.128+0000] {processor.py:925} INFO - DAG(s) 'example_short_circuit_decorator' retrieved from /home/airflow/.local/lib/python3.12/site-packages/airflow/example_dags/example_short_circuit_decorator.py
[2026-07-22T13:12:17.175+0000] {logging_mixin.py:190} INFO - [2026-07-22T13:12:17.175+0000] {dag.py:3239} INFO - Sync 1 DAGs
[2026-07-22T13:12:17.199+0000] {logging_mixin.py:190} INFO - [2026-07-22T13:12:17.199+0000] {dag.py:4180} INFO - Setting next_dagrun for example_short_circuit_decorator to None, run_after=None
[2026-07-22T13:12:17.240+0000] {processor.py:208} INFO - Processing /home/airflow/.local/lib/python3.12/site-packages/airflow/example_dags/example_short_circuit_decorator.py took 0.147 seconds
[2026-07-22T13:12:49.241+0000] {processor.py:186} INFO - Started process (PID=763) to work on /home/airflow/.local/lib/python3.12/site-packages/airflow/example_dags/example_short_circuit_decorator.py
[2026-07-22T13:12:49.243+0000] {processor.py:914} INFO - Processing file /home/airflow/.local/lib/python3.12/site-packages/airflow/example_dags/example_short_circuit_decorator.py for tasks to queue
[2026-07-22T13:12:49.251+0000] {logging_mixin.py:190} INFO - [2026-07-22T13:12:49.250+0000] {dagbag.py:588} INFO - Filling up the DagBag from /home/airflow/.local/lib/python3.12/site-packages/airflow/example_dags/example_short_circuit_decorator.py
[2026-07-22T13:12:49.275+0000] {processor.py:925} INFO - DAG(s) 'example_short_circuit_decorator' retrieved from /home/airflow/.local/lib/python3.12/site-packages/airflow/example_dags/example_short_circuit_decorator.py
[2026-07-22T13:12:49.326+0000] {logging_mixin.py:190} INFO - [2026-07-22T13:12:49.325+0000] {dag.py:3239} INFO - Sync 1 DAGs
[2026-07-22T13:12:49.364+0000] {logging_mixin.py:190} INFO - [2026-07-22T13:12:49.363+0000] {dag.py:4180} INFO - Setting next_dagrun for example_short_circuit_decorator to None, run_after=None
[2026-07-22T13:12:49.418+0000] {processor.py:208} INFO - Processing /home/airflow/.local/lib/python3.12/site-packages/airflow/example_dags/example_short_circuit_decorator.py took 0.188 seconds
[2026-07-22T13:13:22.533+0000] {processor.py:186} INFO - Started process (PID=826) to work on /home/airflow/.local/lib/python3.12/site-packages/airflow/example_dags/example_short_circuit_decorator.py
[2026-07-22T13:13:22.536+0000] {processor.py:914} INFO - Processing file /home/airflow/.local/lib/python3.12/site-packages/airflow/example_dags/example_short_circuit_decorator.py for tasks to queue
[2026-07-22T13:13:22.544+0000] {logging_mixin.py:190} INFO - [2026-07-22T13:13:22.543+0000] {dagbag.py:588} INFO - Filling up the DagBag from /home/airflow/.local/lib/python3.12/site-packages/airflow/example_dags/example_short_circuit_decorator.py
[2026-07-22T13:13:22.566+0000] {processor.py:925} INFO - DAG(s) 'example_short_circuit_decorator' retrieved from /home/airflow/.local/lib/python3.12/site-packages/airflow/example_dags/example_short_circuit_decorator.py
[2026-07-22T13:13:22.632+0000] {logging_mixin.py:190} INFO - [2026-07-22T13:13:22.631+0000] {dag.py:3239} INFO - Sync 1 DAGs
[2026-07-22T13:13:22.677+0000] {logging_mixin.py:190} INFO - [2026-07-22T13:13:22.677+0000] {dag.py:4180} INFO - Setting next_dagrun for example_short_circuit_decorator to None, run_after=None
[2026-07-22T13:13:22.758+0000] {processor.py:208} INFO - Processing /home/airflow/.local/lib/python3.12/site-packages/airflow/example_dags/example_short_circuit_decorator.py took 0.240 seconds
[2026-07-22T13:13:53.812+0000] {processor.py:186} INFO - Started process (PID=890) to work on /home/airflow/.local/lib/python3.12/site-packages/airflow/example_dags/example_short_circuit_decorator.py
[2026-07-22T13:13:53.815+0000] {processor.py:914} INFO - Processing file /home/airflow/.local/lib/python3.12/site-packages/airflow/example_dags/example_short_circuit_decorator.py for tasks to queue
[2026-07-22T13:13:53.822+0000] {logging_mixin.py:190} INFO - [2026-07-22T13:13:53.822+0000] {dagbag.py:588} INFO - Filling up the DagBag from /home/airflow/.local/lib/python3.12/site-packages/airflow/example_dags/example_short_circuit_decorator.py
[2026-07-22T13:13:53.847+0000] {processor.py:925} INFO - DAG(s) 'example_short_circuit_decorator' retrieved from /home/airflow/.local/lib/python3.12/site-packages/airflow/example_dags/example_short_circuit_decorator.py
[2026-07-22T13:13:53.922+0000] {logging_mixin.py:190} INFO - [2026-07-22T13:13:53.922+0000] {dag.py:3239} INFO - Sync 1 DAGs
[2026-07-22T13:13:53.973+0000] {logging_mixin.py:190} INFO - [2026-07-22T13:13:53.973+0000] {dag.py:4180} INFO - Setting next_dagrun for example_short_circuit_decorator to None, run_after=None
[2026-07-22T13:13:54.036+0000] {processor.py:208} INFO - Processing /home/airflow/.local/lib/python3.12/site-packages/airflow/example_dags/example_short_circuit_decorator.py took 0.240 seconds
[2026-07-22T13:14:26.810+0000] {processor.py:186} INFO - Started process (PID=959) to work on /home/airflow/.local/lib/python3.12/site-packages/airflow/example_dags/example_short_circuit_decorator.py
[2026-07-22T13:14:26.813+0000] {processor.py:914} INFO - Processing file /home/airflow/.local/lib/python3.12/site-packages/airflow/example_dags/example_short_circuit_decorator.py for tasks to queue
[2026-07-22T13:14:26.821+0000] {logging_mixin.py:190} INFO - [2026-07-22T13:14:26.820+0000] {dagbag.py:588} INFO - Filling up the DagBag from /home/airflow/.local/lib/python3.12/site-packages/airflow/example_dags/example_short_circuit_decorator.py
[2026-07-22T13:14:26.844+0000] {processor.py:925} INFO - DAG(s) 'example_short_circuit_decorator' retrieved from /home/airflow/.local/lib/python3.12/site-packages/airflow/example_dags/example_short_circuit_decorator.py
[2026-07-22T13:14:26.905+0000] {logging_mixin.py:190} INFO - [2026-07-22T13:14:26.905+0000] {dag.py:3239} INFO - Sync 1 DAGs
[2026-07-22T13:14:26.943+0000] {logging_mixin.py:190} INFO - [2026-07-22T13:14:26.942+0000] {dag.py:4180} INFO - Setting next_dagrun for example_short_circuit_decorator to None, run_after=None
[2026-07-22T13:14:26.997+0000] {processor.py:208} INFO - Processing /home/airflow/.local/lib/python3.12/site-packages/airflow/example_dags/example_short_circuit_decorator.py took 0.202 seconds
[2026-07-22T13:14:59.696+0000] {processor.py:186} INFO - Started process (PID=1027) to work on /home/airflow/.local/lib/python3.12/site-packages/airflow/example_dags/example_short_circuit_decorator.py
[2026-07-22T13:14:59.698+0000] {processor.py:914} INFO - Processing file /home/airflow/.local/lib/python3.12/site-packages/airflow/example_dags/example_short_circuit_decorator.py for tasks to queue
[2026-07-22T13:14:59.702+0000] {logging_mixin.py:190} INFO - [2026-07-22T13:14:59.701+0000] {dagbag.py:588} INFO - Filling up the DagBag from /home/airflow/.local/lib/python3.12/site-packages/airflow/example_dags/example_short_circuit_decorator.py
[2026-07-22T13:14:59.720+0000] {processor.py:925} INFO - DAG(s) 'example_short_circuit_decorator' retrieved from /home/airflow/.local/lib/python3.12/site-packages/airflow/example_dags/example_short_circuit_decorator.py
[2026-07-22T13:14:59.761+0000] {logging_mixin.py:190} INFO - [2026-07-22T13:14:59.761+0000] {dag.py:3239} INFO - Sync 1 DAGs
[2026-07-22T13:14:59.791+0000] {logging_mixin.py:190} INFO - [2026-07-22T13:14:59.791+0000] {dag.py:4180} INFO - Setting next_dagrun for example_short_circuit_decorator to None, run_after=None
[2026-07-22T13:14:59.830+0000] {processor.py:208} INFO - Processing /home/airflow/.local/lib/python3.12/site-packages/airflow/example_dags/example_short_circuit_decorator.py took 0.143 seconds
[2026-07-22T13:15:34.977+0000] {processor.py:186} INFO - Started process (PID=1091) to work on /home/airflow/.local/lib/python3.12/site-packages/airflow/example_dags/example_short_circuit_decorator.py
[2026-07-22T13:15:34.981+0000] {processor.py:914} INFO - Processing file /home/airflow/.local/lib/python3.12/site-packages/airflow/example_dags/example_short_circuit_decorator.py for tasks to queue
[2026-07-22T13:15:34.990+0000] {logging_mixin.py:190} INFO - [2026-07-22T13:15:34.988+0000] {dagbag.py:588} INFO - Filling up the DagBag from /home/airflow/.local/lib/python3.12/site-packages/airflow/example_dags/example_short_circuit_decorator.py
[2026-07-22T13:15:35.026+0000] {processor.py:925} INFO - DAG(s) 'example_short_circuit_decorator' retrieved from /home/airflow/.local/lib/python3.12/site-packages/airflow/example_dags/example_short_circuit_decorator.py
[2026-07-22T13:15:35.095+0000] {logging_mixin.py:190} INFO - [2026-07-22T13:15:35.094+0000] {dag.py:3239} INFO - Sync 1 DAGs
[2026-07-22T13:15:35.130+0000] {logging_mixin.py:190} INFO - [2026-07-22T13:15:35.129+0000] {dag.py:4180} INFO - Setting next_dagrun for example_short_circuit_decorator to None, run_after=None
[2026-07-22T13:15:35.184+0000] {processor.py:208} INFO - Processing /home/airflow/.local/lib/python3.12/site-packages/airflow/example_dags/example_short_circuit_decorator.py took 0.223 seconds
[2026-07-22T13:16:07.660+0000] {processor.py:186} INFO - Started process (PID=1156) to work on /home/airflow/.local/lib/python3.12/site-packages/airflow/example_dags/example_short_circuit_decorator.py
[2026-07-22T13:16:07.665+0000] {processor.py:914} INFO - Processing file /home/airflow/.local/lib/python3.12/site-packages/airflow/example_dags/example_short_circuit_decorator.py for tasks to queue
[2026-07-22T13:16:07.678+0000] {logging_mixin.py:190} INFO - [2026-07-22T13:16:07.676+0000] {dagbag.py:588} INFO - Filling up the DagBag from /home/airflow/.local/lib/python3.12/site-packages/airflow/example_dags/example_short_circuit_decorator.py
[2026-07-22T13:16:07.752+0000] {processor.py:925} INFO - DAG(s) 'example_short_circuit_decorator' retrieved from /home/airflow/.local/lib/python3.12/site-packages/airflow/example_dags/example_short_circuit_decorator.py
[2026-07-22T13:16:07.872+0000] {logging_mixin.py:190} INFO - [2026-07-22T13:16:07.871+0000] {dag.py:3239} INFO - Sync 1 DAGs
[2026-07-22T13:16:07.969+0000] {logging_mixin.py:190} INFO - [2026-07-22T13:16:07.968+0000] {dag.py:4180} INFO - Setting next_dagrun for example_short_circuit_decorator to None, run_after=None
[2026-07-22T13:16:08.081+0000] {processor.py:208} INFO - Processing /home/airflow/.local/lib/python3.12/site-packages/airflow/example_dags/example_short_circuit_decorator.py took 0.455 seconds
[2026-07-22T13:16:38.388+0000] {processor.py:186} INFO - Started process (PID=1219) to work on /home/airflow/.local/lib/python3.12/site-packages/airflow/example_dags/example_short_circuit_decorator.py
[2026-07-22T13:16:38.390+0000] {processor.py:914} INFO - Processing file /home/airflow/.local/lib/python3.12/site-packages/airflow/example_dags/example_short_circuit_decorator.py for tasks to queue
[2026-07-22T13:16:38.395+0000] {logging_mixin.py:190} INFO - [2026-07-22T13:16:38.395+0000] {dagbag.py:588} INFO - Filling up the DagBag from /home/airflow/.local/lib/python3.12/site-packages/airflow/example_dags/example_short_circuit_decorator.py
[2026-07-22T13:16:38.417+0000] {processor.py:925} INFO - DAG(s) 'example_short_circuit_decorator' retrieved from /home/airflow/.local/lib/python3.12/site-packages/airflow/example_dags/example_short_circuit_decorator.py
[2026-07-22T13:16:38.460+0000] {logging_mixin.py:190} INFO - [2026-07-22T13:16:38.459+0000] {dag.py:3239} INFO - Sync 1 DAGs
[2026-07-22T13:16:38.489+0000] {logging_mixin.py:190} INFO - [2026-07-22T13:16:38.489+0000] {dag.py:4180} INFO - Setting next_dagrun for example_short_circuit_decorator to None, run_after=None
[2026-07-22T13:16:38.535+0000] {processor.py:208} INFO - Processing /home/airflow/.local/lib/python3.12/site-packages/airflow/example_dags/example_short_circuit_decorator.py took 0.157 seconds
[2026-07-22T13:17:16.187+0000] {processor.py:186} INFO - Started process (PID=1288) to work on /home/airflow/.local/lib/python3.12/site-packages/airflow/example_dags/example_short_circuit_decorator.py
[2026-07-22T13:17:16.191+0000] {processor.py:914} INFO - Processing file /home/airflow/.local/lib/python3.12/site-packages/airflow/example_dags/example_short_circuit_decorator.py for tasks to queue
[2026-07-22T13:17:16.207+0000] {logging_mixin.py:190} INFO - [2026-07-22T13:17:16.206+0000] {dagbag.py:588} INFO - Filling up the DagBag from /home/airflow/.local/lib/python3.12/site-packages/airflow/example_dags/example_short_circuit_decorator.py
[2026-07-22T13:17:16.253+0000] {processor.py:925} INFO - DAG(s) 'example_short_circuit_decorator' retrieved from /home/airflow/.local/lib/python3.12/site-packages/airflow/example_dags/example_short_circuit_decorator.py
[2026-07-22T13:17:16.345+0000] {logging_mixin.py:190} INFO - [2026-07-22T13:17:16.343+0000] {dag.py:3239} INFO - Sync 1 DAGs
[2026-07-22T13:17:16.434+0000] {logging_mixin.py:190} INFO - [2026-07-22T13:17:16.434+0000] {dag.py:4180} INFO - Setting next_dagrun for example_short_circuit_decorator to None, run_after=None
[2026-07-22T13:17:16.586+0000] {processor.py:208} INFO - Processing /home/airflow/.local/lib/python3.12/site-packages/airflow/example_dags/example_short_circuit_decorator.py took 0.418 seconds
[2026-07-22T13:17:47.206+0000] {processor.py:186} INFO - Started process (PID=1350) to work on /home/airflow/.local/lib/python3.12/site-packages/airflow/example_dags/example_short_circuit_decorator.py
[2026-07-22T13:17:47.223+0000] {processor.py:914} INFO - Processing file /home/airflow/.local/lib/python3.12/site-packages/airflow/example_dags/example_short_circuit_decorator.py for tasks to queue
[2026-07-22T13:17:47.266+0000] {logging_mixin.py:190} INFO - [2026-07-22T13:17:47.265+0000] {dagbag.py:588} INFO - Filling up the DagBag from /home/airflow/.local/lib/python3.12/site-packages/airflow/example_dags/example_short_circuit_decorator.py
[2026-07-22T13:17:47.365+0000] {processor.py:925} INFO - DAG(s) 'example_short_circuit_decorator' retrieved from /home/airflow/.local/lib/python3.12/site-packages/airflow/example_dags/example_short_circuit_decorator.py
[2026-07-22T13:17:52.122+0000] {logging_mixin.py:190} INFO - [2026-07-22T13:17:52.121+0000] {process_utils.py:266} INFO - Waiting up to 5 seconds for processes to exit...
