[2026-07-22T13:07:33.966+0000] {processor.py:186} INFO - Started process (PID=124) to work on /home/airflow/.local/lib/python3.12/site-packages/airflow/example_dags/example_xcom.py
[2026-07-22T13:07:33.969+0000] {processor.py:914} INFO - Processing file /home/airflow/.local/lib/python3.12/site-packages/airflow/example_dags/example_xcom.py for tasks to queue
[2026-07-22T13:07:33.974+0000] {logging_mixin.py:190} INFO - [2026-07-22T13:07:33.974+0000] {dagbag.py:588} INFO - Filling up the DagBag from /home/airflow/.local/lib/python3.12/site-packages/airflow/example_dags/example_xcom.py
[2026-07-22T13:07:33.993+0000] {processor.py:925} INFO - DAG(s) 'example_xcom' retrieved from /home/airflow/.local/lib/python3.12/site-packages/airflow/example_dags/example_xcom.py
[2026-07-22T13:07:34.199+0000] {logging_mixin.py:190} INFO - [2026-07-22T13:07:34.198+0000] {override.py:1912} INFO - Created Permission View: can read on DAG:example_xcom
[2026-07-22T13:07:34.229+0000] {logging_mixin.py:190} INFO - [2026-07-22T13:07:34.229+0000] {override.py:1912} INFO - Created Permission View: can edit on DAG:example_xcom
[2026-07-22T13:07:34.247+0000] {logging_mixin.py:190} INFO - [2026-07-22T13:07:34.246+0000] {override.py:1912} INFO - Created Permission View: can delete on DAG:example_xcom
[2026-07-22T13:07:34.266+0000] {logging_mixin.py:190} INFO - [2026-07-22T13:07:34.265+0000] {override.py:1912} INFO - Created Permission View: can read on DAG Run:example_xcom
[2026-07-22T13:07:34.281+0000] {logging_mixin.py:190} INFO - [2026-07-22T13:07:34.280+0000] {override.py:1912} INFO - Created Permission View: menu access on DAG Run:example_xcom
[2026-07-22T13:07:34.296+0000] {logging_mixin.py:190} INFO - [2026-07-22T13:07:34.296+0000] {override.py:1912} INFO - Created Permission View: can create on DAG Run:example_xcom
[2026-07-22T13:07:34.311+0000] {logging_mixin.py:190} INFO - [2026-07-22T13:07:34.310+0000] {override.py:1912} INFO - Created Permission View: can delete on DAG Run:example_xcom
[2026-07-22T13:07:34.314+0000] {logging_mixin.py:190} INFO - [2026-07-22T13:07:34.313+0000] {dag.py:3239} INFO - Sync 1 DAGs
[2026-07-22T13:07:34.344+0000] {logging_mixin.py:190} INFO - [2026-07-22T13:07:34.343+0000] {dag.py:3262} INFO - Creating ORM DAG for example_xcom
[2026-07-22T13:07:34.363+0000] {logging_mixin.py:190} INFO - [2026-07-22T13:07:34.362+0000] {dag.py:4180} INFO - Setting next_dagrun for example_xcom to 2021-01-01 00:00:00+00:00, run_after=2021-01-01 00:00:00+00:00
[2026-07-22T13:07:34.403+0000] {processor.py:208} INFO - Processing /home/airflow/.local/lib/python3.12/site-packages/airflow/example_dags/example_xcom.py took 0.446 seconds
[2026-07-22T13:08:04.507+0000] {processor.py:186} INFO - Started process (PID=187) to work on /home/airflow/.local/lib/python3.12/site-packages/airflow/example_dags/example_xcom.py
[2026-07-22T13:08:04.510+0000] {processor.py:914} INFO - Processing file /home/airflow/.local/lib/python3.12/site-packages/airflow/example_dags/example_xcom.py for tasks to queue
[2026-07-22T13:08:04.515+0000] {logging_mixin.py:190} INFO - [2026-07-22T13:08:04.515+0000] {dagbag.py:588} INFO - Filling up the DagBag from /home/airflow/.local/lib/python3.12/site-packages/airflow/example_dags/example_xcom.py
[2026-07-22T13:08:04.529+0000] {processor.py:925} INFO - DAG(s) 'example_xcom' retrieved from /home/airflow/.local/lib/python3.12/site-packages/airflow/example_dags/example_xcom.py
[2026-07-22T13:08:04.561+0000] {logging_mixin.py:190} INFO - [2026-07-22T13:08:04.560+0000] {dag.py:3239} INFO - Sync 1 DAGs
[2026-07-22T13:08:04.589+0000] {logging_mixin.py:190} INFO - [2026-07-22T13:08:04.588+0000] {dag.py:4180} INFO - Setting next_dagrun for example_xcom to 2021-01-01 00:00:00+00:00, run_after=2021-01-01 00:00:00+00:00
[2026-07-22T13:08:04.621+0000] {processor.py:208} INFO - Processing /home/airflow/.local/lib/python3.12/site-packages/airflow/example_dags/example_xcom.py took 0.122 seconds
[2026-07-22T13:08:37.669+0000] {processor.py:186} INFO - Started process (PID=251) to work on /home/airflow/.local/lib/python3.12/site-packages/airflow/example_dags/example_xcom.py
[2026-07-22T13:08:37.672+0000] {processor.py:914} INFO - Processing file /home/airflow/.local/lib/python3.12/site-packages/airflow/example_dags/example_xcom.py for tasks to queue
[2026-07-22T13:08:37.679+0000] {logging_mixin.py:190} INFO - [2026-07-22T13:08:37.678+0000] {dagbag.py:588} INFO - Filling up the DagBag from /home/airflow/.local/lib/python3.12/site-packages/airflow/example_dags/example_xcom.py
[2026-07-22T13:08:37.705+0000] {processor.py:925} INFO - DAG(s) 'example_xcom' retrieved from /home/airflow/.local/lib/python3.12/site-packages/airflow/example_dags/example_xcom.py
[2026-07-22T13:08:37.779+0000] {logging_mixin.py:190} INFO - [2026-07-22T13:08:37.778+0000] {dag.py:3239} INFO - Sync 1 DAGs
[2026-07-22T13:08:37.857+0000] {logging_mixin.py:190} INFO - [2026-07-22T13:08:37.856+0000] {dag.py:4180} INFO - Setting next_dagrun for example_xcom to 2021-01-01 00:00:00+00:00, run_after=2021-01-01 00:00:00+00:00
[2026-07-22T13:08:37.904+0000] {processor.py:208} INFO - Processing /home/airflow/.local/lib/python3.12/site-packages/airflow/example_dags/example_xcom.py took 0.248 seconds
[2026-07-22T13:09:08.751+0000] {processor.py:186} INFO - Started process (PID=314) to work on /home/airflow/.local/lib/python3.12/site-packages/airflow/example_dags/example_xcom.py
[2026-07-22T13:09:08.754+0000] {processor.py:914} INFO - Processing file /home/airflow/.local/lib/python3.12/site-packages/airflow/example_dags/example_xcom.py for tasks to queue
[2026-07-22T13:09:08.759+0000] {logging_mixin.py:190} INFO - [2026-07-22T13:09:08.758+0000] {dagbag.py:588} INFO - Filling up the DagBag from /home/airflow/.local/lib/python3.12/site-packages/airflow/example_dags/example_xcom.py
[2026-07-22T13:09:08.779+0000] {processor.py:925} INFO - DAG(s) 'example_xcom' retrieved from /home/airflow/.local/lib/python3.12/site-packages/airflow/example_dags/example_xcom.py
[2026-07-22T13:09:08.817+0000] {logging_mixin.py:190} INFO - [2026-07-22T13:09:08.817+0000] {dag.py:3239} INFO - Sync 1 DAGs
[2026-07-22T13:09:08.877+0000] {logging_mixin.py:190} INFO - [2026-07-22T13:09:08.876+0000] {dag.py:4180} INFO - Setting next_dagrun for example_xcom to 2021-01-01 00:00:00+00:00, run_after=2021-01-01 00:00:00+00:00
[2026-07-22T13:09:08.917+0000] {processor.py:208} INFO - Processing /home/airflow/.local/lib/python3.12/site-packages/airflow/example_dags/example_xcom.py took 0.178 seconds
[2026-07-22T13:09:39.792+0000] {processor.py:186} INFO - Started process (PID=378) to work on /home/airflow/.local/lib/python3.12/site-packages/airflow/example_dags/example_xcom.py
[2026-07-22T13:09:39.793+0000] {processor.py:914} INFO - Processing file /home/airflow/.local/lib/python3.12/site-packages/airflow/example_dags/example_xcom.py for tasks to queue
[2026-07-22T13:09:39.798+0000] {logging_mixin.py:190} INFO - [2026-07-22T13:09:39.797+0000] {dagbag.py:588} INFO - Filling up the DagBag from /home/airflow/.local/lib/python3.12/site-packages/airflow/example_dags/example_xcom.py
[2026-07-22T13:09:39.811+0000] {processor.py:925} INFO - DAG(s) 'example_xcom' retrieved from /home/airflow/.local/lib/python3.12/site-packages/airflow/example_dags/example_xcom.py
[2026-07-22T13:09:39.847+0000] {logging_mixin.py:190} INFO - [2026-07-22T13:09:39.847+0000] {dag.py:3239} INFO - Sync 1 DAGs
[2026-07-22T13:09:39.885+0000] {logging_mixin.py:190} INFO - [2026-07-22T13:09:39.884+0000] {dag.py:4180} INFO - Setting next_dagrun for example_xcom to 2021-01-01 00:00:00+00:00, run_after=2021-01-01 00:00:00+00:00
[2026-07-22T13:09:39.922+0000] {processor.py:208} INFO - Processing /home/airflow/.local/lib/python3.12/site-packages/airflow/example_dags/example_xcom.py took 0.138 seconds
[2026-07-22T13:10:10.167+0000] {processor.py:186} INFO - Started process (PID=441) to work on /home/airflow/.local/lib/python3.12/site-packages/airflow/example_dags/example_xcom.py
[2026-07-22T13:10:10.170+0000] {processor.py:914} INFO - Processing file /home/airflow/.local/lib/python3.12/site-packages/airflow/example_dags/example_xcom.py for tasks to queue
[2026-07-22T13:10:10.174+0000] {logging_mixin.py:190} INFO - [2026-07-22T13:10:10.173+0000] {dagbag.py:588} INFO - Filling up the DagBag from /home/airflow/.local/lib/python3.12/site-packages/airflow/example_dags/example_xcom.py
[2026-07-22T13:10:10.188+0000] {processor.py:925} INFO - DAG(s) 'example_xcom' retrieved from /home/airflow/.local/lib/python3.12/site-packages/airflow/example_dags/example_xcom.py
[2026-07-22T13:10:10.223+0000] {logging_mixin.py:190} INFO - [2026-07-22T13:10:10.223+0000] {dag.py:3239} INFO - Sync 1 DAGs
[2026-07-22T13:10:10.254+0000] {logging_mixin.py:190} INFO - [2026-07-22T13:10:10.254+0000] {dag.py:4180} INFO - Setting next_dagrun for example_xcom to 2021-01-01 00:00:00+00:00, run_after=2021-01-01 00:00:00+00:00
[2026-07-22T13:10:10.288+0000] {processor.py:208} INFO - Processing /home/airflow/.local/lib/python3.12/site-packages/airflow/example_dags/example_xcom.py took 0.130 seconds
[2026-07-22T13:10:41.775+0000] {processor.py:186} INFO - Started process (PID=503) to work on /home/airflow/.local/lib/python3.12/site-packages/airflow/example_dags/example_xcom.py
[2026-07-22T13:10:41.777+0000] {processor.py:914} INFO - Processing file /home/airflow/.local/lib/python3.12/site-packages/airflow/example_dags/example_xcom.py for tasks to queue
[2026-07-22T13:10:41.783+0000] {logging_mixin.py:190} INFO - [2026-07-22T13:10:41.782+0000] {dagbag.py:588} INFO - Filling up the DagBag from /home/airflow/.local/lib/python3.12/site-packages/airflow/example_dags/example_xcom.py
[2026-07-22T13:10:41.796+0000] {processor.py:925} INFO - DAG(s) 'example_xcom' retrieved from /home/airflow/.local/lib/python3.12/site-packages/airflow/example_dags/example_xcom.py
[2026-07-22T13:10:41.828+0000] {logging_mixin.py:190} INFO - [2026-07-22T13:10:41.828+0000] {dag.py:3239} INFO - Sync 1 DAGs
[2026-07-22T13:10:41.860+0000] {logging_mixin.py:190} INFO - [2026-07-22T13:10:41.859+0000] {dag.py:4180} INFO - Setting next_dagrun for example_xcom to 2021-01-01 00:00:00+00:00, run_after=2021-01-01 00:00:00+00:00
[2026-07-22T13:10:41.895+0000] {processor.py:208} INFO - Processing /home/airflow/.local/lib/python3.12/site-packages/airflow/example_dags/example_xcom.py took 0.127 seconds
[2026-07-22T13:11:12.228+0000] {processor.py:186} INFO - Started process (PID=566) to work on /home/airflow/.local/lib/python3.12/site-packages/airflow/example_dags/example_xcom.py
[2026-07-22T13:11:12.231+0000] {processor.py:914} INFO - Processing file /home/airflow/.local/lib/python3.12/site-packages/airflow/example_dags/example_xcom.py for tasks to queue
[2026-07-22T13:11:12.236+0000] {logging_mixin.py:190} INFO - [2026-07-22T13:11:12.236+0000] {dagbag.py:588} INFO - Filling up the DagBag from /home/airflow/.local/lib/python3.12/site-packages/airflow/example_dags/example_xcom.py
[2026-07-22T13:11:12.253+0000] {processor.py:925} INFO - DAG(s) 'example_xcom' retrieved from /home/airflow/.local/lib/python3.12/site-packages/airflow/example_dags/example_xcom.py
[2026-07-22T13:11:12.286+0000] {logging_mixin.py:190} INFO - [2026-07-22T13:11:12.286+0000] {dag.py:3239} INFO - Sync 1 DAGs
[2026-07-22T13:11:12.319+0000] {logging_mixin.py:190} INFO - [2026-07-22T13:11:12.319+0000] {dag.py:4180} INFO - Setting next_dagrun for example_xcom to 2021-01-01 00:00:00+00:00, run_after=2021-01-01 00:00:00+00:00
[2026-07-22T13:11:12.352+0000] {processor.py:208} INFO - Processing /home/airflow/.local/lib/python3.12/site-packages/airflow/example_dags/example_xcom.py took 0.132 seconds
[2026-07-22T13:11:43.273+0000] {processor.py:186} INFO - Started process (PID=628) to work on /home/airflow/.local/lib/python3.12/site-packages/airflow/example_dags/example_xcom.py
[2026-07-22T13:11:43.276+0000] {processor.py:914} INFO - Processing file /home/airflow/.local/lib/python3.12/site-packages/airflow/example_dags/example_xcom.py for tasks to queue
[2026-07-22T13:11:43.282+0000] {logging_mixin.py:190} INFO - [2026-07-22T13:11:43.282+0000] {dagbag.py:588} INFO - Filling up the DagBag from /home/airflow/.local/lib/python3.12/site-packages/airflow/example_dags/example_xcom.py
[2026-07-22T13:11:43.309+0000] {processor.py:925} INFO - DAG(s) 'example_xcom' retrieved from /home/airflow/.local/lib/python3.12/site-packages/airflow/example_dags/example_xcom.py
[2026-07-22T13:11:43.366+0000] {logging_mixin.py:190} INFO - [2026-07-22T13:11:43.366+0000] {dag.py:3239} INFO - Sync 1 DAGs
[2026-07-22T13:11:43.413+0000] {logging_mixin.py:190} INFO - [2026-07-22T13:11:43.413+0000] {dag.py:4180} INFO - Setting next_dagrun for example_xcom to 2021-01-01 00:00:00+00:00, run_after=2021-01-01 00:00:00+00:00
[2026-07-22T13:11:43.460+0000] {processor.py:208} INFO - Processing /home/airflow/.local/lib/python3.12/site-packages/airflow/example_dags/example_xcom.py took 0.202 seconds
[2026-07-22T13:12:16.597+0000] {processor.py:186} INFO - Started process (PID=692) to work on /home/airflow/.local/lib/python3.12/site-packages/airflow/example_dags/example_xcom.py
[2026-07-22T13:12:16.601+0000] {processor.py:914} INFO - Processing file /home/airflow/.local/lib/python3.12/site-packages/airflow/example_dags/example_xcom.py for tasks to queue
[2026-07-22T13:12:16.608+0000] {logging_mixin.py:190} INFO - [2026-07-22T13:12:16.607+0000] {dagbag.py:588} INFO - Filling up the DagBag from /home/airflow/.local/lib/python3.12/site-packages/airflow/example_dags/example_xcom.py
[2026-07-22T13:12:16.634+0000] {processor.py:925} INFO - DAG(s) 'example_xcom' retrieved from /home/airflow/.local/lib/python3.12/site-packages/airflow/example_dags/example_xcom.py
[2026-07-22T13:12:16.686+0000] {logging_mixin.py:190} INFO - [2026-07-22T13:12:16.685+0000] {dag.py:3239} INFO - Sync 1 DAGs
[2026-07-22T13:12:16.734+0000] {logging_mixin.py:190} INFO - [2026-07-22T13:12:16.733+0000] {dag.py:4180} INFO - Setting next_dagrun for example_xcom to 2021-01-01 00:00:00+00:00, run_after=2021-01-01 00:00:00+00:00
[2026-07-22T13:12:16.780+0000] {processor.py:208} INFO - Processing /home/airflow/.local/lib/python3.12/site-packages/airflow/example_dags/example_xcom.py took 0.199 seconds
[2026-07-22T13:12:48.979+0000] {processor.py:186} INFO - Started process (PID=761) to work on /home/airflow/.local/lib/python3.12/site-packages/airflow/example_dags/example_xcom.py
[2026-07-22T13:12:48.981+0000] {processor.py:914} INFO - Processing file /home/airflow/.local/lib/python3.12/site-packages/airflow/example_dags/example_xcom.py for tasks to queue
[2026-07-22T13:12:48.986+0000] {logging_mixin.py:190} INFO - [2026-07-22T13:12:48.986+0000] {dagbag.py:588} INFO - Filling up the DagBag from /home/airflow/.local/lib/python3.12/site-packages/airflow/example_dags/example_xcom.py
[2026-07-22T13:12:49.005+0000] {processor.py:925} INFO - DAG(s) 'example_xcom' retrieved from /home/airflow/.local/lib/python3.12/site-packages/airflow/example_dags/example_xcom.py
[2026-07-22T13:12:49.047+0000] {logging_mixin.py:190} INFO - [2026-07-22T13:12:49.046+0000] {dag.py:3239} INFO - Sync 1 DAGs
[2026-07-22T13:12:49.105+0000] {logging_mixin.py:190} INFO - [2026-07-22T13:12:49.105+0000] {dag.py:4180} INFO - Setting next_dagrun for example_xcom to 2021-01-01 00:00:00+00:00, run_after=2021-01-01 00:00:00+00:00
[2026-07-22T13:12:49.143+0000] {processor.py:208} INFO - Processing /home/airflow/.local/lib/python3.12/site-packages/airflow/example_dags/example_xcom.py took 0.173 seconds
[2026-07-22T13:13:22.053+0000] {processor.py:186} INFO - Started process (PID=824) to work on /home/airflow/.local/lib/python3.12/site-packages/airflow/example_dags/example_xcom.py
[2026-07-22T13:13:22.061+0000] {processor.py:914} INFO - Processing file /home/airflow/.local/lib/python3.12/site-packages/airflow/example_dags/example_xcom.py for tasks to queue
[2026-07-22T13:13:22.069+0000] {logging_mixin.py:190} INFO - [2026-07-22T13:13:22.068+0000] {dagbag.py:588} INFO - Filling up the DagBag from /home/airflow/.local/lib/python3.12/site-packages/airflow/example_dags/example_xcom.py
[2026-07-22T13:13:22.097+0000] {processor.py:925} INFO - DAG(s) 'example_xcom' retrieved from /home/airflow/.local/lib/python3.12/site-packages/airflow/example_dags/example_xcom.py
[2026-07-22T13:13:22.133+0000] {logging_mixin.py:190} INFO - [2026-07-22T13:13:22.133+0000] {dag.py:3239} INFO - Sync 1 DAGs
[2026-07-22T13:13:22.177+0000] {logging_mixin.py:190} INFO - [2026-07-22T13:13:22.176+0000] {dag.py:4180} INFO - Setting next_dagrun for example_xcom to 2021-01-01 00:00:00+00:00, run_after=2021-01-01 00:00:00+00:00
[2026-07-22T13:13:22.214+0000] {processor.py:208} INFO - Processing /home/airflow/.local/lib/python3.12/site-packages/airflow/example_dags/example_xcom.py took 0.175 seconds
[2026-07-22T13:13:52.962+0000] {processor.py:186} INFO - Started process (PID=887) to work on /home/airflow/.local/lib/python3.12/site-packages/airflow/example_dags/example_xcom.py
[2026-07-22T13:13:52.965+0000] {processor.py:914} INFO - Processing file /home/airflow/.local/lib/python3.12/site-packages/airflow/example_dags/example_xcom.py for tasks to queue
[2026-07-22T13:13:52.970+0000] {logging_mixin.py:190} INFO - [2026-07-22T13:13:52.969+0000] {dagbag.py:588} INFO - Filling up the DagBag from /home/airflow/.local/lib/python3.12/site-packages/airflow/example_dags/example_xcom.py
[2026-07-22T13:13:52.990+0000] {processor.py:925} INFO - DAG(s) 'example_xcom' retrieved from /home/airflow/.local/lib/python3.12/site-packages/airflow/example_dags/example_xcom.py
[2026-07-22T13:13:53.031+0000] {logging_mixin.py:190} INFO - [2026-07-22T13:13:53.030+0000] {dag.py:3239} INFO - Sync 1 DAGs
[2026-07-22T13:13:53.070+0000] {logging_mixin.py:190} INFO - [2026-07-22T13:13:53.070+0000] {dag.py:4180} INFO - Setting next_dagrun for example_xcom to 2021-01-01 00:00:00+00:00, run_after=2021-01-01 00:00:00+00:00
[2026-07-22T13:13:53.101+0000] {processor.py:208} INFO - Processing /home/airflow/.local/lib/python3.12/site-packages/airflow/example_dags/example_xcom.py took 0.151 seconds
[2026-07-22T13:14:26.248+0000] {processor.py:186} INFO - Started process (PID=957) to work on /home/airflow/.local/lib/python3.12/site-packages/airflow/example_dags/example_xcom.py
[2026-07-22T13:14:26.252+0000] {processor.py:914} INFO - Processing file /home/airflow/.local/lib/python3.12/site-packages/airflow/example_dags/example_xcom.py for tasks to queue
[2026-07-22T13:14:26.260+0000] {logging_mixin.py:190} INFO - [2026-07-22T13:14:26.259+0000] {dagbag.py:588} INFO - Filling up the DagBag from /home/airflow/.local/lib/python3.12/site-packages/airflow/example_dags/example_xcom.py
[2026-07-22T13:14:26.292+0000] {processor.py:925} INFO - DAG(s) 'example_xcom' retrieved from /home/airflow/.local/lib/python3.12/site-packages/airflow/example_dags/example_xcom.py
[2026-07-22T13:14:26.362+0000] {logging_mixin.py:190} INFO - [2026-07-22T13:14:26.362+0000] {dag.py:3239} INFO - Sync 1 DAGs
[2026-07-22T13:14:26.431+0000] {logging_mixin.py:190} INFO - [2026-07-22T13:14:26.431+0000] {dag.py:4180} INFO - Setting next_dagrun for example_xcom to 2021-01-01 00:00:00+00:00, run_after=2021-01-01 00:00:00+00:00
[2026-07-22T13:14:26.491+0000] {processor.py:208} INFO - Processing /home/airflow/.local/lib/python3.12/site-packages/airflow/example_dags/example_xcom.py took 0.264 seconds
[2026-07-22T13:14:59.204+0000] {processor.py:186} INFO - Started process (PID=1025) to work on /home/airflow/.local/lib/python3.12/site-packages/airflow/example_dags/example_xcom.py
[2026-07-22T13:14:59.207+0000] {processor.py:914} INFO - Processing file /home/airflow/.local/lib/python3.12/site-packages/airflow/example_dags/example_xcom.py for tasks to queue
[2026-07-22T13:14:59.213+0000] {logging_mixin.py:190} INFO - [2026-07-22T13:14:59.212+0000] {dagbag.py:588} INFO - Filling up the DagBag from /home/airflow/.local/lib/python3.12/site-packages/airflow/example_dags/example_xcom.py
[2026-07-22T13:14:59.246+0000] {processor.py:925} INFO - DAG(s) 'example_xcom' retrieved from /home/airflow/.local/lib/python3.12/site-packages/airflow/example_dags/example_xcom.py
[2026-07-22T13:14:59.300+0000] {logging_mixin.py:190} INFO - [2026-07-22T13:14:59.300+0000] {dag.py:3239} INFO - Sync 1 DAGs
[2026-07-22T13:14:59.345+0000] {logging_mixin.py:190} INFO - [2026-07-22T13:14:59.345+0000] {dag.py:4180} INFO - Setting next_dagrun for example_xcom to 2021-01-01 00:00:00+00:00, run_after=2021-01-01 00:00:00+00:00
[2026-07-22T13:14:59.386+0000] {processor.py:208} INFO - Processing /home/airflow/.local/lib/python3.12/site-packages/airflow/example_dags/example_xcom.py took 0.192 seconds
[2026-07-22T13:15:34.626+0000] {processor.py:186} INFO - Started process (PID=1089) to work on /home/airflow/.local/lib/python3.12/site-packages/airflow/example_dags/example_xcom.py
[2026-07-22T13:15:34.629+0000] {processor.py:914} INFO - Processing file /home/airflow/.local/lib/python3.12/site-packages/airflow/example_dags/example_xcom.py for tasks to queue
[2026-07-22T13:15:34.635+0000] {logging_mixin.py:190} INFO - [2026-07-22T13:15:34.635+0000] {dagbag.py:588} INFO - Filling up the DagBag from /home/airflow/.local/lib/python3.12/site-packages/airflow/example_dags/example_xcom.py
[2026-07-22T13:15:34.670+0000] {processor.py:925} INFO - DAG(s) 'example_xcom' retrieved from /home/airflow/.local/lib/python3.12/site-packages/airflow/example_dags/example_xcom.py
[2026-07-22T13:15:34.735+0000] {logging_mixin.py:190} INFO - [2026-07-22T13:15:34.734+0000] {dag.py:3239} INFO - Sync 1 DAGs
[2026-07-22T13:15:34.799+0000] {logging_mixin.py:190} INFO - [2026-07-22T13:15:34.798+0000] {dag.py:4180} INFO - Setting next_dagrun for example_xcom to 2021-01-01 00:00:00+00:00, run_after=2021-01-01 00:00:00+00:00
[2026-07-22T13:15:34.864+0000] {processor.py:208} INFO - Processing /home/airflow/.local/lib/python3.12/site-packages/airflow/example_dags/example_xcom.py took 0.255 seconds
[2026-07-22T13:16:05.552+0000] {processor.py:186} INFO - Started process (PID=1152) to work on /home/airflow/.local/lib/python3.12/site-packages/airflow/example_dags/example_xcom.py
[2026-07-22T13:16:05.554+0000] {processor.py:914} INFO - Processing file /home/airflow/.local/lib/python3.12/site-packages/airflow/example_dags/example_xcom.py for tasks to queue
[2026-07-22T13:16:05.567+0000] {logging_mixin.py:190} INFO - [2026-07-22T13:16:05.566+0000] {dagbag.py:588} INFO - Filling up the DagBag from /home/airflow/.local/lib/python3.12/site-packages/airflow/example_dags/example_xcom.py
[2026-07-22T13:16:05.605+0000] {processor.py:925} INFO - DAG(s) 'example_xcom' retrieved from /home/airflow/.local/lib/python3.12/site-packages/airflow/example_dags/example_xcom.py
[2026-07-22T13:16:05.680+0000] {logging_mixin.py:190} INFO - [2026-07-22T13:16:05.680+0000] {dag.py:3239} INFO - Sync 1 DAGs
[2026-07-22T13:16:05.816+0000] {logging_mixin.py:190} INFO - [2026-07-22T13:16:05.815+0000] {dag.py:4180} INFO - Setting next_dagrun for example_xcom to 2021-01-01 00:00:00+00:00, run_after=2021-01-01 00:00:00+00:00
[2026-07-22T13:16:05.892+0000] {processor.py:208} INFO - Processing /home/airflow/.local/lib/python3.12/site-packages/airflow/example_dags/example_xcom.py took 0.353 seconds
[2026-07-22T13:16:36.761+0000] {processor.py:186} INFO - Started process (PID=1215) to work on /home/airflow/.local/lib/python3.12/site-packages/airflow/example_dags/example_xcom.py
[2026-07-22T13:16:36.763+0000] {processor.py:914} INFO - Processing file /home/airflow/.local/lib/python3.12/site-packages/airflow/example_dags/example_xcom.py for tasks to queue
[2026-07-22T13:16:36.769+0000] {logging_mixin.py:190} INFO - [2026-07-22T13:16:36.769+0000] {dagbag.py:588} INFO - Filling up the DagBag from /home/airflow/.local/lib/python3.12/site-packages/airflow/example_dags/example_xcom.py
[2026-07-22T13:16:36.788+0000] {processor.py:925} INFO - DAG(s) 'example_xcom' retrieved from /home/airflow/.local/lib/python3.12/site-packages/airflow/example_dags/example_xcom.py
[2026-07-22T13:16:36.830+0000] {logging_mixin.py:190} INFO - [2026-07-22T13:16:36.829+0000] {dag.py:3239} INFO - Sync 1 DAGs
[2026-07-22T13:16:36.880+0000] {logging_mixin.py:190} INFO - [2026-07-22T13:16:36.880+0000] {dag.py:4180} INFO - Setting next_dagrun for example_xcom to 2021-01-01 00:00:00+00:00, run_after=2021-01-01 00:00:00+00:00
[2026-07-22T13:16:36.922+0000] {processor.py:208} INFO - Processing /home/airflow/.local/lib/python3.12/site-packages/airflow/example_dags/example_xcom.py took 0.175 seconds
[2026-07-22T13:17:15.340+0000] {processor.py:186} INFO - Started process (PID=1286) to work on /home/airflow/.local/lib/python3.12/site-packages/airflow/example_dags/example_xcom.py
[2026-07-22T13:17:15.347+0000] {processor.py:914} INFO - Processing file /home/airflow/.local/lib/python3.12/site-packages/airflow/example_dags/example_xcom.py for tasks to queue
[2026-07-22T13:17:15.355+0000] {logging_mixin.py:190} INFO - [2026-07-22T13:17:15.354+0000] {dagbag.py:588} INFO - Filling up the DagBag from /home/airflow/.local/lib/python3.12/site-packages/airflow/example_dags/example_xcom.py
[2026-07-22T13:17:15.382+0000] {processor.py:925} INFO - DAG(s) 'example_xcom' retrieved from /home/airflow/.local/lib/python3.12/site-packages/airflow/example_dags/example_xcom.py
[2026-07-22T13:17:15.467+0000] {logging_mixin.py:190} INFO - [2026-07-22T13:17:15.466+0000] {dag.py:3239} INFO - Sync 1 DAGs
[2026-07-22T13:17:15.569+0000] {logging_mixin.py:190} INFO - [2026-07-22T13:17:15.568+0000] {dag.py:4180} INFO - Setting next_dagrun for example_xcom to 2021-01-01 00:00:00+00:00, run_after=2021-01-01 00:00:00+00:00
[2026-07-22T13:17:15.648+0000] {processor.py:208} INFO - Processing /home/airflow/.local/lib/python3.12/site-packages/airflow/example_dags/example_xcom.py took 0.331 seconds
[2026-07-22T13:17:45.918+0000] {processor.py:186} INFO - Started process (PID=1348) to work on /home/airflow/.local/lib/python3.12/site-packages/airflow/example_dags/example_xcom.py
[2026-07-22T13:17:45.924+0000] {processor.py:914} INFO - Processing file /home/airflow/.local/lib/python3.12/site-packages/airflow/example_dags/example_xcom.py for tasks to queue
[2026-07-22T13:17:45.935+0000] {logging_mixin.py:190} INFO - [2026-07-22T13:17:45.934+0000] {dagbag.py:588} INFO - Filling up the DagBag from /home/airflow/.local/lib/python3.12/site-packages/airflow/example_dags/example_xcom.py
[2026-07-22T13:17:45.970+0000] {processor.py:925} INFO - DAG(s) 'example_xcom' retrieved from /home/airflow/.local/lib/python3.12/site-packages/airflow/example_dags/example_xcom.py
[2026-07-22T13:17:46.045+0000] {logging_mixin.py:190} INFO - [2026-07-22T13:17:46.043+0000] {dag.py:3239} INFO - Sync 1 DAGs
[2026-07-22T13:17:46.128+0000] {logging_mixin.py:190} INFO - [2026-07-22T13:17:46.128+0000] {dag.py:4180} INFO - Setting next_dagrun for example_xcom to 2021-01-01 00:00:00+00:00, run_after=2021-01-01 00:00:00+00:00
[2026-07-22T13:17:46.205+0000] {processor.py:208} INFO - Processing /home/airflow/.local/lib/python3.12/site-packages/airflow/example_dags/example_xcom.py took 0.324 seconds
