[2026-07-22T13:07:31.899+0000] {processor.py:186} INFO - Started process (PID=118) to work on /home/airflow/.local/lib/python3.12/site-packages/airflow/example_dags/example_latest_only_with_trigger.py
[2026-07-22T13:07:31.902+0000] {processor.py:914} INFO - Processing file /home/airflow/.local/lib/python3.12/site-packages/airflow/example_dags/example_latest_only_with_trigger.py for tasks to queue
[2026-07-22T13:07:31.907+0000] {logging_mixin.py:190} INFO - [2026-07-22T13:07:31.906+0000] {dagbag.py:588} INFO - Filling up the DagBag from /home/airflow/.local/lib/python3.12/site-packages/airflow/example_dags/example_latest_only_with_trigger.py
[2026-07-22T13:07:31.925+0000] {processor.py:925} INFO - DAG(s) 'latest_only_with_trigger' retrieved from /home/airflow/.local/lib/python3.12/site-packages/airflow/example_dags/example_latest_only_with_trigger.py
[2026-07-22T13:07:32.173+0000] {logging_mixin.py:190} INFO - [2026-07-22T13:07:32.172+0000] {override.py:1912} INFO - Created Permission View: can read on DAG:latest_only_with_trigger
[2026-07-22T13:07:32.194+0000] {logging_mixin.py:190} INFO - [2026-07-22T13:07:32.193+0000] {override.py:1912} INFO - Created Permission View: can edit on DAG:latest_only_with_trigger
[2026-07-22T13:07:32.208+0000] {logging_mixin.py:190} INFO - [2026-07-22T13:07:32.207+0000] {override.py:1912} INFO - Created Permission View: can delete on DAG:latest_only_with_trigger
[2026-07-22T13:07:32.226+0000] {logging_mixin.py:190} INFO - [2026-07-22T13:07:32.225+0000] {override.py:1912} INFO - Created Permission View: can read on DAG Run:latest_only_with_trigger
[2026-07-22T13:07:32.242+0000] {logging_mixin.py:190} INFO - [2026-07-22T13:07:32.242+0000] {override.py:1912} INFO - Created Permission View: menu access on DAG Run:latest_only_with_trigger
[2026-07-22T13:07:32.259+0000] {logging_mixin.py:190} INFO - [2026-07-22T13:07:32.258+0000] {override.py:1912} INFO - Created Permission View: can create on DAG Run:latest_only_with_trigger
[2026-07-22T13:07:32.274+0000] {logging_mixin.py:190} INFO - [2026-07-22T13:07:32.273+0000] {override.py:1912} INFO - Created Permission View: can delete on DAG Run:latest_only_with_trigger
[2026-07-22T13:07:32.277+0000] {logging_mixin.py:190} INFO - [2026-07-22T13:07:32.276+0000] {dag.py:3239} INFO - Sync 1 DAGs
[2026-07-22T13:07:32.302+0000] {logging_mixin.py:190} INFO - [2026-07-22T13:07:32.301+0000] {dag.py:3262} INFO - Creating ORM DAG for latest_only_with_trigger
[2026-07-22T13:07:32.326+0000] {logging_mixin.py:190} INFO - [2026-07-22T13:07:32.325+0000] {dag.py:4180} INFO - Setting next_dagrun for latest_only_with_trigger to 2026-07-22 08:00:00+00:00, run_after=2026-07-22 12:00:00+00:00
[2026-07-22T13:07:32.363+0000] {processor.py:208} INFO - Processing /home/airflow/.local/lib/python3.12/site-packages/airflow/example_dags/example_latest_only_with_trigger.py took 0.478 seconds
[2026-07-22T13:08:02.978+0000] {processor.py:186} INFO - Started process (PID=181) to work on /home/airflow/.local/lib/python3.12/site-packages/airflow/example_dags/example_latest_only_with_trigger.py
[2026-07-22T13:08:02.981+0000] {processor.py:914} INFO - Processing file /home/airflow/.local/lib/python3.12/site-packages/airflow/example_dags/example_latest_only_with_trigger.py for tasks to queue
[2026-07-22T13:08:02.984+0000] {logging_mixin.py:190} INFO - [2026-07-22T13:08:02.984+0000] {dagbag.py:588} INFO - Filling up the DagBag from /home/airflow/.local/lib/python3.12/site-packages/airflow/example_dags/example_latest_only_with_trigger.py
[2026-07-22T13:08:02.999+0000] {processor.py:925} INFO - DAG(s) 'latest_only_with_trigger' retrieved from /home/airflow/.local/lib/python3.12/site-packages/airflow/example_dags/example_latest_only_with_trigger.py
[2026-07-22T13:08:03.102+0000] {logging_mixin.py:190} INFO - [2026-07-22T13:08:03.102+0000] {dag.py:3239} INFO - Sync 1 DAGs
[2026-07-22T13:08:03.234+0000] {logging_mixin.py:190} INFO - [2026-07-22T13:08:03.234+0000] {dag.py:4180} INFO - Setting next_dagrun for latest_only_with_trigger to 2026-07-22 08:00:00+00:00, run_after=2026-07-22 12:00:00+00:00
[2026-07-22T13:08:03.277+0000] {processor.py:208} INFO - Processing /home/airflow/.local/lib/python3.12/site-packages/airflow/example_dags/example_latest_only_with_trigger.py took 0.308 seconds
[2026-07-22T13:08:36.472+0000] {processor.py:186} INFO - Started process (PID=245) to work on /home/airflow/.local/lib/python3.12/site-packages/airflow/example_dags/example_latest_only_with_trigger.py
[2026-07-22T13:08:36.474+0000] {processor.py:914} INFO - Processing file /home/airflow/.local/lib/python3.12/site-packages/airflow/example_dags/example_latest_only_with_trigger.py for tasks to queue
[2026-07-22T13:08:36.483+0000] {logging_mixin.py:190} INFO - [2026-07-22T13:08:36.482+0000] {dagbag.py:588} INFO - Filling up the DagBag from /home/airflow/.local/lib/python3.12/site-packages/airflow/example_dags/example_latest_only_with_trigger.py
[2026-07-22T13:08:36.504+0000] {processor.py:925} INFO - DAG(s) 'latest_only_with_trigger' retrieved from /home/airflow/.local/lib/python3.12/site-packages/airflow/example_dags/example_latest_only_with_trigger.py
[2026-07-22T13:08:36.564+0000] {logging_mixin.py:190} INFO - [2026-07-22T13:08:36.561+0000] {dag.py:3239} INFO - Sync 1 DAGs
[2026-07-22T13:08:36.639+0000] {logging_mixin.py:190} INFO - [2026-07-22T13:08:36.638+0000] {dag.py:4180} INFO - Setting next_dagrun for latest_only_with_trigger to 2026-07-22 08:00:00+00:00, run_after=2026-07-22 12:00:00+00:00
[2026-07-22T13:08:36.688+0000] {processor.py:208} INFO - Processing /home/airflow/.local/lib/python3.12/site-packages/airflow/example_dags/example_latest_only_with_trigger.py took 0.225 seconds
[2026-07-22T13:09:07.558+0000] {processor.py:186} INFO - Started process (PID=308) to work on /home/airflow/.local/lib/python3.12/site-packages/airflow/example_dags/example_latest_only_with_trigger.py
[2026-07-22T13:09:07.560+0000] {processor.py:914} INFO - Processing file /home/airflow/.local/lib/python3.12/site-packages/airflow/example_dags/example_latest_only_with_trigger.py for tasks to queue
[2026-07-22T13:09:07.565+0000] {logging_mixin.py:190} INFO - [2026-07-22T13:09:07.564+0000] {dagbag.py:588} INFO - Filling up the DagBag from /home/airflow/.local/lib/python3.12/site-packages/airflow/example_dags/example_latest_only_with_trigger.py
[2026-07-22T13:09:07.580+0000] {processor.py:925} INFO - DAG(s) 'latest_only_with_trigger' retrieved from /home/airflow/.local/lib/python3.12/site-packages/airflow/example_dags/example_latest_only_with_trigger.py
[2026-07-22T13:09:07.612+0000] {logging_mixin.py:190} INFO - [2026-07-22T13:09:07.611+0000] {dag.py:3239} INFO - Sync 1 DAGs
[2026-07-22T13:09:07.647+0000] {logging_mixin.py:190} INFO - [2026-07-22T13:09:07.647+0000] {dag.py:4180} INFO - Setting next_dagrun for latest_only_with_trigger to 2026-07-22 08:00:00+00:00, run_after=2026-07-22 12:00:00+00:00
[2026-07-22T13:09:07.680+0000] {processor.py:208} INFO - Processing /home/airflow/.local/lib/python3.12/site-packages/airflow/example_dags/example_latest_only_with_trigger.py took 0.129 seconds
[2026-07-22T13:09:37.780+0000] {processor.py:186} INFO - Started process (PID=371) to work on /home/airflow/.local/lib/python3.12/site-packages/airflow/example_dags/example_latest_only_with_trigger.py
[2026-07-22T13:09:37.782+0000] {processor.py:914} INFO - Processing file /home/airflow/.local/lib/python3.12/site-packages/airflow/example_dags/example_latest_only_with_trigger.py for tasks to queue
[2026-07-22T13:09:37.786+0000] {logging_mixin.py:190} INFO - [2026-07-22T13:09:37.785+0000] {dagbag.py:588} INFO - Filling up the DagBag from /home/airflow/.local/lib/python3.12/site-packages/airflow/example_dags/example_latest_only_with_trigger.py
[2026-07-22T13:09:37.798+0000] {processor.py:925} INFO - DAG(s) 'latest_only_with_trigger' retrieved from /home/airflow/.local/lib/python3.12/site-packages/airflow/example_dags/example_latest_only_with_trigger.py
[2026-07-22T13:09:37.832+0000] {logging_mixin.py:190} INFO - [2026-07-22T13:09:37.831+0000] {dag.py:3239} INFO - Sync 1 DAGs
[2026-07-22T13:09:37.868+0000] {logging_mixin.py:190} INFO - [2026-07-22T13:09:37.867+0000] {dag.py:4180} INFO - Setting next_dagrun for latest_only_with_trigger to 2026-07-22 08:00:00+00:00, run_after=2026-07-22 12:00:00+00:00
[2026-07-22T13:09:37.902+0000] {processor.py:208} INFO - Processing /home/airflow/.local/lib/python3.12/site-packages/airflow/example_dags/example_latest_only_with_trigger.py took 0.131 seconds
[2026-07-22T13:10:08.392+0000] {processor.py:186} INFO - Started process (PID=433) to work on /home/airflow/.local/lib/python3.12/site-packages/airflow/example_dags/example_latest_only_with_trigger.py
[2026-07-22T13:10:08.396+0000] {processor.py:914} INFO - Processing file /home/airflow/.local/lib/python3.12/site-packages/airflow/example_dags/example_latest_only_with_trigger.py for tasks to queue
[2026-07-22T13:10:08.402+0000] {logging_mixin.py:190} INFO - [2026-07-22T13:10:08.401+0000] {dagbag.py:588} INFO - Filling up the DagBag from /home/airflow/.local/lib/python3.12/site-packages/airflow/example_dags/example_latest_only_with_trigger.py
[2026-07-22T13:10:08.418+0000] {processor.py:925} INFO - DAG(s) 'latest_only_with_trigger' retrieved from /home/airflow/.local/lib/python3.12/site-packages/airflow/example_dags/example_latest_only_with_trigger.py
[2026-07-22T13:10:08.455+0000] {logging_mixin.py:190} INFO - [2026-07-22T13:10:08.455+0000] {dag.py:3239} INFO - Sync 1 DAGs
[2026-07-22T13:10:08.491+0000] {logging_mixin.py:190} INFO - [2026-07-22T13:10:08.490+0000] {dag.py:4180} INFO - Setting next_dagrun for latest_only_with_trigger to 2026-07-22 08:00:00+00:00, run_after=2026-07-22 12:00:00+00:00
[2026-07-22T13:10:08.525+0000] {processor.py:208} INFO - Processing /home/airflow/.local/lib/python3.12/site-packages/airflow/example_dags/example_latest_only_with_trigger.py took 0.145 seconds
[2026-07-22T13:10:40.243+0000] {processor.py:186} INFO - Started process (PID=496) to work on /home/airflow/.local/lib/python3.12/site-packages/airflow/example_dags/example_latest_only_with_trigger.py
[2026-07-22T13:10:40.245+0000] {processor.py:914} INFO - Processing file /home/airflow/.local/lib/python3.12/site-packages/airflow/example_dags/example_latest_only_with_trigger.py for tasks to queue
[2026-07-22T13:10:40.251+0000] {logging_mixin.py:190} INFO - [2026-07-22T13:10:40.250+0000] {dagbag.py:588} INFO - Filling up the DagBag from /home/airflow/.local/lib/python3.12/site-packages/airflow/example_dags/example_latest_only_with_trigger.py
[2026-07-22T13:10:40.267+0000] {processor.py:925} INFO - DAG(s) 'latest_only_with_trigger' retrieved from /home/airflow/.local/lib/python3.12/site-packages/airflow/example_dags/example_latest_only_with_trigger.py
[2026-07-22T13:10:40.312+0000] {logging_mixin.py:190} INFO - [2026-07-22T13:10:40.312+0000] {dag.py:3239} INFO - Sync 1 DAGs
[2026-07-22T13:10:40.344+0000] {logging_mixin.py:190} INFO - [2026-07-22T13:10:40.344+0000] {dag.py:4180} INFO - Setting next_dagrun for latest_only_with_trigger to 2026-07-22 08:00:00+00:00, run_after=2026-07-22 12:00:00+00:00
[2026-07-22T13:10:40.377+0000] {processor.py:208} INFO - Processing /home/airflow/.local/lib/python3.12/site-packages/airflow/example_dags/example_latest_only_with_trigger.py took 0.143 seconds
[2026-07-22T13:11:11.217+0000] {processor.py:186} INFO - Started process (PID=559) to work on /home/airflow/.local/lib/python3.12/site-packages/airflow/example_dags/example_latest_only_with_trigger.py
[2026-07-22T13:11:11.220+0000] {processor.py:914} INFO - Processing file /home/airflow/.local/lib/python3.12/site-packages/airflow/example_dags/example_latest_only_with_trigger.py for tasks to queue
[2026-07-22T13:11:11.224+0000] {logging_mixin.py:190} INFO - [2026-07-22T13:11:11.224+0000] {dagbag.py:588} INFO - Filling up the DagBag from /home/airflow/.local/lib/python3.12/site-packages/airflow/example_dags/example_latest_only_with_trigger.py
[2026-07-22T13:11:11.238+0000] {processor.py:925} INFO - DAG(s) 'latest_only_with_trigger' retrieved from /home/airflow/.local/lib/python3.12/site-packages/airflow/example_dags/example_latest_only_with_trigger.py
[2026-07-22T13:11:11.271+0000] {logging_mixin.py:190} INFO - [2026-07-22T13:11:11.270+0000] {dag.py:3239} INFO - Sync 1 DAGs
[2026-07-22T13:11:11.306+0000] {logging_mixin.py:190} INFO - [2026-07-22T13:11:11.306+0000] {dag.py:4180} INFO - Setting next_dagrun for latest_only_with_trigger to 2026-07-22 08:00:00+00:00, run_after=2026-07-22 12:00:00+00:00
[2026-07-22T13:11:11.340+0000] {processor.py:208} INFO - Processing /home/airflow/.local/lib/python3.12/site-packages/airflow/example_dags/example_latest_only_with_trigger.py took 0.132 seconds
[2026-07-22T13:11:42.620+0000] {processor.py:186} INFO - Started process (PID=622) to work on /home/airflow/.local/lib/python3.12/site-packages/airflow/example_dags/example_latest_only_with_trigger.py
[2026-07-22T13:11:42.622+0000] {processor.py:914} INFO - Processing file /home/airflow/.local/lib/python3.12/site-packages/airflow/example_dags/example_latest_only_with_trigger.py for tasks to queue
[2026-07-22T13:11:42.627+0000] {logging_mixin.py:190} INFO - [2026-07-22T13:11:42.626+0000] {dagbag.py:588} INFO - Filling up the DagBag from /home/airflow/.local/lib/python3.12/site-packages/airflow/example_dags/example_latest_only_with_trigger.py
[2026-07-22T13:11:42.641+0000] {processor.py:925} INFO - DAG(s) 'latest_only_with_trigger' retrieved from /home/airflow/.local/lib/python3.12/site-packages/airflow/example_dags/example_latest_only_with_trigger.py
[2026-07-22T13:11:42.672+0000] {logging_mixin.py:190} INFO - [2026-07-22T13:11:42.671+0000] {dag.py:3239} INFO - Sync 1 DAGs
[2026-07-22T13:11:42.707+0000] {logging_mixin.py:190} INFO - [2026-07-22T13:11:42.707+0000] {dag.py:4180} INFO - Setting next_dagrun for latest_only_with_trigger to 2026-07-22 08:00:00+00:00, run_after=2026-07-22 12:00:00+00:00
[2026-07-22T13:11:42.742+0000] {processor.py:208} INFO - Processing /home/airflow/.local/lib/python3.12/site-packages/airflow/example_dags/example_latest_only_with_trigger.py took 0.131 seconds
[2026-07-22T13:12:15.227+0000] {processor.py:186} INFO - Started process (PID=685) to work on /home/airflow/.local/lib/python3.12/site-packages/airflow/example_dags/example_latest_only_with_trigger.py
[2026-07-22T13:12:15.230+0000] {processor.py:914} INFO - Processing file /home/airflow/.local/lib/python3.12/site-packages/airflow/example_dags/example_latest_only_with_trigger.py for tasks to queue
[2026-07-22T13:12:15.238+0000] {logging_mixin.py:190} INFO - [2026-07-22T13:12:15.236+0000] {dagbag.py:588} INFO - Filling up the DagBag from /home/airflow/.local/lib/python3.12/site-packages/airflow/example_dags/example_latest_only_with_trigger.py
[2026-07-22T13:12:15.259+0000] {processor.py:925} INFO - DAG(s) 'latest_only_with_trigger' retrieved from /home/airflow/.local/lib/python3.12/site-packages/airflow/example_dags/example_latest_only_with_trigger.py
[2026-07-22T13:12:15.317+0000] {logging_mixin.py:190} INFO - [2026-07-22T13:12:15.316+0000] {dag.py:3239} INFO - Sync 1 DAGs
[2026-07-22T13:12:15.386+0000] {logging_mixin.py:190} INFO - [2026-07-22T13:12:15.386+0000] {dag.py:4180} INFO - Setting next_dagrun for latest_only_with_trigger to 2026-07-22 08:00:00+00:00, run_after=2026-07-22 12:00:00+00:00
[2026-07-22T13:12:15.436+0000] {processor.py:208} INFO - Processing /home/airflow/.local/lib/python3.12/site-packages/airflow/example_dags/example_latest_only_with_trigger.py took 0.221 seconds
[2026-07-22T13:12:47.566+0000] {processor.py:186} INFO - Started process (PID=754) to work on /home/airflow/.local/lib/python3.12/site-packages/airflow/example_dags/example_latest_only_with_trigger.py
[2026-07-22T13:12:47.570+0000] {processor.py:914} INFO - Processing file /home/airflow/.local/lib/python3.12/site-packages/airflow/example_dags/example_latest_only_with_trigger.py for tasks to queue
[2026-07-22T13:12:47.579+0000] {logging_mixin.py:190} INFO - [2026-07-22T13:12:47.578+0000] {dagbag.py:588} INFO - Filling up the DagBag from /home/airflow/.local/lib/python3.12/site-packages/airflow/example_dags/example_latest_only_with_trigger.py
[2026-07-22T13:12:47.609+0000] {processor.py:925} INFO - DAG(s) 'latest_only_with_trigger' retrieved from /home/airflow/.local/lib/python3.12/site-packages/airflow/example_dags/example_latest_only_with_trigger.py
[2026-07-22T13:12:47.670+0000] {logging_mixin.py:190} INFO - [2026-07-22T13:12:47.670+0000] {dag.py:3239} INFO - Sync 1 DAGs
[2026-07-22T13:12:47.735+0000] {logging_mixin.py:190} INFO - [2026-07-22T13:12:47.734+0000] {dag.py:4180} INFO - Setting next_dagrun for latest_only_with_trigger to 2026-07-22 08:00:00+00:00, run_after=2026-07-22 12:00:00+00:00
[2026-07-22T13:12:47.790+0000] {processor.py:208} INFO - Processing /home/airflow/.local/lib/python3.12/site-packages/airflow/example_dags/example_latest_only_with_trigger.py took 0.245 seconds
[2026-07-22T13:13:20.299+0000] {processor.py:186} INFO - Started process (PID=818) to work on /home/airflow/.local/lib/python3.12/site-packages/airflow/example_dags/example_latest_only_with_trigger.py
[2026-07-22T13:13:20.302+0000] {processor.py:914} INFO - Processing file /home/airflow/.local/lib/python3.12/site-packages/airflow/example_dags/example_latest_only_with_trigger.py for tasks to queue
[2026-07-22T13:13:20.309+0000] {logging_mixin.py:190} INFO - [2026-07-22T13:13:20.309+0000] {dagbag.py:588} INFO - Filling up the DagBag from /home/airflow/.local/lib/python3.12/site-packages/airflow/example_dags/example_latest_only_with_trigger.py
[2026-07-22T13:13:20.330+0000] {processor.py:925} INFO - DAG(s) 'latest_only_with_trigger' retrieved from /home/airflow/.local/lib/python3.12/site-packages/airflow/example_dags/example_latest_only_with_trigger.py
[2026-07-22T13:13:20.377+0000] {logging_mixin.py:190} INFO - [2026-07-22T13:13:20.376+0000] {dag.py:3239} INFO - Sync 1 DAGs
[2026-07-22T13:13:20.421+0000] {logging_mixin.py:190} INFO - [2026-07-22T13:13:20.420+0000] {dag.py:4180} INFO - Setting next_dagrun for latest_only_with_trigger to 2026-07-22 08:00:00+00:00, run_after=2026-07-22 12:00:00+00:00
[2026-07-22T13:13:20.462+0000] {processor.py:208} INFO - Processing /home/airflow/.local/lib/python3.12/site-packages/airflow/example_dags/example_latest_only_with_trigger.py took 0.179 seconds
[2026-07-22T13:13:52.000+0000] {processor.py:186} INFO - Started process (PID=880) to work on /home/airflow/.local/lib/python3.12/site-packages/airflow/example_dags/example_latest_only_with_trigger.py
[2026-07-22T13:13:52.002+0000] {processor.py:914} INFO - Processing file /home/airflow/.local/lib/python3.12/site-packages/airflow/example_dags/example_latest_only_with_trigger.py for tasks to queue
[2026-07-22T13:13:52.010+0000] {logging_mixin.py:190} INFO - [2026-07-22T13:13:52.009+0000] {dagbag.py:588} INFO - Filling up the DagBag from /home/airflow/.local/lib/python3.12/site-packages/airflow/example_dags/example_latest_only_with_trigger.py
[2026-07-22T13:13:52.024+0000] {processor.py:925} INFO - DAG(s) 'latest_only_with_trigger' retrieved from /home/airflow/.local/lib/python3.12/site-packages/airflow/example_dags/example_latest_only_with_trigger.py
[2026-07-22T13:13:52.056+0000] {logging_mixin.py:190} INFO - [2026-07-22T13:13:52.056+0000] {dag.py:3239} INFO - Sync 1 DAGs
[2026-07-22T13:13:52.100+0000] {logging_mixin.py:190} INFO - [2026-07-22T13:13:52.100+0000] {dag.py:4180} INFO - Setting next_dagrun for latest_only_with_trigger to 2026-07-22 08:00:00+00:00, run_after=2026-07-22 12:00:00+00:00
[2026-07-22T13:13:52.132+0000] {processor.py:208} INFO - Processing /home/airflow/.local/lib/python3.12/site-packages/airflow/example_dags/example_latest_only_with_trigger.py took 0.147 seconds
[2026-07-22T13:14:24.288+0000] {processor.py:186} INFO - Started process (PID=943) to work on /home/airflow/.local/lib/python3.12/site-packages/airflow/example_dags/example_latest_only_with_trigger.py
[2026-07-22T13:14:24.290+0000] {processor.py:914} INFO - Processing file /home/airflow/.local/lib/python3.12/site-packages/airflow/example_dags/example_latest_only_with_trigger.py for tasks to queue
[2026-07-22T13:14:24.295+0000] {logging_mixin.py:190} INFO - [2026-07-22T13:14:24.294+0000] {dagbag.py:588} INFO - Filling up the DagBag from /home/airflow/.local/lib/python3.12/site-packages/airflow/example_dags/example_latest_only_with_trigger.py
[2026-07-22T13:14:24.328+0000] {processor.py:925} INFO - DAG(s) 'latest_only_with_trigger' retrieved from /home/airflow/.local/lib/python3.12/site-packages/airflow/example_dags/example_latest_only_with_trigger.py
[2026-07-22T13:14:24.406+0000] {logging_mixin.py:190} INFO - [2026-07-22T13:14:24.405+0000] {dag.py:3239} INFO - Sync 1 DAGs
[2026-07-22T13:14:24.477+0000] {logging_mixin.py:190} INFO - [2026-07-22T13:14:24.476+0000] {dag.py:4180} INFO - Setting next_dagrun for latest_only_with_trigger to 2026-07-22 08:00:00+00:00, run_after=2026-07-22 12:00:00+00:00
[2026-07-22T13:14:24.530+0000] {processor.py:208} INFO - Processing /home/airflow/.local/lib/python3.12/site-packages/airflow/example_dags/example_latest_only_with_trigger.py took 0.253 seconds
[2026-07-22T13:14:57.126+0000] {processor.py:186} INFO - Started process (PID=1012) to work on /home/airflow/.local/lib/python3.12/site-packages/airflow/example_dags/example_latest_only_with_trigger.py
[2026-07-22T13:14:57.130+0000] {processor.py:914} INFO - Processing file /home/airflow/.local/lib/python3.12/site-packages/airflow/example_dags/example_latest_only_with_trigger.py for tasks to queue
[2026-07-22T13:14:57.140+0000] {logging_mixin.py:190} INFO - [2026-07-22T13:14:57.139+0000] {dagbag.py:588} INFO - Filling up the DagBag from /home/airflow/.local/lib/python3.12/site-packages/airflow/example_dags/example_latest_only_with_trigger.py
[2026-07-22T13:14:57.167+0000] {processor.py:925} INFO - DAG(s) 'latest_only_with_trigger' retrieved from /home/airflow/.local/lib/python3.12/site-packages/airflow/example_dags/example_latest_only_with_trigger.py
[2026-07-22T13:14:57.224+0000] {logging_mixin.py:190} INFO - [2026-07-22T13:14:57.223+0000] {dag.py:3239} INFO - Sync 1 DAGs
[2026-07-22T13:14:57.282+0000] {logging_mixin.py:190} INFO - [2026-07-22T13:14:57.282+0000] {dag.py:4180} INFO - Setting next_dagrun for latest_only_with_trigger to 2026-07-22 08:00:00+00:00, run_after=2026-07-22 12:00:00+00:00
[2026-07-22T13:14:57.461+0000] {processor.py:208} INFO - Processing /home/airflow/.local/lib/python3.12/site-packages/airflow/example_dags/example_latest_only_with_trigger.py took 0.358 seconds
[2026-07-22T13:15:32.405+0000] {processor.py:186} INFO - Started process (PID=1083) to work on /home/airflow/.local/lib/python3.12/site-packages/airflow/example_dags/example_latest_only_with_trigger.py
[2026-07-22T13:15:32.411+0000] {processor.py:914} INFO - Processing file /home/airflow/.local/lib/python3.12/site-packages/airflow/example_dags/example_latest_only_with_trigger.py for tasks to queue
[2026-07-22T13:15:32.426+0000] {logging_mixin.py:190} INFO - [2026-07-22T13:15:32.425+0000] {dagbag.py:588} INFO - Filling up the DagBag from /home/airflow/.local/lib/python3.12/site-packages/airflow/example_dags/example_latest_only_with_trigger.py
[2026-07-22T13:15:32.479+0000] {processor.py:925} INFO - DAG(s) 'latest_only_with_trigger' retrieved from /home/airflow/.local/lib/python3.12/site-packages/airflow/example_dags/example_latest_only_with_trigger.py
[2026-07-22T13:15:32.591+0000] {logging_mixin.py:190} INFO - [2026-07-22T13:15:32.589+0000] {dag.py:3239} INFO - Sync 1 DAGs
[2026-07-22T13:15:32.700+0000] {logging_mixin.py:190} INFO - [2026-07-22T13:15:32.700+0000] {dag.py:4180} INFO - Setting next_dagrun for latest_only_with_trigger to 2026-07-22 08:00:00+00:00, run_after=2026-07-22 12:00:00+00:00
[2026-07-22T13:15:32.762+0000] {processor.py:208} INFO - Processing /home/airflow/.local/lib/python3.12/site-packages/airflow/example_dags/example_latest_only_with_trigger.py took 0.392 seconds
[2026-07-22T13:16:03.617+0000] {processor.py:186} INFO - Started process (PID=1145) to work on /home/airflow/.local/lib/python3.12/site-packages/airflow/example_dags/example_latest_only_with_trigger.py
[2026-07-22T13:16:03.620+0000] {processor.py:914} INFO - Processing file /home/airflow/.local/lib/python3.12/site-packages/airflow/example_dags/example_latest_only_with_trigger.py for tasks to queue
[2026-07-22T13:16:03.630+0000] {logging_mixin.py:190} INFO - [2026-07-22T13:16:03.629+0000] {dagbag.py:588} INFO - Filling up the DagBag from /home/airflow/.local/lib/python3.12/site-packages/airflow/example_dags/example_latest_only_with_trigger.py
[2026-07-22T13:16:03.649+0000] {processor.py:925} INFO - DAG(s) 'latest_only_with_trigger' retrieved from /home/airflow/.local/lib/python3.12/site-packages/airflow/example_dags/example_latest_only_with_trigger.py
[2026-07-22T13:16:03.698+0000] {logging_mixin.py:190} INFO - [2026-07-22T13:16:03.697+0000] {dag.py:3239} INFO - Sync 1 DAGs
[2026-07-22T13:16:03.748+0000] {logging_mixin.py:190} INFO - [2026-07-22T13:16:03.748+0000] {dag.py:4180} INFO - Setting next_dagrun for latest_only_with_trigger to 2026-07-22 08:00:00+00:00, run_after=2026-07-22 12:00:00+00:00
[2026-07-22T13:16:03.793+0000] {processor.py:208} INFO - Processing /home/airflow/.local/lib/python3.12/site-packages/airflow/example_dags/example_latest_only_with_trigger.py took 0.198 seconds
[2026-07-22T13:16:34.742+0000] {processor.py:186} INFO - Started process (PID=1208) to work on /home/airflow/.local/lib/python3.12/site-packages/airflow/example_dags/example_latest_only_with_trigger.py
[2026-07-22T13:16:34.744+0000] {processor.py:914} INFO - Processing file /home/airflow/.local/lib/python3.12/site-packages/airflow/example_dags/example_latest_only_with_trigger.py for tasks to queue
[2026-07-22T13:16:34.752+0000] {logging_mixin.py:190} INFO - [2026-07-22T13:16:34.751+0000] {dagbag.py:588} INFO - Filling up the DagBag from /home/airflow/.local/lib/python3.12/site-packages/airflow/example_dags/example_latest_only_with_trigger.py
[2026-07-22T13:16:34.767+0000] {processor.py:925} INFO - DAG(s) 'latest_only_with_trigger' retrieved from /home/airflow/.local/lib/python3.12/site-packages/airflow/example_dags/example_latest_only_with_trigger.py
[2026-07-22T13:16:34.803+0000] {logging_mixin.py:190} INFO - [2026-07-22T13:16:34.803+0000] {dag.py:3239} INFO - Sync 1 DAGs
[2026-07-22T13:16:34.852+0000] {logging_mixin.py:190} INFO - [2026-07-22T13:16:34.851+0000] {dag.py:4180} INFO - Setting next_dagrun for latest_only_with_trigger to 2026-07-22 08:00:00+00:00, run_after=2026-07-22 12:00:00+00:00
[2026-07-22T13:16:34.910+0000] {processor.py:208} INFO - Processing /home/airflow/.local/lib/python3.12/site-packages/airflow/example_dags/example_latest_only_with_trigger.py took 0.178 seconds
[2026-07-22T13:17:09.903+0000] {processor.py:186} INFO - Started process (PID=1271) to work on /home/airflow/.local/lib/python3.12/site-packages/airflow/example_dags/example_latest_only_with_trigger.py
[2026-07-22T13:17:09.911+0000] {processor.py:914} INFO - Processing file /home/airflow/.local/lib/python3.12/site-packages/airflow/example_dags/example_latest_only_with_trigger.py for tasks to queue
[2026-07-22T13:17:09.926+0000] {logging_mixin.py:190} INFO - [2026-07-22T13:17:09.922+0000] {dagbag.py:588} INFO - Filling up the DagBag from /home/airflow/.local/lib/python3.12/site-packages/airflow/example_dags/example_latest_only_with_trigger.py
[2026-07-22T13:17:09.972+0000] {processor.py:925} INFO - DAG(s) 'latest_only_with_trigger' retrieved from /home/airflow/.local/lib/python3.12/site-packages/airflow/example_dags/example_latest_only_with_trigger.py
[2026-07-22T13:17:10.145+0000] {logging_mixin.py:190} INFO - [2026-07-22T13:17:10.143+0000] {dag.py:3239} INFO - Sync 1 DAGs
[2026-07-22T13:17:10.240+0000] {logging_mixin.py:190} INFO - [2026-07-22T13:17:10.239+0000] {dag.py:4180} INFO - Setting next_dagrun for latest_only_with_trigger to 2026-07-22 08:00:00+00:00, run_after=2026-07-22 12:00:00+00:00
[2026-07-22T13:17:10.309+0000] {processor.py:208} INFO - Processing /home/airflow/.local/lib/python3.12/site-packages/airflow/example_dags/example_latest_only_with_trigger.py took 0.453 seconds
[2026-07-22T13:17:40.827+0000] {processor.py:186} INFO - Started process (PID=1333) to work on /home/airflow/.local/lib/python3.12/site-packages/airflow/example_dags/example_latest_only_with_trigger.py
[2026-07-22T13:17:40.840+0000] {processor.py:914} INFO - Processing file /home/airflow/.local/lib/python3.12/site-packages/airflow/example_dags/example_latest_only_with_trigger.py for tasks to queue
[2026-07-22T13:17:40.853+0000] {logging_mixin.py:190} INFO - [2026-07-22T13:17:40.851+0000] {dagbag.py:588} INFO - Filling up the DagBag from /home/airflow/.local/lib/python3.12/site-packages/airflow/example_dags/example_latest_only_with_trigger.py
[2026-07-22T13:17:40.892+0000] {processor.py:925} INFO - DAG(s) 'latest_only_with_trigger' retrieved from /home/airflow/.local/lib/python3.12/site-packages/airflow/example_dags/example_latest_only_with_trigger.py
[2026-07-22T13:17:40.969+0000] {logging_mixin.py:190} INFO - [2026-07-22T13:17:40.968+0000] {dag.py:3239} INFO - Sync 1 DAGs
[2026-07-22T13:17:41.171+0000] {logging_mixin.py:190} INFO - [2026-07-22T13:17:41.170+0000] {dag.py:4180} INFO - Setting next_dagrun for latest_only_with_trigger to 2026-07-22 08:00:00+00:00, run_after=2026-07-22 12:00:00+00:00
[2026-07-22T13:17:41.290+0000] {processor.py:208} INFO - Processing /home/airflow/.local/lib/python3.12/site-packages/airflow/example_dags/example_latest_only_with_trigger.py took 0.502 seconds
