[2026-07-22T13:07:35.043+0000] {processor.py:186} INFO - Started process (PID=127) to work on /home/airflow/.local/lib/python3.12/site-packages/airflow/example_dags/example_python_decorator.py
[2026-07-22T13:07:35.046+0000] {processor.py:914} INFO - Processing file /home/airflow/.local/lib/python3.12/site-packages/airflow/example_dags/example_python_decorator.py for tasks to queue
[2026-07-22T13:07:35.051+0000] {logging_mixin.py:190} INFO - [2026-07-22T13:07:35.050+0000] {dagbag.py:588} INFO - Filling up the DagBag from /home/airflow/.local/lib/python3.12/site-packages/airflow/example_dags/example_python_decorator.py
[2026-07-22T13:07:35.081+0000] {processor.py:925} INFO - DAG(s) 'example_python_decorator' retrieved from /home/airflow/.local/lib/python3.12/site-packages/airflow/example_dags/example_python_decorator.py
[2026-07-22T13:07:35.284+0000] {logging_mixin.py:190} INFO - [2026-07-22T13:07:35.283+0000] {override.py:1912} INFO - Created Permission View: can read on DAG:example_python_decorator
[2026-07-22T13:07:35.311+0000] {logging_mixin.py:190} INFO - [2026-07-22T13:07:35.311+0000] {override.py:1912} INFO - Created Permission View: can edit on DAG:example_python_decorator
[2026-07-22T13:07:35.327+0000] {logging_mixin.py:190} INFO - [2026-07-22T13:07:35.326+0000] {override.py:1912} INFO - Created Permission View: can delete on DAG:example_python_decorator
[2026-07-22T13:07:35.345+0000] {logging_mixin.py:190} INFO - [2026-07-22T13:07:35.345+0000] {override.py:1912} INFO - Created Permission View: can read on DAG Run:example_python_decorator
[2026-07-22T13:07:35.362+0000] {logging_mixin.py:190} INFO - [2026-07-22T13:07:35.361+0000] {override.py:1912} INFO - Created Permission View: menu access on DAG Run:example_python_decorator
[2026-07-22T13:07:35.378+0000] {logging_mixin.py:190} INFO - [2026-07-22T13:07:35.378+0000] {override.py:1912} INFO - Created Permission View: can create on DAG Run:example_python_decorator
[2026-07-22T13:07:35.391+0000] {logging_mixin.py:190} INFO - [2026-07-22T13:07:35.391+0000] {override.py:1912} INFO - Created Permission View: can delete on DAG Run:example_python_decorator
[2026-07-22T13:07:35.394+0000] {logging_mixin.py:190} INFO - [2026-07-22T13:07:35.393+0000] {dag.py:3239} INFO - Sync 1 DAGs
[2026-07-22T13:07:35.416+0000] {logging_mixin.py:190} INFO - [2026-07-22T13:07:35.416+0000] {dag.py:3262} INFO - Creating ORM DAG for example_python_decorator
[2026-07-22T13:07:35.419+0000] {logging_mixin.py:190} INFO - [2026-07-22T13:07:35.418+0000] {dag.py:4180} INFO - Setting next_dagrun for example_python_decorator to None, run_after=None
[2026-07-22T13:07:35.456+0000] {processor.py:208} INFO - Processing /home/airflow/.local/lib/python3.12/site-packages/airflow/example_dags/example_python_decorator.py took 0.423 seconds
[2026-07-22T13:08:05.916+0000] {processor.py:186} INFO - Started process (PID=190) to work on /home/airflow/.local/lib/python3.12/site-packages/airflow/example_dags/example_python_decorator.py
[2026-07-22T13:08:05.918+0000] {processor.py:914} INFO - Processing file /home/airflow/.local/lib/python3.12/site-packages/airflow/example_dags/example_python_decorator.py for tasks to queue
[2026-07-22T13:08:05.929+0000] {logging_mixin.py:190} INFO - [2026-07-22T13:08:05.926+0000] {dagbag.py:588} INFO - Filling up the DagBag from /home/airflow/.local/lib/python3.12/site-packages/airflow/example_dags/example_python_decorator.py
[2026-07-22T13:08:05.981+0000] {processor.py:925} INFO - DAG(s) 'example_python_decorator' retrieved from /home/airflow/.local/lib/python3.12/site-packages/airflow/example_dags/example_python_decorator.py
[2026-07-22T13:08:06.037+0000] {logging_mixin.py:190} INFO - [2026-07-22T13:08:06.037+0000] {dag.py:3239} INFO - Sync 1 DAGs
[2026-07-22T13:08:06.089+0000] {logging_mixin.py:190} INFO - [2026-07-22T13:08:06.088+0000] {dag.py:4180} INFO - Setting next_dagrun for example_python_decorator to None, run_after=None
[2026-07-22T13:08:06.134+0000] {processor.py:208} INFO - Processing /home/airflow/.local/lib/python3.12/site-packages/airflow/example_dags/example_python_decorator.py took 0.247 seconds
[2026-07-22T13:08:38.163+0000] {processor.py:186} INFO - Started process (PID=254) to work on /home/airflow/.local/lib/python3.12/site-packages/airflow/example_dags/example_python_decorator.py
[2026-07-22T13:08:38.167+0000] {processor.py:914} INFO - Processing file /home/airflow/.local/lib/python3.12/site-packages/airflow/example_dags/example_python_decorator.py for tasks to queue
[2026-07-22T13:08:38.174+0000] {logging_mixin.py:190} INFO - [2026-07-22T13:08:38.173+0000] {dagbag.py:588} INFO - Filling up the DagBag from /home/airflow/.local/lib/python3.12/site-packages/airflow/example_dags/example_python_decorator.py
[2026-07-22T13:08:38.213+0000] {processor.py:925} INFO - DAG(s) 'example_python_decorator' retrieved from /home/airflow/.local/lib/python3.12/site-packages/airflow/example_dags/example_python_decorator.py
[2026-07-22T13:08:38.261+0000] {logging_mixin.py:190} INFO - [2026-07-22T13:08:38.260+0000] {dag.py:3239} INFO - Sync 1 DAGs
[2026-07-22T13:08:38.290+0000] {logging_mixin.py:190} INFO - [2026-07-22T13:08:38.290+0000] {dag.py:4180} INFO - Setting next_dagrun for example_python_decorator to None, run_after=None
[2026-07-22T13:08:38.341+0000] {processor.py:208} INFO - Processing /home/airflow/.local/lib/python3.12/site-packages/airflow/example_dags/example_python_decorator.py took 0.189 seconds
[2026-07-22T13:09:09.035+0000] {processor.py:186} INFO - Started process (PID=317) to work on /home/airflow/.local/lib/python3.12/site-packages/airflow/example_dags/example_python_decorator.py
[2026-07-22T13:09:09.036+0000] {processor.py:914} INFO - Processing file /home/airflow/.local/lib/python3.12/site-packages/airflow/example_dags/example_python_decorator.py for tasks to queue
[2026-07-22T13:09:09.042+0000] {logging_mixin.py:190} INFO - [2026-07-22T13:09:09.041+0000] {dagbag.py:588} INFO - Filling up the DagBag from /home/airflow/.local/lib/python3.12/site-packages/airflow/example_dags/example_python_decorator.py
[2026-07-22T13:09:09.072+0000] {processor.py:925} INFO - DAG(s) 'example_python_decorator' retrieved from /home/airflow/.local/lib/python3.12/site-packages/airflow/example_dags/example_python_decorator.py
[2026-07-22T13:09:09.105+0000] {logging_mixin.py:190} INFO - [2026-07-22T13:09:09.105+0000] {dag.py:3239} INFO - Sync 1 DAGs
[2026-07-22T13:09:09.131+0000] {logging_mixin.py:190} INFO - [2026-07-22T13:09:09.131+0000] {dag.py:4180} INFO - Setting next_dagrun for example_python_decorator to None, run_after=None
[2026-07-22T13:09:09.169+0000] {processor.py:208} INFO - Processing /home/airflow/.local/lib/python3.12/site-packages/airflow/example_dags/example_python_decorator.py took 0.142 seconds
[2026-07-22T13:09:40.158+0000] {processor.py:186} INFO - Started process (PID=381) to work on /home/airflow/.local/lib/python3.12/site-packages/airflow/example_dags/example_python_decorator.py
[2026-07-22T13:09:40.161+0000] {processor.py:914} INFO - Processing file /home/airflow/.local/lib/python3.12/site-packages/airflow/example_dags/example_python_decorator.py for tasks to queue
[2026-07-22T13:09:40.166+0000] {logging_mixin.py:190} INFO - [2026-07-22T13:09:40.166+0000] {dagbag.py:588} INFO - Filling up the DagBag from /home/airflow/.local/lib/python3.12/site-packages/airflow/example_dags/example_python_decorator.py
[2026-07-22T13:09:40.185+0000] {processor.py:925} INFO - DAG(s) 'example_python_decorator' retrieved from /home/airflow/.local/lib/python3.12/site-packages/airflow/example_dags/example_python_decorator.py
[2026-07-22T13:09:40.214+0000] {logging_mixin.py:190} INFO - [2026-07-22T13:09:40.214+0000] {dag.py:3239} INFO - Sync 1 DAGs
[2026-07-22T13:09:40.232+0000] {logging_mixin.py:190} INFO - [2026-07-22T13:09:40.232+0000] {dag.py:4180} INFO - Setting next_dagrun for example_python_decorator to None, run_after=None
[2026-07-22T13:09:40.265+0000] {processor.py:208} INFO - Processing /home/airflow/.local/lib/python3.12/site-packages/airflow/example_dags/example_python_decorator.py took 0.122 seconds
[2026-07-22T13:10:11.245+0000] {processor.py:186} INFO - Started process (PID=444) to work on /home/airflow/.local/lib/python3.12/site-packages/airflow/example_dags/example_python_decorator.py
[2026-07-22T13:10:11.247+0000] {processor.py:914} INFO - Processing file /home/airflow/.local/lib/python3.12/site-packages/airflow/example_dags/example_python_decorator.py for tasks to queue
[2026-07-22T13:10:11.255+0000] {logging_mixin.py:190} INFO - [2026-07-22T13:10:11.254+0000] {dagbag.py:588} INFO - Filling up the DagBag from /home/airflow/.local/lib/python3.12/site-packages/airflow/example_dags/example_python_decorator.py
[2026-07-22T13:10:11.291+0000] {processor.py:925} INFO - DAG(s) 'example_python_decorator' retrieved from /home/airflow/.local/lib/python3.12/site-packages/airflow/example_dags/example_python_decorator.py
[2026-07-22T13:10:11.334+0000] {logging_mixin.py:190} INFO - [2026-07-22T13:10:11.333+0000] {dag.py:3239} INFO - Sync 1 DAGs
[2026-07-22T13:10:11.361+0000] {logging_mixin.py:190} INFO - [2026-07-22T13:10:11.360+0000] {dag.py:4180} INFO - Setting next_dagrun for example_python_decorator to None, run_after=None
[2026-07-22T13:10:11.404+0000] {processor.py:208} INFO - Processing /home/airflow/.local/lib/python3.12/site-packages/airflow/example_dags/example_python_decorator.py took 0.174 seconds
[2026-07-22T13:10:42.384+0000] {processor.py:186} INFO - Started process (PID=507) to work on /home/airflow/.local/lib/python3.12/site-packages/airflow/example_dags/example_python_decorator.py
[2026-07-22T13:10:42.386+0000] {processor.py:914} INFO - Processing file /home/airflow/.local/lib/python3.12/site-packages/airflow/example_dags/example_python_decorator.py for tasks to queue
[2026-07-22T13:10:42.391+0000] {logging_mixin.py:190} INFO - [2026-07-22T13:10:42.390+0000] {dagbag.py:588} INFO - Filling up the DagBag from /home/airflow/.local/lib/python3.12/site-packages/airflow/example_dags/example_python_decorator.py
[2026-07-22T13:10:42.410+0000] {processor.py:925} INFO - DAG(s) 'example_python_decorator' retrieved from /home/airflow/.local/lib/python3.12/site-packages/airflow/example_dags/example_python_decorator.py
[2026-07-22T13:10:42.443+0000] {logging_mixin.py:190} INFO - [2026-07-22T13:10:42.443+0000] {dag.py:3239} INFO - Sync 1 DAGs
[2026-07-22T13:10:42.469+0000] {logging_mixin.py:190} INFO - [2026-07-22T13:10:42.468+0000] {dag.py:4180} INFO - Setting next_dagrun for example_python_decorator to None, run_after=None
[2026-07-22T13:10:42.508+0000] {processor.py:208} INFO - Processing /home/airflow/.local/lib/python3.12/site-packages/airflow/example_dags/example_python_decorator.py took 0.132 seconds
[2026-07-22T13:11:12.843+0000] {processor.py:186} INFO - Started process (PID=569) to work on /home/airflow/.local/lib/python3.12/site-packages/airflow/example_dags/example_python_decorator.py
[2026-07-22T13:11:12.845+0000] {processor.py:914} INFO - Processing file /home/airflow/.local/lib/python3.12/site-packages/airflow/example_dags/example_python_decorator.py for tasks to queue
[2026-07-22T13:11:12.849+0000] {logging_mixin.py:190} INFO - [2026-07-22T13:11:12.848+0000] {dagbag.py:588} INFO - Filling up the DagBag from /home/airflow/.local/lib/python3.12/site-packages/airflow/example_dags/example_python_decorator.py
[2026-07-22T13:11:12.870+0000] {processor.py:925} INFO - DAG(s) 'example_python_decorator' retrieved from /home/airflow/.local/lib/python3.12/site-packages/airflow/example_dags/example_python_decorator.py
[2026-07-22T13:11:12.905+0000] {logging_mixin.py:190} INFO - [2026-07-22T13:11:12.905+0000] {dag.py:3239} INFO - Sync 1 DAGs
[2026-07-22T13:11:12.925+0000] {logging_mixin.py:190} INFO - [2026-07-22T13:11:12.925+0000] {dag.py:4180} INFO - Setting next_dagrun for example_python_decorator to None, run_after=None
[2026-07-22T13:11:12.958+0000] {processor.py:208} INFO - Processing /home/airflow/.local/lib/python3.12/site-packages/airflow/example_dags/example_python_decorator.py took 0.122 seconds
[2026-07-22T13:11:43.864+0000] {processor.py:186} INFO - Started process (PID=632) to work on /home/airflow/.local/lib/python3.12/site-packages/airflow/example_dags/example_python_decorator.py
[2026-07-22T13:11:43.868+0000] {processor.py:914} INFO - Processing file /home/airflow/.local/lib/python3.12/site-packages/airflow/example_dags/example_python_decorator.py for tasks to queue
[2026-07-22T13:11:43.873+0000] {logging_mixin.py:190} INFO - [2026-07-22T13:11:43.873+0000] {dagbag.py:588} INFO - Filling up the DagBag from /home/airflow/.local/lib/python3.12/site-packages/airflow/example_dags/example_python_decorator.py
[2026-07-22T13:11:43.898+0000] {processor.py:925} INFO - DAG(s) 'example_python_decorator' retrieved from /home/airflow/.local/lib/python3.12/site-packages/airflow/example_dags/example_python_decorator.py
[2026-07-22T13:11:43.946+0000] {logging_mixin.py:190} INFO - [2026-07-22T13:11:43.945+0000] {dag.py:3239} INFO - Sync 1 DAGs
[2026-07-22T13:11:43.980+0000] {logging_mixin.py:190} INFO - [2026-07-22T13:11:43.980+0000] {dag.py:4180} INFO - Setting next_dagrun for example_python_decorator to None, run_after=None
[2026-07-22T13:11:44.021+0000] {processor.py:208} INFO - Processing /home/airflow/.local/lib/python3.12/site-packages/airflow/example_dags/example_python_decorator.py took 0.173 seconds
[2026-07-22T13:12:17.181+0000] {processor.py:186} INFO - Started process (PID=695) to work on /home/airflow/.local/lib/python3.12/site-packages/airflow/example_dags/example_python_decorator.py
[2026-07-22T13:12:17.184+0000] {processor.py:914} INFO - Processing file /home/airflow/.local/lib/python3.12/site-packages/airflow/example_dags/example_python_decorator.py for tasks to queue
[2026-07-22T13:12:17.190+0000] {logging_mixin.py:190} INFO - [2026-07-22T13:12:17.189+0000] {dagbag.py:588} INFO - Filling up the DagBag from /home/airflow/.local/lib/python3.12/site-packages/airflow/example_dags/example_python_decorator.py
[2026-07-22T13:12:17.218+0000] {processor.py:925} INFO - DAG(s) 'example_python_decorator' retrieved from /home/airflow/.local/lib/python3.12/site-packages/airflow/example_dags/example_python_decorator.py
[2026-07-22T13:12:17.259+0000] {logging_mixin.py:190} INFO - [2026-07-22T13:12:17.259+0000] {dag.py:3239} INFO - Sync 1 DAGs
[2026-07-22T13:12:17.289+0000] {logging_mixin.py:190} INFO - [2026-07-22T13:12:17.289+0000] {dag.py:4180} INFO - Setting next_dagrun for example_python_decorator to None, run_after=None
[2026-07-22T13:12:17.325+0000] {processor.py:208} INFO - Processing /home/airflow/.local/lib/python3.12/site-packages/airflow/example_dags/example_python_decorator.py took 0.154 seconds
[2026-07-22T13:12:49.512+0000] {processor.py:186} INFO - Started process (PID=764) to work on /home/airflow/.local/lib/python3.12/site-packages/airflow/example_dags/example_python_decorator.py
[2026-07-22T13:12:49.515+0000] {processor.py:914} INFO - Processing file /home/airflow/.local/lib/python3.12/site-packages/airflow/example_dags/example_python_decorator.py for tasks to queue
[2026-07-22T13:12:49.519+0000] {logging_mixin.py:190} INFO - [2026-07-22T13:12:49.518+0000] {dagbag.py:588} INFO - Filling up the DagBag from /home/airflow/.local/lib/python3.12/site-packages/airflow/example_dags/example_python_decorator.py
[2026-07-22T13:12:49.548+0000] {processor.py:925} INFO - DAG(s) 'example_python_decorator' retrieved from /home/airflow/.local/lib/python3.12/site-packages/airflow/example_dags/example_python_decorator.py
[2026-07-22T13:12:49.586+0000] {logging_mixin.py:190} INFO - [2026-07-22T13:12:49.585+0000] {dag.py:3239} INFO - Sync 1 DAGs
[2026-07-22T13:12:49.612+0000] {logging_mixin.py:190} INFO - [2026-07-22T13:12:49.612+0000] {dag.py:4180} INFO - Setting next_dagrun for example_python_decorator to None, run_after=None
[2026-07-22T13:12:49.645+0000] {processor.py:208} INFO - Processing /home/airflow/.local/lib/python3.12/site-packages/airflow/example_dags/example_python_decorator.py took 0.147 seconds
[2026-07-22T13:13:22.535+0000] {processor.py:186} INFO - Started process (PID=827) to work on /home/airflow/.local/lib/python3.12/site-packages/airflow/example_dags/example_python_decorator.py
[2026-07-22T13:13:22.539+0000] {processor.py:914} INFO - Processing file /home/airflow/.local/lib/python3.12/site-packages/airflow/example_dags/example_python_decorator.py for tasks to queue
[2026-07-22T13:13:22.545+0000] {logging_mixin.py:190} INFO - [2026-07-22T13:13:22.545+0000] {dagbag.py:588} INFO - Filling up the DagBag from /home/airflow/.local/lib/python3.12/site-packages/airflow/example_dags/example_python_decorator.py
[2026-07-22T13:13:22.583+0000] {processor.py:925} INFO - DAG(s) 'example_python_decorator' retrieved from /home/airflow/.local/lib/python3.12/site-packages/airflow/example_dags/example_python_decorator.py
[2026-07-22T13:13:22.644+0000] {logging_mixin.py:190} INFO - [2026-07-22T13:13:22.644+0000] {dag.py:3239} INFO - Sync 1 DAGs
[2026-07-22T13:13:22.696+0000] {logging_mixin.py:190} INFO - [2026-07-22T13:13:22.695+0000] {dag.py:4180} INFO - Setting next_dagrun for example_python_decorator to None, run_after=None
[2026-07-22T13:13:22.770+0000] {processor.py:208} INFO - Processing /home/airflow/.local/lib/python3.12/site-packages/airflow/example_dags/example_python_decorator.py took 0.249 seconds
[2026-07-22T13:13:53.980+0000] {processor.py:186} INFO - Started process (PID=891) to work on /home/airflow/.local/lib/python3.12/site-packages/airflow/example_dags/example_python_decorator.py
[2026-07-22T13:13:53.984+0000] {processor.py:914} INFO - Processing file /home/airflow/.local/lib/python3.12/site-packages/airflow/example_dags/example_python_decorator.py for tasks to queue
[2026-07-22T13:13:53.992+0000] {logging_mixin.py:190} INFO - [2026-07-22T13:13:53.991+0000] {dagbag.py:588} INFO - Filling up the DagBag from /home/airflow/.local/lib/python3.12/site-packages/airflow/example_dags/example_python_decorator.py
[2026-07-22T13:13:54.045+0000] {processor.py:925} INFO - DAG(s) 'example_python_decorator' retrieved from /home/airflow/.local/lib/python3.12/site-packages/airflow/example_dags/example_python_decorator.py
[2026-07-22T13:13:54.104+0000] {logging_mixin.py:190} INFO - [2026-07-22T13:13:54.103+0000] {dag.py:3239} INFO - Sync 1 DAGs
[2026-07-22T13:13:54.141+0000] {logging_mixin.py:190} INFO - [2026-07-22T13:13:54.141+0000] {dag.py:4180} INFO - Setting next_dagrun for example_python_decorator to None, run_after=None
[2026-07-22T13:13:54.179+0000] {processor.py:208} INFO - Processing /home/airflow/.local/lib/python3.12/site-packages/airflow/example_dags/example_python_decorator.py took 0.212 seconds
[2026-07-22T13:14:27.058+0000] {processor.py:186} INFO - Started process (PID=960) to work on /home/airflow/.local/lib/python3.12/site-packages/airflow/example_dags/example_python_decorator.py
[2026-07-22T13:14:27.061+0000] {processor.py:914} INFO - Processing file /home/airflow/.local/lib/python3.12/site-packages/airflow/example_dags/example_python_decorator.py for tasks to queue
[2026-07-22T13:14:27.066+0000] {logging_mixin.py:190} INFO - [2026-07-22T13:14:27.066+0000] {dagbag.py:588} INFO - Filling up the DagBag from /home/airflow/.local/lib/python3.12/site-packages/airflow/example_dags/example_python_decorator.py
[2026-07-22T13:14:27.095+0000] {processor.py:925} INFO - DAG(s) 'example_python_decorator' retrieved from /home/airflow/.local/lib/python3.12/site-packages/airflow/example_dags/example_python_decorator.py
[2026-07-22T13:14:27.128+0000] {logging_mixin.py:190} INFO - [2026-07-22T13:14:27.127+0000] {dag.py:3239} INFO - Sync 1 DAGs
[2026-07-22T13:14:27.148+0000] {logging_mixin.py:190} INFO - [2026-07-22T13:14:27.147+0000] {dag.py:4180} INFO - Setting next_dagrun for example_python_decorator to None, run_after=None
[2026-07-22T13:14:27.179+0000] {processor.py:208} INFO - Processing /home/airflow/.local/lib/python3.12/site-packages/airflow/example_dags/example_python_decorator.py took 0.133 seconds
[2026-07-22T13:14:59.892+0000] {processor.py:186} INFO - Started process (PID=1028) to work on /home/airflow/.local/lib/python3.12/site-packages/airflow/example_dags/example_python_decorator.py
[2026-07-22T13:14:59.895+0000] {processor.py:914} INFO - Processing file /home/airflow/.local/lib/python3.12/site-packages/airflow/example_dags/example_python_decorator.py for tasks to queue
[2026-07-22T13:14:59.901+0000] {logging_mixin.py:190} INFO - [2026-07-22T13:14:59.900+0000] {dagbag.py:588} INFO - Filling up the DagBag from /home/airflow/.local/lib/python3.12/site-packages/airflow/example_dags/example_python_decorator.py
[2026-07-22T13:14:59.930+0000] {processor.py:925} INFO - DAG(s) 'example_python_decorator' retrieved from /home/airflow/.local/lib/python3.12/site-packages/airflow/example_dags/example_python_decorator.py
[2026-07-22T13:14:59.969+0000] {logging_mixin.py:190} INFO - [2026-07-22T13:14:59.969+0000] {dag.py:3239} INFO - Sync 1 DAGs
[2026-07-22T13:14:59.994+0000] {logging_mixin.py:190} INFO - [2026-07-22T13:14:59.994+0000] {dag.py:4180} INFO - Setting next_dagrun for example_python_decorator to None, run_after=None
[2026-07-22T13:15:00.036+0000] {processor.py:208} INFO - Processing /home/airflow/.local/lib/python3.12/site-packages/airflow/example_dags/example_python_decorator.py took 0.161 seconds
[2026-07-22T13:15:35.232+0000] {processor.py:186} INFO - Started process (PID=1092) to work on /home/airflow/.local/lib/python3.12/site-packages/airflow/example_dags/example_python_decorator.py
[2026-07-22T13:15:35.235+0000] {processor.py:914} INFO - Processing file /home/airflow/.local/lib/python3.12/site-packages/airflow/example_dags/example_python_decorator.py for tasks to queue
[2026-07-22T13:15:35.246+0000] {logging_mixin.py:190} INFO - [2026-07-22T13:15:35.245+0000] {dagbag.py:588} INFO - Filling up the DagBag from /home/airflow/.local/lib/python3.12/site-packages/airflow/example_dags/example_python_decorator.py
[2026-07-22T13:15:35.296+0000] {processor.py:925} INFO - DAG(s) 'example_python_decorator' retrieved from /home/airflow/.local/lib/python3.12/site-packages/airflow/example_dags/example_python_decorator.py
[2026-07-22T13:15:35.370+0000] {logging_mixin.py:190} INFO - [2026-07-22T13:15:35.369+0000] {dag.py:3239} INFO - Sync 1 DAGs
[2026-07-22T13:15:35.432+0000] {logging_mixin.py:190} INFO - [2026-07-22T13:15:35.431+0000] {dag.py:4180} INFO - Setting next_dagrun for example_python_decorator to None, run_after=None
[2026-07-22T13:15:35.496+0000] {processor.py:208} INFO - Processing /home/airflow/.local/lib/python3.12/site-packages/airflow/example_dags/example_python_decorator.py took 0.287 seconds
[2026-07-22T13:16:07.872+0000] {processor.py:186} INFO - Started process (PID=1157) to work on /home/airflow/.local/lib/python3.12/site-packages/airflow/example_dags/example_python_decorator.py
[2026-07-22T13:16:07.880+0000] {processor.py:914} INFO - Processing file /home/airflow/.local/lib/python3.12/site-packages/airflow/example_dags/example_python_decorator.py for tasks to queue
[2026-07-22T13:16:07.892+0000] {logging_mixin.py:190} INFO - [2026-07-22T13:16:07.890+0000] {dagbag.py:588} INFO - Filling up the DagBag from /home/airflow/.local/lib/python3.12/site-packages/airflow/example_dags/example_python_decorator.py
[2026-07-22T13:16:07.998+0000] {processor.py:925} INFO - DAG(s) 'example_python_decorator' retrieved from /home/airflow/.local/lib/python3.12/site-packages/airflow/example_dags/example_python_decorator.py
[2026-07-22T13:16:08.109+0000] {logging_mixin.py:190} INFO - [2026-07-22T13:16:08.108+0000] {dag.py:3239} INFO - Sync 1 DAGs
[2026-07-22T13:16:08.204+0000] {logging_mixin.py:190} INFO - [2026-07-22T13:16:08.203+0000] {dag.py:4180} INFO - Setting next_dagrun for example_python_decorator to None, run_after=None
[2026-07-22T13:16:08.332+0000] {processor.py:208} INFO - Processing /home/airflow/.local/lib/python3.12/site-packages/airflow/example_dags/example_python_decorator.py took 0.500 seconds
[2026-07-22T13:16:38.606+0000] {processor.py:186} INFO - Started process (PID=1220) to work on /home/airflow/.local/lib/python3.12/site-packages/airflow/example_dags/example_python_decorator.py
[2026-07-22T13:16:38.610+0000] {processor.py:914} INFO - Processing file /home/airflow/.local/lib/python3.12/site-packages/airflow/example_dags/example_python_decorator.py for tasks to queue
[2026-07-22T13:16:38.616+0000] {logging_mixin.py:190} INFO - [2026-07-22T13:16:38.615+0000] {dagbag.py:588} INFO - Filling up the DagBag from /home/airflow/.local/lib/python3.12/site-packages/airflow/example_dags/example_python_decorator.py
[2026-07-22T13:16:38.669+0000] {processor.py:925} INFO - DAG(s) 'example_python_decorator' retrieved from /home/airflow/.local/lib/python3.12/site-packages/airflow/example_dags/example_python_decorator.py
[2026-07-22T13:16:38.735+0000] {logging_mixin.py:190} INFO - [2026-07-22T13:16:38.735+0000] {dag.py:3239} INFO - Sync 1 DAGs
[2026-07-22T13:16:38.799+0000] {logging_mixin.py:190} INFO - [2026-07-22T13:16:38.798+0000] {dag.py:4180} INFO - Setting next_dagrun for example_python_decorator to None, run_after=None
[2026-07-22T13:16:38.877+0000] {processor.py:208} INFO - Processing /home/airflow/.local/lib/python3.12/site-packages/airflow/example_dags/example_python_decorator.py took 0.286 seconds
[2026-07-22T13:17:16.933+0000] {processor.py:186} INFO - Started process (PID=1289) to work on /home/airflow/.local/lib/python3.12/site-packages/airflow/example_dags/example_python_decorator.py
[2026-07-22T13:17:16.937+0000] {processor.py:914} INFO - Processing file /home/airflow/.local/lib/python3.12/site-packages/airflow/example_dags/example_python_decorator.py for tasks to queue
[2026-07-22T13:17:16.947+0000] {logging_mixin.py:190} INFO - [2026-07-22T13:17:16.946+0000] {dagbag.py:588} INFO - Filling up the DagBag from /home/airflow/.local/lib/python3.12/site-packages/airflow/example_dags/example_python_decorator.py
[2026-07-22T13:17:17.062+0000] {processor.py:925} INFO - DAG(s) 'example_python_decorator' retrieved from /home/airflow/.local/lib/python3.12/site-packages/airflow/example_dags/example_python_decorator.py
[2026-07-22T13:17:17.156+0000] {logging_mixin.py:190} INFO - [2026-07-22T13:17:17.155+0000] {dag.py:3239} INFO - Sync 1 DAGs
[2026-07-22T13:17:17.220+0000] {logging_mixin.py:190} INFO - [2026-07-22T13:17:17.219+0000] {dag.py:4180} INFO - Setting next_dagrun for example_python_decorator to None, run_after=None
[2026-07-22T13:17:17.294+0000] {processor.py:208} INFO - Processing /home/airflow/.local/lib/python3.12/site-packages/airflow/example_dags/example_python_decorator.py took 0.421 seconds
