[2026-07-22T13:07:29.123+0000] {processor.py:186} INFO - Started process (PID=114) to work on /home/airflow/.local/lib/python3.12/site-packages/airflow/example_dags/example_bash_operator.py
[2026-07-22T13:07:29.126+0000] {processor.py:914} INFO - Processing file /home/airflow/.local/lib/python3.12/site-packages/airflow/example_dags/example_bash_operator.py for tasks to queue
[2026-07-22T13:07:29.134+0000] {logging_mixin.py:190} INFO - [2026-07-22T13:07:29.133+0000] {dagbag.py:588} INFO - Filling up the DagBag from /home/airflow/.local/lib/python3.12/site-packages/airflow/example_dags/example_bash_operator.py
[2026-07-22T13:07:29.163+0000] {processor.py:925} INFO - DAG(s) 'example_bash_operator' retrieved from /home/airflow/.local/lib/python3.12/site-packages/airflow/example_dags/example_bash_operator.py
[2026-07-22T13:07:29.380+0000] {logging_mixin.py:190} INFO - [2026-07-22T13:07:29.379+0000] {override.py:1912} INFO - Created Permission View: can read on DAG:example_bash_operator
[2026-07-22T13:07:29.403+0000] {logging_mixin.py:190} INFO - [2026-07-22T13:07:29.402+0000] {override.py:1912} INFO - Created Permission View: can edit on DAG:example_bash_operator
[2026-07-22T13:07:29.419+0000] {logging_mixin.py:190} INFO - [2026-07-22T13:07:29.418+0000] {override.py:1912} INFO - Created Permission View: can delete on DAG:example_bash_operator
[2026-07-22T13:07:29.436+0000] {logging_mixin.py:190} INFO - [2026-07-22T13:07:29.436+0000] {override.py:1912} INFO - Created Permission View: can read on DAG Run:example_bash_operator
[2026-07-22T13:07:29.453+0000] {logging_mixin.py:190} INFO - [2026-07-22T13:07:29.452+0000] {override.py:1912} INFO - Created Permission View: menu access on DAG Run:example_bash_operator
[2026-07-22T13:07:29.468+0000] {logging_mixin.py:190} INFO - [2026-07-22T13:07:29.467+0000] {override.py:1912} INFO - Created Permission View: can create on DAG Run:example_bash_operator
[2026-07-22T13:07:29.484+0000] {logging_mixin.py:190} INFO - [2026-07-22T13:07:29.484+0000] {override.py:1912} INFO - Created Permission View: can delete on DAG Run:example_bash_operator
[2026-07-22T13:07:29.486+0000] {logging_mixin.py:190} INFO - [2026-07-22T13:07:29.486+0000] {dag.py:3239} INFO - Sync 1 DAGs
[2026-07-22T13:07:29.509+0000] {logging_mixin.py:190} INFO - [2026-07-22T13:07:29.509+0000] {dag.py:3262} INFO - Creating ORM DAG for example_bash_operator
[2026-07-22T13:07:29.533+0000] {logging_mixin.py:190} INFO - [2026-07-22T13:07:29.532+0000] {dag.py:4180} INFO - Setting next_dagrun for example_bash_operator to 2026-07-21 00:00:00+00:00, run_after=2026-07-22 00:00:00+00:00
[2026-07-22T13:07:29.577+0000] {processor.py:208} INFO - Processing /home/airflow/.local/lib/python3.12/site-packages/airflow/example_dags/example_bash_operator.py took 0.466 seconds
[2026-07-22T13:08:00.214+0000] {processor.py:186} INFO - Started process (PID=176) to work on /home/airflow/.local/lib/python3.12/site-packages/airflow/example_dags/example_bash_operator.py
[2026-07-22T13:08:00.218+0000] {processor.py:914} INFO - Processing file /home/airflow/.local/lib/python3.12/site-packages/airflow/example_dags/example_bash_operator.py for tasks to queue
[2026-07-22T13:08:00.226+0000] {logging_mixin.py:190} INFO - [2026-07-22T13:08:00.226+0000] {dagbag.py:588} INFO - Filling up the DagBag from /home/airflow/.local/lib/python3.12/site-packages/airflow/example_dags/example_bash_operator.py
[2026-07-22T13:08:00.273+0000] {processor.py:925} INFO - DAG(s) 'example_bash_operator' retrieved from /home/airflow/.local/lib/python3.12/site-packages/airflow/example_dags/example_bash_operator.py
[2026-07-22T13:08:00.348+0000] {logging_mixin.py:190} INFO - [2026-07-22T13:08:00.347+0000] {dag.py:3239} INFO - Sync 1 DAGs
[2026-07-22T13:08:00.420+0000] {logging_mixin.py:190} INFO - [2026-07-22T13:08:00.419+0000] {dag.py:4180} INFO - Setting next_dagrun for example_bash_operator to 2026-07-21 00:00:00+00:00, run_after=2026-07-22 00:00:00+00:00
[2026-07-22T13:08:00.545+0000] {processor.py:208} INFO - Processing /home/airflow/.local/lib/python3.12/site-packages/airflow/example_dags/example_bash_operator.py took 0.351 seconds
[2026-07-22T13:08:34.981+0000] {processor.py:186} INFO - Started process (PID=241) to work on /home/airflow/.local/lib/python3.12/site-packages/airflow/example_dags/example_bash_operator.py
[2026-07-22T13:08:34.984+0000] {processor.py:914} INFO - Processing file /home/airflow/.local/lib/python3.12/site-packages/airflow/example_dags/example_bash_operator.py for tasks to queue
[2026-07-22T13:08:34.990+0000] {logging_mixin.py:190} INFO - [2026-07-22T13:08:34.989+0000] {dagbag.py:588} INFO - Filling up the DagBag from /home/airflow/.local/lib/python3.12/site-packages/airflow/example_dags/example_bash_operator.py
[2026-07-22T13:08:35.020+0000] {processor.py:925} INFO - DAG(s) 'example_bash_operator' retrieved from /home/airflow/.local/lib/python3.12/site-packages/airflow/example_dags/example_bash_operator.py
[2026-07-22T13:08:35.080+0000] {logging_mixin.py:190} INFO - [2026-07-22T13:08:35.079+0000] {dag.py:3239} INFO - Sync 1 DAGs
[2026-07-22T13:08:35.139+0000] {logging_mixin.py:190} INFO - [2026-07-22T13:08:35.139+0000] {dag.py:4180} INFO - Setting next_dagrun for example_bash_operator to 2026-07-21 00:00:00+00:00, run_after=2026-07-22 00:00:00+00:00
[2026-07-22T13:08:35.185+0000] {processor.py:208} INFO - Processing /home/airflow/.local/lib/python3.12/site-packages/airflow/example_dags/example_bash_operator.py took 0.213 seconds
[2026-07-22T13:09:05.328+0000] {processor.py:186} INFO - Started process (PID=303) to work on /home/airflow/.local/lib/python3.12/site-packages/airflow/example_dags/example_bash_operator.py
[2026-07-22T13:09:05.330+0000] {processor.py:914} INFO - Processing file /home/airflow/.local/lib/python3.12/site-packages/airflow/example_dags/example_bash_operator.py for tasks to queue
[2026-07-22T13:09:05.335+0000] {logging_mixin.py:190} INFO - [2026-07-22T13:09:05.334+0000] {dagbag.py:588} INFO - Filling up the DagBag from /home/airflow/.local/lib/python3.12/site-packages/airflow/example_dags/example_bash_operator.py
[2026-07-22T13:09:05.353+0000] {processor.py:925} INFO - DAG(s) 'example_bash_operator' retrieved from /home/airflow/.local/lib/python3.12/site-packages/airflow/example_dags/example_bash_operator.py
[2026-07-22T13:09:05.391+0000] {logging_mixin.py:190} INFO - [2026-07-22T13:09:05.391+0000] {dag.py:3239} INFO - Sync 1 DAGs
[2026-07-22T13:09:05.427+0000] {logging_mixin.py:190} INFO - [2026-07-22T13:09:05.427+0000] {dag.py:4180} INFO - Setting next_dagrun for example_bash_operator to 2026-07-21 00:00:00+00:00, run_after=2026-07-22 00:00:00+00:00
[2026-07-22T13:09:05.460+0000] {processor.py:208} INFO - Processing /home/airflow/.local/lib/python3.12/site-packages/airflow/example_dags/example_bash_operator.py took 0.140 seconds
[2026-07-22T13:09:36.370+0000] {processor.py:186} INFO - Started process (PID=367) to work on /home/airflow/.local/lib/python3.12/site-packages/airflow/example_dags/example_bash_operator.py
[2026-07-22T13:09:36.372+0000] {processor.py:914} INFO - Processing file /home/airflow/.local/lib/python3.12/site-packages/airflow/example_dags/example_bash_operator.py for tasks to queue
[2026-07-22T13:09:36.378+0000] {logging_mixin.py:190} INFO - [2026-07-22T13:09:36.377+0000] {dagbag.py:588} INFO - Filling up the DagBag from /home/airflow/.local/lib/python3.12/site-packages/airflow/example_dags/example_bash_operator.py
[2026-07-22T13:09:36.405+0000] {processor.py:925} INFO - DAG(s) 'example_bash_operator' retrieved from /home/airflow/.local/lib/python3.12/site-packages/airflow/example_dags/example_bash_operator.py
[2026-07-22T13:09:36.455+0000] {logging_mixin.py:190} INFO - [2026-07-22T13:09:36.455+0000] {dag.py:3239} INFO - Sync 1 DAGs
[2026-07-22T13:09:36.490+0000] {logging_mixin.py:190} INFO - [2026-07-22T13:09:36.490+0000] {dag.py:4180} INFO - Setting next_dagrun for example_bash_operator to 2026-07-21 00:00:00+00:00, run_after=2026-07-22 00:00:00+00:00
[2026-07-22T13:09:36.535+0000] {processor.py:208} INFO - Processing /home/airflow/.local/lib/python3.12/site-packages/airflow/example_dags/example_bash_operator.py took 0.171 seconds
[2026-07-22T13:10:07.988+0000] {processor.py:186} INFO - Started process (PID=430) to work on /home/airflow/.local/lib/python3.12/site-packages/airflow/example_dags/example_bash_operator.py
[2026-07-22T13:10:07.990+0000] {processor.py:914} INFO - Processing file /home/airflow/.local/lib/python3.12/site-packages/airflow/example_dags/example_bash_operator.py for tasks to queue
[2026-07-22T13:10:07.994+0000] {logging_mixin.py:190} INFO - [2026-07-22T13:10:07.993+0000] {dagbag.py:588} INFO - Filling up the DagBag from /home/airflow/.local/lib/python3.12/site-packages/airflow/example_dags/example_bash_operator.py
[2026-07-22T13:10:08.016+0000] {processor.py:925} INFO - DAG(s) 'example_bash_operator' retrieved from /home/airflow/.local/lib/python3.12/site-packages/airflow/example_dags/example_bash_operator.py
[2026-07-22T13:10:08.059+0000] {logging_mixin.py:190} INFO - [2026-07-22T13:10:08.059+0000] {dag.py:3239} INFO - Sync 1 DAGs
[2026-07-22T13:10:08.099+0000] {logging_mixin.py:190} INFO - [2026-07-22T13:10:08.098+0000] {dag.py:4180} INFO - Setting next_dagrun for example_bash_operator to 2026-07-21 00:00:00+00:00, run_after=2026-07-22 00:00:00+00:00
[2026-07-22T13:10:08.140+0000] {processor.py:208} INFO - Processing /home/airflow/.local/lib/python3.12/site-packages/airflow/example_dags/example_bash_operator.py took 0.162 seconds
[2026-07-22T13:10:39.756+0000] {processor.py:186} INFO - Started process (PID=493) to work on /home/airflow/.local/lib/python3.12/site-packages/airflow/example_dags/example_bash_operator.py
[2026-07-22T13:10:39.761+0000] {processor.py:914} INFO - Processing file /home/airflow/.local/lib/python3.12/site-packages/airflow/example_dags/example_bash_operator.py for tasks to queue
[2026-07-22T13:10:39.771+0000] {logging_mixin.py:190} INFO - [2026-07-22T13:10:39.770+0000] {dagbag.py:588} INFO - Filling up the DagBag from /home/airflow/.local/lib/python3.12/site-packages/airflow/example_dags/example_bash_operator.py
[2026-07-22T13:10:39.805+0000] {processor.py:925} INFO - DAG(s) 'example_bash_operator' retrieved from /home/airflow/.local/lib/python3.12/site-packages/airflow/example_dags/example_bash_operator.py
[2026-07-22T13:10:39.849+0000] {logging_mixin.py:190} INFO - [2026-07-22T13:10:39.849+0000] {dag.py:3239} INFO - Sync 1 DAGs
[2026-07-22T13:10:39.887+0000] {logging_mixin.py:190} INFO - [2026-07-22T13:10:39.887+0000] {dag.py:4180} INFO - Setting next_dagrun for example_bash_operator to 2026-07-21 00:00:00+00:00, run_after=2026-07-22 00:00:00+00:00
[2026-07-22T13:10:39.927+0000] {processor.py:208} INFO - Processing /home/airflow/.local/lib/python3.12/site-packages/airflow/example_dags/example_bash_operator.py took 0.205 seconds
[2026-07-22T13:11:10.358+0000] {processor.py:186} INFO - Started process (PID=556) to work on /home/airflow/.local/lib/python3.12/site-packages/airflow/example_dags/example_bash_operator.py
[2026-07-22T13:11:10.360+0000] {processor.py:914} INFO - Processing file /home/airflow/.local/lib/python3.12/site-packages/airflow/example_dags/example_bash_operator.py for tasks to queue
[2026-07-22T13:11:10.365+0000] {logging_mixin.py:190} INFO - [2026-07-22T13:11:10.364+0000] {dagbag.py:588} INFO - Filling up the DagBag from /home/airflow/.local/lib/python3.12/site-packages/airflow/example_dags/example_bash_operator.py
[2026-07-22T13:11:10.387+0000] {processor.py:925} INFO - DAG(s) 'example_bash_operator' retrieved from /home/airflow/.local/lib/python3.12/site-packages/airflow/example_dags/example_bash_operator.py
[2026-07-22T13:11:10.434+0000] {logging_mixin.py:190} INFO - [2026-07-22T13:11:10.434+0000] {dag.py:3239} INFO - Sync 1 DAGs
[2026-07-22T13:11:10.473+0000] {logging_mixin.py:190} INFO - [2026-07-22T13:11:10.472+0000] {dag.py:4180} INFO - Setting next_dagrun for example_bash_operator to 2026-07-21 00:00:00+00:00, run_after=2026-07-22 00:00:00+00:00
[2026-07-22T13:11:10.508+0000] {processor.py:208} INFO - Processing /home/airflow/.local/lib/python3.12/site-packages/airflow/example_dags/example_bash_operator.py took 0.160 seconds
[2026-07-22T13:11:41.252+0000] {processor.py:186} INFO - Started process (PID=618) to work on /home/airflow/.local/lib/python3.12/site-packages/airflow/example_dags/example_bash_operator.py
[2026-07-22T13:11:41.254+0000] {processor.py:914} INFO - Processing file /home/airflow/.local/lib/python3.12/site-packages/airflow/example_dags/example_bash_operator.py for tasks to queue
[2026-07-22T13:11:41.259+0000] {logging_mixin.py:190} INFO - [2026-07-22T13:11:41.258+0000] {dagbag.py:588} INFO - Filling up the DagBag from /home/airflow/.local/lib/python3.12/site-packages/airflow/example_dags/example_bash_operator.py
[2026-07-22T13:11:41.280+0000] {processor.py:925} INFO - DAG(s) 'example_bash_operator' retrieved from /home/airflow/.local/lib/python3.12/site-packages/airflow/example_dags/example_bash_operator.py
[2026-07-22T13:11:41.329+0000] {logging_mixin.py:190} INFO - [2026-07-22T13:11:41.328+0000] {dag.py:3239} INFO - Sync 1 DAGs
[2026-07-22T13:11:41.378+0000] {logging_mixin.py:190} INFO - [2026-07-22T13:11:41.378+0000] {dag.py:4180} INFO - Setting next_dagrun for example_bash_operator to 2026-07-21 00:00:00+00:00, run_after=2026-07-22 00:00:00+00:00
[2026-07-22T13:11:41.413+0000] {processor.py:208} INFO - Processing /home/airflow/.local/lib/python3.12/site-packages/airflow/example_dags/example_bash_operator.py took 0.170 seconds
[2026-07-22T13:12:11.893+0000] {processor.py:186} INFO - Started process (PID=680) to work on /home/airflow/.local/lib/python3.12/site-packages/airflow/example_dags/example_bash_operator.py
[2026-07-22T13:12:11.897+0000] {processor.py:914} INFO - Processing file /home/airflow/.local/lib/python3.12/site-packages/airflow/example_dags/example_bash_operator.py for tasks to queue
[2026-07-22T13:12:11.907+0000] {logging_mixin.py:190} INFO - [2026-07-22T13:12:11.906+0000] {dagbag.py:588} INFO - Filling up the DagBag from /home/airflow/.local/lib/python3.12/site-packages/airflow/example_dags/example_bash_operator.py
[2026-07-22T13:12:11.965+0000] {processor.py:925} INFO - DAG(s) 'example_bash_operator' retrieved from /home/airflow/.local/lib/python3.12/site-packages/airflow/example_dags/example_bash_operator.py
[2026-07-22T13:12:12.038+0000] {logging_mixin.py:190} INFO - [2026-07-22T13:12:12.037+0000] {dag.py:3239} INFO - Sync 1 DAGs
[2026-07-22T13:12:12.107+0000] {logging_mixin.py:190} INFO - [2026-07-22T13:12:12.106+0000] {dag.py:4180} INFO - Setting next_dagrun for example_bash_operator to 2026-07-21 00:00:00+00:00, run_after=2026-07-22 00:00:00+00:00
[2026-07-22T13:12:12.169+0000] {processor.py:208} INFO - Processing /home/airflow/.local/lib/python3.12/site-packages/airflow/example_dags/example_bash_operator.py took 0.302 seconds
[2026-07-22T13:12:42.301+0000] {processor.py:186} INFO - Started process (PID=743) to work on /home/airflow/.local/lib/python3.12/site-packages/airflow/example_dags/example_bash_operator.py
[2026-07-22T13:12:42.304+0000] {processor.py:914} INFO - Processing file /home/airflow/.local/lib/python3.12/site-packages/airflow/example_dags/example_bash_operator.py for tasks to queue
[2026-07-22T13:12:42.311+0000] {logging_mixin.py:190} INFO - [2026-07-22T13:12:42.310+0000] {dagbag.py:588} INFO - Filling up the DagBag from /home/airflow/.local/lib/python3.12/site-packages/airflow/example_dags/example_bash_operator.py
[2026-07-22T13:12:42.338+0000] {processor.py:925} INFO - DAG(s) 'example_bash_operator' retrieved from /home/airflow/.local/lib/python3.12/site-packages/airflow/example_dags/example_bash_operator.py
[2026-07-22T13:12:42.380+0000] {logging_mixin.py:190} INFO - [2026-07-22T13:12:42.380+0000] {dag.py:3239} INFO - Sync 1 DAGs
[2026-07-22T13:12:42.414+0000] {logging_mixin.py:190} INFO - [2026-07-22T13:12:42.414+0000] {dag.py:4180} INFO - Setting next_dagrun for example_bash_operator to 2026-07-21 00:00:00+00:00, run_after=2026-07-22 00:00:00+00:00
[2026-07-22T13:12:42.449+0000] {processor.py:208} INFO - Processing /home/airflow/.local/lib/python3.12/site-packages/airflow/example_dags/example_bash_operator.py took 0.156 seconds
[2026-07-22T13:13:13.428+0000] {processor.py:186} INFO - Started process (PID=806) to work on /home/airflow/.local/lib/python3.12/site-packages/airflow/example_dags/example_bash_operator.py
[2026-07-22T13:13:13.432+0000] {processor.py:914} INFO - Processing file /home/airflow/.local/lib/python3.12/site-packages/airflow/example_dags/example_bash_operator.py for tasks to queue
[2026-07-22T13:13:13.446+0000] {logging_mixin.py:190} INFO - [2026-07-22T13:13:13.444+0000] {dagbag.py:588} INFO - Filling up the DagBag from /home/airflow/.local/lib/python3.12/site-packages/airflow/example_dags/example_bash_operator.py
[2026-07-22T13:13:13.511+0000] {processor.py:925} INFO - DAG(s) 'example_bash_operator' retrieved from /home/airflow/.local/lib/python3.12/site-packages/airflow/example_dags/example_bash_operator.py
[2026-07-22T13:13:13.570+0000] {logging_mixin.py:190} INFO - [2026-07-22T13:13:13.569+0000] {dag.py:3239} INFO - Sync 1 DAGs
[2026-07-22T13:13:13.626+0000] {logging_mixin.py:190} INFO - [2026-07-22T13:13:13.625+0000] {dag.py:4180} INFO - Setting next_dagrun for example_bash_operator to 2026-07-21 00:00:00+00:00, run_after=2026-07-22 00:00:00+00:00
[2026-07-22T13:13:13.675+0000] {processor.py:208} INFO - Processing /home/airflow/.local/lib/python3.12/site-packages/airflow/example_dags/example_bash_operator.py took 0.299 seconds
[2026-07-22T13:13:44.136+0000] {processor.py:186} INFO - Started process (PID=869) to work on /home/airflow/.local/lib/python3.12/site-packages/airflow/example_dags/example_bash_operator.py
[2026-07-22T13:13:44.140+0000] {processor.py:914} INFO - Processing file /home/airflow/.local/lib/python3.12/site-packages/airflow/example_dags/example_bash_operator.py for tasks to queue
[2026-07-22T13:13:44.146+0000] {logging_mixin.py:190} INFO - [2026-07-22T13:13:44.146+0000] {dagbag.py:588} INFO - Filling up the DagBag from /home/airflow/.local/lib/python3.12/site-packages/airflow/example_dags/example_bash_operator.py
[2026-07-22T13:13:44.172+0000] {processor.py:925} INFO - DAG(s) 'example_bash_operator' retrieved from /home/airflow/.local/lib/python3.12/site-packages/airflow/example_dags/example_bash_operator.py
[2026-07-22T13:13:44.218+0000] {logging_mixin.py:190} INFO - [2026-07-22T13:13:44.218+0000] {dag.py:3239} INFO - Sync 1 DAGs
[2026-07-22T13:13:44.260+0000] {logging_mixin.py:190} INFO - [2026-07-22T13:13:44.260+0000] {dag.py:4180} INFO - Setting next_dagrun for example_bash_operator to 2026-07-21 00:00:00+00:00, run_after=2026-07-22 00:00:00+00:00
[2026-07-22T13:13:44.296+0000] {processor.py:208} INFO - Processing /home/airflow/.local/lib/python3.12/site-packages/airflow/example_dags/example_bash_operator.py took 0.176 seconds
[2026-07-22T13:14:14.565+0000] {processor.py:186} INFO - Started process (PID=932) to work on /home/airflow/.local/lib/python3.12/site-packages/airflow/example_dags/example_bash_operator.py
[2026-07-22T13:14:14.567+0000] {processor.py:914} INFO - Processing file /home/airflow/.local/lib/python3.12/site-packages/airflow/example_dags/example_bash_operator.py for tasks to queue
[2026-07-22T13:14:14.575+0000] {logging_mixin.py:190} INFO - [2026-07-22T13:14:14.574+0000] {dagbag.py:588} INFO - Filling up the DagBag from /home/airflow/.local/lib/python3.12/site-packages/airflow/example_dags/example_bash_operator.py
[2026-07-22T13:14:14.608+0000] {processor.py:925} INFO - DAG(s) 'example_bash_operator' retrieved from /home/airflow/.local/lib/python3.12/site-packages/airflow/example_dags/example_bash_operator.py
[2026-07-22T13:14:14.651+0000] {logging_mixin.py:190} INFO - [2026-07-22T13:14:14.650+0000] {dag.py:3239} INFO - Sync 1 DAGs
[2026-07-22T13:14:14.697+0000] {logging_mixin.py:190} INFO - [2026-07-22T13:14:14.696+0000] {dag.py:4180} INFO - Setting next_dagrun for example_bash_operator to 2026-07-21 00:00:00+00:00, run_after=2026-07-22 00:00:00+00:00
[2026-07-22T13:14:14.732+0000] {processor.py:208} INFO - Processing /home/airflow/.local/lib/python3.12/site-packages/airflow/example_dags/example_bash_operator.py took 0.180 seconds
[2026-07-22T13:14:45.027+0000] {processor.py:186} INFO - Started process (PID=995) to work on /home/airflow/.local/lib/python3.12/site-packages/airflow/example_dags/example_bash_operator.py
[2026-07-22T13:14:45.030+0000] {processor.py:914} INFO - Processing file /home/airflow/.local/lib/python3.12/site-packages/airflow/example_dags/example_bash_operator.py for tasks to queue
[2026-07-22T13:14:45.035+0000] {logging_mixin.py:190} INFO - [2026-07-22T13:14:45.035+0000] {dagbag.py:588} INFO - Filling up the DagBag from /home/airflow/.local/lib/python3.12/site-packages/airflow/example_dags/example_bash_operator.py
[2026-07-22T13:14:45.054+0000] {processor.py:925} INFO - DAG(s) 'example_bash_operator' retrieved from /home/airflow/.local/lib/python3.12/site-packages/airflow/example_dags/example_bash_operator.py
[2026-07-22T13:14:45.092+0000] {logging_mixin.py:190} INFO - [2026-07-22T13:14:45.092+0000] {dag.py:3239} INFO - Sync 1 DAGs
[2026-07-22T13:14:45.127+0000] {logging_mixin.py:190} INFO - [2026-07-22T13:14:45.126+0000] {dag.py:4180} INFO - Setting next_dagrun for example_bash_operator to 2026-07-21 00:00:00+00:00, run_after=2026-07-22 00:00:00+00:00
[2026-07-22T13:14:45.161+0000] {processor.py:208} INFO - Processing /home/airflow/.local/lib/python3.12/site-packages/airflow/example_dags/example_bash_operator.py took 0.143 seconds
[2026-07-22T13:15:16.220+0000] {processor.py:186} INFO - Started process (PID=1058) to work on /home/airflow/.local/lib/python3.12/site-packages/airflow/example_dags/example_bash_operator.py
[2026-07-22T13:15:16.222+0000] {processor.py:914} INFO - Processing file /home/airflow/.local/lib/python3.12/site-packages/airflow/example_dags/example_bash_operator.py for tasks to queue
[2026-07-22T13:15:16.228+0000] {logging_mixin.py:190} INFO - [2026-07-22T13:15:16.228+0000] {dagbag.py:588} INFO - Filling up the DagBag from /home/airflow/.local/lib/python3.12/site-packages/airflow/example_dags/example_bash_operator.py
[2026-07-22T13:15:16.254+0000] {processor.py:925} INFO - DAG(s) 'example_bash_operator' retrieved from /home/airflow/.local/lib/python3.12/site-packages/airflow/example_dags/example_bash_operator.py
[2026-07-22T13:15:16.309+0000] {logging_mixin.py:190} INFO - [2026-07-22T13:15:16.309+0000] {dag.py:3239} INFO - Sync 1 DAGs
[2026-07-22T13:15:16.346+0000] {logging_mixin.py:190} INFO - [2026-07-22T13:15:16.346+0000] {dag.py:4180} INFO - Setting next_dagrun for example_bash_operator to 2026-07-21 00:00:00+00:00, run_after=2026-07-22 00:00:00+00:00
[2026-07-22T13:15:16.385+0000] {processor.py:208} INFO - Processing /home/airflow/.local/lib/python3.12/site-packages/airflow/example_dags/example_bash_operator.py took 0.176 seconds
[2026-07-22T13:15:47.070+0000] {processor.py:186} INFO - Started process (PID=1122) to work on /home/airflow/.local/lib/python3.12/site-packages/airflow/example_dags/example_bash_operator.py
[2026-07-22T13:15:47.072+0000] {processor.py:914} INFO - Processing file /home/airflow/.local/lib/python3.12/site-packages/airflow/example_dags/example_bash_operator.py for tasks to queue
[2026-07-22T13:15:47.079+0000] {logging_mixin.py:190} INFO - [2026-07-22T13:15:47.078+0000] {dagbag.py:588} INFO - Filling up the DagBag from /home/airflow/.local/lib/python3.12/site-packages/airflow/example_dags/example_bash_operator.py
[2026-07-22T13:15:47.109+0000] {processor.py:925} INFO - DAG(s) 'example_bash_operator' retrieved from /home/airflow/.local/lib/python3.12/site-packages/airflow/example_dags/example_bash_operator.py
[2026-07-22T13:15:47.187+0000] {logging_mixin.py:190} INFO - [2026-07-22T13:15:47.183+0000] {dag.py:3239} INFO - Sync 1 DAGs
[2026-07-22T13:15:47.293+0000] {logging_mixin.py:190} INFO - [2026-07-22T13:15:47.292+0000] {dag.py:4180} INFO - Setting next_dagrun for example_bash_operator to 2026-07-21 00:00:00+00:00, run_after=2026-07-22 00:00:00+00:00
[2026-07-22T13:15:47.354+0000] {processor.py:208} INFO - Processing /home/airflow/.local/lib/python3.12/site-packages/airflow/example_dags/example_bash_operator.py took 0.301 seconds
[2026-07-22T13:16:17.586+0000] {processor.py:186} INFO - Started process (PID=1184) to work on /home/airflow/.local/lib/python3.12/site-packages/airflow/example_dags/example_bash_operator.py
[2026-07-22T13:16:17.590+0000] {processor.py:914} INFO - Processing file /home/airflow/.local/lib/python3.12/site-packages/airflow/example_dags/example_bash_operator.py for tasks to queue
[2026-07-22T13:16:17.603+0000] {logging_mixin.py:190} INFO - [2026-07-22T13:16:17.602+0000] {dagbag.py:588} INFO - Filling up the DagBag from /home/airflow/.local/lib/python3.12/site-packages/airflow/example_dags/example_bash_operator.py
[2026-07-22T13:16:17.680+0000] {processor.py:925} INFO - DAG(s) 'example_bash_operator' retrieved from /home/airflow/.local/lib/python3.12/site-packages/airflow/example_dags/example_bash_operator.py
[2026-07-22T13:16:17.778+0000] {logging_mixin.py:190} INFO - [2026-07-22T13:16:17.777+0000] {dag.py:3239} INFO - Sync 1 DAGs
[2026-07-22T13:16:17.851+0000] {logging_mixin.py:190} INFO - [2026-07-22T13:16:17.850+0000] {dag.py:4180} INFO - Setting next_dagrun for example_bash_operator to 2026-07-21 00:00:00+00:00, run_after=2026-07-22 00:00:00+00:00
[2026-07-22T13:16:17.905+0000] {processor.py:208} INFO - Processing /home/airflow/.local/lib/python3.12/site-packages/airflow/example_dags/example_bash_operator.py took 0.342 seconds
[2026-07-22T13:16:48.015+0000] {processor.py:186} INFO - Started process (PID=1246) to work on /home/airflow/.local/lib/python3.12/site-packages/airflow/example_dags/example_bash_operator.py
[2026-07-22T13:16:48.018+0000] {processor.py:914} INFO - Processing file /home/airflow/.local/lib/python3.12/site-packages/airflow/example_dags/example_bash_operator.py for tasks to queue
[2026-07-22T13:16:48.024+0000] {logging_mixin.py:190} INFO - [2026-07-22T13:16:48.024+0000] {dagbag.py:588} INFO - Filling up the DagBag from /home/airflow/.local/lib/python3.12/site-packages/airflow/example_dags/example_bash_operator.py
[2026-07-22T13:16:48.058+0000] {processor.py:925} INFO - DAG(s) 'example_bash_operator' retrieved from /home/airflow/.local/lib/python3.12/site-packages/airflow/example_dags/example_bash_operator.py
[2026-07-22T13:16:48.123+0000] {logging_mixin.py:190} INFO - [2026-07-22T13:16:48.123+0000] {dag.py:3239} INFO - Sync 1 DAGs
[2026-07-22T13:16:48.177+0000] {logging_mixin.py:190} INFO - [2026-07-22T13:16:48.176+0000] {dag.py:4180} INFO - Setting next_dagrun for example_bash_operator to 2026-07-21 00:00:00+00:00, run_after=2026-07-22 00:00:00+00:00
[2026-07-22T13:16:48.221+0000] {processor.py:208} INFO - Processing /home/airflow/.local/lib/python3.12/site-packages/airflow/example_dags/example_bash_operator.py took 0.220 seconds
[2026-07-22T13:17:22.316+0000] {processor.py:186} INFO - Started process (PID=1309) to work on /home/airflow/.local/lib/python3.12/site-packages/airflow/example_dags/example_bash_operator.py
[2026-07-22T13:17:22.324+0000] {processor.py:914} INFO - Processing file /home/airflow/.local/lib/python3.12/site-packages/airflow/example_dags/example_bash_operator.py for tasks to queue
[2026-07-22T13:17:22.335+0000] {logging_mixin.py:190} INFO - [2026-07-22T13:17:22.334+0000] {dagbag.py:588} INFO - Filling up the DagBag from /home/airflow/.local/lib/python3.12/site-packages/airflow/example_dags/example_bash_operator.py
[2026-07-22T13:17:22.394+0000] {processor.py:925} INFO - DAG(s) 'example_bash_operator' retrieved from /home/airflow/.local/lib/python3.12/site-packages/airflow/example_dags/example_bash_operator.py
[2026-07-22T13:17:22.523+0000] {logging_mixin.py:190} INFO - [2026-07-22T13:17:22.523+0000] {dag.py:3239} INFO - Sync 1 DAGs
[2026-07-22T13:17:22.620+0000] {logging_mixin.py:190} INFO - [2026-07-22T13:17:22.620+0000] {dag.py:4180} INFO - Setting next_dagrun for example_bash_operator to 2026-07-21 00:00:00+00:00, run_after=2026-07-22 00:00:00+00:00
[2026-07-22T13:17:22.686+0000] {processor.py:208} INFO - Processing /home/airflow/.local/lib/python3.12/site-packages/airflow/example_dags/example_bash_operator.py took 0.391 seconds
