[2026-07-22T13:07:35.243+0000] {processor.py:186} INFO - Started process (PID=128) to work on /home/airflow/.local/lib/python3.12/site-packages/airflow/example_dags/example_branch_python_dop_operator_3.py
[2026-07-22T13:07:35.246+0000] {processor.py:914} INFO - Processing file /home/airflow/.local/lib/python3.12/site-packages/airflow/example_dags/example_branch_python_dop_operator_3.py for tasks to queue
[2026-07-22T13:07:35.252+0000] {logging_mixin.py:190} INFO - [2026-07-22T13:07:35.251+0000] {dagbag.py:588} INFO - Filling up the DagBag from /home/airflow/.local/lib/python3.12/site-packages/airflow/example_dags/example_branch_python_dop_operator_3.py
[2026-07-22T13:07:35.280+0000] {processor.py:925} INFO - DAG(s) 'example_branch_dop_operator_v3' retrieved from /home/airflow/.local/lib/python3.12/site-packages/airflow/example_dags/example_branch_python_dop_operator_3.py
[2026-07-22T13:07:35.481+0000] {logging_mixin.py:190} INFO - [2026-07-22T13:07:35.479+0000] {override.py:1912} INFO - Created Permission View: can read on DAG:example_branch_dop_operator_v3
[2026-07-22T13:07:35.508+0000] {logging_mixin.py:190} INFO - [2026-07-22T13:07:35.507+0000] {override.py:1912} INFO - Created Permission View: can edit on DAG:example_branch_dop_operator_v3
[2026-07-22T13:07:35.523+0000] {logging_mixin.py:190} INFO - [2026-07-22T13:07:35.522+0000] {override.py:1912} INFO - Created Permission View: can delete on DAG:example_branch_dop_operator_v3
[2026-07-22T13:07:35.541+0000] {logging_mixin.py:190} INFO - [2026-07-22T13:07:35.540+0000] {override.py:1912} INFO - Created Permission View: can read on DAG Run:example_branch_dop_operator_v3
[2026-07-22T13:07:35.556+0000] {logging_mixin.py:190} INFO - [2026-07-22T13:07:35.556+0000] {override.py:1912} INFO - Created Permission View: menu access on DAG Run:example_branch_dop_operator_v3
[2026-07-22T13:07:35.572+0000] {logging_mixin.py:190} INFO - [2026-07-22T13:07:35.571+0000] {override.py:1912} INFO - Created Permission View: can create on DAG Run:example_branch_dop_operator_v3
[2026-07-22T13:07:35.587+0000] {logging_mixin.py:190} INFO - [2026-07-22T13:07:35.587+0000] {override.py:1912} INFO - Created Permission View: can delete on DAG Run:example_branch_dop_operator_v3
[2026-07-22T13:07:35.590+0000] {logging_mixin.py:190} INFO - [2026-07-22T13:07:35.589+0000] {dag.py:3239} INFO - Sync 1 DAGs
[2026-07-22T13:07:35.614+0000] {logging_mixin.py:190} INFO - [2026-07-22T13:07:35.613+0000] {dag.py:3262} INFO - Creating ORM DAG for example_branch_dop_operator_v3
[2026-07-22T13:07:35.638+0000] {logging_mixin.py:190} INFO - [2026-07-22T13:07:35.638+0000] {dag.py:4180} INFO - Setting next_dagrun for example_branch_dop_operator_v3 to 2026-07-22 13:06:00+00:00, run_after=2026-07-22 13:07:00+00:00
[2026-07-22T13:07:35.667+0000] {processor.py:208} INFO - Processing /home/airflow/.local/lib/python3.12/site-packages/airflow/example_dags/example_branch_python_dop_operator_3.py took 0.437 seconds
[2026-07-22T13:08:05.977+0000] {processor.py:186} INFO - Started process (PID=191) to work on /home/airflow/.local/lib/python3.12/site-packages/airflow/example_dags/example_branch_python_dop_operator_3.py
[2026-07-22T13:08:05.981+0000] {processor.py:914} INFO - Processing file /home/airflow/.local/lib/python3.12/site-packages/airflow/example_dags/example_branch_python_dop_operator_3.py for tasks to queue
[2026-07-22T13:08:05.986+0000] {logging_mixin.py:190} INFO - [2026-07-22T13:08:05.986+0000] {dagbag.py:588} INFO - Filling up the DagBag from /home/airflow/.local/lib/python3.12/site-packages/airflow/example_dags/example_branch_python_dop_operator_3.py
[2026-07-22T13:08:06.020+0000] {processor.py:925} INFO - DAG(s) 'example_branch_dop_operator_v3' retrieved from /home/airflow/.local/lib/python3.12/site-packages/airflow/example_dags/example_branch_python_dop_operator_3.py
[2026-07-22T13:08:06.087+0000] {logging_mixin.py:190} INFO - [2026-07-22T13:08:06.086+0000] {dag.py:3239} INFO - Sync 1 DAGs
[2026-07-22T13:08:06.152+0000] {logging_mixin.py:190} INFO - [2026-07-22T13:08:06.151+0000] {dag.py:4180} INFO - Setting next_dagrun for example_branch_dop_operator_v3 to 2026-07-22 13:07:00+00:00, run_after=2026-07-22 13:08:00+00:00
[2026-07-22T13:08:06.208+0000] {processor.py:208} INFO - Processing /home/airflow/.local/lib/python3.12/site-packages/airflow/example_dags/example_branch_python_dop_operator_3.py took 0.244 seconds
[2026-07-22T13:08:38.240+0000] {processor.py:186} INFO - Started process (PID=255) to work on /home/airflow/.local/lib/python3.12/site-packages/airflow/example_dags/example_branch_python_dop_operator_3.py
[2026-07-22T13:08:38.243+0000] {processor.py:914} INFO - Processing file /home/airflow/.local/lib/python3.12/site-packages/airflow/example_dags/example_branch_python_dop_operator_3.py for tasks to queue
[2026-07-22T13:08:38.250+0000] {logging_mixin.py:190} INFO - [2026-07-22T13:08:38.250+0000] {dagbag.py:588} INFO - Filling up the DagBag from /home/airflow/.local/lib/python3.12/site-packages/airflow/example_dags/example_branch_python_dop_operator_3.py
[2026-07-22T13:08:38.280+0000] {processor.py:925} INFO - DAG(s) 'example_branch_dop_operator_v3' retrieved from /home/airflow/.local/lib/python3.12/site-packages/airflow/example_dags/example_branch_python_dop_operator_3.py
[2026-07-22T13:08:38.330+0000] {logging_mixin.py:190} INFO - [2026-07-22T13:08:38.329+0000] {dag.py:3239} INFO - Sync 1 DAGs
[2026-07-22T13:08:38.404+0000] {logging_mixin.py:190} INFO - [2026-07-22T13:08:38.404+0000] {dag.py:4180} INFO - Setting next_dagrun for example_branch_dop_operator_v3 to 2026-07-22 13:07:00+00:00, run_after=2026-07-22 13:08:00+00:00
[2026-07-22T13:08:38.449+0000] {processor.py:208} INFO - Processing /home/airflow/.local/lib/python3.12/site-packages/airflow/example_dags/example_branch_python_dop_operator_3.py took 0.224 seconds
[2026-07-22T13:09:09.157+0000] {processor.py:186} INFO - Started process (PID=318) to work on /home/airflow/.local/lib/python3.12/site-packages/airflow/example_dags/example_branch_python_dop_operator_3.py
[2026-07-22T13:09:09.159+0000] {processor.py:914} INFO - Processing file /home/airflow/.local/lib/python3.12/site-packages/airflow/example_dags/example_branch_python_dop_operator_3.py for tasks to queue
[2026-07-22T13:09:09.165+0000] {logging_mixin.py:190} INFO - [2026-07-22T13:09:09.164+0000] {dagbag.py:588} INFO - Filling up the DagBag from /home/airflow/.local/lib/python3.12/site-packages/airflow/example_dags/example_branch_python_dop_operator_3.py
[2026-07-22T13:09:09.184+0000] {processor.py:925} INFO - DAG(s) 'example_branch_dop_operator_v3' retrieved from /home/airflow/.local/lib/python3.12/site-packages/airflow/example_dags/example_branch_python_dop_operator_3.py
[2026-07-22T13:09:09.218+0000] {logging_mixin.py:190} INFO - [2026-07-22T13:09:09.217+0000] {dag.py:3239} INFO - Sync 1 DAGs
[2026-07-22T13:09:09.258+0000] {logging_mixin.py:190} INFO - [2026-07-22T13:09:09.257+0000] {dag.py:4180} INFO - Setting next_dagrun for example_branch_dop_operator_v3 to 2026-07-22 13:08:00+00:00, run_after=2026-07-22 13:09:00+00:00
[2026-07-22T13:09:09.289+0000] {processor.py:208} INFO - Processing /home/airflow/.local/lib/python3.12/site-packages/airflow/example_dags/example_branch_python_dop_operator_3.py took 0.143 seconds
[2026-07-22T13:09:40.330+0000] {processor.py:186} INFO - Started process (PID=382) to work on /home/airflow/.local/lib/python3.12/site-packages/airflow/example_dags/example_branch_python_dop_operator_3.py
[2026-07-22T13:09:40.332+0000] {processor.py:914} INFO - Processing file /home/airflow/.local/lib/python3.12/site-packages/airflow/example_dags/example_branch_python_dop_operator_3.py for tasks to queue
[2026-07-22T13:09:40.337+0000] {logging_mixin.py:190} INFO - [2026-07-22T13:09:40.336+0000] {dagbag.py:588} INFO - Filling up the DagBag from /home/airflow/.local/lib/python3.12/site-packages/airflow/example_dags/example_branch_python_dop_operator_3.py
[2026-07-22T13:09:40.358+0000] {processor.py:925} INFO - DAG(s) 'example_branch_dop_operator_v3' retrieved from /home/airflow/.local/lib/python3.12/site-packages/airflow/example_dags/example_branch_python_dop_operator_3.py
[2026-07-22T13:09:40.398+0000] {logging_mixin.py:190} INFO - [2026-07-22T13:09:40.397+0000] {dag.py:3239} INFO - Sync 1 DAGs
[2026-07-22T13:09:40.450+0000] {logging_mixin.py:190} INFO - [2026-07-22T13:09:40.450+0000] {dag.py:4180} INFO - Setting next_dagrun for example_branch_dop_operator_v3 to 2026-07-22 13:08:00+00:00, run_after=2026-07-22 13:09:00+00:00
[2026-07-22T13:09:40.491+0000] {processor.py:208} INFO - Processing /home/airflow/.local/lib/python3.12/site-packages/airflow/example_dags/example_branch_python_dop_operator_3.py took 0.172 seconds
[2026-07-22T13:10:11.480+0000] {processor.py:186} INFO - Started process (PID=445) to work on /home/airflow/.local/lib/python3.12/site-packages/airflow/example_dags/example_branch_python_dop_operator_3.py
[2026-07-22T13:10:11.484+0000] {processor.py:914} INFO - Processing file /home/airflow/.local/lib/python3.12/site-packages/airflow/example_dags/example_branch_python_dop_operator_3.py for tasks to queue
[2026-07-22T13:10:11.491+0000] {logging_mixin.py:190} INFO - [2026-07-22T13:10:11.490+0000] {dagbag.py:588} INFO - Filling up the DagBag from /home/airflow/.local/lib/python3.12/site-packages/airflow/example_dags/example_branch_python_dop_operator_3.py
[2026-07-22T13:10:11.523+0000] {processor.py:925} INFO - DAG(s) 'example_branch_dop_operator_v3' retrieved from /home/airflow/.local/lib/python3.12/site-packages/airflow/example_dags/example_branch_python_dop_operator_3.py
[2026-07-22T13:10:11.563+0000] {logging_mixin.py:190} INFO - [2026-07-22T13:10:11.562+0000] {dag.py:3239} INFO - Sync 1 DAGs
[2026-07-22T13:10:11.611+0000] {logging_mixin.py:190} INFO - [2026-07-22T13:10:11.611+0000] {dag.py:4180} INFO - Setting next_dagrun for example_branch_dop_operator_v3 to 2026-07-22 13:09:00+00:00, run_after=2026-07-22 13:10:00+00:00
[2026-07-22T13:10:11.645+0000] {processor.py:208} INFO - Processing /home/airflow/.local/lib/python3.12/site-packages/airflow/example_dags/example_branch_python_dop_operator_3.py took 0.181 seconds
[2026-07-22T13:10:42.568+0000] {processor.py:186} INFO - Started process (PID=508) to work on /home/airflow/.local/lib/python3.12/site-packages/airflow/example_dags/example_branch_python_dop_operator_3.py
[2026-07-22T13:10:42.570+0000] {processor.py:914} INFO - Processing file /home/airflow/.local/lib/python3.12/site-packages/airflow/example_dags/example_branch_python_dop_operator_3.py for tasks to queue
[2026-07-22T13:10:42.574+0000] {logging_mixin.py:190} INFO - [2026-07-22T13:10:42.574+0000] {dagbag.py:588} INFO - Filling up the DagBag from /home/airflow/.local/lib/python3.12/site-packages/airflow/example_dags/example_branch_python_dop_operator_3.py
[2026-07-22T13:10:42.591+0000] {processor.py:925} INFO - DAG(s) 'example_branch_dop_operator_v3' retrieved from /home/airflow/.local/lib/python3.12/site-packages/airflow/example_dags/example_branch_python_dop_operator_3.py
[2026-07-22T13:10:42.623+0000] {logging_mixin.py:190} INFO - [2026-07-22T13:10:42.623+0000] {dag.py:3239} INFO - Sync 1 DAGs
[2026-07-22T13:10:42.678+0000] {logging_mixin.py:190} INFO - [2026-07-22T13:10:42.678+0000] {dag.py:4180} INFO - Setting next_dagrun for example_branch_dop_operator_v3 to 2026-07-22 13:09:00+00:00, run_after=2026-07-22 13:10:00+00:00
[2026-07-22T13:10:42.725+0000] {processor.py:208} INFO - Processing /home/airflow/.local/lib/python3.12/site-packages/airflow/example_dags/example_branch_python_dop_operator_3.py took 0.166 seconds
[2026-07-22T13:11:13.009+0000] {processor.py:186} INFO - Started process (PID=570) to work on /home/airflow/.local/lib/python3.12/site-packages/airflow/example_dags/example_branch_python_dop_operator_3.py
[2026-07-22T13:11:13.011+0000] {processor.py:914} INFO - Processing file /home/airflow/.local/lib/python3.12/site-packages/airflow/example_dags/example_branch_python_dop_operator_3.py for tasks to queue
[2026-07-22T13:11:13.016+0000] {logging_mixin.py:190} INFO - [2026-07-22T13:11:13.015+0000] {dagbag.py:588} INFO - Filling up the DagBag from /home/airflow/.local/lib/python3.12/site-packages/airflow/example_dags/example_branch_python_dop_operator_3.py
[2026-07-22T13:11:13.030+0000] {processor.py:925} INFO - DAG(s) 'example_branch_dop_operator_v3' retrieved from /home/airflow/.local/lib/python3.12/site-packages/airflow/example_dags/example_branch_python_dop_operator_3.py
[2026-07-22T13:11:13.072+0000] {logging_mixin.py:190} INFO - [2026-07-22T13:11:13.070+0000] {dag.py:3239} INFO - Sync 1 DAGs
[2026-07-22T13:11:13.194+0000] {logging_mixin.py:190} INFO - [2026-07-22T13:11:13.194+0000] {dag.py:4180} INFO - Setting next_dagrun for example_branch_dop_operator_v3 to 2026-07-22 13:10:00+00:00, run_after=2026-07-22 13:11:00+00:00
[2026-07-22T13:11:13.248+0000] {processor.py:208} INFO - Processing /home/airflow/.local/lib/python3.12/site-packages/airflow/example_dags/example_branch_python_dop_operator_3.py took 0.247 seconds
[2026-07-22T13:11:44.092+0000] {processor.py:186} INFO - Started process (PID=633) to work on /home/airflow/.local/lib/python3.12/site-packages/airflow/example_dags/example_branch_python_dop_operator_3.py
[2026-07-22T13:11:44.094+0000] {processor.py:914} INFO - Processing file /home/airflow/.local/lib/python3.12/site-packages/airflow/example_dags/example_branch_python_dop_operator_3.py for tasks to queue
[2026-07-22T13:11:44.101+0000] {logging_mixin.py:190} INFO - [2026-07-22T13:11:44.100+0000] {dagbag.py:588} INFO - Filling up the DagBag from /home/airflow/.local/lib/python3.12/site-packages/airflow/example_dags/example_branch_python_dop_operator_3.py
[2026-07-22T13:11:44.124+0000] {processor.py:925} INFO - DAG(s) 'example_branch_dop_operator_v3' retrieved from /home/airflow/.local/lib/python3.12/site-packages/airflow/example_dags/example_branch_python_dop_operator_3.py
[2026-07-22T13:11:44.170+0000] {logging_mixin.py:190} INFO - [2026-07-22T13:11:44.169+0000] {dag.py:3239} INFO - Sync 1 DAGs
[2026-07-22T13:11:44.226+0000] {logging_mixin.py:190} INFO - [2026-07-22T13:11:44.225+0000] {dag.py:4180} INFO - Setting next_dagrun for example_branch_dop_operator_v3 to 2026-07-22 13:10:00+00:00, run_after=2026-07-22 13:11:00+00:00
[2026-07-22T13:11:44.266+0000] {processor.py:208} INFO - Processing /home/airflow/.local/lib/python3.12/site-packages/airflow/example_dags/example_branch_python_dop_operator_3.py took 0.186 seconds
[2026-07-22T13:12:17.294+0000] {processor.py:186} INFO - Started process (PID=696) to work on /home/airflow/.local/lib/python3.12/site-packages/airflow/example_dags/example_branch_python_dop_operator_3.py
[2026-07-22T13:12:17.296+0000] {processor.py:914} INFO - Processing file /home/airflow/.local/lib/python3.12/site-packages/airflow/example_dags/example_branch_python_dop_operator_3.py for tasks to queue
[2026-07-22T13:12:17.301+0000] {logging_mixin.py:190} INFO - [2026-07-22T13:12:17.300+0000] {dagbag.py:588} INFO - Filling up the DagBag from /home/airflow/.local/lib/python3.12/site-packages/airflow/example_dags/example_branch_python_dop_operator_3.py
[2026-07-22T13:12:17.316+0000] {processor.py:925} INFO - DAG(s) 'example_branch_dop_operator_v3' retrieved from /home/airflow/.local/lib/python3.12/site-packages/airflow/example_dags/example_branch_python_dop_operator_3.py
[2026-07-22T13:12:17.355+0000] {logging_mixin.py:190} INFO - [2026-07-22T13:12:17.355+0000] {dag.py:3239} INFO - Sync 1 DAGs
[2026-07-22T13:12:17.432+0000] {logging_mixin.py:190} INFO - [2026-07-22T13:12:17.432+0000] {dag.py:4180} INFO - Setting next_dagrun for example_branch_dop_operator_v3 to 2026-07-22 13:11:00+00:00, run_after=2026-07-22 13:12:00+00:00
[2026-07-22T13:12:17.479+0000] {processor.py:208} INFO - Processing /home/airflow/.local/lib/python3.12/site-packages/airflow/example_dags/example_branch_python_dop_operator_3.py took 0.193 seconds
[2026-07-22T13:12:49.713+0000] {processor.py:186} INFO - Started process (PID=765) to work on /home/airflow/.local/lib/python3.12/site-packages/airflow/example_dags/example_branch_python_dop_operator_3.py
[2026-07-22T13:12:49.716+0000] {processor.py:914} INFO - Processing file /home/airflow/.local/lib/python3.12/site-packages/airflow/example_dags/example_branch_python_dop_operator_3.py for tasks to queue
[2026-07-22T13:12:49.721+0000] {logging_mixin.py:190} INFO - [2026-07-22T13:12:49.720+0000] {dagbag.py:588} INFO - Filling up the DagBag from /home/airflow/.local/lib/python3.12/site-packages/airflow/example_dags/example_branch_python_dop_operator_3.py
[2026-07-22T13:12:49.740+0000] {processor.py:925} INFO - DAG(s) 'example_branch_dop_operator_v3' retrieved from /home/airflow/.local/lib/python3.12/site-packages/airflow/example_dags/example_branch_python_dop_operator_3.py
[2026-07-22T13:12:49.776+0000] {logging_mixin.py:190} INFO - [2026-07-22T13:12:49.776+0000] {dag.py:3239} INFO - Sync 1 DAGs
[2026-07-22T13:12:49.822+0000] {logging_mixin.py:190} INFO - [2026-07-22T13:12:49.821+0000] {dag.py:4180} INFO - Setting next_dagrun for example_branch_dop_operator_v3 to 2026-07-22 13:11:00+00:00, run_after=2026-07-22 13:12:00+00:00
[2026-07-22T13:12:49.859+0000] {processor.py:208} INFO - Processing /home/airflow/.local/lib/python3.12/site-packages/airflow/example_dags/example_branch_python_dop_operator_3.py took 0.155 seconds
[2026-07-22T13:13:25.113+0000] {processor.py:186} INFO - Started process (PID=840) to work on /home/airflow/.local/lib/python3.12/site-packages/airflow/example_dags/example_branch_python_dop_operator_3.py
[2026-07-22T13:13:25.117+0000] {processor.py:914} INFO - Processing file /home/airflow/.local/lib/python3.12/site-packages/airflow/example_dags/example_branch_python_dop_operator_3.py for tasks to queue
[2026-07-22T13:13:25.123+0000] {logging_mixin.py:190} INFO - [2026-07-22T13:13:25.123+0000] {dagbag.py:588} INFO - Filling up the DagBag from /home/airflow/.local/lib/python3.12/site-packages/airflow/example_dags/example_branch_python_dop_operator_3.py
[2026-07-22T13:13:25.155+0000] {processor.py:925} INFO - DAG(s) 'example_branch_dop_operator_v3' retrieved from /home/airflow/.local/lib/python3.12/site-packages/airflow/example_dags/example_branch_python_dop_operator_3.py
[2026-07-22T13:13:25.213+0000] {logging_mixin.py:190} INFO - [2026-07-22T13:13:25.213+0000] {dag.py:3239} INFO - Sync 1 DAGs
[2026-07-22T13:13:25.342+0000] {logging_mixin.py:190} INFO - [2026-07-22T13:13:25.342+0000] {dag.py:4180} INFO - Setting next_dagrun for example_branch_dop_operator_v3 to 2026-07-22 13:12:00+00:00, run_after=2026-07-22 13:13:00+00:00
[2026-07-22T13:13:25.423+0000] {processor.py:208} INFO - Processing /home/airflow/.local/lib/python3.12/site-packages/airflow/example_dags/example_branch_python_dop_operator_3.py took 0.322 seconds
[2026-07-22T13:13:56.318+0000] {processor.py:186} INFO - Started process (PID=903) to work on /home/airflow/.local/lib/python3.12/site-packages/airflow/example_dags/example_branch_python_dop_operator_3.py
[2026-07-22T13:13:56.321+0000] {processor.py:914} INFO - Processing file /home/airflow/.local/lib/python3.12/site-packages/airflow/example_dags/example_branch_python_dop_operator_3.py for tasks to queue
[2026-07-22T13:13:56.326+0000] {logging_mixin.py:190} INFO - [2026-07-22T13:13:56.325+0000] {dagbag.py:588} INFO - Filling up the DagBag from /home/airflow/.local/lib/python3.12/site-packages/airflow/example_dags/example_branch_python_dop_operator_3.py
[2026-07-22T13:13:56.345+0000] {processor.py:925} INFO - DAG(s) 'example_branch_dop_operator_v3' retrieved from /home/airflow/.local/lib/python3.12/site-packages/airflow/example_dags/example_branch_python_dop_operator_3.py
[2026-07-22T13:13:56.385+0000] {logging_mixin.py:190} INFO - [2026-07-22T13:13:56.385+0000] {dag.py:3239} INFO - Sync 1 DAGs
[2026-07-22T13:13:56.440+0000] {logging_mixin.py:190} INFO - [2026-07-22T13:13:56.440+0000] {dag.py:4180} INFO - Setting next_dagrun for example_branch_dop_operator_v3 to 2026-07-22 13:12:00+00:00, run_after=2026-07-22 13:13:00+00:00
[2026-07-22T13:13:56.481+0000] {processor.py:208} INFO - Processing /home/airflow/.local/lib/python3.12/site-packages/airflow/example_dags/example_branch_python_dop_operator_3.py took 0.176 seconds
[2026-07-22T13:14:27.855+0000] {processor.py:186} INFO - Started process (PID=966) to work on /home/airflow/.local/lib/python3.12/site-packages/airflow/example_dags/example_branch_python_dop_operator_3.py
[2026-07-22T13:14:27.858+0000] {processor.py:914} INFO - Processing file /home/airflow/.local/lib/python3.12/site-packages/airflow/example_dags/example_branch_python_dop_operator_3.py for tasks to queue
[2026-07-22T13:14:27.863+0000] {logging_mixin.py:190} INFO - [2026-07-22T13:14:27.862+0000] {dagbag.py:588} INFO - Filling up the DagBag from /home/airflow/.local/lib/python3.12/site-packages/airflow/example_dags/example_branch_python_dop_operator_3.py
[2026-07-22T13:14:27.879+0000] {processor.py:925} INFO - DAG(s) 'example_branch_dop_operator_v3' retrieved from /home/airflow/.local/lib/python3.12/site-packages/airflow/example_dags/example_branch_python_dop_operator_3.py
[2026-07-22T13:14:27.914+0000] {logging_mixin.py:190} INFO - [2026-07-22T13:14:27.914+0000] {dag.py:3239} INFO - Sync 1 DAGs
[2026-07-22T13:14:27.968+0000] {logging_mixin.py:190} INFO - [2026-07-22T13:14:27.967+0000] {dag.py:4180} INFO - Setting next_dagrun for example_branch_dop_operator_v3 to 2026-07-22 13:13:00+00:00, run_after=2026-07-22 13:14:00+00:00
[2026-07-22T13:14:28.006+0000] {processor.py:208} INFO - Processing /home/airflow/.local/lib/python3.12/site-packages/airflow/example_dags/example_branch_python_dop_operator_3.py took 0.161 seconds
[2026-07-22T13:15:00.586+0000] {processor.py:186} INFO - Started process (PID=1034) to work on /home/airflow/.local/lib/python3.12/site-packages/airflow/example_dags/example_branch_python_dop_operator_3.py
[2026-07-22T13:15:00.589+0000] {processor.py:914} INFO - Processing file /home/airflow/.local/lib/python3.12/site-packages/airflow/example_dags/example_branch_python_dop_operator_3.py for tasks to queue
[2026-07-22T13:15:00.595+0000] {logging_mixin.py:190} INFO - [2026-07-22T13:15:00.595+0000] {dagbag.py:588} INFO - Filling up the DagBag from /home/airflow/.local/lib/python3.12/site-packages/airflow/example_dags/example_branch_python_dop_operator_3.py
[2026-07-22T13:15:00.619+0000] {processor.py:925} INFO - DAG(s) 'example_branch_dop_operator_v3' retrieved from /home/airflow/.local/lib/python3.12/site-packages/airflow/example_dags/example_branch_python_dop_operator_3.py
[2026-07-22T13:15:00.663+0000] {logging_mixin.py:190} INFO - [2026-07-22T13:15:00.662+0000] {dag.py:3239} INFO - Sync 1 DAGs
[2026-07-22T13:15:00.715+0000] {logging_mixin.py:190} INFO - [2026-07-22T13:15:00.715+0000] {dag.py:4180} INFO - Setting next_dagrun for example_branch_dop_operator_v3 to 2026-07-22 13:14:00+00:00, run_after=2026-07-22 13:15:00+00:00
[2026-07-22T13:15:00.761+0000] {processor.py:208} INFO - Processing /home/airflow/.local/lib/python3.12/site-packages/airflow/example_dags/example_branch_python_dop_operator_3.py took 0.187 seconds
[2026-07-22T13:15:37.088+0000] {processor.py:186} INFO - Started process (PID=1102) to work on /home/airflow/.local/lib/python3.12/site-packages/airflow/example_dags/example_branch_python_dop_operator_3.py
[2026-07-22T13:15:37.097+0000] {processor.py:914} INFO - Processing file /home/airflow/.local/lib/python3.12/site-packages/airflow/example_dags/example_branch_python_dop_operator_3.py for tasks to queue
[2026-07-22T13:15:37.104+0000] {logging_mixin.py:190} INFO - [2026-07-22T13:15:37.103+0000] {dagbag.py:588} INFO - Filling up the DagBag from /home/airflow/.local/lib/python3.12/site-packages/airflow/example_dags/example_branch_python_dop_operator_3.py
[2026-07-22T13:15:37.128+0000] {processor.py:925} INFO - DAG(s) 'example_branch_dop_operator_v3' retrieved from /home/airflow/.local/lib/python3.12/site-packages/airflow/example_dags/example_branch_python_dop_operator_3.py
[2026-07-22T13:15:37.177+0000] {logging_mixin.py:190} INFO - [2026-07-22T13:15:37.176+0000] {dag.py:3239} INFO - Sync 1 DAGs
[2026-07-22T13:15:37.242+0000] {logging_mixin.py:190} INFO - [2026-07-22T13:15:37.241+0000] {dag.py:4180} INFO - Setting next_dagrun for example_branch_dop_operator_v3 to 2026-07-22 13:14:00+00:00, run_after=2026-07-22 13:15:00+00:00
[2026-07-22T13:15:37.287+0000] {processor.py:208} INFO - Processing /home/airflow/.local/lib/python3.12/site-packages/airflow/example_dags/example_branch_python_dop_operator_3.py took 0.212 seconds
[2026-07-22T13:16:10.406+0000] {processor.py:186} INFO - Started process (PID=1164) to work on /home/airflow/.local/lib/python3.12/site-packages/airflow/example_dags/example_branch_python_dop_operator_3.py
[2026-07-22T13:16:10.411+0000] {processor.py:914} INFO - Processing file /home/airflow/.local/lib/python3.12/site-packages/airflow/example_dags/example_branch_python_dop_operator_3.py for tasks to queue
[2026-07-22T13:16:10.423+0000] {logging_mixin.py:190} INFO - [2026-07-22T13:16:10.422+0000] {dagbag.py:588} INFO - Filling up the DagBag from /home/airflow/.local/lib/python3.12/site-packages/airflow/example_dags/example_branch_python_dop_operator_3.py
[2026-07-22T13:16:10.501+0000] {processor.py:925} INFO - DAG(s) 'example_branch_dop_operator_v3' retrieved from /home/airflow/.local/lib/python3.12/site-packages/airflow/example_dags/example_branch_python_dop_operator_3.py
[2026-07-22T13:16:10.618+0000] {logging_mixin.py:190} INFO - [2026-07-22T13:16:10.618+0000] {dag.py:3239} INFO - Sync 1 DAGs
[2026-07-22T13:16:10.806+0000] {logging_mixin.py:190} INFO - [2026-07-22T13:16:10.805+0000] {dag.py:4180} INFO - Setting next_dagrun for example_branch_dop_operator_v3 to 2026-07-22 13:15:00+00:00, run_after=2026-07-22 13:16:00+00:00
[2026-07-22T13:16:10.893+0000] {processor.py:208} INFO - Processing /home/airflow/.local/lib/python3.12/site-packages/airflow/example_dags/example_branch_python_dop_operator_3.py took 0.511 seconds
[2026-07-22T13:16:41.946+0000] {processor.py:186} INFO - Started process (PID=1227) to work on /home/airflow/.local/lib/python3.12/site-packages/airflow/example_dags/example_branch_python_dop_operator_3.py
[2026-07-22T13:16:41.951+0000] {processor.py:914} INFO - Processing file /home/airflow/.local/lib/python3.12/site-packages/airflow/example_dags/example_branch_python_dop_operator_3.py for tasks to queue
[2026-07-22T13:16:41.961+0000] {logging_mixin.py:190} INFO - [2026-07-22T13:16:41.960+0000] {dagbag.py:588} INFO - Filling up the DagBag from /home/airflow/.local/lib/python3.12/site-packages/airflow/example_dags/example_branch_python_dop_operator_3.py
[2026-07-22T13:16:41.981+0000] {processor.py:925} INFO - DAG(s) 'example_branch_dop_operator_v3' retrieved from /home/airflow/.local/lib/python3.12/site-packages/airflow/example_dags/example_branch_python_dop_operator_3.py
[2026-07-22T13:16:42.022+0000] {logging_mixin.py:190} INFO - [2026-07-22T13:16:42.022+0000] {dag.py:3239} INFO - Sync 1 DAGs
[2026-07-22T13:16:42.085+0000] {logging_mixin.py:190} INFO - [2026-07-22T13:16:42.085+0000] {dag.py:4180} INFO - Setting next_dagrun for example_branch_dop_operator_v3 to 2026-07-22 13:15:00+00:00, run_after=2026-07-22 13:16:00+00:00
[2026-07-22T13:16:42.126+0000] {processor.py:208} INFO - Processing /home/airflow/.local/lib/python3.12/site-packages/airflow/example_dags/example_branch_python_dop_operator_3.py took 0.195 seconds
[2026-07-22T13:17:17.422+0000] {processor.py:186} INFO - Started process (PID=1290) to work on /home/airflow/.local/lib/python3.12/site-packages/airflow/example_dags/example_branch_python_dop_operator_3.py
[2026-07-22T13:17:17.429+0000] {processor.py:914} INFO - Processing file /home/airflow/.local/lib/python3.12/site-packages/airflow/example_dags/example_branch_python_dop_operator_3.py for tasks to queue
[2026-07-22T13:17:17.440+0000] {logging_mixin.py:190} INFO - [2026-07-22T13:17:17.439+0000] {dagbag.py:588} INFO - Filling up the DagBag from /home/airflow/.local/lib/python3.12/site-packages/airflow/example_dags/example_branch_python_dop_operator_3.py
[2026-07-22T13:17:17.497+0000] {processor.py:925} INFO - DAG(s) 'example_branch_dop_operator_v3' retrieved from /home/airflow/.local/lib/python3.12/site-packages/airflow/example_dags/example_branch_python_dop_operator_3.py
[2026-07-22T13:17:17.621+0000] {logging_mixin.py:190} INFO - [2026-07-22T13:17:17.621+0000] {dag.py:3239} INFO - Sync 1 DAGs
[2026-07-22T13:17:17.823+0000] {logging_mixin.py:190} INFO - [2026-07-22T13:17:17.822+0000] {dag.py:4180} INFO - Setting next_dagrun for example_branch_dop_operator_v3 to 2026-07-22 13:16:00+00:00, run_after=2026-07-22 13:17:00+00:00
[2026-07-22T13:17:17.935+0000] {processor.py:208} INFO - Processing /home/airflow/.local/lib/python3.12/site-packages/airflow/example_dags/example_branch_python_dop_operator_3.py took 0.538 seconds
