[2026-07-22T13:07:19.495+0000] {processor.py:186} INFO - Started process (PID=98) to work on /home/airflow/.local/lib/python3.12/site-packages/airflow/example_dags/example_subdag_operator.py
[2026-07-22T13:07:19.501+0000] {processor.py:914} INFO - Processing file /home/airflow/.local/lib/python3.12/site-packages/airflow/example_dags/example_subdag_operator.py for tasks to queue
[2026-07-22T13:07:19.511+0000] {logging_mixin.py:190} INFO - [2026-07-22T13:07:19.510+0000] {dagbag.py:588} INFO - Filling up the DagBag from /home/airflow/.local/lib/python3.12/site-packages/airflow/example_dags/example_subdag_operator.py
[2026-07-22T13:07:19.619+0000] {processor.py:925} INFO - DAG(s) 'example_subdag_operator.section-1', 'example_subdag_operator.section-2', 'example_subdag_operator' retrieved from /home/airflow/.local/lib/python3.12/site-packages/airflow/example_dags/example_subdag_operator.py
[2026-07-22T13:07:19.953+0000] {logging_mixin.py:190} INFO - [2026-07-22T13:07:19.951+0000] {override.py:1912} INFO - Created Permission View: can read on DAG:example_subdag_operator
[2026-07-22T13:07:19.981+0000] {logging_mixin.py:190} INFO - [2026-07-22T13:07:19.981+0000] {override.py:1912} INFO - Created Permission View: can edit on DAG:example_subdag_operator
[2026-07-22T13:07:20.000+0000] {logging_mixin.py:190} INFO - [2026-07-22T13:07:19.999+0000] {override.py:1912} INFO - Created Permission View: can delete on DAG:example_subdag_operator
[2026-07-22T13:07:20.024+0000] {logging_mixin.py:190} INFO - [2026-07-22T13:07:20.023+0000] {override.py:1912} INFO - Created Permission View: can read on DAG Run:example_subdag_operator
[2026-07-22T13:07:20.049+0000] {logging_mixin.py:190} INFO - [2026-07-22T13:07:20.049+0000] {override.py:1912} INFO - Created Permission View: menu access on DAG Run:example_subdag_operator
[2026-07-22T13:07:20.071+0000] {logging_mixin.py:190} INFO - [2026-07-22T13:07:20.070+0000] {override.py:1912} INFO - Created Permission View: can create on DAG Run:example_subdag_operator
[2026-07-22T13:07:20.092+0000] {logging_mixin.py:190} INFO - [2026-07-22T13:07:20.092+0000] {override.py:1912} INFO - Created Permission View: can delete on DAG Run:example_subdag_operator
[2026-07-22T13:07:20.095+0000] {logging_mixin.py:190} INFO - [2026-07-22T13:07:20.094+0000] {dag.py:3239} INFO - Sync 3 DAGs
[2026-07-22T13:07:20.145+0000] {logging_mixin.py:190} INFO - [2026-07-22T13:07:20.143+0000] {dag.py:3262} INFO - Creating ORM DAG for example_subdag_operator
[2026-07-22T13:07:20.150+0000] {logging_mixin.py:190} INFO - [2026-07-22T13:07:20.149+0000] {dag.py:3262} INFO - Creating ORM DAG for example_subdag_operator.section-1
[2026-07-22T13:07:20.154+0000] {logging_mixin.py:190} INFO - [2026-07-22T13:07:20.154+0000] {dag.py:3262} INFO - Creating ORM DAG for example_subdag_operator.section-2
[2026-07-22T13:07:20.213+0000] {logging_mixin.py:190} INFO - [2026-07-22T13:07:20.209+0000] {dag.py:4180} INFO - Setting next_dagrun for example_subdag_operator to 2022-01-01 00:00:00+00:00, run_after=2022-01-01 00:00:00+00:00
[2026-07-22T13:07:20.236+0000] {logging_mixin.py:190} INFO - [2026-07-22T13:07:20.235+0000] {dag.py:4180} INFO - Setting next_dagrun for example_subdag_operator.section-1 to None, run_after=None
[2026-07-22T13:07:20.242+0000] {logging_mixin.py:190} INFO - [2026-07-22T13:07:20.241+0000] {dag.py:4180} INFO - Setting next_dagrun for example_subdag_operator.section-2 to None, run_after=None
[2026-07-22T13:07:20.281+0000] {logging_mixin.py:190} INFO - [2026-07-22T13:07:20.280+0000] {dag.py:3239} INFO - Sync 2 DAGs
[2026-07-22T13:07:20.297+0000] {logging_mixin.py:190} INFO - [2026-07-22T13:07:20.297+0000] {dag.py:4180} INFO - Setting next_dagrun for example_subdag_operator.section-1 to None, run_after=None
[2026-07-22T13:07:20.305+0000] {logging_mixin.py:190} INFO - [2026-07-22T13:07:20.305+0000] {dag.py:4180} INFO - Setting next_dagrun for example_subdag_operator.section-2 to None, run_after=None
[2026-07-22T13:07:20.339+0000] {processor.py:208} INFO - Processing /home/airflow/.local/lib/python3.12/site-packages/airflow/example_dags/example_subdag_operator.py took 0.865 seconds
[2026-07-22T13:07:50.811+0000] {processor.py:186} INFO - Started process (PID=160) to work on /home/airflow/.local/lib/python3.12/site-packages/airflow/example_dags/example_subdag_operator.py
[2026-07-22T13:07:50.814+0000] {processor.py:914} INFO - Processing file /home/airflow/.local/lib/python3.12/site-packages/airflow/example_dags/example_subdag_operator.py for tasks to queue
[2026-07-22T13:07:50.820+0000] {logging_mixin.py:190} INFO - [2026-07-22T13:07:50.819+0000] {dagbag.py:588} INFO - Filling up the DagBag from /home/airflow/.local/lib/python3.12/site-packages/airflow/example_dags/example_subdag_operator.py
[2026-07-22T13:07:50.855+0000] {processor.py:925} INFO - DAG(s) 'example_subdag_operator.section-1', 'example_subdag_operator.section-2', 'example_subdag_operator' retrieved from /home/airflow/.local/lib/python3.12/site-packages/airflow/example_dags/example_subdag_operator.py
[2026-07-22T13:07:50.875+0000] {logging_mixin.py:190} INFO - [2026-07-22T13:07:50.875+0000] {dag.py:3239} INFO - Sync 3 DAGs
[2026-07-22T13:07:50.910+0000] {logging_mixin.py:190} INFO - [2026-07-22T13:07:50.910+0000] {dag.py:4180} INFO - Setting next_dagrun for example_subdag_operator to 2022-01-01 00:00:00+00:00, run_after=2022-01-01 00:00:00+00:00
[2026-07-22T13:07:50.919+0000] {logging_mixin.py:190} INFO - [2026-07-22T13:07:50.918+0000] {dag.py:4180} INFO - Setting next_dagrun for example_subdag_operator.section-1 to None, run_after=None
[2026-07-22T13:07:50.922+0000] {logging_mixin.py:190} INFO - [2026-07-22T13:07:50.921+0000] {dag.py:4180} INFO - Setting next_dagrun for example_subdag_operator.section-2 to None, run_after=None
[2026-07-22T13:07:50.934+0000] {logging_mixin.py:190} INFO - [2026-07-22T13:07:50.933+0000] {dag.py:3239} INFO - Sync 2 DAGs
[2026-07-22T13:07:50.941+0000] {logging_mixin.py:190} INFO - [2026-07-22T13:07:50.941+0000] {dag.py:4180} INFO - Setting next_dagrun for example_subdag_operator.section-1 to None, run_after=None
[2026-07-22T13:07:50.943+0000] {logging_mixin.py:190} INFO - [2026-07-22T13:07:50.943+0000] {dag.py:4180} INFO - Setting next_dagrun for example_subdag_operator.section-2 to None, run_after=None
[2026-07-22T13:07:50.962+0000] {processor.py:208} INFO - Processing /home/airflow/.local/lib/python3.12/site-packages/airflow/example_dags/example_subdag_operator.py took 0.159 seconds
[2026-07-22T13:08:21.767+0000] {processor.py:186} INFO - Started process (PID=224) to work on /home/airflow/.local/lib/python3.12/site-packages/airflow/example_dags/example_subdag_operator.py
[2026-07-22T13:08:21.770+0000] {processor.py:914} INFO - Processing file /home/airflow/.local/lib/python3.12/site-packages/airflow/example_dags/example_subdag_operator.py for tasks to queue
[2026-07-22T13:08:21.776+0000] {logging_mixin.py:190} INFO - [2026-07-22T13:08:21.775+0000] {dagbag.py:588} INFO - Filling up the DagBag from /home/airflow/.local/lib/python3.12/site-packages/airflow/example_dags/example_subdag_operator.py
[2026-07-22T13:08:21.828+0000] {processor.py:925} INFO - DAG(s) 'example_subdag_operator.section-1', 'example_subdag_operator.section-2', 'example_subdag_operator' retrieved from /home/airflow/.local/lib/python3.12/site-packages/airflow/example_dags/example_subdag_operator.py
[2026-07-22T13:08:21.861+0000] {logging_mixin.py:190} INFO - [2026-07-22T13:08:21.861+0000] {dag.py:3239} INFO - Sync 3 DAGs
[2026-07-22T13:08:21.910+0000] {logging_mixin.py:190} INFO - [2026-07-22T13:08:21.910+0000] {dag.py:4180} INFO - Setting next_dagrun for example_subdag_operator to 2022-01-01 00:00:00+00:00, run_after=2022-01-01 00:00:00+00:00
[2026-07-22T13:08:21.923+0000] {logging_mixin.py:190} INFO - [2026-07-22T13:08:21.923+0000] {dag.py:4180} INFO - Setting next_dagrun for example_subdag_operator.section-1 to None, run_after=None
[2026-07-22T13:08:21.927+0000] {logging_mixin.py:190} INFO - [2026-07-22T13:08:21.926+0000] {dag.py:4180} INFO - Setting next_dagrun for example_subdag_operator.section-2 to None, run_after=None
[2026-07-22T13:08:21.944+0000] {logging_mixin.py:190} INFO - [2026-07-22T13:08:21.943+0000] {dag.py:3239} INFO - Sync 2 DAGs
[2026-07-22T13:08:21.957+0000] {logging_mixin.py:190} INFO - [2026-07-22T13:08:21.956+0000] {dag.py:4180} INFO - Setting next_dagrun for example_subdag_operator.section-1 to None, run_after=None
[2026-07-22T13:08:21.959+0000] {logging_mixin.py:190} INFO - [2026-07-22T13:08:21.958+0000] {dag.py:4180} INFO - Setting next_dagrun for example_subdag_operator.section-2 to None, run_after=None
[2026-07-22T13:08:21.988+0000] {processor.py:208} INFO - Processing /home/airflow/.local/lib/python3.12/site-packages/airflow/example_dags/example_subdag_operator.py took 0.233 seconds
[2026-07-22T13:08:52.682+0000] {processor.py:186} INFO - Started process (PID=287) to work on /home/airflow/.local/lib/python3.12/site-packages/airflow/example_dags/example_subdag_operator.py
[2026-07-22T13:08:52.685+0000] {processor.py:914} INFO - Processing file /home/airflow/.local/lib/python3.12/site-packages/airflow/example_dags/example_subdag_operator.py for tasks to queue
[2026-07-22T13:08:52.688+0000] {logging_mixin.py:190} INFO - [2026-07-22T13:08:52.688+0000] {dagbag.py:588} INFO - Filling up the DagBag from /home/airflow/.local/lib/python3.12/site-packages/airflow/example_dags/example_subdag_operator.py
[2026-07-22T13:08:52.727+0000] {processor.py:925} INFO - DAG(s) 'example_subdag_operator.section-1', 'example_subdag_operator.section-2', 'example_subdag_operator' retrieved from /home/airflow/.local/lib/python3.12/site-packages/airflow/example_dags/example_subdag_operator.py
[2026-07-22T13:08:52.746+0000] {logging_mixin.py:190} INFO - [2026-07-22T13:08:52.746+0000] {dag.py:3239} INFO - Sync 3 DAGs
[2026-07-22T13:08:52.781+0000] {logging_mixin.py:190} INFO - [2026-07-22T13:08:52.781+0000] {dag.py:4180} INFO - Setting next_dagrun for example_subdag_operator to 2022-01-01 00:00:00+00:00, run_after=2022-01-01 00:00:00+00:00
[2026-07-22T13:08:52.787+0000] {logging_mixin.py:190} INFO - [2026-07-22T13:08:52.787+0000] {dag.py:4180} INFO - Setting next_dagrun for example_subdag_operator.section-1 to None, run_after=None
[2026-07-22T13:08:52.790+0000] {logging_mixin.py:190} INFO - [2026-07-22T13:08:52.790+0000] {dag.py:4180} INFO - Setting next_dagrun for example_subdag_operator.section-2 to None, run_after=None
[2026-07-22T13:08:52.801+0000] {logging_mixin.py:190} INFO - [2026-07-22T13:08:52.801+0000] {dag.py:3239} INFO - Sync 2 DAGs
[2026-07-22T13:08:52.809+0000] {logging_mixin.py:190} INFO - [2026-07-22T13:08:52.809+0000] {dag.py:4180} INFO - Setting next_dagrun for example_subdag_operator.section-1 to None, run_after=None
[2026-07-22T13:08:52.810+0000] {logging_mixin.py:190} INFO - [2026-07-22T13:08:52.810+0000] {dag.py:4180} INFO - Setting next_dagrun for example_subdag_operator.section-2 to None, run_after=None
[2026-07-22T13:08:52.828+0000] {processor.py:208} INFO - Processing /home/airflow/.local/lib/python3.12/site-packages/airflow/example_dags/example_subdag_operator.py took 0.152 seconds
[2026-07-22T13:09:23.461+0000] {processor.py:186} INFO - Started process (PID=351) to work on /home/airflow/.local/lib/python3.12/site-packages/airflow/example_dags/example_subdag_operator.py
[2026-07-22T13:09:23.463+0000] {processor.py:914} INFO - Processing file /home/airflow/.local/lib/python3.12/site-packages/airflow/example_dags/example_subdag_operator.py for tasks to queue
[2026-07-22T13:09:23.469+0000] {logging_mixin.py:190} INFO - [2026-07-22T13:09:23.468+0000] {dagbag.py:588} INFO - Filling up the DagBag from /home/airflow/.local/lib/python3.12/site-packages/airflow/example_dags/example_subdag_operator.py
[2026-07-22T13:09:23.504+0000] {processor.py:925} INFO - DAG(s) 'example_subdag_operator.section-1', 'example_subdag_operator.section-2', 'example_subdag_operator' retrieved from /home/airflow/.local/lib/python3.12/site-packages/airflow/example_dags/example_subdag_operator.py
[2026-07-22T13:09:23.522+0000] {logging_mixin.py:190} INFO - [2026-07-22T13:09:23.522+0000] {dag.py:3239} INFO - Sync 3 DAGs
[2026-07-22T13:09:23.551+0000] {logging_mixin.py:190} INFO - [2026-07-22T13:09:23.551+0000] {dag.py:4180} INFO - Setting next_dagrun for example_subdag_operator to 2022-01-01 00:00:00+00:00, run_after=2022-01-01 00:00:00+00:00
[2026-07-22T13:09:23.558+0000] {logging_mixin.py:190} INFO - [2026-07-22T13:09:23.557+0000] {dag.py:4180} INFO - Setting next_dagrun for example_subdag_operator.section-1 to None, run_after=None
[2026-07-22T13:09:23.561+0000] {logging_mixin.py:190} INFO - [2026-07-22T13:09:23.561+0000] {dag.py:4180} INFO - Setting next_dagrun for example_subdag_operator.section-2 to None, run_after=None
[2026-07-22T13:09:23.572+0000] {logging_mixin.py:190} INFO - [2026-07-22T13:09:23.572+0000] {dag.py:3239} INFO - Sync 2 DAGs
[2026-07-22T13:09:23.580+0000] {logging_mixin.py:190} INFO - [2026-07-22T13:09:23.580+0000] {dag.py:4180} INFO - Setting next_dagrun for example_subdag_operator.section-1 to None, run_after=None
[2026-07-22T13:09:23.581+0000] {logging_mixin.py:190} INFO - [2026-07-22T13:09:23.581+0000] {dag.py:4180} INFO - Setting next_dagrun for example_subdag_operator.section-2 to None, run_after=None
[2026-07-22T13:09:23.602+0000] {processor.py:208} INFO - Processing /home/airflow/.local/lib/python3.12/site-packages/airflow/example_dags/example_subdag_operator.py took 0.154 seconds
[2026-07-22T13:09:53.820+0000] {processor.py:186} INFO - Started process (PID=414) to work on /home/airflow/.local/lib/python3.12/site-packages/airflow/example_dags/example_subdag_operator.py
[2026-07-22T13:09:53.822+0000] {processor.py:914} INFO - Processing file /home/airflow/.local/lib/python3.12/site-packages/airflow/example_dags/example_subdag_operator.py for tasks to queue
[2026-07-22T13:09:53.827+0000] {logging_mixin.py:190} INFO - [2026-07-22T13:09:53.826+0000] {dagbag.py:588} INFO - Filling up the DagBag from /home/airflow/.local/lib/python3.12/site-packages/airflow/example_dags/example_subdag_operator.py
[2026-07-22T13:09:53.864+0000] {processor.py:925} INFO - DAG(s) 'example_subdag_operator.section-1', 'example_subdag_operator.section-2', 'example_subdag_operator' retrieved from /home/airflow/.local/lib/python3.12/site-packages/airflow/example_dags/example_subdag_operator.py
[2026-07-22T13:09:53.884+0000] {logging_mixin.py:190} INFO - [2026-07-22T13:09:53.884+0000] {dag.py:3239} INFO - Sync 3 DAGs
[2026-07-22T13:09:53.924+0000] {logging_mixin.py:190} INFO - [2026-07-22T13:09:53.924+0000] {dag.py:4180} INFO - Setting next_dagrun for example_subdag_operator to 2022-01-01 00:00:00+00:00, run_after=2022-01-01 00:00:00+00:00
[2026-07-22T13:09:53.931+0000] {logging_mixin.py:190} INFO - [2026-07-22T13:09:53.931+0000] {dag.py:4180} INFO - Setting next_dagrun for example_subdag_operator.section-1 to None, run_after=None
[2026-07-22T13:09:53.935+0000] {logging_mixin.py:190} INFO - [2026-07-22T13:09:53.935+0000] {dag.py:4180} INFO - Setting next_dagrun for example_subdag_operator.section-2 to None, run_after=None
[2026-07-22T13:09:53.948+0000] {logging_mixin.py:190} INFO - [2026-07-22T13:09:53.947+0000] {dag.py:3239} INFO - Sync 2 DAGs
[2026-07-22T13:09:53.955+0000] {logging_mixin.py:190} INFO - [2026-07-22T13:09:53.954+0000] {dag.py:4180} INFO - Setting next_dagrun for example_subdag_operator.section-1 to None, run_after=None
[2026-07-22T13:09:53.956+0000] {logging_mixin.py:190} INFO - [2026-07-22T13:09:53.956+0000] {dag.py:4180} INFO - Setting next_dagrun for example_subdag_operator.section-2 to None, run_after=None
[2026-07-22T13:09:53.975+0000] {processor.py:208} INFO - Processing /home/airflow/.local/lib/python3.12/site-packages/airflow/example_dags/example_subdag_operator.py took 0.161 seconds
[2026-07-22T13:10:24.393+0000] {processor.py:186} INFO - Started process (PID=477) to work on /home/airflow/.local/lib/python3.12/site-packages/airflow/example_dags/example_subdag_operator.py
[2026-07-22T13:10:24.397+0000] {processor.py:914} INFO - Processing file /home/airflow/.local/lib/python3.12/site-packages/airflow/example_dags/example_subdag_operator.py for tasks to queue
[2026-07-22T13:10:24.404+0000] {logging_mixin.py:190} INFO - [2026-07-22T13:10:24.403+0000] {dagbag.py:588} INFO - Filling up the DagBag from /home/airflow/.local/lib/python3.12/site-packages/airflow/example_dags/example_subdag_operator.py
[2026-07-22T13:10:24.459+0000] {processor.py:925} INFO - DAG(s) 'example_subdag_operator.section-1', 'example_subdag_operator.section-2', 'example_subdag_operator' retrieved from /home/airflow/.local/lib/python3.12/site-packages/airflow/example_dags/example_subdag_operator.py
[2026-07-22T13:10:24.491+0000] {logging_mixin.py:190} INFO - [2026-07-22T13:10:24.490+0000] {dag.py:3239} INFO - Sync 3 DAGs
[2026-07-22T13:10:24.540+0000] {logging_mixin.py:190} INFO - [2026-07-22T13:10:24.540+0000] {dag.py:4180} INFO - Setting next_dagrun for example_subdag_operator to 2022-01-01 00:00:00+00:00, run_after=2022-01-01 00:00:00+00:00
[2026-07-22T13:10:24.549+0000] {logging_mixin.py:190} INFO - [2026-07-22T13:10:24.549+0000] {dag.py:4180} INFO - Setting next_dagrun for example_subdag_operator.section-1 to None, run_after=None
[2026-07-22T13:10:24.553+0000] {logging_mixin.py:190} INFO - [2026-07-22T13:10:24.552+0000] {dag.py:4180} INFO - Setting next_dagrun for example_subdag_operator.section-2 to None, run_after=None
[2026-07-22T13:10:24.568+0000] {logging_mixin.py:190} INFO - [2026-07-22T13:10:24.568+0000] {dag.py:3239} INFO - Sync 2 DAGs
[2026-07-22T13:10:24.577+0000] {logging_mixin.py:190} INFO - [2026-07-22T13:10:24.576+0000] {dag.py:4180} INFO - Setting next_dagrun for example_subdag_operator.section-1 to None, run_after=None
[2026-07-22T13:10:24.579+0000] {logging_mixin.py:190} INFO - [2026-07-22T13:10:24.578+0000] {dag.py:4180} INFO - Setting next_dagrun for example_subdag_operator.section-2 to None, run_after=None
[2026-07-22T13:10:24.602+0000] {processor.py:208} INFO - Processing /home/airflow/.local/lib/python3.12/site-packages/airflow/example_dags/example_subdag_operator.py took 0.222 seconds
[2026-07-22T13:10:55.023+0000] {processor.py:186} INFO - Started process (PID=540) to work on /home/airflow/.local/lib/python3.12/site-packages/airflow/example_dags/example_subdag_operator.py
[2026-07-22T13:10:55.026+0000] {processor.py:914} INFO - Processing file /home/airflow/.local/lib/python3.12/site-packages/airflow/example_dags/example_subdag_operator.py for tasks to queue
[2026-07-22T13:10:55.030+0000] {logging_mixin.py:190} INFO - [2026-07-22T13:10:55.029+0000] {dagbag.py:588} INFO - Filling up the DagBag from /home/airflow/.local/lib/python3.12/site-packages/airflow/example_dags/example_subdag_operator.py
[2026-07-22T13:10:55.071+0000] {processor.py:925} INFO - DAG(s) 'example_subdag_operator.section-1', 'example_subdag_operator.section-2', 'example_subdag_operator' retrieved from /home/airflow/.local/lib/python3.12/site-packages/airflow/example_dags/example_subdag_operator.py
[2026-07-22T13:10:55.105+0000] {logging_mixin.py:190} INFO - [2026-07-22T13:10:55.104+0000] {dag.py:3239} INFO - Sync 3 DAGs
[2026-07-22T13:10:55.153+0000] {logging_mixin.py:190} INFO - [2026-07-22T13:10:55.153+0000] {dag.py:4180} INFO - Setting next_dagrun for example_subdag_operator to 2022-01-01 00:00:00+00:00, run_after=2022-01-01 00:00:00+00:00
[2026-07-22T13:10:55.163+0000] {logging_mixin.py:190} INFO - [2026-07-22T13:10:55.163+0000] {dag.py:4180} INFO - Setting next_dagrun for example_subdag_operator.section-1 to None, run_after=None
[2026-07-22T13:10:55.170+0000] {logging_mixin.py:190} INFO - [2026-07-22T13:10:55.169+0000] {dag.py:4180} INFO - Setting next_dagrun for example_subdag_operator.section-2 to None, run_after=None
[2026-07-22T13:10:55.186+0000] {logging_mixin.py:190} INFO - [2026-07-22T13:10:55.186+0000] {dag.py:3239} INFO - Sync 2 DAGs
[2026-07-22T13:10:55.196+0000] {logging_mixin.py:190} INFO - [2026-07-22T13:10:55.195+0000] {dag.py:4180} INFO - Setting next_dagrun for example_subdag_operator.section-1 to None, run_after=None
[2026-07-22T13:10:55.199+0000] {logging_mixin.py:190} INFO - [2026-07-22T13:10:55.198+0000] {dag.py:4180} INFO - Setting next_dagrun for example_subdag_operator.section-2 to None, run_after=None
[2026-07-22T13:10:55.231+0000] {processor.py:208} INFO - Processing /home/airflow/.local/lib/python3.12/site-packages/airflow/example_dags/example_subdag_operator.py took 0.213 seconds
[2026-07-22T13:11:25.939+0000] {processor.py:186} INFO - Started process (PID=603) to work on /home/airflow/.local/lib/python3.12/site-packages/airflow/example_dags/example_subdag_operator.py
[2026-07-22T13:11:25.944+0000] {processor.py:914} INFO - Processing file /home/airflow/.local/lib/python3.12/site-packages/airflow/example_dags/example_subdag_operator.py for tasks to queue
[2026-07-22T13:11:25.952+0000] {logging_mixin.py:190} INFO - [2026-07-22T13:11:25.951+0000] {dagbag.py:588} INFO - Filling up the DagBag from /home/airflow/.local/lib/python3.12/site-packages/airflow/example_dags/example_subdag_operator.py
[2026-07-22T13:11:26.038+0000] {processor.py:925} INFO - DAG(s) 'example_subdag_operator.section-1', 'example_subdag_operator.section-2', 'example_subdag_operator' retrieved from /home/airflow/.local/lib/python3.12/site-packages/airflow/example_dags/example_subdag_operator.py
[2026-07-22T13:11:26.088+0000] {logging_mixin.py:190} INFO - [2026-07-22T13:11:26.086+0000] {dag.py:3239} INFO - Sync 3 DAGs
[2026-07-22T13:11:26.138+0000] {logging_mixin.py:190} INFO - [2026-07-22T13:11:26.137+0000] {dag.py:4180} INFO - Setting next_dagrun for example_subdag_operator to 2022-01-01 00:00:00+00:00, run_after=2022-01-01 00:00:00+00:00
[2026-07-22T13:11:26.147+0000] {logging_mixin.py:190} INFO - [2026-07-22T13:11:26.147+0000] {dag.py:4180} INFO - Setting next_dagrun for example_subdag_operator.section-1 to None, run_after=None
[2026-07-22T13:11:26.151+0000] {logging_mixin.py:190} INFO - [2026-07-22T13:11:26.151+0000] {dag.py:4180} INFO - Setting next_dagrun for example_subdag_operator.section-2 to None, run_after=None
[2026-07-22T13:11:26.170+0000] {logging_mixin.py:190} INFO - [2026-07-22T13:11:26.169+0000] {dag.py:3239} INFO - Sync 2 DAGs
[2026-07-22T13:11:26.183+0000] {logging_mixin.py:190} INFO - [2026-07-22T13:11:26.182+0000] {dag.py:4180} INFO - Setting next_dagrun for example_subdag_operator.section-1 to None, run_after=None
[2026-07-22T13:11:26.185+0000] {logging_mixin.py:190} INFO - [2026-07-22T13:11:26.185+0000] {dag.py:4180} INFO - Setting next_dagrun for example_subdag_operator.section-2 to None, run_after=None
[2026-07-22T13:11:26.226+0000] {processor.py:208} INFO - Processing /home/airflow/.local/lib/python3.12/site-packages/airflow/example_dags/example_subdag_operator.py took 0.311 seconds
[2026-07-22T13:11:56.859+0000] {processor.py:186} INFO - Started process (PID=666) to work on /home/airflow/.local/lib/python3.12/site-packages/airflow/example_dags/example_subdag_operator.py
[2026-07-22T13:11:56.862+0000] {processor.py:914} INFO - Processing file /home/airflow/.local/lib/python3.12/site-packages/airflow/example_dags/example_subdag_operator.py for tasks to queue
[2026-07-22T13:11:56.868+0000] {logging_mixin.py:190} INFO - [2026-07-22T13:11:56.868+0000] {dagbag.py:588} INFO - Filling up the DagBag from /home/airflow/.local/lib/python3.12/site-packages/airflow/example_dags/example_subdag_operator.py
[2026-07-22T13:11:56.913+0000] {processor.py:925} INFO - DAG(s) 'example_subdag_operator.section-1', 'example_subdag_operator.section-2', 'example_subdag_operator' retrieved from /home/airflow/.local/lib/python3.12/site-packages/airflow/example_dags/example_subdag_operator.py
[2026-07-22T13:11:56.932+0000] {logging_mixin.py:190} INFO - [2026-07-22T13:11:56.932+0000] {dag.py:3239} INFO - Sync 3 DAGs
[2026-07-22T13:11:56.959+0000] {logging_mixin.py:190} INFO - [2026-07-22T13:11:56.959+0000] {dag.py:4180} INFO - Setting next_dagrun for example_subdag_operator to 2022-01-01 00:00:00+00:00, run_after=2022-01-01 00:00:00+00:00
[2026-07-22T13:11:56.965+0000] {logging_mixin.py:190} INFO - [2026-07-22T13:11:56.965+0000] {dag.py:4180} INFO - Setting next_dagrun for example_subdag_operator.section-1 to None, run_after=None
[2026-07-22T13:11:56.968+0000] {logging_mixin.py:190} INFO - [2026-07-22T13:11:56.968+0000] {dag.py:4180} INFO - Setting next_dagrun for example_subdag_operator.section-2 to None, run_after=None
[2026-07-22T13:11:56.977+0000] {logging_mixin.py:190} INFO - [2026-07-22T13:11:56.977+0000] {dag.py:3239} INFO - Sync 2 DAGs
[2026-07-22T13:11:56.985+0000] {logging_mixin.py:190} INFO - [2026-07-22T13:11:56.985+0000] {dag.py:4180} INFO - Setting next_dagrun for example_subdag_operator.section-1 to None, run_after=None
[2026-07-22T13:11:56.987+0000] {logging_mixin.py:190} INFO - [2026-07-22T13:11:56.986+0000] {dag.py:4180} INFO - Setting next_dagrun for example_subdag_operator.section-2 to None, run_after=None
[2026-07-22T13:11:57.006+0000] {processor.py:208} INFO - Processing /home/airflow/.local/lib/python3.12/site-packages/airflow/example_dags/example_subdag_operator.py took 0.156 seconds
[2026-07-22T13:12:27.210+0000] {processor.py:186} INFO - Started process (PID=729) to work on /home/airflow/.local/lib/python3.12/site-packages/airflow/example_dags/example_subdag_operator.py
[2026-07-22T13:12:27.212+0000] {processor.py:914} INFO - Processing file /home/airflow/.local/lib/python3.12/site-packages/airflow/example_dags/example_subdag_operator.py for tasks to queue
[2026-07-22T13:12:27.216+0000] {logging_mixin.py:190} INFO - [2026-07-22T13:12:27.216+0000] {dagbag.py:588} INFO - Filling up the DagBag from /home/airflow/.local/lib/python3.12/site-packages/airflow/example_dags/example_subdag_operator.py
[2026-07-22T13:12:27.253+0000] {processor.py:925} INFO - DAG(s) 'example_subdag_operator.section-1', 'example_subdag_operator.section-2', 'example_subdag_operator' retrieved from /home/airflow/.local/lib/python3.12/site-packages/airflow/example_dags/example_subdag_operator.py
[2026-07-22T13:12:27.272+0000] {logging_mixin.py:190} INFO - [2026-07-22T13:12:27.272+0000] {dag.py:3239} INFO - Sync 3 DAGs
[2026-07-22T13:12:27.300+0000] {logging_mixin.py:190} INFO - [2026-07-22T13:12:27.300+0000] {dag.py:4180} INFO - Setting next_dagrun for example_subdag_operator to 2022-01-01 00:00:00+00:00, run_after=2022-01-01 00:00:00+00:00
[2026-07-22T13:12:27.309+0000] {logging_mixin.py:190} INFO - [2026-07-22T13:12:27.308+0000] {dag.py:4180} INFO - Setting next_dagrun for example_subdag_operator.section-1 to None, run_after=None
[2026-07-22T13:12:27.311+0000] {logging_mixin.py:190} INFO - [2026-07-22T13:12:27.311+0000] {dag.py:4180} INFO - Setting next_dagrun for example_subdag_operator.section-2 to None, run_after=None
[2026-07-22T13:12:27.323+0000] {logging_mixin.py:190} INFO - [2026-07-22T13:12:27.323+0000] {dag.py:3239} INFO - Sync 2 DAGs
[2026-07-22T13:12:27.330+0000] {logging_mixin.py:190} INFO - [2026-07-22T13:12:27.329+0000] {dag.py:4180} INFO - Setting next_dagrun for example_subdag_operator.section-1 to None, run_after=None
[2026-07-22T13:12:27.332+0000] {logging_mixin.py:190} INFO - [2026-07-22T13:12:27.332+0000] {dag.py:4180} INFO - Setting next_dagrun for example_subdag_operator.section-2 to None, run_after=None
[2026-07-22T13:12:27.355+0000] {processor.py:208} INFO - Processing /home/airflow/.local/lib/python3.12/site-packages/airflow/example_dags/example_subdag_operator.py took 0.155 seconds
[2026-07-22T13:12:57.439+0000] {processor.py:186} INFO - Started process (PID=792) to work on /home/airflow/.local/lib/python3.12/site-packages/airflow/example_dags/example_subdag_operator.py
[2026-07-22T13:12:57.441+0000] {processor.py:914} INFO - Processing file /home/airflow/.local/lib/python3.12/site-packages/airflow/example_dags/example_subdag_operator.py for tasks to queue
[2026-07-22T13:12:57.445+0000] {logging_mixin.py:190} INFO - [2026-07-22T13:12:57.445+0000] {dagbag.py:588} INFO - Filling up the DagBag from /home/airflow/.local/lib/python3.12/site-packages/airflow/example_dags/example_subdag_operator.py
[2026-07-22T13:12:57.476+0000] {processor.py:925} INFO - DAG(s) 'example_subdag_operator.section-1', 'example_subdag_operator.section-2', 'example_subdag_operator' retrieved from /home/airflow/.local/lib/python3.12/site-packages/airflow/example_dags/example_subdag_operator.py
[2026-07-22T13:12:57.496+0000] {logging_mixin.py:190} INFO - [2026-07-22T13:12:57.496+0000] {dag.py:3239} INFO - Sync 3 DAGs
[2026-07-22T13:12:57.524+0000] {logging_mixin.py:190} INFO - [2026-07-22T13:12:57.523+0000] {dag.py:4180} INFO - Setting next_dagrun for example_subdag_operator to 2022-01-01 00:00:00+00:00, run_after=2022-01-01 00:00:00+00:00
[2026-07-22T13:12:57.530+0000] {logging_mixin.py:190} INFO - [2026-07-22T13:12:57.529+0000] {dag.py:4180} INFO - Setting next_dagrun for example_subdag_operator.section-1 to None, run_after=None
[2026-07-22T13:12:57.533+0000] {logging_mixin.py:190} INFO - [2026-07-22T13:12:57.532+0000] {dag.py:4180} INFO - Setting next_dagrun for example_subdag_operator.section-2 to None, run_after=None
[2026-07-22T13:12:57.543+0000] {logging_mixin.py:190} INFO - [2026-07-22T13:12:57.542+0000] {dag.py:3239} INFO - Sync 2 DAGs
[2026-07-22T13:12:57.550+0000] {logging_mixin.py:190} INFO - [2026-07-22T13:12:57.549+0000] {dag.py:4180} INFO - Setting next_dagrun for example_subdag_operator.section-1 to None, run_after=None
[2026-07-22T13:12:57.552+0000] {logging_mixin.py:190} INFO - [2026-07-22T13:12:57.552+0000] {dag.py:4180} INFO - Setting next_dagrun for example_subdag_operator.section-2 to None, run_after=None
[2026-07-22T13:12:57.573+0000] {processor.py:208} INFO - Processing /home/airflow/.local/lib/python3.12/site-packages/airflow/example_dags/example_subdag_operator.py took 0.140 seconds
[2026-07-22T13:13:27.873+0000] {processor.py:186} INFO - Started process (PID=855) to work on /home/airflow/.local/lib/python3.12/site-packages/airflow/example_dags/example_subdag_operator.py
[2026-07-22T13:13:27.875+0000] {processor.py:914} INFO - Processing file /home/airflow/.local/lib/python3.12/site-packages/airflow/example_dags/example_subdag_operator.py for tasks to queue
[2026-07-22T13:13:27.879+0000] {logging_mixin.py:190} INFO - [2026-07-22T13:13:27.879+0000] {dagbag.py:588} INFO - Filling up the DagBag from /home/airflow/.local/lib/python3.12/site-packages/airflow/example_dags/example_subdag_operator.py
[2026-07-22T13:13:27.924+0000] {processor.py:925} INFO - DAG(s) 'example_subdag_operator.section-1', 'example_subdag_operator.section-2', 'example_subdag_operator' retrieved from /home/airflow/.local/lib/python3.12/site-packages/airflow/example_dags/example_subdag_operator.py
[2026-07-22T13:13:27.954+0000] {logging_mixin.py:190} INFO - [2026-07-22T13:13:27.953+0000] {dag.py:3239} INFO - Sync 3 DAGs
[2026-07-22T13:13:27.994+0000] {logging_mixin.py:190} INFO - [2026-07-22T13:13:27.994+0000] {dag.py:4180} INFO - Setting next_dagrun for example_subdag_operator to 2022-01-01 00:00:00+00:00, run_after=2022-01-01 00:00:00+00:00
[2026-07-22T13:13:28.003+0000] {logging_mixin.py:190} INFO - [2026-07-22T13:13:28.003+0000] {dag.py:4180} INFO - Setting next_dagrun for example_subdag_operator.section-1 to None, run_after=None
[2026-07-22T13:13:28.007+0000] {logging_mixin.py:190} INFO - [2026-07-22T13:13:28.007+0000] {dag.py:4180} INFO - Setting next_dagrun for example_subdag_operator.section-2 to None, run_after=None
[2026-07-22T13:13:28.021+0000] {logging_mixin.py:190} INFO - [2026-07-22T13:13:28.020+0000] {dag.py:3239} INFO - Sync 2 DAGs
[2026-07-22T13:13:28.033+0000] {logging_mixin.py:190} INFO - [2026-07-22T13:13:28.033+0000] {dag.py:4180} INFO - Setting next_dagrun for example_subdag_operator.section-1 to None, run_after=None
[2026-07-22T13:13:28.036+0000] {logging_mixin.py:190} INFO - [2026-07-22T13:13:28.035+0000] {dag.py:4180} INFO - Setting next_dagrun for example_subdag_operator.section-2 to None, run_after=None
[2026-07-22T13:13:28.068+0000] {processor.py:208} INFO - Processing /home/airflow/.local/lib/python3.12/site-packages/airflow/example_dags/example_subdag_operator.py took 0.204 seconds
[2026-07-22T13:13:58.910+0000] {processor.py:186} INFO - Started process (PID=918) to work on /home/airflow/.local/lib/python3.12/site-packages/airflow/example_dags/example_subdag_operator.py
[2026-07-22T13:13:58.913+0000] {processor.py:914} INFO - Processing file /home/airflow/.local/lib/python3.12/site-packages/airflow/example_dags/example_subdag_operator.py for tasks to queue
[2026-07-22T13:13:58.922+0000] {logging_mixin.py:190} INFO - [2026-07-22T13:13:58.919+0000] {dagbag.py:588} INFO - Filling up the DagBag from /home/airflow/.local/lib/python3.12/site-packages/airflow/example_dags/example_subdag_operator.py
[2026-07-22T13:13:58.997+0000] {processor.py:925} INFO - DAG(s) 'example_subdag_operator.section-1', 'example_subdag_operator.section-2', 'example_subdag_operator' retrieved from /home/airflow/.local/lib/python3.12/site-packages/airflow/example_dags/example_subdag_operator.py
[2026-07-22T13:13:59.027+0000] {logging_mixin.py:190} INFO - [2026-07-22T13:13:59.027+0000] {dag.py:3239} INFO - Sync 3 DAGs
[2026-07-22T13:13:59.094+0000] {logging_mixin.py:190} INFO - [2026-07-22T13:13:59.094+0000] {dag.py:4180} INFO - Setting next_dagrun for example_subdag_operator to 2022-01-01 00:00:00+00:00, run_after=2022-01-01 00:00:00+00:00
[2026-07-22T13:13:59.106+0000] {logging_mixin.py:190} INFO - [2026-07-22T13:13:59.105+0000] {dag.py:4180} INFO - Setting next_dagrun for example_subdag_operator.section-1 to None, run_after=None
[2026-07-22T13:13:59.109+0000] {logging_mixin.py:190} INFO - [2026-07-22T13:13:59.109+0000] {dag.py:4180} INFO - Setting next_dagrun for example_subdag_operator.section-2 to None, run_after=None
[2026-07-22T13:13:59.128+0000] {logging_mixin.py:190} INFO - [2026-07-22T13:13:59.128+0000] {dag.py:3239} INFO - Sync 2 DAGs
[2026-07-22T13:13:59.141+0000] {logging_mixin.py:190} INFO - [2026-07-22T13:13:59.141+0000] {dag.py:4180} INFO - Setting next_dagrun for example_subdag_operator.section-1 to None, run_after=None
[2026-07-22T13:13:59.143+0000] {logging_mixin.py:190} INFO - [2026-07-22T13:13:59.143+0000] {dag.py:4180} INFO - Setting next_dagrun for example_subdag_operator.section-2 to None, run_after=None
[2026-07-22T13:13:59.170+0000] {processor.py:208} INFO - Processing /home/airflow/.local/lib/python3.12/site-packages/airflow/example_dags/example_subdag_operator.py took 0.273 seconds
[2026-07-22T13:14:30.107+0000] {processor.py:186} INFO - Started process (PID=981) to work on /home/airflow/.local/lib/python3.12/site-packages/airflow/example_dags/example_subdag_operator.py
[2026-07-22T13:14:30.109+0000] {processor.py:914} INFO - Processing file /home/airflow/.local/lib/python3.12/site-packages/airflow/example_dags/example_subdag_operator.py for tasks to queue
[2026-07-22T13:14:30.114+0000] {logging_mixin.py:190} INFO - [2026-07-22T13:14:30.113+0000] {dagbag.py:588} INFO - Filling up the DagBag from /home/airflow/.local/lib/python3.12/site-packages/airflow/example_dags/example_subdag_operator.py
[2026-07-22T13:14:30.153+0000] {processor.py:925} INFO - DAG(s) 'example_subdag_operator.section-1', 'example_subdag_operator.section-2', 'example_subdag_operator' retrieved from /home/airflow/.local/lib/python3.12/site-packages/airflow/example_dags/example_subdag_operator.py
[2026-07-22T13:14:30.191+0000] {logging_mixin.py:190} INFO - [2026-07-22T13:14:30.190+0000] {dag.py:3239} INFO - Sync 3 DAGs
[2026-07-22T13:14:30.231+0000] {logging_mixin.py:190} INFO - [2026-07-22T13:14:30.231+0000] {dag.py:4180} INFO - Setting next_dagrun for example_subdag_operator to 2022-01-01 00:00:00+00:00, run_after=2022-01-01 00:00:00+00:00
[2026-07-22T13:14:30.239+0000] {logging_mixin.py:190} INFO - [2026-07-22T13:14:30.239+0000] {dag.py:4180} INFO - Setting next_dagrun for example_subdag_operator.section-1 to None, run_after=None
[2026-07-22T13:14:30.242+0000] {logging_mixin.py:190} INFO - [2026-07-22T13:14:30.242+0000] {dag.py:4180} INFO - Setting next_dagrun for example_subdag_operator.section-2 to None, run_after=None
[2026-07-22T13:14:30.261+0000] {logging_mixin.py:190} INFO - [2026-07-22T13:14:30.261+0000] {dag.py:3239} INFO - Sync 2 DAGs
[2026-07-22T13:14:30.270+0000] {logging_mixin.py:190} INFO - [2026-07-22T13:14:30.269+0000] {dag.py:4180} INFO - Setting next_dagrun for example_subdag_operator.section-1 to None, run_after=None
[2026-07-22T13:14:30.272+0000] {logging_mixin.py:190} INFO - [2026-07-22T13:14:30.272+0000] {dag.py:4180} INFO - Setting next_dagrun for example_subdag_operator.section-2 to None, run_after=None
[2026-07-22T13:14:30.296+0000] {processor.py:208} INFO - Processing /home/airflow/.local/lib/python3.12/site-packages/airflow/example_dags/example_subdag_operator.py took 0.198 seconds
[2026-07-22T13:15:01.910+0000] {processor.py:186} INFO - Started process (PID=1043) to work on /home/airflow/.local/lib/python3.12/site-packages/airflow/example_dags/example_subdag_operator.py
[2026-07-22T13:15:01.913+0000] {processor.py:914} INFO - Processing file /home/airflow/.local/lib/python3.12/site-packages/airflow/example_dags/example_subdag_operator.py for tasks to queue
[2026-07-22T13:15:01.921+0000] {logging_mixin.py:190} INFO - [2026-07-22T13:15:01.920+0000] {dagbag.py:588} INFO - Filling up the DagBag from /home/airflow/.local/lib/python3.12/site-packages/airflow/example_dags/example_subdag_operator.py
[2026-07-22T13:15:01.981+0000] {processor.py:925} INFO - DAG(s) 'example_subdag_operator.section-1', 'example_subdag_operator.section-2', 'example_subdag_operator' retrieved from /home/airflow/.local/lib/python3.12/site-packages/airflow/example_dags/example_subdag_operator.py
[2026-07-22T13:15:02.017+0000] {logging_mixin.py:190} INFO - [2026-07-22T13:15:02.017+0000] {dag.py:3239} INFO - Sync 3 DAGs
[2026-07-22T13:15:02.078+0000] {logging_mixin.py:190} INFO - [2026-07-22T13:15:02.077+0000] {dag.py:4180} INFO - Setting next_dagrun for example_subdag_operator to 2022-01-01 00:00:00+00:00, run_after=2022-01-01 00:00:00+00:00
[2026-07-22T13:15:02.090+0000] {logging_mixin.py:190} INFO - [2026-07-22T13:15:02.090+0000] {dag.py:4180} INFO - Setting next_dagrun for example_subdag_operator.section-1 to None, run_after=None
[2026-07-22T13:15:02.094+0000] {logging_mixin.py:190} INFO - [2026-07-22T13:15:02.094+0000] {dag.py:4180} INFO - Setting next_dagrun for example_subdag_operator.section-2 to None, run_after=None
[2026-07-22T13:15:02.111+0000] {logging_mixin.py:190} INFO - [2026-07-22T13:15:02.111+0000] {dag.py:3239} INFO - Sync 2 DAGs
[2026-07-22T13:15:02.124+0000] {logging_mixin.py:190} INFO - [2026-07-22T13:15:02.123+0000] {dag.py:4180} INFO - Setting next_dagrun for example_subdag_operator.section-1 to None, run_after=None
[2026-07-22T13:15:02.126+0000] {logging_mixin.py:190} INFO - [2026-07-22T13:15:02.125+0000] {dag.py:4180} INFO - Setting next_dagrun for example_subdag_operator.section-2 to None, run_after=None
[2026-07-22T13:15:02.156+0000] {processor.py:208} INFO - Processing /home/airflow/.local/lib/python3.12/site-packages/airflow/example_dags/example_subdag_operator.py took 0.256 seconds
[2026-07-22T13:15:36.309+0000] {processor.py:186} INFO - Started process (PID=1098) to work on /home/airflow/.local/lib/python3.12/site-packages/airflow/example_dags/example_subdag_operator.py
[2026-07-22T13:15:36.312+0000] {processor.py:914} INFO - Processing file /home/airflow/.local/lib/python3.12/site-packages/airflow/example_dags/example_subdag_operator.py for tasks to queue
[2026-07-22T13:15:36.318+0000] {logging_mixin.py:190} INFO - [2026-07-22T13:15:36.318+0000] {dagbag.py:588} INFO - Filling up the DagBag from /home/airflow/.local/lib/python3.12/site-packages/airflow/example_dags/example_subdag_operator.py
[2026-07-22T13:15:36.411+0000] {processor.py:925} INFO - DAG(s) 'example_subdag_operator.section-1', 'example_subdag_operator.section-2', 'example_subdag_operator' retrieved from /home/airflow/.local/lib/python3.12/site-packages/airflow/example_dags/example_subdag_operator.py
[2026-07-22T13:15:36.460+0000] {logging_mixin.py:190} INFO - [2026-07-22T13:15:36.459+0000] {dag.py:3239} INFO - Sync 3 DAGs
[2026-07-22T13:15:36.530+0000] {logging_mixin.py:190} INFO - [2026-07-22T13:15:36.529+0000] {dag.py:4180} INFO - Setting next_dagrun for example_subdag_operator to 2022-01-01 00:00:00+00:00, run_after=2022-01-01 00:00:00+00:00
[2026-07-22T13:15:36.541+0000] {logging_mixin.py:190} INFO - [2026-07-22T13:15:36.541+0000] {dag.py:4180} INFO - Setting next_dagrun for example_subdag_operator.section-1 to None, run_after=None
[2026-07-22T13:15:36.547+0000] {logging_mixin.py:190} INFO - [2026-07-22T13:15:36.546+0000] {dag.py:4180} INFO - Setting next_dagrun for example_subdag_operator.section-2 to None, run_after=None
[2026-07-22T13:15:36.575+0000] {logging_mixin.py:190} INFO - [2026-07-22T13:15:36.574+0000] {dag.py:3239} INFO - Sync 2 DAGs
[2026-07-22T13:15:36.592+0000] {logging_mixin.py:190} INFO - [2026-07-22T13:15:36.592+0000] {dag.py:4180} INFO - Setting next_dagrun for example_subdag_operator.section-1 to None, run_after=None
[2026-07-22T13:15:36.595+0000] {logging_mixin.py:190} INFO - [2026-07-22T13:15:36.595+0000] {dag.py:4180} INFO - Setting next_dagrun for example_subdag_operator.section-2 to None, run_after=None
[2026-07-22T13:15:36.636+0000] {processor.py:208} INFO - Processing /home/airflow/.local/lib/python3.12/site-packages/airflow/example_dags/example_subdag_operator.py took 0.348 seconds
[2026-07-22T13:16:09.350+0000] {processor.py:186} INFO - Started process (PID=1161) to work on /home/airflow/.local/lib/python3.12/site-packages/airflow/example_dags/example_subdag_operator.py
[2026-07-22T13:16:09.362+0000] {processor.py:914} INFO - Processing file /home/airflow/.local/lib/python3.12/site-packages/airflow/example_dags/example_subdag_operator.py for tasks to queue
[2026-07-22T13:16:09.390+0000] {logging_mixin.py:190} INFO - [2026-07-22T13:16:09.388+0000] {dagbag.py:588} INFO - Filling up the DagBag from /home/airflow/.local/lib/python3.12/site-packages/airflow/example_dags/example_subdag_operator.py
[2026-07-22T13:16:09.560+0000] {processor.py:925} INFO - DAG(s) 'example_subdag_operator.section-1', 'example_subdag_operator.section-2', 'example_subdag_operator' retrieved from /home/airflow/.local/lib/python3.12/site-packages/airflow/example_dags/example_subdag_operator.py
[2026-07-22T13:16:09.701+0000] {logging_mixin.py:190} INFO - [2026-07-22T13:16:09.700+0000] {dag.py:3239} INFO - Sync 3 DAGs
[2026-07-22T13:16:09.879+0000] {logging_mixin.py:190} INFO - [2026-07-22T13:16:09.878+0000] {dag.py:4180} INFO - Setting next_dagrun for example_subdag_operator to 2022-01-01 00:00:00+00:00, run_after=2022-01-01 00:00:00+00:00
[2026-07-22T13:16:09.903+0000] {logging_mixin.py:190} INFO - [2026-07-22T13:16:09.902+0000] {dag.py:4180} INFO - Setting next_dagrun for example_subdag_operator.section-1 to None, run_after=None
[2026-07-22T13:16:09.916+0000] {logging_mixin.py:190} INFO - [2026-07-22T13:16:09.916+0000] {dag.py:4180} INFO - Setting next_dagrun for example_subdag_operator.section-2 to None, run_after=None
[2026-07-22T13:16:09.958+0000] {logging_mixin.py:190} INFO - [2026-07-22T13:16:09.957+0000] {dag.py:3239} INFO - Sync 2 DAGs
[2026-07-22T13:16:09.985+0000] {logging_mixin.py:190} INFO - [2026-07-22T13:16:09.984+0000] {dag.py:4180} INFO - Setting next_dagrun for example_subdag_operator.section-1 to None, run_after=None
[2026-07-22T13:16:09.990+0000] {logging_mixin.py:190} INFO - [2026-07-22T13:16:09.989+0000] {dag.py:4180} INFO - Setting next_dagrun for example_subdag_operator.section-2 to None, run_after=None
[2026-07-22T13:16:10.044+0000] {processor.py:208} INFO - Processing /home/airflow/.local/lib/python3.12/site-packages/airflow/example_dags/example_subdag_operator.py took 0.732 seconds
[2026-07-22T13:16:40.454+0000] {processor.py:186} INFO - Started process (PID=1224) to work on /home/airflow/.local/lib/python3.12/site-packages/airflow/example_dags/example_subdag_operator.py
[2026-07-22T13:16:40.457+0000] {processor.py:914} INFO - Processing file /home/airflow/.local/lib/python3.12/site-packages/airflow/example_dags/example_subdag_operator.py for tasks to queue
[2026-07-22T13:16:40.463+0000] {logging_mixin.py:190} INFO - [2026-07-22T13:16:40.463+0000] {dagbag.py:588} INFO - Filling up the DagBag from /home/airflow/.local/lib/python3.12/site-packages/airflow/example_dags/example_subdag_operator.py
[2026-07-22T13:16:40.514+0000] {processor.py:925} INFO - DAG(s) 'example_subdag_operator.section-1', 'example_subdag_operator.section-2', 'example_subdag_operator' retrieved from /home/airflow/.local/lib/python3.12/site-packages/airflow/example_dags/example_subdag_operator.py
[2026-07-22T13:16:40.541+0000] {logging_mixin.py:190} INFO - [2026-07-22T13:16:40.541+0000] {dag.py:3239} INFO - Sync 3 DAGs
[2026-07-22T13:16:40.589+0000] {logging_mixin.py:190} INFO - [2026-07-22T13:16:40.589+0000] {dag.py:4180} INFO - Setting next_dagrun for example_subdag_operator to 2022-01-01 00:00:00+00:00, run_after=2022-01-01 00:00:00+00:00
[2026-07-22T13:16:40.599+0000] {logging_mixin.py:190} INFO - [2026-07-22T13:16:40.598+0000] {dag.py:4180} INFO - Setting next_dagrun for example_subdag_operator.section-1 to None, run_after=None
[2026-07-22T13:16:40.603+0000] {logging_mixin.py:190} INFO - [2026-07-22T13:16:40.603+0000] {dag.py:4180} INFO - Setting next_dagrun for example_subdag_operator.section-2 to None, run_after=None
[2026-07-22T13:16:40.625+0000] {logging_mixin.py:190} INFO - [2026-07-22T13:16:40.624+0000] {dag.py:3239} INFO - Sync 2 DAGs
[2026-07-22T13:16:40.648+0000] {logging_mixin.py:190} INFO - [2026-07-22T13:16:40.647+0000] {dag.py:4180} INFO - Setting next_dagrun for example_subdag_operator.section-1 to None, run_after=None
[2026-07-22T13:16:40.651+0000] {logging_mixin.py:190} INFO - [2026-07-22T13:16:40.650+0000] {dag.py:4180} INFO - Setting next_dagrun for example_subdag_operator.section-2 to None, run_after=None
[2026-07-22T13:16:40.678+0000] {processor.py:208} INFO - Processing /home/airflow/.local/lib/python3.12/site-packages/airflow/example_dags/example_subdag_operator.py took 0.238 seconds
[2026-07-22T13:17:14.182+0000] {processor.py:186} INFO - Started process (PID=1282) to work on /home/airflow/.local/lib/python3.12/site-packages/airflow/example_dags/example_subdag_operator.py
[2026-07-22T13:17:14.190+0000] {processor.py:914} INFO - Processing file /home/airflow/.local/lib/python3.12/site-packages/airflow/example_dags/example_subdag_operator.py for tasks to queue
[2026-07-22T13:17:14.212+0000] {logging_mixin.py:190} INFO - [2026-07-22T13:17:14.210+0000] {dagbag.py:588} INFO - Filling up the DagBag from /home/airflow/.local/lib/python3.12/site-packages/airflow/example_dags/example_subdag_operator.py
[2026-07-22T13:17:14.464+0000] {processor.py:925} INFO - DAG(s) 'example_subdag_operator.section-1', 'example_subdag_operator.section-2', 'example_subdag_operator' retrieved from /home/airflow/.local/lib/python3.12/site-packages/airflow/example_dags/example_subdag_operator.py
[2026-07-22T13:17:14.542+0000] {logging_mixin.py:190} INFO - [2026-07-22T13:17:14.541+0000] {dag.py:3239} INFO - Sync 3 DAGs
[2026-07-22T13:17:14.638+0000] {logging_mixin.py:190} INFO - [2026-07-22T13:17:14.637+0000] {dag.py:4180} INFO - Setting next_dagrun for example_subdag_operator to 2022-01-01 00:00:00+00:00, run_after=2022-01-01 00:00:00+00:00
[2026-07-22T13:17:14.659+0000] {logging_mixin.py:190} INFO - [2026-07-22T13:17:14.658+0000] {dag.py:4180} INFO - Setting next_dagrun for example_subdag_operator.section-1 to None, run_after=None
[2026-07-22T13:17:14.666+0000] {logging_mixin.py:190} INFO - [2026-07-22T13:17:14.666+0000] {dag.py:4180} INFO - Setting next_dagrun for example_subdag_operator.section-2 to None, run_after=None
[2026-07-22T13:17:14.694+0000] {logging_mixin.py:190} INFO - [2026-07-22T13:17:14.693+0000] {dag.py:3239} INFO - Sync 2 DAGs
[2026-07-22T13:17:14.713+0000] {logging_mixin.py:190} INFO - [2026-07-22T13:17:14.712+0000] {dag.py:4180} INFO - Setting next_dagrun for example_subdag_operator.section-1 to None, run_after=None
[2026-07-22T13:17:14.717+0000] {logging_mixin.py:190} INFO - [2026-07-22T13:17:14.716+0000] {dag.py:4180} INFO - Setting next_dagrun for example_subdag_operator.section-2 to None, run_after=None
[2026-07-22T13:17:14.757+0000] {processor.py:208} INFO - Processing /home/airflow/.local/lib/python3.12/site-packages/airflow/example_dags/example_subdag_operator.py took 0.600 seconds
[2026-07-22T13:17:45.139+0000] {processor.py:186} INFO - Started process (PID=1345) to work on /home/airflow/.local/lib/python3.12/site-packages/airflow/example_dags/example_subdag_operator.py
[2026-07-22T13:17:45.142+0000] {processor.py:914} INFO - Processing file /home/airflow/.local/lib/python3.12/site-packages/airflow/example_dags/example_subdag_operator.py for tasks to queue
[2026-07-22T13:17:45.148+0000] {logging_mixin.py:190} INFO - [2026-07-22T13:17:45.148+0000] {dagbag.py:588} INFO - Filling up the DagBag from /home/airflow/.local/lib/python3.12/site-packages/airflow/example_dags/example_subdag_operator.py
[2026-07-22T13:17:45.213+0000] {processor.py:925} INFO - DAG(s) 'example_subdag_operator.section-1', 'example_subdag_operator.section-2', 'example_subdag_operator' retrieved from /home/airflow/.local/lib/python3.12/site-packages/airflow/example_dags/example_subdag_operator.py
[2026-07-22T13:17:45.255+0000] {logging_mixin.py:190} INFO - [2026-07-22T13:17:45.254+0000] {dag.py:3239} INFO - Sync 3 DAGs
[2026-07-22T13:17:45.323+0000] {logging_mixin.py:190} INFO - [2026-07-22T13:17:45.322+0000] {dag.py:4180} INFO - Setting next_dagrun for example_subdag_operator to 2022-01-01 00:00:00+00:00, run_after=2022-01-01 00:00:00+00:00
[2026-07-22T13:17:45.337+0000] {logging_mixin.py:190} INFO - [2026-07-22T13:17:45.337+0000] {dag.py:4180} INFO - Setting next_dagrun for example_subdag_operator.section-1 to None, run_after=None
[2026-07-22T13:17:45.343+0000] {logging_mixin.py:190} INFO - [2026-07-22T13:17:45.342+0000] {dag.py:4180} INFO - Setting next_dagrun for example_subdag_operator.section-2 to None, run_after=None
[2026-07-22T13:17:45.369+0000] {logging_mixin.py:190} INFO - [2026-07-22T13:17:45.368+0000] {dag.py:3239} INFO - Sync 2 DAGs
[2026-07-22T13:17:45.391+0000] {logging_mixin.py:190} INFO - [2026-07-22T13:17:45.391+0000] {dag.py:4180} INFO - Setting next_dagrun for example_subdag_operator.section-1 to None, run_after=None
[2026-07-22T13:17:45.394+0000] {logging_mixin.py:190} INFO - [2026-07-22T13:17:45.394+0000] {dag.py:4180} INFO - Setting next_dagrun for example_subdag_operator.section-2 to None, run_after=None
[2026-07-22T13:17:45.436+0000] {processor.py:208} INFO - Processing /home/airflow/.local/lib/python3.12/site-packages/airflow/example_dags/example_subdag_operator.py took 0.309 seconds
