[2026-07-22T13:07:16.250+0000] {processor.py:186} INFO - Started process (PID=92) to work on /home/airflow/.local/lib/python3.12/site-packages/airflow/example_dags/example_xcomargs.py
[2026-07-22T13:07:16.254+0000] {processor.py:914} INFO - Processing file /home/airflow/.local/lib/python3.12/site-packages/airflow/example_dags/example_xcomargs.py for tasks to queue
[2026-07-22T13:07:16.266+0000] {logging_mixin.py:190} INFO - [2026-07-22T13:07:16.265+0000] {dagbag.py:588} INFO - Filling up the DagBag from /home/airflow/.local/lib/python3.12/site-packages/airflow/example_dags/example_xcomargs.py
[2026-07-22T13:07:16.320+0000] {processor.py:925} INFO - DAG(s) 'example_xcom_args_with_operators', 'example_xcom_args' retrieved from /home/airflow/.local/lib/python3.12/site-packages/airflow/example_dags/example_xcomargs.py
[2026-07-22T13:07:16.771+0000] {logging_mixin.py:190} INFO - [2026-07-22T13:07:16.769+0000] {override.py:1912} INFO - Created Permission View: can read on DAG:example_xcom_args_with_operators
[2026-07-22T13:07:16.802+0000] {logging_mixin.py:190} INFO - [2026-07-22T13:07:16.801+0000] {override.py:1912} INFO - Created Permission View: can edit on DAG:example_xcom_args_with_operators
[2026-07-22T13:07:16.825+0000] {logging_mixin.py:190} INFO - [2026-07-22T13:07:16.824+0000] {override.py:1912} INFO - Created Permission View: can delete on DAG:example_xcom_args_with_operators
[2026-07-22T13:07:16.848+0000] {logging_mixin.py:190} INFO - [2026-07-22T13:07:16.848+0000] {override.py:1912} INFO - Created Permission View: can read on DAG Run:example_xcom_args_with_operators
[2026-07-22T13:07:16.869+0000] {logging_mixin.py:190} INFO - [2026-07-22T13:07:16.868+0000] {override.py:1912} INFO - Created Permission View: menu access on DAG Run:example_xcom_args_with_operators
[2026-07-22T13:07:16.900+0000] {logging_mixin.py:190} INFO - [2026-07-22T13:07:16.899+0000] {override.py:1912} INFO - Created Permission View: can create on DAG Run:example_xcom_args_with_operators
[2026-07-22T13:07:16.923+0000] {logging_mixin.py:190} INFO - [2026-07-22T13:07:16.922+0000] {override.py:1912} INFO - Created Permission View: can delete on DAG Run:example_xcom_args_with_operators
[2026-07-22T13:07:16.961+0000] {logging_mixin.py:190} INFO - [2026-07-22T13:07:16.960+0000] {override.py:1912} INFO - Created Permission View: can read on DAG:example_xcom_args
[2026-07-22T13:07:16.978+0000] {logging_mixin.py:190} INFO - [2026-07-22T13:07:16.977+0000] {override.py:1912} INFO - Created Permission View: can edit on DAG:example_xcom_args
[2026-07-22T13:07:16.998+0000] {logging_mixin.py:190} INFO - [2026-07-22T13:07:16.998+0000] {override.py:1912} INFO - Created Permission View: can delete on DAG:example_xcom_args
[2026-07-22T13:07:17.021+0000] {logging_mixin.py:190} INFO - [2026-07-22T13:07:17.020+0000] {override.py:1912} INFO - Created Permission View: can read on DAG Run:example_xcom_args
[2026-07-22T13:07:17.042+0000] {logging_mixin.py:190} INFO - [2026-07-22T13:07:17.041+0000] {override.py:1912} INFO - Created Permission View: menu access on DAG Run:example_xcom_args
[2026-07-22T13:07:17.062+0000] {logging_mixin.py:190} INFO - [2026-07-22T13:07:17.062+0000] {override.py:1912} INFO - Created Permission View: can create on DAG Run:example_xcom_args
[2026-07-22T13:07:17.082+0000] {logging_mixin.py:190} INFO - [2026-07-22T13:07:17.081+0000] {override.py:1912} INFO - Created Permission View: can delete on DAG Run:example_xcom_args
[2026-07-22T13:07:17.084+0000] {logging_mixin.py:190} INFO - [2026-07-22T13:07:17.084+0000] {dag.py:3239} INFO - Sync 2 DAGs
[2026-07-22T13:07:17.129+0000] {logging_mixin.py:190} INFO - [2026-07-22T13:07:17.128+0000] {dag.py:3262} INFO - Creating ORM DAG for example_xcom_args_with_operators
[2026-07-22T13:07:17.134+0000] {logging_mixin.py:190} INFO - [2026-07-22T13:07:17.134+0000] {dag.py:3262} INFO - Creating ORM DAG for example_xcom_args
[2026-07-22T13:07:17.138+0000] {logging_mixin.py:190} INFO - [2026-07-22T13:07:17.138+0000] {dag.py:4180} INFO - Setting next_dagrun for example_xcom_args to None, run_after=None
[2026-07-22T13:07:17.142+0000] {logging_mixin.py:190} INFO - [2026-07-22T13:07:17.141+0000] {dag.py:4180} INFO - Setting next_dagrun for example_xcom_args_with_operators to None, run_after=None
[2026-07-22T13:07:17.198+0000] {processor.py:208} INFO - Processing /home/airflow/.local/lib/python3.12/site-packages/airflow/example_dags/example_xcomargs.py took 0.975 seconds
[2026-07-22T13:07:47.374+0000] {processor.py:186} INFO - Started process (PID=155) to work on /home/airflow/.local/lib/python3.12/site-packages/airflow/example_dags/example_xcomargs.py
[2026-07-22T13:07:47.377+0000] {processor.py:914} INFO - Processing file /home/airflow/.local/lib/python3.12/site-packages/airflow/example_dags/example_xcomargs.py for tasks to queue
[2026-07-22T13:07:47.385+0000] {logging_mixin.py:190} INFO - [2026-07-22T13:07:47.384+0000] {dagbag.py:588} INFO - Filling up the DagBag from /home/airflow/.local/lib/python3.12/site-packages/airflow/example_dags/example_xcomargs.py
[2026-07-22T13:07:47.416+0000] {processor.py:925} INFO - DAG(s) 'example_xcom_args', 'example_xcom_args_with_operators' retrieved from /home/airflow/.local/lib/python3.12/site-packages/airflow/example_dags/example_xcomargs.py
[2026-07-22T13:07:47.474+0000] {logging_mixin.py:190} INFO - [2026-07-22T13:07:47.474+0000] {dag.py:3239} INFO - Sync 2 DAGs
[2026-07-22T13:07:47.510+0000] {logging_mixin.py:190} INFO - [2026-07-22T13:07:47.509+0000] {dag.py:4180} INFO - Setting next_dagrun for example_xcom_args to None, run_after=None
[2026-07-22T13:07:47.522+0000] {logging_mixin.py:190} INFO - [2026-07-22T13:07:47.522+0000] {dag.py:4180} INFO - Setting next_dagrun for example_xcom_args_with_operators to None, run_after=None
[2026-07-22T13:07:47.568+0000] {processor.py:208} INFO - Processing /home/airflow/.local/lib/python3.12/site-packages/airflow/example_dags/example_xcomargs.py took 0.210 seconds
[2026-07-22T13:08:17.887+0000] {processor.py:186} INFO - Started process (PID=219) to work on /home/airflow/.local/lib/python3.12/site-packages/airflow/example_dags/example_xcomargs.py
[2026-07-22T13:08:17.889+0000] {processor.py:914} INFO - Processing file /home/airflow/.local/lib/python3.12/site-packages/airflow/example_dags/example_xcomargs.py for tasks to queue
[2026-07-22T13:08:17.893+0000] {logging_mixin.py:190} INFO - [2026-07-22T13:08:17.893+0000] {dagbag.py:588} INFO - Filling up the DagBag from /home/airflow/.local/lib/python3.12/site-packages/airflow/example_dags/example_xcomargs.py
[2026-07-22T13:08:17.915+0000] {processor.py:925} INFO - DAG(s) 'example_xcom_args_with_operators', 'example_xcom_args' retrieved from /home/airflow/.local/lib/python3.12/site-packages/airflow/example_dags/example_xcomargs.py
[2026-07-22T13:08:17.964+0000] {logging_mixin.py:190} INFO - [2026-07-22T13:08:17.963+0000] {dag.py:3239} INFO - Sync 2 DAGs
[2026-07-22T13:08:17.992+0000] {logging_mixin.py:190} INFO - [2026-07-22T13:08:17.991+0000] {dag.py:4180} INFO - Setting next_dagrun for example_xcom_args to None, run_after=None
[2026-07-22T13:08:18.000+0000] {logging_mixin.py:190} INFO - [2026-07-22T13:08:17.999+0000] {dag.py:4180} INFO - Setting next_dagrun for example_xcom_args_with_operators to None, run_after=None
[2026-07-22T13:08:18.035+0000] {processor.py:208} INFO - Processing /home/airflow/.local/lib/python3.12/site-packages/airflow/example_dags/example_xcomargs.py took 0.156 seconds
[2026-07-22T13:08:48.257+0000] {processor.py:186} INFO - Started process (PID=282) to work on /home/airflow/.local/lib/python3.12/site-packages/airflow/example_dags/example_xcomargs.py
[2026-07-22T13:08:48.259+0000] {processor.py:914} INFO - Processing file /home/airflow/.local/lib/python3.12/site-packages/airflow/example_dags/example_xcomargs.py for tasks to queue
[2026-07-22T13:08:48.266+0000] {logging_mixin.py:190} INFO - [2026-07-22T13:08:48.266+0000] {dagbag.py:588} INFO - Filling up the DagBag from /home/airflow/.local/lib/python3.12/site-packages/airflow/example_dags/example_xcomargs.py
[2026-07-22T13:08:48.286+0000] {processor.py:925} INFO - DAG(s) 'example_xcom_args', 'example_xcom_args_with_operators' retrieved from /home/airflow/.local/lib/python3.12/site-packages/airflow/example_dags/example_xcomargs.py
[2026-07-22T13:08:48.323+0000] {logging_mixin.py:190} INFO - [2026-07-22T13:08:48.322+0000] {dag.py:3239} INFO - Sync 2 DAGs
[2026-07-22T13:08:48.347+0000] {logging_mixin.py:190} INFO - [2026-07-22T13:08:48.347+0000] {dag.py:4180} INFO - Setting next_dagrun for example_xcom_args to None, run_after=None
[2026-07-22T13:08:48.354+0000] {logging_mixin.py:190} INFO - [2026-07-22T13:08:48.354+0000] {dag.py:4180} INFO - Setting next_dagrun for example_xcom_args_with_operators to None, run_after=None
[2026-07-22T13:08:48.383+0000] {processor.py:208} INFO - Processing /home/airflow/.local/lib/python3.12/site-packages/airflow/example_dags/example_xcomargs.py took 0.136 seconds
[2026-07-22T13:09:19.057+0000] {processor.py:186} INFO - Started process (PID=346) to work on /home/airflow/.local/lib/python3.12/site-packages/airflow/example_dags/example_xcomargs.py
[2026-07-22T13:09:19.059+0000] {processor.py:914} INFO - Processing file /home/airflow/.local/lib/python3.12/site-packages/airflow/example_dags/example_xcomargs.py for tasks to queue
[2026-07-22T13:09:19.063+0000] {logging_mixin.py:190} INFO - [2026-07-22T13:09:19.062+0000] {dagbag.py:588} INFO - Filling up the DagBag from /home/airflow/.local/lib/python3.12/site-packages/airflow/example_dags/example_xcomargs.py
[2026-07-22T13:09:19.077+0000] {processor.py:925} INFO - DAG(s) 'example_xcom_args', 'example_xcom_args_with_operators' retrieved from /home/airflow/.local/lib/python3.12/site-packages/airflow/example_dags/example_xcomargs.py
[2026-07-22T13:09:19.114+0000] {logging_mixin.py:190} INFO - [2026-07-22T13:09:19.114+0000] {dag.py:3239} INFO - Sync 2 DAGs
[2026-07-22T13:09:19.140+0000] {logging_mixin.py:190} INFO - [2026-07-22T13:09:19.140+0000] {dag.py:4180} INFO - Setting next_dagrun for example_xcom_args to None, run_after=None
[2026-07-22T13:09:19.147+0000] {logging_mixin.py:190} INFO - [2026-07-22T13:09:19.146+0000] {dag.py:4180} INFO - Setting next_dagrun for example_xcom_args_with_operators to None, run_after=None
[2026-07-22T13:09:19.178+0000] {processor.py:208} INFO - Processing /home/airflow/.local/lib/python3.12/site-packages/airflow/example_dags/example_xcomargs.py took 0.128 seconds
[2026-07-22T13:09:49.988+0000] {processor.py:186} INFO - Started process (PID=409) to work on /home/airflow/.local/lib/python3.12/site-packages/airflow/example_dags/example_xcomargs.py
[2026-07-22T13:09:49.991+0000] {processor.py:914} INFO - Processing file /home/airflow/.local/lib/python3.12/site-packages/airflow/example_dags/example_xcomargs.py for tasks to queue
[2026-07-22T13:09:49.997+0000] {logging_mixin.py:190} INFO - [2026-07-22T13:09:49.996+0000] {dagbag.py:588} INFO - Filling up the DagBag from /home/airflow/.local/lib/python3.12/site-packages/airflow/example_dags/example_xcomargs.py
[2026-07-22T13:09:50.024+0000] {processor.py:925} INFO - DAG(s) 'example_xcom_args', 'example_xcom_args_with_operators' retrieved from /home/airflow/.local/lib/python3.12/site-packages/airflow/example_dags/example_xcomargs.py
[2026-07-22T13:09:50.089+0000] {logging_mixin.py:190} INFO - [2026-07-22T13:09:50.088+0000] {dag.py:3239} INFO - Sync 2 DAGs
[2026-07-22T13:09:50.118+0000] {logging_mixin.py:190} INFO - [2026-07-22T13:09:50.118+0000] {dag.py:4180} INFO - Setting next_dagrun for example_xcom_args to None, run_after=None
[2026-07-22T13:09:50.126+0000] {logging_mixin.py:190} INFO - [2026-07-22T13:09:50.126+0000] {dag.py:4180} INFO - Setting next_dagrun for example_xcom_args_with_operators to None, run_after=None
[2026-07-22T13:09:50.162+0000] {processor.py:208} INFO - Processing /home/airflow/.local/lib/python3.12/site-packages/airflow/example_dags/example_xcomargs.py took 0.191 seconds
[2026-07-22T13:10:20.413+0000] {processor.py:186} INFO - Started process (PID=472) to work on /home/airflow/.local/lib/python3.12/site-packages/airflow/example_dags/example_xcomargs.py
[2026-07-22T13:10:20.415+0000] {processor.py:914} INFO - Processing file /home/airflow/.local/lib/python3.12/site-packages/airflow/example_dags/example_xcomargs.py for tasks to queue
[2026-07-22T13:10:20.423+0000] {logging_mixin.py:190} INFO - [2026-07-22T13:10:20.422+0000] {dagbag.py:588} INFO - Filling up the DagBag from /home/airflow/.local/lib/python3.12/site-packages/airflow/example_dags/example_xcomargs.py
[2026-07-22T13:10:20.452+0000] {processor.py:925} INFO - DAG(s) 'example_xcom_args_with_operators', 'example_xcom_args' retrieved from /home/airflow/.local/lib/python3.12/site-packages/airflow/example_dags/example_xcomargs.py
[2026-07-22T13:10:20.515+0000] {logging_mixin.py:190} INFO - [2026-07-22T13:10:20.514+0000] {dag.py:3239} INFO - Sync 2 DAGs
[2026-07-22T13:10:20.645+0000] {logging_mixin.py:190} INFO - [2026-07-22T13:10:20.644+0000] {dag.py:4180} INFO - Setting next_dagrun for example_xcom_args to None, run_after=None
[2026-07-22T13:10:20.688+0000] {logging_mixin.py:190} INFO - [2026-07-22T13:10:20.687+0000] {dag.py:4180} INFO - Setting next_dagrun for example_xcom_args_with_operators to None, run_after=None
[2026-07-22T13:10:20.778+0000] {processor.py:208} INFO - Processing /home/airflow/.local/lib/python3.12/site-packages/airflow/example_dags/example_xcomargs.py took 0.379 seconds
[2026-07-22T13:10:51.626+0000] {processor.py:186} INFO - Started process (PID=535) to work on /home/airflow/.local/lib/python3.12/site-packages/airflow/example_dags/example_xcomargs.py
[2026-07-22T13:10:51.629+0000] {processor.py:914} INFO - Processing file /home/airflow/.local/lib/python3.12/site-packages/airflow/example_dags/example_xcomargs.py for tasks to queue
[2026-07-22T13:10:51.637+0000] {logging_mixin.py:190} INFO - [2026-07-22T13:10:51.636+0000] {dagbag.py:588} INFO - Filling up the DagBag from /home/airflow/.local/lib/python3.12/site-packages/airflow/example_dags/example_xcomargs.py
[2026-07-22T13:10:51.656+0000] {processor.py:925} INFO - DAG(s) 'example_xcom_args', 'example_xcom_args_with_operators' retrieved from /home/airflow/.local/lib/python3.12/site-packages/airflow/example_dags/example_xcomargs.py
[2026-07-22T13:10:51.694+0000] {logging_mixin.py:190} INFO - [2026-07-22T13:10:51.694+0000] {dag.py:3239} INFO - Sync 2 DAGs
[2026-07-22T13:10:51.716+0000] {logging_mixin.py:190} INFO - [2026-07-22T13:10:51.716+0000] {dag.py:4180} INFO - Setting next_dagrun for example_xcom_args to None, run_after=None
[2026-07-22T13:10:51.723+0000] {logging_mixin.py:190} INFO - [2026-07-22T13:10:51.723+0000] {dag.py:4180} INFO - Setting next_dagrun for example_xcom_args_with_operators to None, run_after=None
[2026-07-22T13:10:51.756+0000] {processor.py:208} INFO - Processing /home/airflow/.local/lib/python3.12/site-packages/airflow/example_dags/example_xcomargs.py took 0.143 seconds
[2026-07-22T13:11:22.268+0000] {processor.py:186} INFO - Started process (PID=598) to work on /home/airflow/.local/lib/python3.12/site-packages/airflow/example_dags/example_xcomargs.py
[2026-07-22T13:11:22.272+0000] {processor.py:914} INFO - Processing file /home/airflow/.local/lib/python3.12/site-packages/airflow/example_dags/example_xcomargs.py for tasks to queue
[2026-07-22T13:11:22.278+0000] {logging_mixin.py:190} INFO - [2026-07-22T13:11:22.277+0000] {dagbag.py:588} INFO - Filling up the DagBag from /home/airflow/.local/lib/python3.12/site-packages/airflow/example_dags/example_xcomargs.py
[2026-07-22T13:11:22.307+0000] {processor.py:925} INFO - DAG(s) 'example_xcom_args', 'example_xcom_args_with_operators' retrieved from /home/airflow/.local/lib/python3.12/site-packages/airflow/example_dags/example_xcomargs.py
[2026-07-22T13:11:22.366+0000] {logging_mixin.py:190} INFO - [2026-07-22T13:11:22.365+0000] {dag.py:3239} INFO - Sync 2 DAGs
[2026-07-22T13:11:22.393+0000] {logging_mixin.py:190} INFO - [2026-07-22T13:11:22.392+0000] {dag.py:4180} INFO - Setting next_dagrun for example_xcom_args to None, run_after=None
[2026-07-22T13:11:22.401+0000] {logging_mixin.py:190} INFO - [2026-07-22T13:11:22.400+0000] {dag.py:4180} INFO - Setting next_dagrun for example_xcom_args_with_operators to None, run_after=None
[2026-07-22T13:11:22.444+0000] {processor.py:208} INFO - Processing /home/airflow/.local/lib/python3.12/site-packages/airflow/example_dags/example_xcomargs.py took 0.184 seconds
[2026-07-22T13:11:53.308+0000] {processor.py:186} INFO - Started process (PID=661) to work on /home/airflow/.local/lib/python3.12/site-packages/airflow/example_dags/example_xcomargs.py
[2026-07-22T13:11:53.311+0000] {processor.py:914} INFO - Processing file /home/airflow/.local/lib/python3.12/site-packages/airflow/example_dags/example_xcomargs.py for tasks to queue
[2026-07-22T13:11:53.323+0000] {logging_mixin.py:190} INFO - [2026-07-22T13:11:53.321+0000] {dagbag.py:588} INFO - Filling up the DagBag from /home/airflow/.local/lib/python3.12/site-packages/airflow/example_dags/example_xcomargs.py
[2026-07-22T13:11:53.380+0000] {processor.py:925} INFO - DAG(s) 'example_xcom_args_with_operators', 'example_xcom_args' retrieved from /home/airflow/.local/lib/python3.12/site-packages/airflow/example_dags/example_xcomargs.py
[2026-07-22T13:11:53.465+0000] {logging_mixin.py:190} INFO - [2026-07-22T13:11:53.464+0000] {dag.py:3239} INFO - Sync 2 DAGs
[2026-07-22T13:11:53.524+0000] {logging_mixin.py:190} INFO - [2026-07-22T13:11:53.523+0000] {dag.py:4180} INFO - Setting next_dagrun for example_xcom_args to None, run_after=None
[2026-07-22T13:11:53.536+0000] {logging_mixin.py:190} INFO - [2026-07-22T13:11:53.535+0000] {dag.py:4180} INFO - Setting next_dagrun for example_xcom_args_with_operators to None, run_after=None
[2026-07-22T13:11:53.583+0000] {processor.py:208} INFO - Processing /home/airflow/.local/lib/python3.12/site-packages/airflow/example_dags/example_xcomargs.py took 0.298 seconds
[2026-07-22T13:12:23.668+0000] {processor.py:186} INFO - Started process (PID=724) to work on /home/airflow/.local/lib/python3.12/site-packages/airflow/example_dags/example_xcomargs.py
[2026-07-22T13:12:23.671+0000] {processor.py:914} INFO - Processing file /home/airflow/.local/lib/python3.12/site-packages/airflow/example_dags/example_xcomargs.py for tasks to queue
[2026-07-22T13:12:23.677+0000] {logging_mixin.py:190} INFO - [2026-07-22T13:12:23.676+0000] {dagbag.py:588} INFO - Filling up the DagBag from /home/airflow/.local/lib/python3.12/site-packages/airflow/example_dags/example_xcomargs.py
[2026-07-22T13:12:23.704+0000] {processor.py:925} INFO - DAG(s) 'example_xcom_args', 'example_xcom_args_with_operators' retrieved from /home/airflow/.local/lib/python3.12/site-packages/airflow/example_dags/example_xcomargs.py
[2026-07-22T13:12:23.754+0000] {logging_mixin.py:190} INFO - [2026-07-22T13:12:23.753+0000] {dag.py:3239} INFO - Sync 2 DAGs
[2026-07-22T13:12:23.799+0000] {logging_mixin.py:190} INFO - [2026-07-22T13:12:23.797+0000] {dag.py:4180} INFO - Setting next_dagrun for example_xcom_args to None, run_after=None
[2026-07-22T13:12:23.811+0000] {logging_mixin.py:190} INFO - [2026-07-22T13:12:23.811+0000] {dag.py:4180} INFO - Setting next_dagrun for example_xcom_args_with_operators to None, run_after=None
[2026-07-22T13:12:23.861+0000] {processor.py:208} INFO - Processing /home/airflow/.local/lib/python3.12/site-packages/airflow/example_dags/example_xcomargs.py took 0.205 seconds
[2026-07-22T13:12:54.054+0000] {processor.py:186} INFO - Started process (PID=788) to work on /home/airflow/.local/lib/python3.12/site-packages/airflow/example_dags/example_xcomargs.py
[2026-07-22T13:12:54.057+0000] {processor.py:914} INFO - Processing file /home/airflow/.local/lib/python3.12/site-packages/airflow/example_dags/example_xcomargs.py for tasks to queue
[2026-07-22T13:12:54.062+0000] {logging_mixin.py:190} INFO - [2026-07-22T13:12:54.061+0000] {dagbag.py:588} INFO - Filling up the DagBag from /home/airflow/.local/lib/python3.12/site-packages/airflow/example_dags/example_xcomargs.py
[2026-07-22T13:12:54.077+0000] {processor.py:925} INFO - DAG(s) 'example_xcom_args', 'example_xcom_args_with_operators' retrieved from /home/airflow/.local/lib/python3.12/site-packages/airflow/example_dags/example_xcomargs.py
[2026-07-22T13:12:54.106+0000] {logging_mixin.py:190} INFO - [2026-07-22T13:12:54.106+0000] {dag.py:3239} INFO - Sync 2 DAGs
[2026-07-22T13:12:54.124+0000] {logging_mixin.py:190} INFO - [2026-07-22T13:12:54.124+0000] {dag.py:4180} INFO - Setting next_dagrun for example_xcom_args to None, run_after=None
[2026-07-22T13:12:54.131+0000] {logging_mixin.py:190} INFO - [2026-07-22T13:12:54.131+0000] {dag.py:4180} INFO - Setting next_dagrun for example_xcom_args_with_operators to None, run_after=None
[2026-07-22T13:12:54.160+0000] {processor.py:208} INFO - Processing /home/airflow/.local/lib/python3.12/site-packages/airflow/example_dags/example_xcomargs.py took 0.114 seconds
[2026-07-22T13:13:26.294+0000] {processor.py:186} INFO - Started process (PID=849) to work on /home/airflow/.local/lib/python3.12/site-packages/airflow/example_dags/example_xcomargs.py
[2026-07-22T13:13:26.297+0000] {processor.py:914} INFO - Processing file /home/airflow/.local/lib/python3.12/site-packages/airflow/example_dags/example_xcomargs.py for tasks to queue
[2026-07-22T13:13:26.304+0000] {logging_mixin.py:190} INFO - [2026-07-22T13:13:26.303+0000] {dagbag.py:588} INFO - Filling up the DagBag from /home/airflow/.local/lib/python3.12/site-packages/airflow/example_dags/example_xcomargs.py
[2026-07-22T13:13:26.329+0000] {processor.py:925} INFO - DAG(s) 'example_xcom_args', 'example_xcom_args_with_operators' retrieved from /home/airflow/.local/lib/python3.12/site-packages/airflow/example_dags/example_xcomargs.py
[2026-07-22T13:13:26.380+0000] {logging_mixin.py:190} INFO - [2026-07-22T13:13:26.380+0000] {dag.py:3239} INFO - Sync 2 DAGs
[2026-07-22T13:13:26.419+0000] {logging_mixin.py:190} INFO - [2026-07-22T13:13:26.418+0000] {dag.py:4180} INFO - Setting next_dagrun for example_xcom_args to None, run_after=None
[2026-07-22T13:13:26.432+0000] {logging_mixin.py:190} INFO - [2026-07-22T13:13:26.431+0000] {dag.py:4180} INFO - Setting next_dagrun for example_xcom_args_with_operators to None, run_after=None
[2026-07-22T13:13:26.475+0000] {processor.py:208} INFO - Processing /home/airflow/.local/lib/python3.12/site-packages/airflow/example_dags/example_xcomargs.py took 0.197 seconds
[2026-07-22T13:13:57.314+0000] {processor.py:186} INFO - Started process (PID=911) to work on /home/airflow/.local/lib/python3.12/site-packages/airflow/example_dags/example_xcomargs.py
[2026-07-22T13:13:57.317+0000] {processor.py:914} INFO - Processing file /home/airflow/.local/lib/python3.12/site-packages/airflow/example_dags/example_xcomargs.py for tasks to queue
[2026-07-22T13:13:57.324+0000] {logging_mixin.py:190} INFO - [2026-07-22T13:13:57.323+0000] {dagbag.py:588} INFO - Filling up the DagBag from /home/airflow/.local/lib/python3.12/site-packages/airflow/example_dags/example_xcomargs.py
[2026-07-22T13:13:57.348+0000] {processor.py:925} INFO - DAG(s) 'example_xcom_args', 'example_xcom_args_with_operators' retrieved from /home/airflow/.local/lib/python3.12/site-packages/airflow/example_dags/example_xcomargs.py
[2026-07-22T13:13:57.396+0000] {logging_mixin.py:190} INFO - [2026-07-22T13:13:57.395+0000] {dag.py:3239} INFO - Sync 2 DAGs
[2026-07-22T13:13:57.425+0000] {logging_mixin.py:190} INFO - [2026-07-22T13:13:57.424+0000] {dag.py:4180} INFO - Setting next_dagrun for example_xcom_args to None, run_after=None
[2026-07-22T13:13:57.432+0000] {logging_mixin.py:190} INFO - [2026-07-22T13:13:57.432+0000] {dag.py:4180} INFO - Setting next_dagrun for example_xcom_args_with_operators to None, run_after=None
[2026-07-22T13:13:57.485+0000] {processor.py:208} INFO - Processing /home/airflow/.local/lib/python3.12/site-packages/airflow/example_dags/example_xcomargs.py took 0.184 seconds
[2026-07-22T13:14:28.433+0000] {processor.py:186} INFO - Started process (PID=973) to work on /home/airflow/.local/lib/python3.12/site-packages/airflow/example_dags/example_xcomargs.py
[2026-07-22T13:14:28.436+0000] {processor.py:914} INFO - Processing file /home/airflow/.local/lib/python3.12/site-packages/airflow/example_dags/example_xcomargs.py for tasks to queue
[2026-07-22T13:14:28.446+0000] {logging_mixin.py:190} INFO - [2026-07-22T13:14:28.445+0000] {dagbag.py:588} INFO - Filling up the DagBag from /home/airflow/.local/lib/python3.12/site-packages/airflow/example_dags/example_xcomargs.py
[2026-07-22T13:14:28.496+0000] {processor.py:925} INFO - DAG(s) 'example_xcom_args', 'example_xcom_args_with_operators' retrieved from /home/airflow/.local/lib/python3.12/site-packages/airflow/example_dags/example_xcomargs.py
[2026-07-22T13:14:28.546+0000] {logging_mixin.py:190} INFO - [2026-07-22T13:14:28.545+0000] {dag.py:3239} INFO - Sync 2 DAGs
[2026-07-22T13:14:28.579+0000] {logging_mixin.py:190} INFO - [2026-07-22T13:14:28.578+0000] {dag.py:4180} INFO - Setting next_dagrun for example_xcom_args to None, run_after=None
[2026-07-22T13:14:28.587+0000] {logging_mixin.py:190} INFO - [2026-07-22T13:14:28.586+0000] {dag.py:4180} INFO - Setting next_dagrun for example_xcom_args_with_operators to None, run_after=None
[2026-07-22T13:14:28.625+0000] {processor.py:208} INFO - Processing /home/airflow/.local/lib/python3.12/site-packages/airflow/example_dags/example_xcomargs.py took 0.205 seconds
[2026-07-22T13:15:00.031+0000] {processor.py:186} INFO - Started process (PID=1029) to work on /home/airflow/.local/lib/python3.12/site-packages/airflow/example_dags/example_xcomargs.py
[2026-07-22T13:15:00.034+0000] {processor.py:914} INFO - Processing file /home/airflow/.local/lib/python3.12/site-packages/airflow/example_dags/example_xcomargs.py for tasks to queue
[2026-07-22T13:15:00.039+0000] {logging_mixin.py:190} INFO - [2026-07-22T13:15:00.039+0000] {dagbag.py:588} INFO - Filling up the DagBag from /home/airflow/.local/lib/python3.12/site-packages/airflow/example_dags/example_xcomargs.py
[2026-07-22T13:15:00.060+0000] {processor.py:925} INFO - DAG(s) 'example_xcom_args_with_operators', 'example_xcom_args' retrieved from /home/airflow/.local/lib/python3.12/site-packages/airflow/example_dags/example_xcomargs.py
[2026-07-22T13:15:00.099+0000] {logging_mixin.py:190} INFO - [2026-07-22T13:15:00.099+0000] {dag.py:3239} INFO - Sync 2 DAGs
[2026-07-22T13:15:00.139+0000] {logging_mixin.py:190} INFO - [2026-07-22T13:15:00.139+0000] {dag.py:4180} INFO - Setting next_dagrun for example_xcom_args to None, run_after=None
[2026-07-22T13:15:00.154+0000] {logging_mixin.py:190} INFO - [2026-07-22T13:15:00.153+0000] {dag.py:4180} INFO - Setting next_dagrun for example_xcom_args_with_operators to None, run_after=None
[2026-07-22T13:15:00.193+0000] {processor.py:208} INFO - Processing /home/airflow/.local/lib/python3.12/site-packages/airflow/example_dags/example_xcomargs.py took 0.170 seconds
[2026-07-22T13:15:35.286+0000] {processor.py:186} INFO - Started process (PID=1093) to work on /home/airflow/.local/lib/python3.12/site-packages/airflow/example_dags/example_xcomargs.py
[2026-07-22T13:15:35.291+0000] {processor.py:914} INFO - Processing file /home/airflow/.local/lib/python3.12/site-packages/airflow/example_dags/example_xcomargs.py for tasks to queue
[2026-07-22T13:15:35.298+0000] {logging_mixin.py:190} INFO - [2026-07-22T13:15:35.297+0000] {dagbag.py:588} INFO - Filling up the DagBag from /home/airflow/.local/lib/python3.12/site-packages/airflow/example_dags/example_xcomargs.py
[2026-07-22T13:15:35.335+0000] {processor.py:925} INFO - DAG(s) 'example_xcom_args_with_operators', 'example_xcom_args' retrieved from /home/airflow/.local/lib/python3.12/site-packages/airflow/example_dags/example_xcomargs.py
[2026-07-22T13:15:35.421+0000] {logging_mixin.py:190} INFO - [2026-07-22T13:15:35.420+0000] {dag.py:3239} INFO - Sync 2 DAGs
[2026-07-22T13:15:35.473+0000] {logging_mixin.py:190} INFO - [2026-07-22T13:15:35.472+0000] {dag.py:4180} INFO - Setting next_dagrun for example_xcom_args to None, run_after=None
[2026-07-22T13:15:35.486+0000] {logging_mixin.py:190} INFO - [2026-07-22T13:15:35.486+0000] {dag.py:4180} INFO - Setting next_dagrun for example_xcom_args_with_operators to None, run_after=None
[2026-07-22T13:15:35.550+0000] {processor.py:208} INFO - Processing /home/airflow/.local/lib/python3.12/site-packages/airflow/example_dags/example_xcomargs.py took 0.280 seconds
[2026-07-22T13:16:05.978+0000] {processor.py:186} INFO - Started process (PID=1153) to work on /home/airflow/.local/lib/python3.12/site-packages/airflow/example_dags/example_xcomargs.py
[2026-07-22T13:16:05.981+0000] {processor.py:914} INFO - Processing file /home/airflow/.local/lib/python3.12/site-packages/airflow/example_dags/example_xcomargs.py for tasks to queue
[2026-07-22T13:16:05.988+0000] {logging_mixin.py:190} INFO - [2026-07-22T13:16:05.987+0000] {dagbag.py:588} INFO - Filling up the DagBag from /home/airflow/.local/lib/python3.12/site-packages/airflow/example_dags/example_xcomargs.py
[2026-07-22T13:16:06.048+0000] {processor.py:925} INFO - DAG(s) 'example_xcom_args_with_operators', 'example_xcom_args' retrieved from /home/airflow/.local/lib/python3.12/site-packages/airflow/example_dags/example_xcomargs.py
[2026-07-22T13:16:06.176+0000] {logging_mixin.py:190} INFO - [2026-07-22T13:16:06.175+0000] {dag.py:3239} INFO - Sync 2 DAGs
[2026-07-22T13:16:06.257+0000] {logging_mixin.py:190} INFO - [2026-07-22T13:16:06.256+0000] {dag.py:4180} INFO - Setting next_dagrun for example_xcom_args to None, run_after=None
[2026-07-22T13:16:06.282+0000] {logging_mixin.py:190} INFO - [2026-07-22T13:16:06.282+0000] {dag.py:4180} INFO - Setting next_dagrun for example_xcom_args_with_operators to None, run_after=None
[2026-07-22T13:16:06.357+0000] {processor.py:208} INFO - Processing /home/airflow/.local/lib/python3.12/site-packages/airflow/example_dags/example_xcomargs.py took 0.396 seconds
[2026-07-22T13:16:36.755+0000] {processor.py:186} INFO - Started process (PID=1214) to work on /home/airflow/.local/lib/python3.12/site-packages/airflow/example_dags/example_xcomargs.py
[2026-07-22T13:16:36.759+0000] {processor.py:914} INFO - Processing file /home/airflow/.local/lib/python3.12/site-packages/airflow/example_dags/example_xcomargs.py for tasks to queue
[2026-07-22T13:16:36.764+0000] {logging_mixin.py:190} INFO - [2026-07-22T13:16:36.764+0000] {dagbag.py:588} INFO - Filling up the DagBag from /home/airflow/.local/lib/python3.12/site-packages/airflow/example_dags/example_xcomargs.py
[2026-07-22T13:16:36.784+0000] {processor.py:925} INFO - DAG(s) 'example_xcom_args_with_operators', 'example_xcom_args' retrieved from /home/airflow/.local/lib/python3.12/site-packages/airflow/example_dags/example_xcomargs.py
[2026-07-22T13:16:36.833+0000] {logging_mixin.py:190} INFO - [2026-07-22T13:16:36.832+0000] {dag.py:3239} INFO - Sync 2 DAGs
[2026-07-22T13:16:36.864+0000] {logging_mixin.py:190} INFO - [2026-07-22T13:16:36.864+0000] {dag.py:4180} INFO - Setting next_dagrun for example_xcom_args to None, run_after=None
[2026-07-22T13:16:36.875+0000] {logging_mixin.py:190} INFO - [2026-07-22T13:16:36.874+0000] {dag.py:4180} INFO - Setting next_dagrun for example_xcom_args_with_operators to None, run_after=None
[2026-07-22T13:16:36.916+0000] {processor.py:208} INFO - Processing /home/airflow/.local/lib/python3.12/site-packages/airflow/example_dags/example_xcomargs.py took 0.170 seconds
[2026-07-22T13:17:12.649+0000] {processor.py:186} INFO - Started process (PID=1277) to work on /home/airflow/.local/lib/python3.12/site-packages/airflow/example_dags/example_xcomargs.py
[2026-07-22T13:17:12.658+0000] {processor.py:914} INFO - Processing file /home/airflow/.local/lib/python3.12/site-packages/airflow/example_dags/example_xcomargs.py for tasks to queue
[2026-07-22T13:17:12.675+0000] {logging_mixin.py:190} INFO - [2026-07-22T13:17:12.673+0000] {dagbag.py:588} INFO - Filling up the DagBag from /home/airflow/.local/lib/python3.12/site-packages/airflow/example_dags/example_xcomargs.py
[2026-07-22T13:17:12.745+0000] {processor.py:925} INFO - DAG(s) 'example_xcom_args_with_operators', 'example_xcom_args' retrieved from /home/airflow/.local/lib/python3.12/site-packages/airflow/example_dags/example_xcomargs.py
[2026-07-22T13:17:12.865+0000] {logging_mixin.py:190} INFO - [2026-07-22T13:17:12.864+0000] {dag.py:3239} INFO - Sync 2 DAGs
[2026-07-22T13:17:12.949+0000] {logging_mixin.py:190} INFO - [2026-07-22T13:17:12.948+0000] {dag.py:4180} INFO - Setting next_dagrun for example_xcom_args to None, run_after=None
[2026-07-22T13:17:12.964+0000] {logging_mixin.py:190} INFO - [2026-07-22T13:17:12.963+0000] {dag.py:4180} INFO - Setting next_dagrun for example_xcom_args_with_operators to None, run_after=None
[2026-07-22T13:17:13.047+0000] {processor.py:208} INFO - Processing /home/airflow/.local/lib/python3.12/site-packages/airflow/example_dags/example_xcomargs.py took 0.450 seconds
[2026-07-22T13:17:43.722+0000] {processor.py:186} INFO - Started process (PID=1339) to work on /home/airflow/.local/lib/python3.12/site-packages/airflow/example_dags/example_xcomargs.py
[2026-07-22T13:17:43.725+0000] {processor.py:914} INFO - Processing file /home/airflow/.local/lib/python3.12/site-packages/airflow/example_dags/example_xcomargs.py for tasks to queue
[2026-07-22T13:17:43.743+0000] {logging_mixin.py:190} INFO - [2026-07-22T13:17:43.742+0000] {dagbag.py:588} INFO - Filling up the DagBag from /home/airflow/.local/lib/python3.12/site-packages/airflow/example_dags/example_xcomargs.py
[2026-07-22T13:17:43.837+0000] {processor.py:925} INFO - DAG(s) 'example_xcom_args_with_operators', 'example_xcom_args' retrieved from /home/airflow/.local/lib/python3.12/site-packages/airflow/example_dags/example_xcomargs.py
[2026-07-22T13:17:43.973+0000] {logging_mixin.py:190} INFO - [2026-07-22T13:17:43.972+0000] {dag.py:3239} INFO - Sync 2 DAGs
[2026-07-22T13:17:44.068+0000] {logging_mixin.py:190} INFO - [2026-07-22T13:17:44.064+0000] {dag.py:4180} INFO - Setting next_dagrun for example_xcom_args to None, run_after=None
[2026-07-22T13:17:44.107+0000] {logging_mixin.py:190} INFO - [2026-07-22T13:17:44.104+0000] {dag.py:4180} INFO - Setting next_dagrun for example_xcom_args_with_operators to None, run_after=None
[2026-07-22T13:17:44.168+0000] {processor.py:208} INFO - Processing /home/airflow/.local/lib/python3.12/site-packages/airflow/example_dags/example_xcomargs.py took 0.462 seconds
