[2026-07-22T13:07:08.895+0000] {processor.py:186} INFO - Started process (PID=74) to work on /home/airflow/.local/lib/python3.12/site-packages/airflow/example_dags/example_external_task_marker_dag.py
[2026-07-22T13:07:08.906+0000] {processor.py:914} INFO - Processing file /home/airflow/.local/lib/python3.12/site-packages/airflow/example_dags/example_external_task_marker_dag.py for tasks to queue
[2026-07-22T13:07:08.928+0000] {logging_mixin.py:190} INFO - [2026-07-22T13:07:08.927+0000] {dagbag.py:588} INFO - Filling up the DagBag from /home/airflow/.local/lib/python3.12/site-packages/airflow/example_dags/example_external_task_marker_dag.py
[2026-07-22T13:07:08.968+0000] {processor.py:925} INFO - DAG(s) 'example_external_task_marker_parent', 'example_external_task_marker_child' retrieved from /home/airflow/.local/lib/python3.12/site-packages/airflow/example_dags/example_external_task_marker_dag.py
[2026-07-22T13:07:09.811+0000] {logging_mixin.py:190} INFO - [2026-07-22T13:07:09.808+0000] {override.py:1912} INFO - Created Permission View: can read on DAG:example_external_task_marker_parent
[2026-07-22T13:07:09.847+0000] {logging_mixin.py:190} INFO - [2026-07-22T13:07:09.846+0000] {override.py:1912} INFO - Created Permission View: can edit on DAG:example_external_task_marker_parent
[2026-07-22T13:07:09.868+0000] {logging_mixin.py:190} INFO - [2026-07-22T13:07:09.868+0000] {override.py:1912} INFO - Created Permission View: can delete on DAG:example_external_task_marker_parent
[2026-07-22T13:07:09.894+0000] {logging_mixin.py:190} INFO - [2026-07-22T13:07:09.893+0000] {override.py:1912} INFO - Created Permission View: can read on DAG Run:example_external_task_marker_parent
[2026-07-22T13:07:09.916+0000] {logging_mixin.py:190} INFO - [2026-07-22T13:07:09.915+0000] {override.py:1912} INFO - Created Permission View: menu access on DAG Run:example_external_task_marker_parent
[2026-07-22T13:07:09.935+0000] {logging_mixin.py:190} INFO - [2026-07-22T13:07:09.933+0000] {override.py:1912} INFO - Created Permission View: can create on DAG Run:example_external_task_marker_parent
[2026-07-22T13:07:09.956+0000] {logging_mixin.py:190} INFO - [2026-07-22T13:07:09.955+0000] {override.py:1912} INFO - Created Permission View: can delete on DAG Run:example_external_task_marker_parent
[2026-07-22T13:07:09.996+0000] {logging_mixin.py:190} INFO - [2026-07-22T13:07:09.996+0000] {override.py:1912} INFO - Created Permission View: can read on DAG:example_external_task_marker_child
[2026-07-22T13:07:10.015+0000] {logging_mixin.py:190} INFO - [2026-07-22T13:07:10.015+0000] {override.py:1912} INFO - Created Permission View: can edit on DAG:example_external_task_marker_child
[2026-07-22T13:07:10.041+0000] {logging_mixin.py:190} INFO - [2026-07-22T13:07:10.040+0000] {override.py:1912} INFO - Created Permission View: can delete on DAG:example_external_task_marker_child
[2026-07-22T13:07:10.077+0000] {logging_mixin.py:190} INFO - [2026-07-22T13:07:10.076+0000] {override.py:1912} INFO - Created Permission View: can read on DAG Run:example_external_task_marker_child
[2026-07-22T13:07:10.103+0000] {logging_mixin.py:190} INFO - [2026-07-22T13:07:10.103+0000] {override.py:1912} INFO - Created Permission View: menu access on DAG Run:example_external_task_marker_child
[2026-07-22T13:07:10.135+0000] {logging_mixin.py:190} INFO - [2026-07-22T13:07:10.134+0000] {override.py:1912} INFO - Created Permission View: can create on DAG Run:example_external_task_marker_child
[2026-07-22T13:07:10.154+0000] {logging_mixin.py:190} INFO - [2026-07-22T13:07:10.153+0000] {override.py:1912} INFO - Created Permission View: can delete on DAG Run:example_external_task_marker_child
[2026-07-22T13:07:10.156+0000] {logging_mixin.py:190} INFO - [2026-07-22T13:07:10.156+0000] {dag.py:3239} INFO - Sync 2 DAGs
[2026-07-22T13:07:10.198+0000] {logging_mixin.py:190} INFO - [2026-07-22T13:07:10.198+0000] {dag.py:3262} INFO - Creating ORM DAG for example_external_task_marker_child
[2026-07-22T13:07:10.202+0000] {logging_mixin.py:190} INFO - [2026-07-22T13:07:10.201+0000] {dag.py:3262} INFO - Creating ORM DAG for example_external_task_marker_parent
[2026-07-22T13:07:10.205+0000] {logging_mixin.py:190} INFO - [2026-07-22T13:07:10.204+0000] {dag.py:4180} INFO - Setting next_dagrun for example_external_task_marker_child to None, run_after=None
[2026-07-22T13:07:10.208+0000] {logging_mixin.py:190} INFO - [2026-07-22T13:07:10.208+0000] {dag.py:4180} INFO - Setting next_dagrun for example_external_task_marker_parent to None, run_after=None
[2026-07-22T13:07:10.262+0000] {processor.py:208} INFO - Processing /home/airflow/.local/lib/python3.12/site-packages/airflow/example_dags/example_external_task_marker_dag.py took 1.401 seconds
[2026-07-22T13:07:40.899+0000] {processor.py:186} INFO - Started process (PID=138) to work on /home/airflow/.local/lib/python3.12/site-packages/airflow/example_dags/example_external_task_marker_dag.py
[2026-07-22T13:07:40.902+0000] {processor.py:914} INFO - Processing file /home/airflow/.local/lib/python3.12/site-packages/airflow/example_dags/example_external_task_marker_dag.py for tasks to queue
[2026-07-22T13:07:40.909+0000] {logging_mixin.py:190} INFO - [2026-07-22T13:07:40.908+0000] {dagbag.py:588} INFO - Filling up the DagBag from /home/airflow/.local/lib/python3.12/site-packages/airflow/example_dags/example_external_task_marker_dag.py
[2026-07-22T13:07:40.930+0000] {processor.py:925} INFO - DAG(s) 'example_external_task_marker_child', 'example_external_task_marker_parent' retrieved from /home/airflow/.local/lib/python3.12/site-packages/airflow/example_dags/example_external_task_marker_dag.py
[2026-07-22T13:07:40.992+0000] {logging_mixin.py:190} INFO - [2026-07-22T13:07:40.992+0000] {dag.py:3239} INFO - Sync 2 DAGs
[2026-07-22T13:07:41.023+0000] {logging_mixin.py:190} INFO - [2026-07-22T13:07:41.023+0000] {dag.py:4180} INFO - Setting next_dagrun for example_external_task_marker_child to None, run_after=None
[2026-07-22T13:07:41.031+0000] {logging_mixin.py:190} INFO - [2026-07-22T13:07:41.030+0000] {dag.py:4180} INFO - Setting next_dagrun for example_external_task_marker_parent to None, run_after=None
[2026-07-22T13:07:41.062+0000] {processor.py:208} INFO - Processing /home/airflow/.local/lib/python3.12/site-packages/airflow/example_dags/example_external_task_marker_dag.py took 0.176 seconds
[2026-07-22T13:08:11.245+0000] {processor.py:186} INFO - Started process (PID=201) to work on /home/airflow/.local/lib/python3.12/site-packages/airflow/example_dags/example_external_task_marker_dag.py
[2026-07-22T13:08:11.248+0000] {processor.py:914} INFO - Processing file /home/airflow/.local/lib/python3.12/site-packages/airflow/example_dags/example_external_task_marker_dag.py for tasks to queue
[2026-07-22T13:08:11.254+0000] {logging_mixin.py:190} INFO - [2026-07-22T13:08:11.254+0000] {dagbag.py:588} INFO - Filling up the DagBag from /home/airflow/.local/lib/python3.12/site-packages/airflow/example_dags/example_external_task_marker_dag.py
[2026-07-22T13:08:11.273+0000] {processor.py:925} INFO - DAG(s) 'example_external_task_marker_parent', 'example_external_task_marker_child' retrieved from /home/airflow/.local/lib/python3.12/site-packages/airflow/example_dags/example_external_task_marker_dag.py
[2026-07-22T13:08:11.328+0000] {logging_mixin.py:190} INFO - [2026-07-22T13:08:11.327+0000] {dag.py:3239} INFO - Sync 2 DAGs
[2026-07-22T13:08:11.374+0000] {logging_mixin.py:190} INFO - [2026-07-22T13:08:11.373+0000] {dag.py:4180} INFO - Setting next_dagrun for example_external_task_marker_child to None, run_after=None
[2026-07-22T13:08:11.388+0000] {logging_mixin.py:190} INFO - [2026-07-22T13:08:11.388+0000] {dag.py:4180} INFO - Setting next_dagrun for example_external_task_marker_parent to None, run_after=None
[2026-07-22T13:08:11.438+0000] {processor.py:208} INFO - Processing /home/airflow/.local/lib/python3.12/site-packages/airflow/example_dags/example_external_task_marker_dag.py took 0.206 seconds
[2026-07-22T13:08:42.354+0000] {processor.py:186} INFO - Started process (PID=265) to work on /home/airflow/.local/lib/python3.12/site-packages/airflow/example_dags/example_external_task_marker_dag.py
[2026-07-22T13:08:42.355+0000] {processor.py:914} INFO - Processing file /home/airflow/.local/lib/python3.12/site-packages/airflow/example_dags/example_external_task_marker_dag.py for tasks to queue
[2026-07-22T13:08:42.359+0000] {logging_mixin.py:190} INFO - [2026-07-22T13:08:42.359+0000] {dagbag.py:588} INFO - Filling up the DagBag from /home/airflow/.local/lib/python3.12/site-packages/airflow/example_dags/example_external_task_marker_dag.py
[2026-07-22T13:08:42.377+0000] {processor.py:925} INFO - DAG(s) 'example_external_task_marker_child', 'example_external_task_marker_parent' retrieved from /home/airflow/.local/lib/python3.12/site-packages/airflow/example_dags/example_external_task_marker_dag.py
[2026-07-22T13:08:42.410+0000] {logging_mixin.py:190} INFO - [2026-07-22T13:08:42.410+0000] {dag.py:3239} INFO - Sync 2 DAGs
[2026-07-22T13:08:42.431+0000] {logging_mixin.py:190} INFO - [2026-07-22T13:08:42.431+0000] {dag.py:4180} INFO - Setting next_dagrun for example_external_task_marker_child to None, run_after=None
[2026-07-22T13:08:42.438+0000] {logging_mixin.py:190} INFO - [2026-07-22T13:08:42.438+0000] {dag.py:4180} INFO - Setting next_dagrun for example_external_task_marker_parent to None, run_after=None
[2026-07-22T13:08:42.470+0000] {processor.py:208} INFO - Processing /home/airflow/.local/lib/python3.12/site-packages/airflow/example_dags/example_external_task_marker_dag.py took 0.125 seconds
[2026-07-22T13:09:13.188+0000] {processor.py:186} INFO - Started process (PID=328) to work on /home/airflow/.local/lib/python3.12/site-packages/airflow/example_dags/example_external_task_marker_dag.py
[2026-07-22T13:09:13.193+0000] {processor.py:914} INFO - Processing file /home/airflow/.local/lib/python3.12/site-packages/airflow/example_dags/example_external_task_marker_dag.py for tasks to queue
[2026-07-22T13:09:13.207+0000] {logging_mixin.py:190} INFO - [2026-07-22T13:09:13.205+0000] {dagbag.py:588} INFO - Filling up the DagBag from /home/airflow/.local/lib/python3.12/site-packages/airflow/example_dags/example_external_task_marker_dag.py
[2026-07-22T13:09:13.236+0000] {processor.py:925} INFO - DAG(s) 'example_external_task_marker_child', 'example_external_task_marker_parent' retrieved from /home/airflow/.local/lib/python3.12/site-packages/airflow/example_dags/example_external_task_marker_dag.py
[2026-07-22T13:09:13.302+0000] {logging_mixin.py:190} INFO - [2026-07-22T13:09:13.301+0000] {dag.py:3239} INFO - Sync 2 DAGs
[2026-07-22T13:09:13.359+0000] {logging_mixin.py:190} INFO - [2026-07-22T13:09:13.358+0000] {dag.py:4180} INFO - Setting next_dagrun for example_external_task_marker_child to None, run_after=None
[2026-07-22T13:09:13.369+0000] {logging_mixin.py:190} INFO - [2026-07-22T13:09:13.368+0000] {dag.py:4180} INFO - Setting next_dagrun for example_external_task_marker_parent to None, run_after=None
[2026-07-22T13:09:13.439+0000] {processor.py:208} INFO - Processing /home/airflow/.local/lib/python3.12/site-packages/airflow/example_dags/example_external_task_marker_dag.py took 0.276 seconds
[2026-07-22T13:09:43.584+0000] {processor.py:186} INFO - Started process (PID=392) to work on /home/airflow/.local/lib/python3.12/site-packages/airflow/example_dags/example_external_task_marker_dag.py
[2026-07-22T13:09:43.587+0000] {processor.py:914} INFO - Processing file /home/airflow/.local/lib/python3.12/site-packages/airflow/example_dags/example_external_task_marker_dag.py for tasks to queue
[2026-07-22T13:09:43.591+0000] {logging_mixin.py:190} INFO - [2026-07-22T13:09:43.591+0000] {dagbag.py:588} INFO - Filling up the DagBag from /home/airflow/.local/lib/python3.12/site-packages/airflow/example_dags/example_external_task_marker_dag.py
[2026-07-22T13:09:43.606+0000] {processor.py:925} INFO - DAG(s) 'example_external_task_marker_child', 'example_external_task_marker_parent' retrieved from /home/airflow/.local/lib/python3.12/site-packages/airflow/example_dags/example_external_task_marker_dag.py
[2026-07-22T13:09:43.647+0000] {logging_mixin.py:190} INFO - [2026-07-22T13:09:43.647+0000] {dag.py:3239} INFO - Sync 2 DAGs
[2026-07-22T13:09:43.670+0000] {logging_mixin.py:190} INFO - [2026-07-22T13:09:43.670+0000] {dag.py:4180} INFO - Setting next_dagrun for example_external_task_marker_child to None, run_after=None
[2026-07-22T13:09:43.678+0000] {logging_mixin.py:190} INFO - [2026-07-22T13:09:43.678+0000] {dag.py:4180} INFO - Setting next_dagrun for example_external_task_marker_parent to None, run_after=None
[2026-07-22T13:09:43.712+0000] {processor.py:208} INFO - Processing /home/airflow/.local/lib/python3.12/site-packages/airflow/example_dags/example_external_task_marker_dag.py took 0.138 seconds
[2026-07-22T13:10:14.256+0000] {processor.py:186} INFO - Started process (PID=455) to work on /home/airflow/.local/lib/python3.12/site-packages/airflow/example_dags/example_external_task_marker_dag.py
[2026-07-22T13:10:14.259+0000] {processor.py:914} INFO - Processing file /home/airflow/.local/lib/python3.12/site-packages/airflow/example_dags/example_external_task_marker_dag.py for tasks to queue
[2026-07-22T13:10:14.264+0000] {logging_mixin.py:190} INFO - [2026-07-22T13:10:14.263+0000] {dagbag.py:588} INFO - Filling up the DagBag from /home/airflow/.local/lib/python3.12/site-packages/airflow/example_dags/example_external_task_marker_dag.py
[2026-07-22T13:10:14.279+0000] {processor.py:925} INFO - DAG(s) 'example_external_task_marker_parent', 'example_external_task_marker_child' retrieved from /home/airflow/.local/lib/python3.12/site-packages/airflow/example_dags/example_external_task_marker_dag.py
[2026-07-22T13:10:14.322+0000] {logging_mixin.py:190} INFO - [2026-07-22T13:10:14.321+0000] {dag.py:3239} INFO - Sync 2 DAGs
[2026-07-22T13:10:14.353+0000] {logging_mixin.py:190} INFO - [2026-07-22T13:10:14.352+0000] {dag.py:4180} INFO - Setting next_dagrun for example_external_task_marker_child to None, run_after=None
[2026-07-22T13:10:14.360+0000] {logging_mixin.py:190} INFO - [2026-07-22T13:10:14.360+0000] {dag.py:4180} INFO - Setting next_dagrun for example_external_task_marker_parent to None, run_after=None
[2026-07-22T13:10:14.398+0000] {processor.py:208} INFO - Processing /home/airflow/.local/lib/python3.12/site-packages/airflow/example_dags/example_external_task_marker_dag.py took 0.155 seconds
[2026-07-22T13:10:44.595+0000] {processor.py:186} INFO - Started process (PID=518) to work on /home/airflow/.local/lib/python3.12/site-packages/airflow/example_dags/example_external_task_marker_dag.py
[2026-07-22T13:10:44.598+0000] {processor.py:914} INFO - Processing file /home/airflow/.local/lib/python3.12/site-packages/airflow/example_dags/example_external_task_marker_dag.py for tasks to queue
[2026-07-22T13:10:44.603+0000] {logging_mixin.py:190} INFO - [2026-07-22T13:10:44.603+0000] {dagbag.py:588} INFO - Filling up the DagBag from /home/airflow/.local/lib/python3.12/site-packages/airflow/example_dags/example_external_task_marker_dag.py
[2026-07-22T13:10:44.614+0000] {processor.py:925} INFO - DAG(s) 'example_external_task_marker_child', 'example_external_task_marker_parent' retrieved from /home/airflow/.local/lib/python3.12/site-packages/airflow/example_dags/example_external_task_marker_dag.py
[2026-07-22T13:10:44.646+0000] {logging_mixin.py:190} INFO - [2026-07-22T13:10:44.646+0000] {dag.py:3239} INFO - Sync 2 DAGs
[2026-07-22T13:10:44.668+0000] {logging_mixin.py:190} INFO - [2026-07-22T13:10:44.667+0000] {dag.py:4180} INFO - Setting next_dagrun for example_external_task_marker_child to None, run_after=None
[2026-07-22T13:10:44.675+0000] {logging_mixin.py:190} INFO - [2026-07-22T13:10:44.674+0000] {dag.py:4180} INFO - Setting next_dagrun for example_external_task_marker_parent to None, run_after=None
[2026-07-22T13:10:44.705+0000] {processor.py:208} INFO - Processing /home/airflow/.local/lib/python3.12/site-packages/airflow/example_dags/example_external_task_marker_dag.py took 0.119 seconds
[2026-07-22T13:11:15.443+0000] {processor.py:186} INFO - Started process (PID=581) to work on /home/airflow/.local/lib/python3.12/site-packages/airflow/example_dags/example_external_task_marker_dag.py
[2026-07-22T13:11:15.445+0000] {processor.py:914} INFO - Processing file /home/airflow/.local/lib/python3.12/site-packages/airflow/example_dags/example_external_task_marker_dag.py for tasks to queue
[2026-07-22T13:11:15.451+0000] {logging_mixin.py:190} INFO - [2026-07-22T13:11:15.450+0000] {dagbag.py:588} INFO - Filling up the DagBag from /home/airflow/.local/lib/python3.12/site-packages/airflow/example_dags/example_external_task_marker_dag.py
[2026-07-22T13:11:15.471+0000] {processor.py:925} INFO - DAG(s) 'example_external_task_marker_child', 'example_external_task_marker_parent' retrieved from /home/airflow/.local/lib/python3.12/site-packages/airflow/example_dags/example_external_task_marker_dag.py
[2026-07-22T13:11:15.518+0000] {logging_mixin.py:190} INFO - [2026-07-22T13:11:15.517+0000] {dag.py:3239} INFO - Sync 2 DAGs
[2026-07-22T13:11:15.546+0000] {logging_mixin.py:190} INFO - [2026-07-22T13:11:15.546+0000] {dag.py:4180} INFO - Setting next_dagrun for example_external_task_marker_child to None, run_after=None
[2026-07-22T13:11:15.557+0000] {logging_mixin.py:190} INFO - [2026-07-22T13:11:15.557+0000] {dag.py:4180} INFO - Setting next_dagrun for example_external_task_marker_parent to None, run_after=None
[2026-07-22T13:11:15.590+0000] {processor.py:208} INFO - Processing /home/airflow/.local/lib/python3.12/site-packages/airflow/example_dags/example_external_task_marker_dag.py took 0.157 seconds
[2026-07-22T13:11:45.964+0000] {processor.py:186} INFO - Started process (PID=644) to work on /home/airflow/.local/lib/python3.12/site-packages/airflow/example_dags/example_external_task_marker_dag.py
[2026-07-22T13:11:45.967+0000] {processor.py:914} INFO - Processing file /home/airflow/.local/lib/python3.12/site-packages/airflow/example_dags/example_external_task_marker_dag.py for tasks to queue
[2026-07-22T13:11:45.972+0000] {logging_mixin.py:190} INFO - [2026-07-22T13:11:45.972+0000] {dagbag.py:588} INFO - Filling up the DagBag from /home/airflow/.local/lib/python3.12/site-packages/airflow/example_dags/example_external_task_marker_dag.py
[2026-07-22T13:11:45.987+0000] {processor.py:925} INFO - DAG(s) 'example_external_task_marker_child', 'example_external_task_marker_parent' retrieved from /home/airflow/.local/lib/python3.12/site-packages/airflow/example_dags/example_external_task_marker_dag.py
[2026-07-22T13:11:46.026+0000] {logging_mixin.py:190} INFO - [2026-07-22T13:11:46.025+0000] {dag.py:3239} INFO - Sync 2 DAGs
[2026-07-22T13:11:46.048+0000] {logging_mixin.py:190} INFO - [2026-07-22T13:11:46.048+0000] {dag.py:4180} INFO - Setting next_dagrun for example_external_task_marker_child to None, run_after=None
[2026-07-22T13:11:46.055+0000] {logging_mixin.py:190} INFO - [2026-07-22T13:11:46.055+0000] {dag.py:4180} INFO - Setting next_dagrun for example_external_task_marker_parent to None, run_after=None
[2026-07-22T13:11:46.088+0000] {processor.py:208} INFO - Processing /home/airflow/.local/lib/python3.12/site-packages/airflow/example_dags/example_external_task_marker_dag.py took 0.135 seconds
[2026-07-22T13:12:18.221+0000] {processor.py:186} INFO - Started process (PID=708) to work on /home/airflow/.local/lib/python3.12/site-packages/airflow/example_dags/example_external_task_marker_dag.py
[2026-07-22T13:12:18.225+0000] {processor.py:914} INFO - Processing file /home/airflow/.local/lib/python3.12/site-packages/airflow/example_dags/example_external_task_marker_dag.py for tasks to queue
[2026-07-22T13:12:18.232+0000] {logging_mixin.py:190} INFO - [2026-07-22T13:12:18.231+0000] {dagbag.py:588} INFO - Filling up the DagBag from /home/airflow/.local/lib/python3.12/site-packages/airflow/example_dags/example_external_task_marker_dag.py
[2026-07-22T13:12:18.248+0000] {processor.py:925} INFO - DAG(s) 'example_external_task_marker_parent', 'example_external_task_marker_child' retrieved from /home/airflow/.local/lib/python3.12/site-packages/airflow/example_dags/example_external_task_marker_dag.py
[2026-07-22T13:12:18.309+0000] {logging_mixin.py:190} INFO - [2026-07-22T13:12:18.308+0000] {dag.py:3239} INFO - Sync 2 DAGs
[2026-07-22T13:12:18.346+0000] {logging_mixin.py:190} INFO - [2026-07-22T13:12:18.346+0000] {dag.py:4180} INFO - Setting next_dagrun for example_external_task_marker_child to None, run_after=None
[2026-07-22T13:12:18.359+0000] {logging_mixin.py:190} INFO - [2026-07-22T13:12:18.358+0000] {dag.py:4180} INFO - Setting next_dagrun for example_external_task_marker_parent to None, run_after=None
[2026-07-22T13:12:18.398+0000] {processor.py:208} INFO - Processing /home/airflow/.local/lib/python3.12/site-packages/airflow/example_dags/example_external_task_marker_dag.py took 0.191 seconds
[2026-07-22T13:12:50.143+0000] {processor.py:186} INFO - Started process (PID=768) to work on /home/airflow/.local/lib/python3.12/site-packages/airflow/example_dags/example_external_task_marker_dag.py
[2026-07-22T13:12:50.146+0000] {processor.py:914} INFO - Processing file /home/airflow/.local/lib/python3.12/site-packages/airflow/example_dags/example_external_task_marker_dag.py for tasks to queue
[2026-07-22T13:12:50.153+0000] {logging_mixin.py:190} INFO - [2026-07-22T13:12:50.152+0000] {dagbag.py:588} INFO - Filling up the DagBag from /home/airflow/.local/lib/python3.12/site-packages/airflow/example_dags/example_external_task_marker_dag.py
[2026-07-22T13:12:50.168+0000] {processor.py:925} INFO - DAG(s) 'example_external_task_marker_child', 'example_external_task_marker_parent' retrieved from /home/airflow/.local/lib/python3.12/site-packages/airflow/example_dags/example_external_task_marker_dag.py
[2026-07-22T13:12:50.215+0000] {logging_mixin.py:190} INFO - [2026-07-22T13:12:50.214+0000] {dag.py:3239} INFO - Sync 2 DAGs
[2026-07-22T13:12:50.249+0000] {logging_mixin.py:190} INFO - [2026-07-22T13:12:50.248+0000] {dag.py:4180} INFO - Setting next_dagrun for example_external_task_marker_child to None, run_after=None
[2026-07-22T13:12:50.257+0000] {logging_mixin.py:190} INFO - [2026-07-22T13:12:50.257+0000] {dag.py:4180} INFO - Setting next_dagrun for example_external_task_marker_parent to None, run_after=None
[2026-07-22T13:12:50.296+0000] {processor.py:208} INFO - Processing /home/airflow/.local/lib/python3.12/site-packages/airflow/example_dags/example_external_task_marker_dag.py took 0.167 seconds
[2026-07-22T13:13:23.127+0000] {processor.py:186} INFO - Started process (PID=829) to work on /home/airflow/.local/lib/python3.12/site-packages/airflow/example_dags/example_external_task_marker_dag.py
[2026-07-22T13:13:23.131+0000] {processor.py:914} INFO - Processing file /home/airflow/.local/lib/python3.12/site-packages/airflow/example_dags/example_external_task_marker_dag.py for tasks to queue
[2026-07-22T13:13:23.141+0000] {logging_mixin.py:190} INFO - [2026-07-22T13:13:23.140+0000] {dagbag.py:588} INFO - Filling up the DagBag from /home/airflow/.local/lib/python3.12/site-packages/airflow/example_dags/example_external_task_marker_dag.py
[2026-07-22T13:13:23.165+0000] {processor.py:925} INFO - DAG(s) 'example_external_task_marker_parent', 'example_external_task_marker_child' retrieved from /home/airflow/.local/lib/python3.12/site-packages/airflow/example_dags/example_external_task_marker_dag.py
[2026-07-22T13:13:23.214+0000] {logging_mixin.py:190} INFO - [2026-07-22T13:13:23.213+0000] {dag.py:3239} INFO - Sync 2 DAGs
[2026-07-22T13:13:23.249+0000] {logging_mixin.py:190} INFO - [2026-07-22T13:13:23.249+0000] {dag.py:4180} INFO - Setting next_dagrun for example_external_task_marker_child to None, run_after=None
[2026-07-22T13:13:23.257+0000] {logging_mixin.py:190} INFO - [2026-07-22T13:13:23.257+0000] {dag.py:4180} INFO - Setting next_dagrun for example_external_task_marker_parent to None, run_after=None
[2026-07-22T13:13:23.294+0000] {processor.py:208} INFO - Processing /home/airflow/.local/lib/python3.12/site-packages/airflow/example_dags/example_external_task_marker_dag.py took 0.183 seconds
[2026-07-22T13:13:54.123+0000] {processor.py:186} INFO - Started process (PID=892) to work on /home/airflow/.local/lib/python3.12/site-packages/airflow/example_dags/example_external_task_marker_dag.py
[2026-07-22T13:13:54.126+0000] {processor.py:914} INFO - Processing file /home/airflow/.local/lib/python3.12/site-packages/airflow/example_dags/example_external_task_marker_dag.py for tasks to queue
[2026-07-22T13:13:54.134+0000] {logging_mixin.py:190} INFO - [2026-07-22T13:13:54.133+0000] {dagbag.py:588} INFO - Filling up the DagBag from /home/airflow/.local/lib/python3.12/site-packages/airflow/example_dags/example_external_task_marker_dag.py
[2026-07-22T13:13:54.148+0000] {processor.py:925} INFO - DAG(s) 'example_external_task_marker_parent', 'example_external_task_marker_child' retrieved from /home/airflow/.local/lib/python3.12/site-packages/airflow/example_dags/example_external_task_marker_dag.py
[2026-07-22T13:13:54.183+0000] {logging_mixin.py:190} INFO - [2026-07-22T13:13:54.182+0000] {dag.py:3239} INFO - Sync 2 DAGs
[2026-07-22T13:13:54.210+0000] {logging_mixin.py:190} INFO - [2026-07-22T13:13:54.209+0000] {dag.py:4180} INFO - Setting next_dagrun for example_external_task_marker_child to None, run_after=None
[2026-07-22T13:13:54.218+0000] {logging_mixin.py:190} INFO - [2026-07-22T13:13:54.217+0000] {dag.py:4180} INFO - Setting next_dagrun for example_external_task_marker_parent to None, run_after=None
[2026-07-22T13:13:54.248+0000] {processor.py:208} INFO - Processing /home/airflow/.local/lib/python3.12/site-packages/airflow/example_dags/example_external_task_marker_dag.py took 0.138 seconds
[2026-07-22T13:14:25.065+0000] {processor.py:186} INFO - Started process (PID=949) to work on /home/airflow/.local/lib/python3.12/site-packages/airflow/example_dags/example_external_task_marker_dag.py
[2026-07-22T13:14:25.068+0000] {processor.py:914} INFO - Processing file /home/airflow/.local/lib/python3.12/site-packages/airflow/example_dags/example_external_task_marker_dag.py for tasks to queue
[2026-07-22T13:14:25.075+0000] {logging_mixin.py:190} INFO - [2026-07-22T13:14:25.074+0000] {dagbag.py:588} INFO - Filling up the DagBag from /home/airflow/.local/lib/python3.12/site-packages/airflow/example_dags/example_external_task_marker_dag.py
[2026-07-22T13:14:25.094+0000] {processor.py:925} INFO - DAG(s) 'example_external_task_marker_child', 'example_external_task_marker_parent' retrieved from /home/airflow/.local/lib/python3.12/site-packages/airflow/example_dags/example_external_task_marker_dag.py
[2026-07-22T13:14:25.148+0000] {logging_mixin.py:190} INFO - [2026-07-22T13:14:25.147+0000] {dag.py:3239} INFO - Sync 2 DAGs
[2026-07-22T13:14:25.184+0000] {logging_mixin.py:190} INFO - [2026-07-22T13:14:25.183+0000] {dag.py:4180} INFO - Setting next_dagrun for example_external_task_marker_child to None, run_after=None
[2026-07-22T13:14:25.204+0000] {logging_mixin.py:190} INFO - [2026-07-22T13:14:25.203+0000] {dag.py:4180} INFO - Setting next_dagrun for example_external_task_marker_parent to None, run_after=None
[2026-07-22T13:14:25.239+0000] {processor.py:208} INFO - Processing /home/airflow/.local/lib/python3.12/site-packages/airflow/example_dags/example_external_task_marker_dag.py took 0.185 seconds
[2026-07-22T13:14:55.995+0000] {processor.py:186} INFO - Started process (PID=1006) to work on /home/airflow/.local/lib/python3.12/site-packages/airflow/example_dags/example_external_task_marker_dag.py
[2026-07-22T13:14:56.010+0000] {processor.py:914} INFO - Processing file /home/airflow/.local/lib/python3.12/site-packages/airflow/example_dags/example_external_task_marker_dag.py for tasks to queue
[2026-07-22T13:14:56.020+0000] {logging_mixin.py:190} INFO - [2026-07-22T13:14:56.018+0000] {dagbag.py:588} INFO - Filling up the DagBag from /home/airflow/.local/lib/python3.12/site-packages/airflow/example_dags/example_external_task_marker_dag.py
[2026-07-22T13:14:56.054+0000] {processor.py:925} INFO - DAG(s) 'example_external_task_marker_child', 'example_external_task_marker_parent' retrieved from /home/airflow/.local/lib/python3.12/site-packages/airflow/example_dags/example_external_task_marker_dag.py
[2026-07-22T13:14:56.129+0000] {logging_mixin.py:190} INFO - [2026-07-22T13:14:56.129+0000] {dag.py:3239} INFO - Sync 2 DAGs
[2026-07-22T13:14:56.166+0000] {logging_mixin.py:190} INFO - [2026-07-22T13:14:56.166+0000] {dag.py:4180} INFO - Setting next_dagrun for example_external_task_marker_child to None, run_after=None
[2026-07-22T13:14:56.180+0000] {logging_mixin.py:190} INFO - [2026-07-22T13:14:56.180+0000] {dag.py:4180} INFO - Setting next_dagrun for example_external_task_marker_parent to None, run_after=None
[2026-07-22T13:14:56.224+0000] {processor.py:208} INFO - Processing /home/airflow/.local/lib/python3.12/site-packages/airflow/example_dags/example_external_task_marker_dag.py took 0.262 seconds
[2026-07-22T13:15:26.463+0000] {processor.py:186} INFO - Started process (PID=1067) to work on /home/airflow/.local/lib/python3.12/site-packages/airflow/example_dags/example_external_task_marker_dag.py
[2026-07-22T13:15:26.466+0000] {processor.py:914} INFO - Processing file /home/airflow/.local/lib/python3.12/site-packages/airflow/example_dags/example_external_task_marker_dag.py for tasks to queue
[2026-07-22T13:15:26.474+0000] {logging_mixin.py:190} INFO - [2026-07-22T13:15:26.473+0000] {dagbag.py:588} INFO - Filling up the DagBag from /home/airflow/.local/lib/python3.12/site-packages/airflow/example_dags/example_external_task_marker_dag.py
[2026-07-22T13:15:26.497+0000] {processor.py:925} INFO - DAG(s) 'example_external_task_marker_parent', 'example_external_task_marker_child' retrieved from /home/airflow/.local/lib/python3.12/site-packages/airflow/example_dags/example_external_task_marker_dag.py
[2026-07-22T13:15:26.553+0000] {logging_mixin.py:190} INFO - [2026-07-22T13:15:26.552+0000] {dag.py:3239} INFO - Sync 2 DAGs
[2026-07-22T13:15:26.590+0000] {logging_mixin.py:190} INFO - [2026-07-22T13:15:26.589+0000] {dag.py:4180} INFO - Setting next_dagrun for example_external_task_marker_child to None, run_after=None
[2026-07-22T13:15:26.599+0000] {logging_mixin.py:190} INFO - [2026-07-22T13:15:26.598+0000] {dag.py:4180} INFO - Setting next_dagrun for example_external_task_marker_parent to None, run_after=None
[2026-07-22T13:15:26.641+0000] {processor.py:208} INFO - Processing /home/airflow/.local/lib/python3.12/site-packages/airflow/example_dags/example_external_task_marker_dag.py took 0.192 seconds
[2026-07-22T13:15:57.191+0000] {processor.py:186} INFO - Started process (PID=1130) to work on /home/airflow/.local/lib/python3.12/site-packages/airflow/example_dags/example_external_task_marker_dag.py
[2026-07-22T13:15:57.194+0000] {processor.py:914} INFO - Processing file /home/airflow/.local/lib/python3.12/site-packages/airflow/example_dags/example_external_task_marker_dag.py for tasks to queue
[2026-07-22T13:15:57.203+0000] {logging_mixin.py:190} INFO - [2026-07-22T13:15:57.200+0000] {dagbag.py:588} INFO - Filling up the DagBag from /home/airflow/.local/lib/python3.12/site-packages/airflow/example_dags/example_external_task_marker_dag.py
[2026-07-22T13:15:57.232+0000] {processor.py:925} INFO - DAG(s) 'example_external_task_marker_child', 'example_external_task_marker_parent' retrieved from /home/airflow/.local/lib/python3.12/site-packages/airflow/example_dags/example_external_task_marker_dag.py
[2026-07-22T13:15:57.313+0000] {logging_mixin.py:190} INFO - [2026-07-22T13:15:57.313+0000] {dag.py:3239} INFO - Sync 2 DAGs
[2026-07-22T13:15:57.366+0000] {logging_mixin.py:190} INFO - [2026-07-22T13:15:57.365+0000] {dag.py:4180} INFO - Setting next_dagrun for example_external_task_marker_child to None, run_after=None
[2026-07-22T13:15:57.382+0000] {logging_mixin.py:190} INFO - [2026-07-22T13:15:57.382+0000] {dag.py:4180} INFO - Setting next_dagrun for example_external_task_marker_parent to None, run_after=None
[2026-07-22T13:15:57.437+0000] {processor.py:208} INFO - Processing /home/airflow/.local/lib/python3.12/site-packages/airflow/example_dags/example_external_task_marker_dag.py took 0.265 seconds
[2026-07-22T13:16:28.016+0000] {processor.py:186} INFO - Started process (PID=1193) to work on /home/airflow/.local/lib/python3.12/site-packages/airflow/example_dags/example_external_task_marker_dag.py
[2026-07-22T13:16:28.019+0000] {processor.py:914} INFO - Processing file /home/airflow/.local/lib/python3.12/site-packages/airflow/example_dags/example_external_task_marker_dag.py for tasks to queue
[2026-07-22T13:16:28.032+0000] {logging_mixin.py:190} INFO - [2026-07-22T13:16:28.032+0000] {dagbag.py:588} INFO - Filling up the DagBag from /home/airflow/.local/lib/python3.12/site-packages/airflow/example_dags/example_external_task_marker_dag.py
[2026-07-22T13:16:28.079+0000] {processor.py:925} INFO - DAG(s) 'example_external_task_marker_parent', 'example_external_task_marker_child' retrieved from /home/airflow/.local/lib/python3.12/site-packages/airflow/example_dags/example_external_task_marker_dag.py
[2026-07-22T13:16:28.216+0000] {logging_mixin.py:190} INFO - [2026-07-22T13:16:28.215+0000] {dag.py:3239} INFO - Sync 2 DAGs
[2026-07-22T13:16:28.270+0000] {logging_mixin.py:190} INFO - [2026-07-22T13:16:28.270+0000] {dag.py:4180} INFO - Setting next_dagrun for example_external_task_marker_child to None, run_after=None
[2026-07-22T13:16:28.288+0000] {logging_mixin.py:190} INFO - [2026-07-22T13:16:28.288+0000] {dag.py:4180} INFO - Setting next_dagrun for example_external_task_marker_parent to None, run_after=None
[2026-07-22T13:16:28.336+0000] {processor.py:208} INFO - Processing /home/airflow/.local/lib/python3.12/site-packages/airflow/example_dags/example_external_task_marker_dag.py took 0.338 seconds
[2026-07-22T13:16:59.103+0000] {processor.py:186} INFO - Started process (PID=1256) to work on /home/airflow/.local/lib/python3.12/site-packages/airflow/example_dags/example_external_task_marker_dag.py
[2026-07-22T13:16:59.110+0000] {processor.py:914} INFO - Processing file /home/airflow/.local/lib/python3.12/site-packages/airflow/example_dags/example_external_task_marker_dag.py for tasks to queue
[2026-07-22T13:16:59.178+0000] {logging_mixin.py:190} INFO - [2026-07-22T13:16:59.177+0000] {dagbag.py:588} INFO - Filling up the DagBag from /home/airflow/.local/lib/python3.12/site-packages/airflow/example_dags/example_external_task_marker_dag.py
[2026-07-22T13:16:59.358+0000] {processor.py:925} INFO - DAG(s) 'example_external_task_marker_parent', 'example_external_task_marker_child' retrieved from /home/airflow/.local/lib/python3.12/site-packages/airflow/example_dags/example_external_task_marker_dag.py
[2026-07-22T13:16:59.539+0000] {logging_mixin.py:190} INFO - [2026-07-22T13:16:59.538+0000] {dag.py:3239} INFO - Sync 2 DAGs
[2026-07-22T13:16:59.648+0000] {logging_mixin.py:190} INFO - [2026-07-22T13:16:59.647+0000] {dag.py:4180} INFO - Setting next_dagrun for example_external_task_marker_child to None, run_after=None
[2026-07-22T13:16:59.681+0000] {logging_mixin.py:190} INFO - [2026-07-22T13:16:59.680+0000] {dag.py:4180} INFO - Setting next_dagrun for example_external_task_marker_parent to None, run_after=None
[2026-07-22T13:16:59.780+0000] {processor.py:208} INFO - Processing /home/airflow/.local/lib/python3.12/site-packages/airflow/example_dags/example_external_task_marker_dag.py took 0.746 seconds
[2026-07-22T13:17:30.551+0000] {processor.py:186} INFO - Started process (PID=1319) to work on /home/airflow/.local/lib/python3.12/site-packages/airflow/example_dags/example_external_task_marker_dag.py
[2026-07-22T13:17:30.555+0000] {processor.py:914} INFO - Processing file /home/airflow/.local/lib/python3.12/site-packages/airflow/example_dags/example_external_task_marker_dag.py for tasks to queue
[2026-07-22T13:17:30.565+0000] {logging_mixin.py:190} INFO - [2026-07-22T13:17:30.564+0000] {dagbag.py:588} INFO - Filling up the DagBag from /home/airflow/.local/lib/python3.12/site-packages/airflow/example_dags/example_external_task_marker_dag.py
[2026-07-22T13:17:30.595+0000] {processor.py:925} INFO - DAG(s) 'example_external_task_marker_parent', 'example_external_task_marker_child' retrieved from /home/airflow/.local/lib/python3.12/site-packages/airflow/example_dags/example_external_task_marker_dag.py
[2026-07-22T13:17:30.686+0000] {logging_mixin.py:190} INFO - [2026-07-22T13:17:30.685+0000] {dag.py:3239} INFO - Sync 2 DAGs
[2026-07-22T13:17:30.738+0000] {logging_mixin.py:190} INFO - [2026-07-22T13:17:30.738+0000] {dag.py:4180} INFO - Setting next_dagrun for example_external_task_marker_child to None, run_after=None
[2026-07-22T13:17:30.756+0000] {logging_mixin.py:190} INFO - [2026-07-22T13:17:30.755+0000] {dag.py:4180} INFO - Setting next_dagrun for example_external_task_marker_parent to None, run_after=None
[2026-07-22T13:17:30.835+0000] {processor.py:208} INFO - Processing /home/airflow/.local/lib/python3.12/site-packages/airflow/example_dags/example_external_task_marker_dag.py took 0.303 seconds
