[2026-07-22T13:07:28.566+0000] {processor.py:186} INFO - Started process (PID=112) to work on /home/airflow/.local/lib/python3.12/site-packages/airflow/example_dags/example_workday_timetable.py
[2026-07-22T13:07:28.569+0000] {processor.py:914} INFO - Processing file /home/airflow/.local/lib/python3.12/site-packages/airflow/example_dags/example_workday_timetable.py for tasks to queue
[2026-07-22T13:07:28.575+0000] {logging_mixin.py:190} INFO - [2026-07-22T13:07:28.574+0000] {dagbag.py:588} INFO - Filling up the DagBag from /home/airflow/.local/lib/python3.12/site-packages/airflow/example_dags/example_workday_timetable.py
[2026-07-22T13:07:28.589+0000] {processor.py:925} INFO - DAG(s) 'example_workday_timetable' retrieved from /home/airflow/.local/lib/python3.12/site-packages/airflow/example_dags/example_workday_timetable.py
[2026-07-22T13:07:28.804+0000] {logging_mixin.py:190} INFO - [2026-07-22T13:07:28.803+0000] {override.py:1912} INFO - Created Permission View: can read on DAG:example_workday_timetable
[2026-07-22T13:07:28.826+0000] {logging_mixin.py:190} INFO - [2026-07-22T13:07:28.825+0000] {override.py:1912} INFO - Created Permission View: can edit on DAG:example_workday_timetable
[2026-07-22T13:07:28.841+0000] {logging_mixin.py:190} INFO - [2026-07-22T13:07:28.841+0000] {override.py:1912} INFO - Created Permission View: can delete on DAG:example_workday_timetable
[2026-07-22T13:07:28.860+0000] {logging_mixin.py:190} INFO - [2026-07-22T13:07:28.860+0000] {override.py:1912} INFO - Created Permission View: can read on DAG Run:example_workday_timetable
[2026-07-22T13:07:28.873+0000] {logging_mixin.py:190} INFO - [2026-07-22T13:07:28.873+0000] {override.py:1912} INFO - Created Permission View: menu access on DAG Run:example_workday_timetable
[2026-07-22T13:07:28.889+0000] {logging_mixin.py:190} INFO - [2026-07-22T13:07:28.889+0000] {override.py:1912} INFO - Created Permission View: can create on DAG Run:example_workday_timetable
[2026-07-22T13:07:28.906+0000] {logging_mixin.py:190} INFO - [2026-07-22T13:07:28.906+0000] {override.py:1912} INFO - Created Permission View: can delete on DAG Run:example_workday_timetable
[2026-07-22T13:07:28.909+0000] {logging_mixin.py:190} INFO - [2026-07-22T13:07:28.908+0000] {dag.py:3239} INFO - Sync 1 DAGs
[2026-07-22T13:07:28.934+0000] {logging_mixin.py:190} INFO - [2026-07-22T13:07:28.934+0000] {dag.py:3262} INFO - Creating ORM DAG for example_workday_timetable
[2026-07-22T13:07:29.024+0000] {logging_mixin.py:190} INFO - [2026-07-22T13:07:29.023+0000] {dag.py:4180} INFO - Setting next_dagrun for example_workday_timetable to 2021-01-04 00:00:00+00:00, run_after=2021-01-05 00:00:00+00:00
[2026-07-22T13:07:29.055+0000] {processor.py:208} INFO - Processing /home/airflow/.local/lib/python3.12/site-packages/airflow/example_dags/example_workday_timetable.py took 0.501 seconds
[2026-07-22T13:08:00.019+0000] {processor.py:186} INFO - Started process (PID=175) to work on /home/airflow/.local/lib/python3.12/site-packages/airflow/example_dags/example_workday_timetable.py
[2026-07-22T13:08:00.025+0000] {processor.py:914} INFO - Processing file /home/airflow/.local/lib/python3.12/site-packages/airflow/example_dags/example_workday_timetable.py for tasks to queue
[2026-07-22T13:08:00.034+0000] {logging_mixin.py:190} INFO - [2026-07-22T13:08:00.033+0000] {dagbag.py:588} INFO - Filling up the DagBag from /home/airflow/.local/lib/python3.12/site-packages/airflow/example_dags/example_workday_timetable.py
[2026-07-22T13:08:00.058+0000] {processor.py:925} INFO - DAG(s) 'example_workday_timetable' retrieved from /home/airflow/.local/lib/python3.12/site-packages/airflow/example_dags/example_workday_timetable.py
[2026-07-22T13:08:00.126+0000] {logging_mixin.py:190} INFO - [2026-07-22T13:08:00.125+0000] {dag.py:3239} INFO - Sync 1 DAGs
[2026-07-22T13:08:00.358+0000] {logging_mixin.py:190} INFO - [2026-07-22T13:08:00.358+0000] {dag.py:4180} INFO - Setting next_dagrun for example_workday_timetable to 2021-01-04 00:00:00+00:00, run_after=2021-01-05 00:00:00+00:00
[2026-07-22T13:08:00.414+0000] {processor.py:208} INFO - Processing /home/airflow/.local/lib/python3.12/site-packages/airflow/example_dags/example_workday_timetable.py took 0.423 seconds
[2026-07-22T13:08:34.605+0000] {processor.py:186} INFO - Started process (PID=239) to work on /home/airflow/.local/lib/python3.12/site-packages/airflow/example_dags/example_workday_timetable.py
[2026-07-22T13:08:34.608+0000] {processor.py:914} INFO - Processing file /home/airflow/.local/lib/python3.12/site-packages/airflow/example_dags/example_workday_timetable.py for tasks to queue
[2026-07-22T13:08:34.620+0000] {logging_mixin.py:190} INFO - [2026-07-22T13:08:34.618+0000] {dagbag.py:588} INFO - Filling up the DagBag from /home/airflow/.local/lib/python3.12/site-packages/airflow/example_dags/example_workday_timetable.py
[2026-07-22T13:08:34.642+0000] {processor.py:925} INFO - DAG(s) 'example_workday_timetable' retrieved from /home/airflow/.local/lib/python3.12/site-packages/airflow/example_dags/example_workday_timetable.py
[2026-07-22T13:08:34.695+0000] {logging_mixin.py:190} INFO - [2026-07-22T13:08:34.695+0000] {dag.py:3239} INFO - Sync 1 DAGs
[2026-07-22T13:08:34.861+0000] {logging_mixin.py:190} INFO - [2026-07-22T13:08:34.860+0000] {dag.py:4180} INFO - Setting next_dagrun for example_workday_timetable to 2021-01-04 00:00:00+00:00, run_after=2021-01-05 00:00:00+00:00
[2026-07-22T13:08:34.909+0000] {processor.py:208} INFO - Processing /home/airflow/.local/lib/python3.12/site-packages/airflow/example_dags/example_workday_timetable.py took 0.328 seconds
[2026-07-22T13:09:05.118+0000] {processor.py:186} INFO - Started process (PID=302) to work on /home/airflow/.local/lib/python3.12/site-packages/airflow/example_dags/example_workday_timetable.py
[2026-07-22T13:09:05.120+0000] {processor.py:914} INFO - Processing file /home/airflow/.local/lib/python3.12/site-packages/airflow/example_dags/example_workday_timetable.py for tasks to queue
[2026-07-22T13:09:05.124+0000] {logging_mixin.py:190} INFO - [2026-07-22T13:09:05.124+0000] {dagbag.py:588} INFO - Filling up the DagBag from /home/airflow/.local/lib/python3.12/site-packages/airflow/example_dags/example_workday_timetable.py
[2026-07-22T13:09:05.134+0000] {processor.py:925} INFO - DAG(s) 'example_workday_timetable' retrieved from /home/airflow/.local/lib/python3.12/site-packages/airflow/example_dags/example_workday_timetable.py
[2026-07-22T13:09:05.169+0000] {logging_mixin.py:190} INFO - [2026-07-22T13:09:05.169+0000] {dag.py:3239} INFO - Sync 1 DAGs
[2026-07-22T13:09:05.245+0000] {logging_mixin.py:190} INFO - [2026-07-22T13:09:05.245+0000] {dag.py:4180} INFO - Setting next_dagrun for example_workday_timetable to 2021-01-04 00:00:00+00:00, run_after=2021-01-05 00:00:00+00:00
[2026-07-22T13:09:05.273+0000] {processor.py:208} INFO - Processing /home/airflow/.local/lib/python3.12/site-packages/airflow/example_dags/example_workday_timetable.py took 0.163 seconds
[2026-07-22T13:09:36.188+0000] {processor.py:186} INFO - Started process (PID=366) to work on /home/airflow/.local/lib/python3.12/site-packages/airflow/example_dags/example_workday_timetable.py
[2026-07-22T13:09:36.190+0000] {processor.py:914} INFO - Processing file /home/airflow/.local/lib/python3.12/site-packages/airflow/example_dags/example_workday_timetable.py for tasks to queue
[2026-07-22T13:09:36.195+0000] {logging_mixin.py:190} INFO - [2026-07-22T13:09:36.195+0000] {dagbag.py:588} INFO - Filling up the DagBag from /home/airflow/.local/lib/python3.12/site-packages/airflow/example_dags/example_workday_timetable.py
[2026-07-22T13:09:36.204+0000] {processor.py:925} INFO - DAG(s) 'example_workday_timetable' retrieved from /home/airflow/.local/lib/python3.12/site-packages/airflow/example_dags/example_workday_timetable.py
[2026-07-22T13:09:36.235+0000] {logging_mixin.py:190} INFO - [2026-07-22T13:09:36.235+0000] {dag.py:3239} INFO - Sync 1 DAGs
[2026-07-22T13:09:36.338+0000] {logging_mixin.py:190} INFO - [2026-07-22T13:09:36.338+0000] {dag.py:4180} INFO - Setting next_dagrun for example_workday_timetable to 2021-01-04 00:00:00+00:00, run_after=2021-01-05 00:00:00+00:00
[2026-07-22T13:09:36.386+0000] {processor.py:208} INFO - Processing /home/airflow/.local/lib/python3.12/site-packages/airflow/example_dags/example_workday_timetable.py took 0.206 seconds
[2026-07-22T13:10:07.906+0000] {processor.py:186} INFO - Started process (PID=429) to work on /home/airflow/.local/lib/python3.12/site-packages/airflow/example_dags/example_workday_timetable.py
[2026-07-22T13:10:07.909+0000] {processor.py:914} INFO - Processing file /home/airflow/.local/lib/python3.12/site-packages/airflow/example_dags/example_workday_timetable.py for tasks to queue
[2026-07-22T13:10:07.916+0000] {logging_mixin.py:190} INFO - [2026-07-22T13:10:07.915+0000] {dagbag.py:588} INFO - Filling up the DagBag from /home/airflow/.local/lib/python3.12/site-packages/airflow/example_dags/example_workday_timetable.py
[2026-07-22T13:10:07.935+0000] {processor.py:925} INFO - DAG(s) 'example_workday_timetable' retrieved from /home/airflow/.local/lib/python3.12/site-packages/airflow/example_dags/example_workday_timetable.py
[2026-07-22T13:10:07.979+0000] {logging_mixin.py:190} INFO - [2026-07-22T13:10:07.978+0000] {dag.py:3239} INFO - Sync 1 DAGs
[2026-07-22T13:10:08.082+0000] {logging_mixin.py:190} INFO - [2026-07-22T13:10:08.082+0000] {dag.py:4180} INFO - Setting next_dagrun for example_workday_timetable to 2021-01-04 00:00:00+00:00, run_after=2021-01-05 00:00:00+00:00
[2026-07-22T13:10:08.121+0000] {processor.py:208} INFO - Processing /home/airflow/.local/lib/python3.12/site-packages/airflow/example_dags/example_workday_timetable.py took 0.229 seconds
[2026-07-22T13:10:39.395+0000] {processor.py:186} INFO - Started process (PID=492) to work on /home/airflow/.local/lib/python3.12/site-packages/airflow/example_dags/example_workday_timetable.py
[2026-07-22T13:10:39.399+0000] {processor.py:914} INFO - Processing file /home/airflow/.local/lib/python3.12/site-packages/airflow/example_dags/example_workday_timetable.py for tasks to queue
[2026-07-22T13:10:39.411+0000] {logging_mixin.py:190} INFO - [2026-07-22T13:10:39.410+0000] {dagbag.py:588} INFO - Filling up the DagBag from /home/airflow/.local/lib/python3.12/site-packages/airflow/example_dags/example_workday_timetable.py
[2026-07-22T13:10:39.425+0000] {processor.py:925} INFO - DAG(s) 'example_workday_timetable' retrieved from /home/airflow/.local/lib/python3.12/site-packages/airflow/example_dags/example_workday_timetable.py
[2026-07-22T13:10:39.467+0000] {logging_mixin.py:190} INFO - [2026-07-22T13:10:39.466+0000] {dag.py:3239} INFO - Sync 1 DAGs
[2026-07-22T13:10:39.598+0000] {logging_mixin.py:190} INFO - [2026-07-22T13:10:39.597+0000] {dag.py:4180} INFO - Setting next_dagrun for example_workday_timetable to 2021-01-04 00:00:00+00:00, run_after=2021-01-05 00:00:00+00:00
[2026-07-22T13:10:39.642+0000] {processor.py:208} INFO - Processing /home/airflow/.local/lib/python3.12/site-packages/airflow/example_dags/example_workday_timetable.py took 0.268 seconds
[2026-07-22T13:11:10.096+0000] {processor.py:186} INFO - Started process (PID=555) to work on /home/airflow/.local/lib/python3.12/site-packages/airflow/example_dags/example_workday_timetable.py
[2026-07-22T13:11:10.098+0000] {processor.py:914} INFO - Processing file /home/airflow/.local/lib/python3.12/site-packages/airflow/example_dags/example_workday_timetable.py for tasks to queue
[2026-07-22T13:11:10.104+0000] {logging_mixin.py:190} INFO - [2026-07-22T13:11:10.103+0000] {dagbag.py:588} INFO - Filling up the DagBag from /home/airflow/.local/lib/python3.12/site-packages/airflow/example_dags/example_workday_timetable.py
[2026-07-22T13:11:10.113+0000] {processor.py:925} INFO - DAG(s) 'example_workday_timetable' retrieved from /home/airflow/.local/lib/python3.12/site-packages/airflow/example_dags/example_workday_timetable.py
[2026-07-22T13:11:10.150+0000] {logging_mixin.py:190} INFO - [2026-07-22T13:11:10.149+0000] {dag.py:3239} INFO - Sync 1 DAGs
[2026-07-22T13:11:10.263+0000] {logging_mixin.py:190} INFO - [2026-07-22T13:11:10.262+0000] {dag.py:4180} INFO - Setting next_dagrun for example_workday_timetable to 2021-01-04 00:00:00+00:00, run_after=2021-01-05 00:00:00+00:00
[2026-07-22T13:11:10.297+0000] {processor.py:208} INFO - Processing /home/airflow/.local/lib/python3.12/site-packages/airflow/example_dags/example_workday_timetable.py took 0.214 seconds
[2026-07-22T13:11:40.911+0000] {processor.py:186} INFO - Started process (PID=617) to work on /home/airflow/.local/lib/python3.12/site-packages/airflow/example_dags/example_workday_timetable.py
[2026-07-22T13:11:40.915+0000] {processor.py:914} INFO - Processing file /home/airflow/.local/lib/python3.12/site-packages/airflow/example_dags/example_workday_timetable.py for tasks to queue
[2026-07-22T13:11:40.928+0000] {logging_mixin.py:190} INFO - [2026-07-22T13:11:40.927+0000] {dagbag.py:588} INFO - Filling up the DagBag from /home/airflow/.local/lib/python3.12/site-packages/airflow/example_dags/example_workday_timetable.py
[2026-07-22T13:11:40.955+0000] {processor.py:925} INFO - DAG(s) 'example_workday_timetable' retrieved from /home/airflow/.local/lib/python3.12/site-packages/airflow/example_dags/example_workday_timetable.py
[2026-07-22T13:11:41.048+0000] {logging_mixin.py:190} INFO - [2026-07-22T13:11:41.047+0000] {dag.py:3239} INFO - Sync 1 DAGs
[2026-07-22T13:11:41.165+0000] {logging_mixin.py:190} INFO - [2026-07-22T13:11:41.165+0000] {dag.py:4180} INFO - Setting next_dagrun for example_workday_timetable to 2021-01-04 00:00:00+00:00, run_after=2021-01-05 00:00:00+00:00
[2026-07-22T13:11:41.200+0000] {processor.py:208} INFO - Processing /home/airflow/.local/lib/python3.12/site-packages/airflow/example_dags/example_workday_timetable.py took 0.313 seconds
[2026-07-22T13:12:11.457+0000] {processor.py:186} INFO - Started process (PID=679) to work on /home/airflow/.local/lib/python3.12/site-packages/airflow/example_dags/example_workday_timetable.py
[2026-07-22T13:12:11.461+0000] {processor.py:914} INFO - Processing file /home/airflow/.local/lib/python3.12/site-packages/airflow/example_dags/example_workday_timetable.py for tasks to queue
[2026-07-22T13:12:11.468+0000] {logging_mixin.py:190} INFO - [2026-07-22T13:12:11.468+0000] {dagbag.py:588} INFO - Filling up the DagBag from /home/airflow/.local/lib/python3.12/site-packages/airflow/example_dags/example_workday_timetable.py
[2026-07-22T13:12:11.486+0000] {processor.py:925} INFO - DAG(s) 'example_workday_timetable' retrieved from /home/airflow/.local/lib/python3.12/site-packages/airflow/example_dags/example_workday_timetable.py
[2026-07-22T13:12:11.545+0000] {logging_mixin.py:190} INFO - [2026-07-22T13:12:11.544+0000] {dag.py:3239} INFO - Sync 1 DAGs
[2026-07-22T13:12:11.734+0000] {logging_mixin.py:190} INFO - [2026-07-22T13:12:11.733+0000] {dag.py:4180} INFO - Setting next_dagrun for example_workday_timetable to 2021-01-04 00:00:00+00:00, run_after=2021-01-05 00:00:00+00:00
[2026-07-22T13:12:11.788+0000] {processor.py:208} INFO - Processing /home/airflow/.local/lib/python3.12/site-packages/airflow/example_dags/example_workday_timetable.py took 0.350 seconds
[2026-07-22T13:12:42.299+0000] {processor.py:186} INFO - Started process (PID=742) to work on /home/airflow/.local/lib/python3.12/site-packages/airflow/example_dags/example_workday_timetable.py
[2026-07-22T13:12:42.302+0000] {processor.py:914} INFO - Processing file /home/airflow/.local/lib/python3.12/site-packages/airflow/example_dags/example_workday_timetable.py for tasks to queue
[2026-07-22T13:12:42.309+0000] {logging_mixin.py:190} INFO - [2026-07-22T13:12:42.308+0000] {dagbag.py:588} INFO - Filling up the DagBag from /home/airflow/.local/lib/python3.12/site-packages/airflow/example_dags/example_workday_timetable.py
[2026-07-22T13:12:42.320+0000] {processor.py:925} INFO - DAG(s) 'example_workday_timetable' retrieved from /home/airflow/.local/lib/python3.12/site-packages/airflow/example_dags/example_workday_timetable.py
[2026-07-22T13:12:42.356+0000] {logging_mixin.py:190} INFO - [2026-07-22T13:12:42.356+0000] {dag.py:3239} INFO - Sync 1 DAGs
[2026-07-22T13:12:42.449+0000] {logging_mixin.py:190} INFO - [2026-07-22T13:12:42.449+0000] {dag.py:4180} INFO - Setting next_dagrun for example_workday_timetable to 2021-01-04 00:00:00+00:00, run_after=2021-01-05 00:00:00+00:00
[2026-07-22T13:12:42.488+0000] {processor.py:208} INFO - Processing /home/airflow/.local/lib/python3.12/site-packages/airflow/example_dags/example_workday_timetable.py took 0.196 seconds
[2026-07-22T13:13:13.440+0000] {processor.py:186} INFO - Started process (PID=805) to work on /home/airflow/.local/lib/python3.12/site-packages/airflow/example_dags/example_workday_timetable.py
[2026-07-22T13:13:13.444+0000] {processor.py:914} INFO - Processing file /home/airflow/.local/lib/python3.12/site-packages/airflow/example_dags/example_workday_timetable.py for tasks to queue
[2026-07-22T13:13:13.475+0000] {logging_mixin.py:190} INFO - [2026-07-22T13:13:13.474+0000] {dagbag.py:588} INFO - Filling up the DagBag from /home/airflow/.local/lib/python3.12/site-packages/airflow/example_dags/example_workday_timetable.py
[2026-07-22T13:13:13.494+0000] {processor.py:925} INFO - DAG(s) 'example_workday_timetable' retrieved from /home/airflow/.local/lib/python3.12/site-packages/airflow/example_dags/example_workday_timetable.py
[2026-07-22T13:13:13.552+0000] {logging_mixin.py:190} INFO - [2026-07-22T13:13:13.552+0000] {dag.py:3239} INFO - Sync 1 DAGs
[2026-07-22T13:13:13.697+0000] {logging_mixin.py:190} INFO - [2026-07-22T13:13:13.696+0000] {dag.py:4180} INFO - Setting next_dagrun for example_workday_timetable to 2021-01-04 00:00:00+00:00, run_after=2021-01-05 00:00:00+00:00
[2026-07-22T13:13:13.743+0000] {processor.py:208} INFO - Processing /home/airflow/.local/lib/python3.12/site-packages/airflow/example_dags/example_workday_timetable.py took 0.322 seconds
[2026-07-22T13:13:44.136+0000] {processor.py:186} INFO - Started process (PID=868) to work on /home/airflow/.local/lib/python3.12/site-packages/airflow/example_dags/example_workday_timetable.py
[2026-07-22T13:13:44.140+0000] {processor.py:914} INFO - Processing file /home/airflow/.local/lib/python3.12/site-packages/airflow/example_dags/example_workday_timetable.py for tasks to queue
[2026-07-22T13:13:44.146+0000] {logging_mixin.py:190} INFO - [2026-07-22T13:13:44.146+0000] {dagbag.py:588} INFO - Filling up the DagBag from /home/airflow/.local/lib/python3.12/site-packages/airflow/example_dags/example_workday_timetable.py
[2026-07-22T13:13:44.159+0000] {processor.py:925} INFO - DAG(s) 'example_workday_timetable' retrieved from /home/airflow/.local/lib/python3.12/site-packages/airflow/example_dags/example_workday_timetable.py
[2026-07-22T13:13:44.199+0000] {logging_mixin.py:190} INFO - [2026-07-22T13:13:44.198+0000] {dag.py:3239} INFO - Sync 1 DAGs
[2026-07-22T13:13:44.303+0000] {logging_mixin.py:190} INFO - [2026-07-22T13:13:44.303+0000] {dag.py:4180} INFO - Setting next_dagrun for example_workday_timetable to 2021-01-04 00:00:00+00:00, run_after=2021-01-05 00:00:00+00:00
[2026-07-22T13:13:44.338+0000] {processor.py:208} INFO - Processing /home/airflow/.local/lib/python3.12/site-packages/airflow/example_dags/example_workday_timetable.py took 0.221 seconds
[2026-07-22T13:14:14.562+0000] {processor.py:186} INFO - Started process (PID=931) to work on /home/airflow/.local/lib/python3.12/site-packages/airflow/example_dags/example_workday_timetable.py
[2026-07-22T13:14:14.564+0000] {processor.py:914} INFO - Processing file /home/airflow/.local/lib/python3.12/site-packages/airflow/example_dags/example_workday_timetable.py for tasks to queue
[2026-07-22T13:14:14.572+0000] {logging_mixin.py:190} INFO - [2026-07-22T13:14:14.571+0000] {dagbag.py:588} INFO - Filling up the DagBag from /home/airflow/.local/lib/python3.12/site-packages/airflow/example_dags/example_workday_timetable.py
[2026-07-22T13:14:14.589+0000] {processor.py:925} INFO - DAG(s) 'example_workday_timetable' retrieved from /home/airflow/.local/lib/python3.12/site-packages/airflow/example_dags/example_workday_timetable.py
[2026-07-22T13:14:14.635+0000] {logging_mixin.py:190} INFO - [2026-07-22T13:14:14.635+0000] {dag.py:3239} INFO - Sync 1 DAGs
[2026-07-22T13:14:14.742+0000] {logging_mixin.py:190} INFO - [2026-07-22T13:14:14.742+0000] {dag.py:4180} INFO - Setting next_dagrun for example_workday_timetable to 2021-01-04 00:00:00+00:00, run_after=2021-01-05 00:00:00+00:00
[2026-07-22T13:14:14.776+0000] {processor.py:208} INFO - Processing /home/airflow/.local/lib/python3.12/site-packages/airflow/example_dags/example_workday_timetable.py took 0.230 seconds
[2026-07-22T13:14:45.029+0000] {processor.py:186} INFO - Started process (PID=994) to work on /home/airflow/.local/lib/python3.12/site-packages/airflow/example_dags/example_workday_timetable.py
[2026-07-22T13:14:45.031+0000] {processor.py:914} INFO - Processing file /home/airflow/.local/lib/python3.12/site-packages/airflow/example_dags/example_workday_timetable.py for tasks to queue
[2026-07-22T13:14:45.037+0000] {logging_mixin.py:190} INFO - [2026-07-22T13:14:45.037+0000] {dagbag.py:588} INFO - Filling up the DagBag from /home/airflow/.local/lib/python3.12/site-packages/airflow/example_dags/example_workday_timetable.py
[2026-07-22T13:14:45.048+0000] {processor.py:925} INFO - DAG(s) 'example_workday_timetable' retrieved from /home/airflow/.local/lib/python3.12/site-packages/airflow/example_dags/example_workday_timetable.py
[2026-07-22T13:14:45.082+0000] {logging_mixin.py:190} INFO - [2026-07-22T13:14:45.082+0000] {dag.py:3239} INFO - Sync 1 DAGs
[2026-07-22T13:14:45.173+0000] {logging_mixin.py:190} INFO - [2026-07-22T13:14:45.172+0000] {dag.py:4180} INFO - Setting next_dagrun for example_workday_timetable to 2021-01-04 00:00:00+00:00, run_after=2021-01-05 00:00:00+00:00
[2026-07-22T13:14:45.204+0000] {processor.py:208} INFO - Processing /home/airflow/.local/lib/python3.12/site-packages/airflow/example_dags/example_workday_timetable.py took 0.188 seconds
[2026-07-22T13:15:15.888+0000] {processor.py:186} INFO - Started process (PID=1057) to work on /home/airflow/.local/lib/python3.12/site-packages/airflow/example_dags/example_workday_timetable.py
[2026-07-22T13:15:15.891+0000] {processor.py:914} INFO - Processing file /home/airflow/.local/lib/python3.12/site-packages/airflow/example_dags/example_workday_timetable.py for tasks to queue
[2026-07-22T13:15:15.905+0000] {logging_mixin.py:190} INFO - [2026-07-22T13:15:15.903+0000] {dagbag.py:588} INFO - Filling up the DagBag from /home/airflow/.local/lib/python3.12/site-packages/airflow/example_dags/example_workday_timetable.py
[2026-07-22T13:15:15.929+0000] {processor.py:925} INFO - DAG(s) 'example_workday_timetable' retrieved from /home/airflow/.local/lib/python3.12/site-packages/airflow/example_dags/example_workday_timetable.py
[2026-07-22T13:15:15.985+0000] {logging_mixin.py:190} INFO - [2026-07-22T13:15:15.985+0000] {dag.py:3239} INFO - Sync 1 DAGs
[2026-07-22T13:15:16.115+0000] {logging_mixin.py:190} INFO - [2026-07-22T13:15:16.114+0000] {dag.py:4180} INFO - Setting next_dagrun for example_workday_timetable to 2021-01-04 00:00:00+00:00, run_after=2021-01-05 00:00:00+00:00
[2026-07-22T13:15:16.163+0000] {processor.py:208} INFO - Processing /home/airflow/.local/lib/python3.12/site-packages/airflow/example_dags/example_workday_timetable.py took 0.297 seconds
[2026-07-22T13:15:46.600+0000] {processor.py:186} INFO - Started process (PID=1121) to work on /home/airflow/.local/lib/python3.12/site-packages/airflow/example_dags/example_workday_timetable.py
[2026-07-22T13:15:46.604+0000] {processor.py:914} INFO - Processing file /home/airflow/.local/lib/python3.12/site-packages/airflow/example_dags/example_workday_timetable.py for tasks to queue
[2026-07-22T13:15:46.617+0000] {logging_mixin.py:190} INFO - [2026-07-22T13:15:46.616+0000] {dagbag.py:588} INFO - Filling up the DagBag from /home/airflow/.local/lib/python3.12/site-packages/airflow/example_dags/example_workday_timetable.py
[2026-07-22T13:15:46.639+0000] {processor.py:925} INFO - DAG(s) 'example_workday_timetable' retrieved from /home/airflow/.local/lib/python3.12/site-packages/airflow/example_dags/example_workday_timetable.py
[2026-07-22T13:15:46.698+0000] {logging_mixin.py:190} INFO - [2026-07-22T13:15:46.698+0000] {dag.py:3239} INFO - Sync 1 DAGs
[2026-07-22T13:15:46.886+0000] {logging_mixin.py:190} INFO - [2026-07-22T13:15:46.885+0000] {dag.py:4180} INFO - Setting next_dagrun for example_workday_timetable to 2021-01-04 00:00:00+00:00, run_after=2021-01-05 00:00:00+00:00
[2026-07-22T13:15:46.977+0000] {processor.py:208} INFO - Processing /home/airflow/.local/lib/python3.12/site-packages/airflow/example_dags/example_workday_timetable.py took 0.400 seconds
[2026-07-22T13:16:17.573+0000] {processor.py:186} INFO - Started process (PID=1183) to work on /home/airflow/.local/lib/python3.12/site-packages/airflow/example_dags/example_workday_timetable.py
[2026-07-22T13:16:17.579+0000] {processor.py:914} INFO - Processing file /home/airflow/.local/lib/python3.12/site-packages/airflow/example_dags/example_workday_timetable.py for tasks to queue
[2026-07-22T13:16:17.591+0000] {logging_mixin.py:190} INFO - [2026-07-22T13:16:17.590+0000] {dagbag.py:588} INFO - Filling up the DagBag from /home/airflow/.local/lib/python3.12/site-packages/airflow/example_dags/example_workday_timetable.py
[2026-07-22T13:16:17.614+0000] {processor.py:925} INFO - DAG(s) 'example_workday_timetable' retrieved from /home/airflow/.local/lib/python3.12/site-packages/airflow/example_dags/example_workday_timetable.py
[2026-07-22T13:16:17.738+0000] {logging_mixin.py:190} INFO - [2026-07-22T13:16:17.737+0000] {dag.py:3239} INFO - Sync 1 DAGs
[2026-07-22T13:16:17.949+0000] {logging_mixin.py:190} INFO - [2026-07-22T13:16:17.949+0000] {dag.py:4180} INFO - Setting next_dagrun for example_workday_timetable to 2021-01-04 00:00:00+00:00, run_after=2021-01-05 00:00:00+00:00
[2026-07-22T13:16:17.995+0000] {processor.py:208} INFO - Processing /home/airflow/.local/lib/python3.12/site-packages/airflow/example_dags/example_workday_timetable.py took 0.459 seconds
[2026-07-22T13:16:48.298+0000] {processor.py:186} INFO - Started process (PID=1247) to work on /home/airflow/.local/lib/python3.12/site-packages/airflow/example_dags/example_workday_timetable.py
[2026-07-22T13:16:48.300+0000] {processor.py:914} INFO - Processing file /home/airflow/.local/lib/python3.12/site-packages/airflow/example_dags/example_workday_timetable.py for tasks to queue
[2026-07-22T13:16:48.305+0000] {logging_mixin.py:190} INFO - [2026-07-22T13:16:48.305+0000] {dagbag.py:588} INFO - Filling up the DagBag from /home/airflow/.local/lib/python3.12/site-packages/airflow/example_dags/example_workday_timetable.py
[2026-07-22T13:16:48.321+0000] {processor.py:925} INFO - DAG(s) 'example_workday_timetable' retrieved from /home/airflow/.local/lib/python3.12/site-packages/airflow/example_dags/example_workday_timetable.py
[2026-07-22T13:16:48.384+0000] {logging_mixin.py:190} INFO - [2026-07-22T13:16:48.384+0000] {dag.py:3239} INFO - Sync 1 DAGs
[2026-07-22T13:16:48.565+0000] {logging_mixin.py:190} INFO - [2026-07-22T13:16:48.565+0000] {dag.py:4180} INFO - Setting next_dagrun for example_workday_timetable to 2021-01-04 00:00:00+00:00, run_after=2021-01-05 00:00:00+00:00
[2026-07-22T13:16:48.608+0000] {processor.py:208} INFO - Processing /home/airflow/.local/lib/python3.12/site-packages/airflow/example_dags/example_workday_timetable.py took 0.320 seconds
[2026-07-22T13:17:21.991+0000] {processor.py:186} INFO - Started process (PID=1308) to work on /home/airflow/.local/lib/python3.12/site-packages/airflow/example_dags/example_workday_timetable.py
[2026-07-22T13:17:21.998+0000] {processor.py:914} INFO - Processing file /home/airflow/.local/lib/python3.12/site-packages/airflow/example_dags/example_workday_timetable.py for tasks to queue
[2026-07-22T13:17:22.041+0000] {logging_mixin.py:190} INFO - [2026-07-22T13:17:22.040+0000] {dagbag.py:588} INFO - Filling up the DagBag from /home/airflow/.local/lib/python3.12/site-packages/airflow/example_dags/example_workday_timetable.py
[2026-07-22T13:17:22.181+0000] {processor.py:925} INFO - DAG(s) 'example_workday_timetable' retrieved from /home/airflow/.local/lib/python3.12/site-packages/airflow/example_dags/example_workday_timetable.py
[2026-07-22T13:17:22.293+0000] {logging_mixin.py:190} INFO - [2026-07-22T13:17:22.292+0000] {dag.py:3239} INFO - Sync 1 DAGs
[2026-07-22T13:17:22.620+0000] {logging_mixin.py:190} INFO - [2026-07-22T13:17:22.620+0000] {dag.py:4180} INFO - Setting next_dagrun for example_workday_timetable to 2021-01-04 00:00:00+00:00, run_after=2021-01-05 00:00:00+00:00
[2026-07-22T13:17:22.689+0000] {processor.py:208} INFO - Processing /home/airflow/.local/lib/python3.12/site-packages/airflow/example_dags/example_workday_timetable.py took 0.807 seconds
