[2026-07-22T13:07:29.657+0000] {processor.py:186} INFO - Started process (PID=115) to work on /home/airflow/.local/lib/python3.12/site-packages/airflow/example_dags/example_task_group_decorator.py
[2026-07-22T13:07:29.661+0000] {processor.py:914} INFO - Processing file /home/airflow/.local/lib/python3.12/site-packages/airflow/example_dags/example_task_group_decorator.py for tasks to queue
[2026-07-22T13:07:29.669+0000] {logging_mixin.py:190} INFO - [2026-07-22T13:07:29.669+0000] {dagbag.py:588} INFO - Filling up the DagBag from /home/airflow/.local/lib/python3.12/site-packages/airflow/example_dags/example_task_group_decorator.py
[2026-07-22T13:07:29.719+0000] {processor.py:925} INFO - DAG(s) 'example_task_group_decorator' retrieved from /home/airflow/.local/lib/python3.12/site-packages/airflow/example_dags/example_task_group_decorator.py
[2026-07-22T13:07:29.984+0000] {logging_mixin.py:190} INFO - [2026-07-22T13:07:29.983+0000] {override.py:1912} INFO - Created Permission View: can read on DAG:example_task_group_decorator
[2026-07-22T13:07:30.006+0000] {logging_mixin.py:190} INFO - [2026-07-22T13:07:30.006+0000] {override.py:1912} INFO - Created Permission View: can edit on DAG:example_task_group_decorator
[2026-07-22T13:07:30.023+0000] {logging_mixin.py:190} INFO - [2026-07-22T13:07:30.022+0000] {override.py:1912} INFO - Created Permission View: can delete on DAG:example_task_group_decorator
[2026-07-22T13:07:30.039+0000] {logging_mixin.py:190} INFO - [2026-07-22T13:07:30.039+0000] {override.py:1912} INFO - Created Permission View: can read on DAG Run:example_task_group_decorator
[2026-07-22T13:07:30.053+0000] {logging_mixin.py:190} INFO - [2026-07-22T13:07:30.052+0000] {override.py:1912} INFO - Created Permission View: menu access on DAG Run:example_task_group_decorator
[2026-07-22T13:07:30.067+0000] {logging_mixin.py:190} INFO - [2026-07-22T13:07:30.067+0000] {override.py:1912} INFO - Created Permission View: can create on DAG Run:example_task_group_decorator
[2026-07-22T13:07:30.080+0000] {logging_mixin.py:190} INFO - [2026-07-22T13:07:30.080+0000] {override.py:1912} INFO - Created Permission View: can delete on DAG Run:example_task_group_decorator
[2026-07-22T13:07:30.082+0000] {logging_mixin.py:190} INFO - [2026-07-22T13:07:30.082+0000] {dag.py:3239} INFO - Sync 1 DAGs
[2026-07-22T13:07:30.106+0000] {logging_mixin.py:190} INFO - [2026-07-22T13:07:30.105+0000] {dag.py:3262} INFO - Creating ORM DAG for example_task_group_decorator
[2026-07-22T13:07:30.109+0000] {logging_mixin.py:190} INFO - [2026-07-22T13:07:30.108+0000] {dag.py:4180} INFO - Setting next_dagrun for example_task_group_decorator to None, run_after=None
[2026-07-22T13:07:30.139+0000] {processor.py:208} INFO - Processing /home/airflow/.local/lib/python3.12/site-packages/airflow/example_dags/example_task_group_decorator.py took 0.501 seconds
[2026-07-22T13:08:00.597+0000] {processor.py:186} INFO - Started process (PID=177) to work on /home/airflow/.local/lib/python3.12/site-packages/airflow/example_dags/example_task_group_decorator.py
[2026-07-22T13:08:00.606+0000] {processor.py:914} INFO - Processing file /home/airflow/.local/lib/python3.12/site-packages/airflow/example_dags/example_task_group_decorator.py for tasks to queue
[2026-07-22T13:08:00.619+0000] {logging_mixin.py:190} INFO - [2026-07-22T13:08:00.618+0000] {dagbag.py:588} INFO - Filling up the DagBag from /home/airflow/.local/lib/python3.12/site-packages/airflow/example_dags/example_task_group_decorator.py
[2026-07-22T13:08:00.716+0000] {processor.py:925} INFO - DAG(s) 'example_task_group_decorator' retrieved from /home/airflow/.local/lib/python3.12/site-packages/airflow/example_dags/example_task_group_decorator.py
[2026-07-22T13:08:00.823+0000] {logging_mixin.py:190} INFO - [2026-07-22T13:08:00.822+0000] {dag.py:3239} INFO - Sync 1 DAGs
[2026-07-22T13:08:00.898+0000] {logging_mixin.py:190} INFO - [2026-07-22T13:08:00.895+0000] {dag.py:4180} INFO - Setting next_dagrun for example_task_group_decorator to None, run_after=None
[2026-07-22T13:08:01.023+0000] {processor.py:208} INFO - Processing /home/airflow/.local/lib/python3.12/site-packages/airflow/example_dags/example_task_group_decorator.py took 0.458 seconds
[2026-07-22T13:08:35.257+0000] {processor.py:186} INFO - Started process (PID=242) to work on /home/airflow/.local/lib/python3.12/site-packages/airflow/example_dags/example_task_group_decorator.py
[2026-07-22T13:08:35.259+0000] {processor.py:914} INFO - Processing file /home/airflow/.local/lib/python3.12/site-packages/airflow/example_dags/example_task_group_decorator.py for tasks to queue
[2026-07-22T13:08:35.267+0000] {logging_mixin.py:190} INFO - [2026-07-22T13:08:35.265+0000] {dagbag.py:588} INFO - Filling up the DagBag from /home/airflow/.local/lib/python3.12/site-packages/airflow/example_dags/example_task_group_decorator.py
[2026-07-22T13:08:35.305+0000] {processor.py:925} INFO - DAG(s) 'example_task_group_decorator' retrieved from /home/airflow/.local/lib/python3.12/site-packages/airflow/example_dags/example_task_group_decorator.py
[2026-07-22T13:08:35.359+0000] {logging_mixin.py:190} INFO - [2026-07-22T13:08:35.359+0000] {dag.py:3239} INFO - Sync 1 DAGs
[2026-07-22T13:08:35.396+0000] {logging_mixin.py:190} INFO - [2026-07-22T13:08:35.395+0000] {dag.py:4180} INFO - Setting next_dagrun for example_task_group_decorator to None, run_after=None
[2026-07-22T13:08:35.440+0000] {processor.py:208} INFO - Processing /home/airflow/.local/lib/python3.12/site-packages/airflow/example_dags/example_task_group_decorator.py took 0.197 seconds
[2026-07-22T13:09:05.524+0000] {processor.py:186} INFO - Started process (PID=304) to work on /home/airflow/.local/lib/python3.12/site-packages/airflow/example_dags/example_task_group_decorator.py
[2026-07-22T13:09:05.526+0000] {processor.py:914} INFO - Processing file /home/airflow/.local/lib/python3.12/site-packages/airflow/example_dags/example_task_group_decorator.py for tasks to queue
[2026-07-22T13:09:05.531+0000] {logging_mixin.py:190} INFO - [2026-07-22T13:09:05.530+0000] {dagbag.py:588} INFO - Filling up the DagBag from /home/airflow/.local/lib/python3.12/site-packages/airflow/example_dags/example_task_group_decorator.py
[2026-07-22T13:09:05.548+0000] {processor.py:925} INFO - DAG(s) 'example_task_group_decorator' retrieved from /home/airflow/.local/lib/python3.12/site-packages/airflow/example_dags/example_task_group_decorator.py
[2026-07-22T13:09:05.580+0000] {logging_mixin.py:190} INFO - [2026-07-22T13:09:05.580+0000] {dag.py:3239} INFO - Sync 1 DAGs
[2026-07-22T13:09:05.597+0000] {logging_mixin.py:190} INFO - [2026-07-22T13:09:05.596+0000] {dag.py:4180} INFO - Setting next_dagrun for example_task_group_decorator to None, run_after=None
[2026-07-22T13:09:05.622+0000] {processor.py:208} INFO - Processing /home/airflow/.local/lib/python3.12/site-packages/airflow/example_dags/example_task_group_decorator.py took 0.105 seconds
[2026-07-22T13:09:36.450+0000] {processor.py:186} INFO - Started process (PID=368) to work on /home/airflow/.local/lib/python3.12/site-packages/airflow/example_dags/example_task_group_decorator.py
[2026-07-22T13:09:36.453+0000] {processor.py:914} INFO - Processing file /home/airflow/.local/lib/python3.12/site-packages/airflow/example_dags/example_task_group_decorator.py for tasks to queue
[2026-07-22T13:09:36.458+0000] {logging_mixin.py:190} INFO - [2026-07-22T13:09:36.458+0000] {dagbag.py:588} INFO - Filling up the DagBag from /home/airflow/.local/lib/python3.12/site-packages/airflow/example_dags/example_task_group_decorator.py
[2026-07-22T13:09:36.484+0000] {processor.py:925} INFO - DAG(s) 'example_task_group_decorator' retrieved from /home/airflow/.local/lib/python3.12/site-packages/airflow/example_dags/example_task_group_decorator.py
[2026-07-22T13:09:36.524+0000] {logging_mixin.py:190} INFO - [2026-07-22T13:09:36.524+0000] {dag.py:3239} INFO - Sync 1 DAGs
[2026-07-22T13:09:36.550+0000] {logging_mixin.py:190} INFO - [2026-07-22T13:09:36.550+0000] {dag.py:4180} INFO - Setting next_dagrun for example_task_group_decorator to None, run_after=None
[2026-07-22T13:09:36.589+0000] {processor.py:208} INFO - Processing /home/airflow/.local/lib/python3.12/site-packages/airflow/example_dags/example_task_group_decorator.py took 0.149 seconds
[2026-07-22T13:10:08.192+0000] {processor.py:186} INFO - Started process (PID=431) to work on /home/airflow/.local/lib/python3.12/site-packages/airflow/example_dags/example_task_group_decorator.py
[2026-07-22T13:10:08.194+0000] {processor.py:914} INFO - Processing file /home/airflow/.local/lib/python3.12/site-packages/airflow/example_dags/example_task_group_decorator.py for tasks to queue
[2026-07-22T13:10:08.201+0000] {logging_mixin.py:190} INFO - [2026-07-22T13:10:08.201+0000] {dagbag.py:588} INFO - Filling up the DagBag from /home/airflow/.local/lib/python3.12/site-packages/airflow/example_dags/example_task_group_decorator.py
[2026-07-22T13:10:08.226+0000] {processor.py:925} INFO - DAG(s) 'example_task_group_decorator' retrieved from /home/airflow/.local/lib/python3.12/site-packages/airflow/example_dags/example_task_group_decorator.py
[2026-07-22T13:10:08.264+0000] {logging_mixin.py:190} INFO - [2026-07-22T13:10:08.263+0000] {dag.py:3239} INFO - Sync 1 DAGs
[2026-07-22T13:10:08.290+0000] {logging_mixin.py:190} INFO - [2026-07-22T13:10:08.290+0000] {dag.py:4180} INFO - Setting next_dagrun for example_task_group_decorator to None, run_after=None
[2026-07-22T13:10:08.326+0000] {processor.py:208} INFO - Processing /home/airflow/.local/lib/python3.12/site-packages/airflow/example_dags/example_task_group_decorator.py took 0.141 seconds
[2026-07-22T13:10:39.988+0000] {processor.py:186} INFO - Started process (PID=494) to work on /home/airflow/.local/lib/python3.12/site-packages/airflow/example_dags/example_task_group_decorator.py
[2026-07-22T13:10:39.990+0000] {processor.py:914} INFO - Processing file /home/airflow/.local/lib/python3.12/site-packages/airflow/example_dags/example_task_group_decorator.py for tasks to queue
[2026-07-22T13:10:39.996+0000] {logging_mixin.py:190} INFO - [2026-07-22T13:10:39.995+0000] {dagbag.py:588} INFO - Filling up the DagBag from /home/airflow/.local/lib/python3.12/site-packages/airflow/example_dags/example_task_group_decorator.py
[2026-07-22T13:10:40.039+0000] {processor.py:925} INFO - DAG(s) 'example_task_group_decorator' retrieved from /home/airflow/.local/lib/python3.12/site-packages/airflow/example_dags/example_task_group_decorator.py
[2026-07-22T13:10:40.090+0000] {logging_mixin.py:190} INFO - [2026-07-22T13:10:40.089+0000] {dag.py:3239} INFO - Sync 1 DAGs
[2026-07-22T13:10:40.122+0000] {logging_mixin.py:190} INFO - [2026-07-22T13:10:40.121+0000] {dag.py:4180} INFO - Setting next_dagrun for example_task_group_decorator to None, run_after=None
[2026-07-22T13:10:40.162+0000] {processor.py:208} INFO - Processing /home/airflow/.local/lib/python3.12/site-packages/airflow/example_dags/example_task_group_decorator.py took 0.184 seconds
[2026-07-22T13:11:10.564+0000] {processor.py:186} INFO - Started process (PID=557) to work on /home/airflow/.local/lib/python3.12/site-packages/airflow/example_dags/example_task_group_decorator.py
[2026-07-22T13:11:10.568+0000] {processor.py:914} INFO - Processing file /home/airflow/.local/lib/python3.12/site-packages/airflow/example_dags/example_task_group_decorator.py for tasks to queue
[2026-07-22T13:11:10.574+0000] {logging_mixin.py:190} INFO - [2026-07-22T13:11:10.573+0000] {dagbag.py:588} INFO - Filling up the DagBag from /home/airflow/.local/lib/python3.12/site-packages/airflow/example_dags/example_task_group_decorator.py
[2026-07-22T13:11:10.601+0000] {processor.py:925} INFO - DAG(s) 'example_task_group_decorator' retrieved from /home/airflow/.local/lib/python3.12/site-packages/airflow/example_dags/example_task_group_decorator.py
[2026-07-22T13:11:10.701+0000] {logging_mixin.py:190} INFO - [2026-07-22T13:11:10.700+0000] {dag.py:3239} INFO - Sync 1 DAGs
[2026-07-22T13:11:10.779+0000] {logging_mixin.py:190} INFO - [2026-07-22T13:11:10.779+0000] {dag.py:4180} INFO - Setting next_dagrun for example_task_group_decorator to None, run_after=None
[2026-07-22T13:11:10.847+0000] {processor.py:208} INFO - Processing /home/airflow/.local/lib/python3.12/site-packages/airflow/example_dags/example_task_group_decorator.py took 0.294 seconds
[2026-07-22T13:11:42.300+0000] {processor.py:186} INFO - Started process (PID=620) to work on /home/airflow/.local/lib/python3.12/site-packages/airflow/example_dags/example_task_group_decorator.py
[2026-07-22T13:11:42.303+0000] {processor.py:914} INFO - Processing file /home/airflow/.local/lib/python3.12/site-packages/airflow/example_dags/example_task_group_decorator.py for tasks to queue
[2026-07-22T13:11:42.307+0000] {logging_mixin.py:190} INFO - [2026-07-22T13:11:42.306+0000] {dagbag.py:588} INFO - Filling up the DagBag from /home/airflow/.local/lib/python3.12/site-packages/airflow/example_dags/example_task_group_decorator.py
[2026-07-22T13:11:42.328+0000] {processor.py:925} INFO - DAG(s) 'example_task_group_decorator' retrieved from /home/airflow/.local/lib/python3.12/site-packages/airflow/example_dags/example_task_group_decorator.py
[2026-07-22T13:11:42.365+0000] {logging_mixin.py:190} INFO - [2026-07-22T13:11:42.365+0000] {dag.py:3239} INFO - Sync 1 DAGs
[2026-07-22T13:11:42.388+0000] {logging_mixin.py:190} INFO - [2026-07-22T13:11:42.388+0000] {dag.py:4180} INFO - Setting next_dagrun for example_task_group_decorator to None, run_after=None
[2026-07-22T13:11:42.421+0000] {processor.py:208} INFO - Processing /home/airflow/.local/lib/python3.12/site-packages/airflow/example_dags/example_task_group_decorator.py took 0.131 seconds
[2026-07-22T13:12:14.938+0000] {processor.py:186} INFO - Started process (PID=683) to work on /home/airflow/.local/lib/python3.12/site-packages/airflow/example_dags/example_task_group_decorator.py
[2026-07-22T13:12:14.942+0000] {processor.py:914} INFO - Processing file /home/airflow/.local/lib/python3.12/site-packages/airflow/example_dags/example_task_group_decorator.py for tasks to queue
[2026-07-22T13:12:14.947+0000] {logging_mixin.py:190} INFO - [2026-07-22T13:12:14.947+0000] {dagbag.py:588} INFO - Filling up the DagBag from /home/airflow/.local/lib/python3.12/site-packages/airflow/example_dags/example_task_group_decorator.py
[2026-07-22T13:12:14.992+0000] {processor.py:925} INFO - DAG(s) 'example_task_group_decorator' retrieved from /home/airflow/.local/lib/python3.12/site-packages/airflow/example_dags/example_task_group_decorator.py
[2026-07-22T13:12:15.061+0000] {logging_mixin.py:190} INFO - [2026-07-22T13:12:15.060+0000] {dag.py:3239} INFO - Sync 1 DAGs
[2026-07-22T13:12:15.097+0000] {logging_mixin.py:190} INFO - [2026-07-22T13:12:15.096+0000] {dag.py:4180} INFO - Setting next_dagrun for example_task_group_decorator to None, run_after=None
[2026-07-22T13:12:15.149+0000] {processor.py:208} INFO - Processing /home/airflow/.local/lib/python3.12/site-packages/airflow/example_dags/example_task_group_decorator.py took 0.221 seconds
[2026-07-22T13:12:47.263+0000] {processor.py:186} INFO - Started process (PID=746) to work on /home/airflow/.local/lib/python3.12/site-packages/airflow/example_dags/example_task_group_decorator.py
[2026-07-22T13:12:47.266+0000] {processor.py:914} INFO - Processing file /home/airflow/.local/lib/python3.12/site-packages/airflow/example_dags/example_task_group_decorator.py for tasks to queue
[2026-07-22T13:12:47.272+0000] {logging_mixin.py:190} INFO - [2026-07-22T13:12:47.271+0000] {dagbag.py:588} INFO - Filling up the DagBag from /home/airflow/.local/lib/python3.12/site-packages/airflow/example_dags/example_task_group_decorator.py
[2026-07-22T13:12:47.307+0000] {processor.py:925} INFO - DAG(s) 'example_task_group_decorator' retrieved from /home/airflow/.local/lib/python3.12/site-packages/airflow/example_dags/example_task_group_decorator.py
[2026-07-22T13:12:47.372+0000] {logging_mixin.py:190} INFO - [2026-07-22T13:12:47.372+0000] {dag.py:3239} INFO - Sync 1 DAGs
[2026-07-22T13:12:47.407+0000] {logging_mixin.py:190} INFO - [2026-07-22T13:12:47.406+0000] {dag.py:4180} INFO - Setting next_dagrun for example_task_group_decorator to None, run_after=None
[2026-07-22T13:12:47.469+0000] {processor.py:208} INFO - Processing /home/airflow/.local/lib/python3.12/site-packages/airflow/example_dags/example_task_group_decorator.py took 0.223 seconds
[2026-07-22T13:13:19.689+0000] {processor.py:186} INFO - Started process (PID=815) to work on /home/airflow/.local/lib/python3.12/site-packages/airflow/example_dags/example_task_group_decorator.py
[2026-07-22T13:13:19.695+0000] {processor.py:914} INFO - Processing file /home/airflow/.local/lib/python3.12/site-packages/airflow/example_dags/example_task_group_decorator.py for tasks to queue
[2026-07-22T13:13:19.702+0000] {logging_mixin.py:190} INFO - [2026-07-22T13:13:19.701+0000] {dagbag.py:588} INFO - Filling up the DagBag from /home/airflow/.local/lib/python3.12/site-packages/airflow/example_dags/example_task_group_decorator.py
[2026-07-22T13:13:19.750+0000] {processor.py:925} INFO - DAG(s) 'example_task_group_decorator' retrieved from /home/airflow/.local/lib/python3.12/site-packages/airflow/example_dags/example_task_group_decorator.py
[2026-07-22T13:13:19.832+0000] {logging_mixin.py:190} INFO - [2026-07-22T13:13:19.832+0000] {dag.py:3239} INFO - Sync 1 DAGs
[2026-07-22T13:13:19.873+0000] {logging_mixin.py:190} INFO - [2026-07-22T13:13:19.872+0000] {dag.py:4180} INFO - Setting next_dagrun for example_task_group_decorator to None, run_after=None
[2026-07-22T13:13:19.928+0000] {processor.py:208} INFO - Processing /home/airflow/.local/lib/python3.12/site-packages/airflow/example_dags/example_task_group_decorator.py took 0.257 seconds
[2026-07-22T13:13:51.747+0000] {processor.py:186} INFO - Started process (PID=878) to work on /home/airflow/.local/lib/python3.12/site-packages/airflow/example_dags/example_task_group_decorator.py
[2026-07-22T13:13:51.749+0000] {processor.py:914} INFO - Processing file /home/airflow/.local/lib/python3.12/site-packages/airflow/example_dags/example_task_group_decorator.py for tasks to queue
[2026-07-22T13:13:51.753+0000] {logging_mixin.py:190} INFO - [2026-07-22T13:13:51.752+0000] {dagbag.py:588} INFO - Filling up the DagBag from /home/airflow/.local/lib/python3.12/site-packages/airflow/example_dags/example_task_group_decorator.py
[2026-07-22T13:13:51.780+0000] {processor.py:925} INFO - DAG(s) 'example_task_group_decorator' retrieved from /home/airflow/.local/lib/python3.12/site-packages/airflow/example_dags/example_task_group_decorator.py
[2026-07-22T13:13:51.840+0000] {logging_mixin.py:190} INFO - [2026-07-22T13:13:51.839+0000] {dag.py:3239} INFO - Sync 1 DAGs
[2026-07-22T13:13:51.869+0000] {logging_mixin.py:190} INFO - [2026-07-22T13:13:51.869+0000] {dag.py:4180} INFO - Setting next_dagrun for example_task_group_decorator to None, run_after=None
[2026-07-22T13:13:51.918+0000] {processor.py:208} INFO - Processing /home/airflow/.local/lib/python3.12/site-packages/airflow/example_dags/example_task_group_decorator.py took 0.180 seconds
[2026-07-22T13:14:24.023+0000] {processor.py:186} INFO - Started process (PID=941) to work on /home/airflow/.local/lib/python3.12/site-packages/airflow/example_dags/example_task_group_decorator.py
[2026-07-22T13:14:24.026+0000] {processor.py:914} INFO - Processing file /home/airflow/.local/lib/python3.12/site-packages/airflow/example_dags/example_task_group_decorator.py for tasks to queue
[2026-07-22T13:14:24.032+0000] {logging_mixin.py:190} INFO - [2026-07-22T13:14:24.032+0000] {dagbag.py:588} INFO - Filling up the DagBag from /home/airflow/.local/lib/python3.12/site-packages/airflow/example_dags/example_task_group_decorator.py
[2026-07-22T13:14:24.071+0000] {processor.py:925} INFO - DAG(s) 'example_task_group_decorator' retrieved from /home/airflow/.local/lib/python3.12/site-packages/airflow/example_dags/example_task_group_decorator.py
[2026-07-22T13:14:24.137+0000] {logging_mixin.py:190} INFO - [2026-07-22T13:14:24.136+0000] {dag.py:3239} INFO - Sync 1 DAGs
[2026-07-22T13:14:24.164+0000] {logging_mixin.py:190} INFO - [2026-07-22T13:14:24.164+0000] {dag.py:4180} INFO - Setting next_dagrun for example_task_group_decorator to None, run_after=None
[2026-07-22T13:14:24.209+0000] {processor.py:208} INFO - Processing /home/airflow/.local/lib/python3.12/site-packages/airflow/example_dags/example_task_group_decorator.py took 0.200 seconds
[2026-07-22T13:14:55.686+0000] {processor.py:186} INFO - Started process (PID=1004) to work on /home/airflow/.local/lib/python3.12/site-packages/airflow/example_dags/example_task_group_decorator.py
[2026-07-22T13:14:55.694+0000] {processor.py:914} INFO - Processing file /home/airflow/.local/lib/python3.12/site-packages/airflow/example_dags/example_task_group_decorator.py for tasks to queue
[2026-07-22T13:14:55.701+0000] {logging_mixin.py:190} INFO - [2026-07-22T13:14:55.700+0000] {dagbag.py:588} INFO - Filling up the DagBag from /home/airflow/.local/lib/python3.12/site-packages/airflow/example_dags/example_task_group_decorator.py
[2026-07-22T13:14:55.752+0000] {processor.py:925} INFO - DAG(s) 'example_task_group_decorator' retrieved from /home/airflow/.local/lib/python3.12/site-packages/airflow/example_dags/example_task_group_decorator.py
[2026-07-22T13:14:55.810+0000] {logging_mixin.py:190} INFO - [2026-07-22T13:14:55.809+0000] {dag.py:3239} INFO - Sync 1 DAGs
[2026-07-22T13:14:55.846+0000] {logging_mixin.py:190} INFO - [2026-07-22T13:14:55.846+0000] {dag.py:4180} INFO - Setting next_dagrun for example_task_group_decorator to None, run_after=None
[2026-07-22T13:14:55.890+0000] {processor.py:208} INFO - Processing /home/airflow/.local/lib/python3.12/site-packages/airflow/example_dags/example_task_group_decorator.py took 0.215 seconds
[2026-07-22T13:15:29.852+0000] {processor.py:186} INFO - Started process (PID=1071) to work on /home/airflow/.local/lib/python3.12/site-packages/airflow/example_dags/example_task_group_decorator.py
[2026-07-22T13:15:29.856+0000] {processor.py:914} INFO - Processing file /home/airflow/.local/lib/python3.12/site-packages/airflow/example_dags/example_task_group_decorator.py for tasks to queue
[2026-07-22T13:15:29.862+0000] {logging_mixin.py:190} INFO - [2026-07-22T13:15:29.861+0000] {dagbag.py:588} INFO - Filling up the DagBag from /home/airflow/.local/lib/python3.12/site-packages/airflow/example_dags/example_task_group_decorator.py
[2026-07-22T13:15:29.902+0000] {processor.py:925} INFO - DAG(s) 'example_task_group_decorator' retrieved from /home/airflow/.local/lib/python3.12/site-packages/airflow/example_dags/example_task_group_decorator.py
[2026-07-22T13:15:29.982+0000] {logging_mixin.py:190} INFO - [2026-07-22T13:15:29.981+0000] {dag.py:3239} INFO - Sync 1 DAGs
[2026-07-22T13:15:30.032+0000] {logging_mixin.py:190} INFO - [2026-07-22T13:15:30.031+0000] {dag.py:4180} INFO - Setting next_dagrun for example_task_group_decorator to None, run_after=None
[2026-07-22T13:15:30.095+0000] {processor.py:208} INFO - Processing /home/airflow/.local/lib/python3.12/site-packages/airflow/example_dags/example_task_group_decorator.py took 0.253 seconds
[2026-07-22T13:16:01.858+0000] {processor.py:186} INFO - Started process (PID=1136) to work on /home/airflow/.local/lib/python3.12/site-packages/airflow/example_dags/example_task_group_decorator.py
[2026-07-22T13:16:01.861+0000] {processor.py:914} INFO - Processing file /home/airflow/.local/lib/python3.12/site-packages/airflow/example_dags/example_task_group_decorator.py for tasks to queue
[2026-07-22T13:16:01.866+0000] {logging_mixin.py:190} INFO - [2026-07-22T13:16:01.865+0000] {dagbag.py:588} INFO - Filling up the DagBag from /home/airflow/.local/lib/python3.12/site-packages/airflow/example_dags/example_task_group_decorator.py
[2026-07-22T13:16:01.907+0000] {processor.py:925} INFO - DAG(s) 'example_task_group_decorator' retrieved from /home/airflow/.local/lib/python3.12/site-packages/airflow/example_dags/example_task_group_decorator.py
[2026-07-22T13:16:01.957+0000] {logging_mixin.py:190} INFO - [2026-07-22T13:16:01.956+0000] {dag.py:3239} INFO - Sync 1 DAGs
[2026-07-22T13:16:01.984+0000] {logging_mixin.py:190} INFO - [2026-07-22T13:16:01.983+0000] {dag.py:4180} INFO - Setting next_dagrun for example_task_group_decorator to None, run_after=None
[2026-07-22T13:16:02.023+0000] {processor.py:208} INFO - Processing /home/airflow/.local/lib/python3.12/site-packages/airflow/example_dags/example_task_group_decorator.py took 0.181 seconds
[2026-07-22T13:16:32.169+0000] {processor.py:186} INFO - Started process (PID=1198) to work on /home/airflow/.local/lib/python3.12/site-packages/airflow/example_dags/example_task_group_decorator.py
[2026-07-22T13:16:32.173+0000] {processor.py:914} INFO - Processing file /home/airflow/.local/lib/python3.12/site-packages/airflow/example_dags/example_task_group_decorator.py for tasks to queue
[2026-07-22T13:16:32.181+0000] {logging_mixin.py:190} INFO - [2026-07-22T13:16:32.180+0000] {dagbag.py:588} INFO - Filling up the DagBag from /home/airflow/.local/lib/python3.12/site-packages/airflow/example_dags/example_task_group_decorator.py
[2026-07-22T13:16:32.213+0000] {processor.py:925} INFO - DAG(s) 'example_task_group_decorator' retrieved from /home/airflow/.local/lib/python3.12/site-packages/airflow/example_dags/example_task_group_decorator.py
[2026-07-22T13:16:32.280+0000] {logging_mixin.py:190} INFO - [2026-07-22T13:16:32.279+0000] {dag.py:3239} INFO - Sync 1 DAGs
[2026-07-22T13:16:32.309+0000] {logging_mixin.py:190} INFO - [2026-07-22T13:16:32.309+0000] {dag.py:4180} INFO - Setting next_dagrun for example_task_group_decorator to None, run_after=None
[2026-07-22T13:16:32.356+0000] {processor.py:208} INFO - Processing /home/airflow/.local/lib/python3.12/site-packages/airflow/example_dags/example_task_group_decorator.py took 0.207 seconds
[2026-07-22T13:17:02.603+0000] {processor.py:186} INFO - Started process (PID=1260) to work on /home/airflow/.local/lib/python3.12/site-packages/airflow/example_dags/example_task_group_decorator.py
[2026-07-22T13:17:02.615+0000] {processor.py:914} INFO - Processing file /home/airflow/.local/lib/python3.12/site-packages/airflow/example_dags/example_task_group_decorator.py for tasks to queue
[2026-07-22T13:17:02.635+0000] {logging_mixin.py:190} INFO - [2026-07-22T13:17:02.634+0000] {dagbag.py:588} INFO - Filling up the DagBag from /home/airflow/.local/lib/python3.12/site-packages/airflow/example_dags/example_task_group_decorator.py
[2026-07-22T13:17:02.734+0000] {processor.py:925} INFO - DAG(s) 'example_task_group_decorator' retrieved from /home/airflow/.local/lib/python3.12/site-packages/airflow/example_dags/example_task_group_decorator.py
[2026-07-22T13:17:02.842+0000] {logging_mixin.py:190} INFO - [2026-07-22T13:17:02.841+0000] {dag.py:3239} INFO - Sync 1 DAGs
[2026-07-22T13:17:02.915+0000] {logging_mixin.py:190} INFO - [2026-07-22T13:17:02.914+0000] {dag.py:4180} INFO - Setting next_dagrun for example_task_group_decorator to None, run_after=None
[2026-07-22T13:17:03.012+0000] {processor.py:208} INFO - Processing /home/airflow/.local/lib/python3.12/site-packages/airflow/example_dags/example_task_group_decorator.py took 0.437 seconds
[2026-07-22T13:17:33.117+0000] {processor.py:186} INFO - Started process (PID=1323) to work on /home/airflow/.local/lib/python3.12/site-packages/airflow/example_dags/example_task_group_decorator.py
[2026-07-22T13:17:33.120+0000] {processor.py:914} INFO - Processing file /home/airflow/.local/lib/python3.12/site-packages/airflow/example_dags/example_task_group_decorator.py for tasks to queue
[2026-07-22T13:17:33.125+0000] {logging_mixin.py:190} INFO - [2026-07-22T13:17:33.125+0000] {dagbag.py:588} INFO - Filling up the DagBag from /home/airflow/.local/lib/python3.12/site-packages/airflow/example_dags/example_task_group_decorator.py
[2026-07-22T13:17:33.155+0000] {processor.py:925} INFO - DAG(s) 'example_task_group_decorator' retrieved from /home/airflow/.local/lib/python3.12/site-packages/airflow/example_dags/example_task_group_decorator.py
[2026-07-22T13:17:33.200+0000] {logging_mixin.py:190} INFO - [2026-07-22T13:17:33.200+0000] {dag.py:3239} INFO - Sync 1 DAGs
[2026-07-22T13:17:33.237+0000] {logging_mixin.py:190} INFO - [2026-07-22T13:17:33.237+0000] {dag.py:4180} INFO - Setting next_dagrun for example_task_group_decorator to None, run_after=None
[2026-07-22T13:17:33.285+0000] {processor.py:208} INFO - Processing /home/airflow/.local/lib/python3.12/site-packages/airflow/example_dags/example_task_group_decorator.py took 0.183 seconds
