[2026-07-22T13:07:34.240+0000] {processor.py:186} INFO - Started process (PID=125) to work on /home/airflow/.local/lib/python3.12/site-packages/airflow/example_dags/example_branch_operator.py
[2026-07-22T13:07:34.243+0000] {processor.py:914} INFO - Processing file /home/airflow/.local/lib/python3.12/site-packages/airflow/example_dags/example_branch_operator.py for tasks to queue
[2026-07-22T13:07:34.249+0000] {logging_mixin.py:190} INFO - [2026-07-22T13:07:34.248+0000] {dagbag.py:588} INFO - Filling up the DagBag from /home/airflow/.local/lib/python3.12/site-packages/airflow/example_dags/example_branch_operator.py
[2026-07-22T13:07:34.287+0000] {processor.py:925} INFO - DAG(s) 'example_branch_operator' retrieved from /home/airflow/.local/lib/python3.12/site-packages/airflow/example_dags/example_branch_operator.py
[2026-07-22T13:07:34.729+0000] {logging_mixin.py:190} INFO - [2026-07-22T13:07:34.727+0000] {override.py:1912} INFO - Created Permission View: can read on DAG:example_branch_operator
[2026-07-22T13:07:34.783+0000] {logging_mixin.py:190} INFO - [2026-07-22T13:07:34.782+0000] {override.py:1912} INFO - Created Permission View: can edit on DAG:example_branch_operator
[2026-07-22T13:07:34.806+0000] {logging_mixin.py:190} INFO - [2026-07-22T13:07:34.806+0000] {override.py:1912} INFO - Created Permission View: can delete on DAG:example_branch_operator
[2026-07-22T13:07:34.828+0000] {logging_mixin.py:190} INFO - [2026-07-22T13:07:34.828+0000] {override.py:1912} INFO - Created Permission View: can read on DAG Run:example_branch_operator
[2026-07-22T13:07:34.847+0000] {logging_mixin.py:190} INFO - [2026-07-22T13:07:34.846+0000] {override.py:1912} INFO - Created Permission View: menu access on DAG Run:example_branch_operator
[2026-07-22T13:07:34.865+0000] {logging_mixin.py:190} INFO - [2026-07-22T13:07:34.864+0000] {override.py:1912} INFO - Created Permission View: can create on DAG Run:example_branch_operator
[2026-07-22T13:07:34.882+0000] {logging_mixin.py:190} INFO - [2026-07-22T13:07:34.881+0000] {override.py:1912} INFO - Created Permission View: can delete on DAG Run:example_branch_operator
[2026-07-22T13:07:34.884+0000] {logging_mixin.py:190} INFO - [2026-07-22T13:07:34.884+0000] {dag.py:3239} INFO - Sync 1 DAGs
[2026-07-22T13:07:34.909+0000] {logging_mixin.py:190} INFO - [2026-07-22T13:07:34.909+0000] {dag.py:3262} INFO - Creating ORM DAG for example_branch_operator
[2026-07-22T13:07:34.935+0000] {logging_mixin.py:190} INFO - [2026-07-22T13:07:34.934+0000] {dag.py:4180} INFO - Setting next_dagrun for example_branch_operator to 2026-07-21 00:00:00+00:00, run_after=2026-07-22 00:00:00+00:00
[2026-07-22T13:07:34.976+0000] {processor.py:208} INFO - Processing /home/airflow/.local/lib/python3.12/site-packages/airflow/example_dags/example_branch_operator.py took 0.749 seconds
[2026-07-22T13:08:05.544+0000] {processor.py:186} INFO - Started process (PID=188) to work on /home/airflow/.local/lib/python3.12/site-packages/airflow/example_dags/example_branch_operator.py
[2026-07-22T13:08:05.548+0000] {processor.py:914} INFO - Processing file /home/airflow/.local/lib/python3.12/site-packages/airflow/example_dags/example_branch_operator.py for tasks to queue
[2026-07-22T13:08:05.558+0000] {logging_mixin.py:190} INFO - [2026-07-22T13:08:05.557+0000] {dagbag.py:588} INFO - Filling up the DagBag from /home/airflow/.local/lib/python3.12/site-packages/airflow/example_dags/example_branch_operator.py
[2026-07-22T13:08:05.615+0000] {processor.py:925} INFO - DAG(s) 'example_branch_operator' retrieved from /home/airflow/.local/lib/python3.12/site-packages/airflow/example_dags/example_branch_operator.py
[2026-07-22T13:08:05.700+0000] {logging_mixin.py:190} INFO - [2026-07-22T13:08:05.699+0000] {dag.py:3239} INFO - Sync 1 DAGs
[2026-07-22T13:08:05.764+0000] {logging_mixin.py:190} INFO - [2026-07-22T13:08:05.763+0000] {dag.py:4180} INFO - Setting next_dagrun for example_branch_operator to 2026-07-21 00:00:00+00:00, run_after=2026-07-22 00:00:00+00:00
[2026-07-22T13:08:05.840+0000] {processor.py:208} INFO - Processing /home/airflow/.local/lib/python3.12/site-packages/airflow/example_dags/example_branch_operator.py took 0.309 seconds
[2026-07-22T13:08:37.859+0000] {processor.py:186} INFO - Started process (PID=252) to work on /home/airflow/.local/lib/python3.12/site-packages/airflow/example_dags/example_branch_operator.py
[2026-07-22T13:08:37.865+0000] {processor.py:914} INFO - Processing file /home/airflow/.local/lib/python3.12/site-packages/airflow/example_dags/example_branch_operator.py for tasks to queue
[2026-07-22T13:08:37.871+0000] {logging_mixin.py:190} INFO - [2026-07-22T13:08:37.870+0000] {dagbag.py:588} INFO - Filling up the DagBag from /home/airflow/.local/lib/python3.12/site-packages/airflow/example_dags/example_branch_operator.py
[2026-07-22T13:08:37.914+0000] {processor.py:925} INFO - DAG(s) 'example_branch_operator' retrieved from /home/airflow/.local/lib/python3.12/site-packages/airflow/example_dags/example_branch_operator.py
[2026-07-22T13:08:37.986+0000] {logging_mixin.py:190} INFO - [2026-07-22T13:08:37.986+0000] {dag.py:3239} INFO - Sync 1 DAGs
[2026-07-22T13:08:38.038+0000] {logging_mixin.py:190} INFO - [2026-07-22T13:08:38.038+0000] {dag.py:4180} INFO - Setting next_dagrun for example_branch_operator to 2026-07-21 00:00:00+00:00, run_after=2026-07-22 00:00:00+00:00
[2026-07-22T13:08:38.084+0000] {processor.py:208} INFO - Processing /home/airflow/.local/lib/python3.12/site-packages/airflow/example_dags/example_branch_operator.py took 0.236 seconds
[2026-07-22T13:09:08.774+0000] {processor.py:186} INFO - Started process (PID=315) to work on /home/airflow/.local/lib/python3.12/site-packages/airflow/example_dags/example_branch_operator.py
[2026-07-22T13:09:08.776+0000] {processor.py:914} INFO - Processing file /home/airflow/.local/lib/python3.12/site-packages/airflow/example_dags/example_branch_operator.py for tasks to queue
[2026-07-22T13:09:08.781+0000] {logging_mixin.py:190} INFO - [2026-07-22T13:09:08.781+0000] {dagbag.py:588} INFO - Filling up the DagBag from /home/airflow/.local/lib/python3.12/site-packages/airflow/example_dags/example_branch_operator.py
[2026-07-22T13:09:08.815+0000] {processor.py:925} INFO - DAG(s) 'example_branch_operator' retrieved from /home/airflow/.local/lib/python3.12/site-packages/airflow/example_dags/example_branch_operator.py
[2026-07-22T13:09:08.885+0000] {logging_mixin.py:190} INFO - [2026-07-22T13:09:08.885+0000] {dag.py:3239} INFO - Sync 1 DAGs
[2026-07-22T13:09:08.934+0000] {logging_mixin.py:190} INFO - [2026-07-22T13:09:08.934+0000] {dag.py:4180} INFO - Setting next_dagrun for example_branch_operator to 2026-07-21 00:00:00+00:00, run_after=2026-07-22 00:00:00+00:00
[2026-07-22T13:09:08.971+0000] {processor.py:208} INFO - Processing /home/airflow/.local/lib/python3.12/site-packages/airflow/example_dags/example_branch_operator.py took 0.206 seconds
[2026-07-22T13:09:39.924+0000] {processor.py:186} INFO - Started process (PID=379) to work on /home/airflow/.local/lib/python3.12/site-packages/airflow/example_dags/example_branch_operator.py
[2026-07-22T13:09:39.927+0000] {processor.py:914} INFO - Processing file /home/airflow/.local/lib/python3.12/site-packages/airflow/example_dags/example_branch_operator.py for tasks to queue
[2026-07-22T13:09:39.932+0000] {logging_mixin.py:190} INFO - [2026-07-22T13:09:39.931+0000] {dagbag.py:588} INFO - Filling up the DagBag from /home/airflow/.local/lib/python3.12/site-packages/airflow/example_dags/example_branch_operator.py
[2026-07-22T13:09:39.964+0000] {processor.py:925} INFO - DAG(s) 'example_branch_operator' retrieved from /home/airflow/.local/lib/python3.12/site-packages/airflow/example_dags/example_branch_operator.py
[2026-07-22T13:09:40.003+0000] {logging_mixin.py:190} INFO - [2026-07-22T13:09:40.003+0000] {dag.py:3239} INFO - Sync 1 DAGs
[2026-07-22T13:09:40.051+0000] {logging_mixin.py:190} INFO - [2026-07-22T13:09:40.050+0000] {dag.py:4180} INFO - Setting next_dagrun for example_branch_operator to 2026-07-21 00:00:00+00:00, run_after=2026-07-22 00:00:00+00:00
[2026-07-22T13:09:40.082+0000] {processor.py:208} INFO - Processing /home/airflow/.local/lib/python3.12/site-packages/airflow/example_dags/example_branch_operator.py took 0.168 seconds
[2026-07-22T13:10:10.344+0000] {processor.py:186} INFO - Started process (PID=442) to work on /home/airflow/.local/lib/python3.12/site-packages/airflow/example_dags/example_branch_operator.py
[2026-07-22T13:10:10.346+0000] {processor.py:914} INFO - Processing file /home/airflow/.local/lib/python3.12/site-packages/airflow/example_dags/example_branch_operator.py for tasks to queue
[2026-07-22T13:10:10.352+0000] {logging_mixin.py:190} INFO - [2026-07-22T13:10:10.351+0000] {dagbag.py:588} INFO - Filling up the DagBag from /home/airflow/.local/lib/python3.12/site-packages/airflow/example_dags/example_branch_operator.py
[2026-07-22T13:10:10.401+0000] {processor.py:925} INFO - DAG(s) 'example_branch_operator' retrieved from /home/airflow/.local/lib/python3.12/site-packages/airflow/example_dags/example_branch_operator.py
[2026-07-22T13:10:10.462+0000] {logging_mixin.py:190} INFO - [2026-07-22T13:10:10.461+0000] {dag.py:3239} INFO - Sync 1 DAGs
[2026-07-22T13:10:10.512+0000] {logging_mixin.py:190} INFO - [2026-07-22T13:10:10.511+0000] {dag.py:4180} INFO - Setting next_dagrun for example_branch_operator to 2026-07-21 00:00:00+00:00, run_after=2026-07-22 00:00:00+00:00
[2026-07-22T13:10:10.565+0000] {processor.py:208} INFO - Processing /home/airflow/.local/lib/python3.12/site-packages/airflow/example_dags/example_branch_operator.py took 0.231 seconds
[2026-07-22T13:10:42.000+0000] {processor.py:186} INFO - Started process (PID=505) to work on /home/airflow/.local/lib/python3.12/site-packages/airflow/example_dags/example_branch_operator.py
[2026-07-22T13:10:42.002+0000] {processor.py:914} INFO - Processing file /home/airflow/.local/lib/python3.12/site-packages/airflow/example_dags/example_branch_operator.py for tasks to queue
[2026-07-22T13:10:42.006+0000] {logging_mixin.py:190} INFO - [2026-07-22T13:10:42.005+0000] {dagbag.py:588} INFO - Filling up the DagBag from /home/airflow/.local/lib/python3.12/site-packages/airflow/example_dags/example_branch_operator.py
[2026-07-22T13:10:42.029+0000] {processor.py:925} INFO - DAG(s) 'example_branch_operator' retrieved from /home/airflow/.local/lib/python3.12/site-packages/airflow/example_dags/example_branch_operator.py
[2026-07-22T13:10:42.083+0000] {logging_mixin.py:190} INFO - [2026-07-22T13:10:42.083+0000] {dag.py:3239} INFO - Sync 1 DAGs
[2026-07-22T13:10:42.121+0000] {logging_mixin.py:190} INFO - [2026-07-22T13:10:42.121+0000] {dag.py:4180} INFO - Setting next_dagrun for example_branch_operator to 2026-07-21 00:00:00+00:00, run_after=2026-07-22 00:00:00+00:00
[2026-07-22T13:10:42.155+0000] {processor.py:208} INFO - Processing /home/airflow/.local/lib/python3.12/site-packages/airflow/example_dags/example_branch_operator.py took 0.163 seconds
[2026-07-22T13:11:12.405+0000] {processor.py:186} INFO - Started process (PID=567) to work on /home/airflow/.local/lib/python3.12/site-packages/airflow/example_dags/example_branch_operator.py
[2026-07-22T13:11:12.407+0000] {processor.py:914} INFO - Processing file /home/airflow/.local/lib/python3.12/site-packages/airflow/example_dags/example_branch_operator.py for tasks to queue
[2026-07-22T13:11:12.412+0000] {logging_mixin.py:190} INFO - [2026-07-22T13:11:12.411+0000] {dagbag.py:588} INFO - Filling up the DagBag from /home/airflow/.local/lib/python3.12/site-packages/airflow/example_dags/example_branch_operator.py
[2026-07-22T13:11:12.439+0000] {processor.py:925} INFO - DAG(s) 'example_branch_operator' retrieved from /home/airflow/.local/lib/python3.12/site-packages/airflow/example_dags/example_branch_operator.py
[2026-07-22T13:11:12.485+0000] {logging_mixin.py:190} INFO - [2026-07-22T13:11:12.484+0000] {dag.py:3239} INFO - Sync 1 DAGs
[2026-07-22T13:11:12.520+0000] {logging_mixin.py:190} INFO - [2026-07-22T13:11:12.520+0000] {dag.py:4180} INFO - Setting next_dagrun for example_branch_operator to 2026-07-21 00:00:00+00:00, run_after=2026-07-22 00:00:00+00:00
[2026-07-22T13:11:12.554+0000] {processor.py:208} INFO - Processing /home/airflow/.local/lib/python3.12/site-packages/airflow/example_dags/example_branch_operator.py took 0.159 seconds
[2026-07-22T13:11:43.381+0000] {processor.py:186} INFO - Started process (PID=629) to work on /home/airflow/.local/lib/python3.12/site-packages/airflow/example_dags/example_branch_operator.py
[2026-07-22T13:11:43.385+0000] {processor.py:914} INFO - Processing file /home/airflow/.local/lib/python3.12/site-packages/airflow/example_dags/example_branch_operator.py for tasks to queue
[2026-07-22T13:11:43.393+0000] {logging_mixin.py:190} INFO - [2026-07-22T13:11:43.392+0000] {dagbag.py:588} INFO - Filling up the DagBag from /home/airflow/.local/lib/python3.12/site-packages/airflow/example_dags/example_branch_operator.py
[2026-07-22T13:11:43.432+0000] {processor.py:925} INFO - DAG(s) 'example_branch_operator' retrieved from /home/airflow/.local/lib/python3.12/site-packages/airflow/example_dags/example_branch_operator.py
[2026-07-22T13:11:43.498+0000] {logging_mixin.py:190} INFO - [2026-07-22T13:11:43.498+0000] {dag.py:3239} INFO - Sync 1 DAGs
[2026-07-22T13:11:43.549+0000] {logging_mixin.py:190} INFO - [2026-07-22T13:11:43.548+0000] {dag.py:4180} INFO - Setting next_dagrun for example_branch_operator to 2026-07-21 00:00:00+00:00, run_after=2026-07-22 00:00:00+00:00
[2026-07-22T13:11:43.595+0000] {processor.py:208} INFO - Processing /home/airflow/.local/lib/python3.12/site-packages/airflow/example_dags/example_branch_operator.py took 0.227 seconds
[2026-07-22T13:12:16.866+0000] {processor.py:186} INFO - Started process (PID=693) to work on /home/airflow/.local/lib/python3.12/site-packages/airflow/example_dags/example_branch_operator.py
[2026-07-22T13:12:16.870+0000] {processor.py:914} INFO - Processing file /home/airflow/.local/lib/python3.12/site-packages/airflow/example_dags/example_branch_operator.py for tasks to queue
[2026-07-22T13:12:16.883+0000] {logging_mixin.py:190} INFO - [2026-07-22T13:12:16.882+0000] {dagbag.py:588} INFO - Filling up the DagBag from /home/airflow/.local/lib/python3.12/site-packages/airflow/example_dags/example_branch_operator.py
[2026-07-22T13:12:16.944+0000] {processor.py:925} INFO - DAG(s) 'example_branch_operator' retrieved from /home/airflow/.local/lib/python3.12/site-packages/airflow/example_dags/example_branch_operator.py
[2026-07-22T13:12:17.009+0000] {logging_mixin.py:190} INFO - [2026-07-22T13:12:17.009+0000] {dag.py:3239} INFO - Sync 1 DAGs
[2026-07-22T13:12:17.076+0000] {logging_mixin.py:190} INFO - [2026-07-22T13:12:17.075+0000] {dag.py:4180} INFO - Setting next_dagrun for example_branch_operator to 2026-07-21 00:00:00+00:00, run_after=2026-07-22 00:00:00+00:00
[2026-07-22T13:12:17.115+0000] {processor.py:208} INFO - Processing /home/airflow/.local/lib/python3.12/site-packages/airflow/example_dags/example_branch_operator.py took 0.267 seconds
[2026-07-22T13:12:49.204+0000] {processor.py:186} INFO - Started process (PID=762) to work on /home/airflow/.local/lib/python3.12/site-packages/airflow/example_dags/example_branch_operator.py
[2026-07-22T13:12:49.207+0000] {processor.py:914} INFO - Processing file /home/airflow/.local/lib/python3.12/site-packages/airflow/example_dags/example_branch_operator.py for tasks to queue
[2026-07-22T13:12:49.214+0000] {logging_mixin.py:190} INFO - [2026-07-22T13:12:49.213+0000] {dagbag.py:588} INFO - Filling up the DagBag from /home/airflow/.local/lib/python3.12/site-packages/airflow/example_dags/example_branch_operator.py
[2026-07-22T13:12:49.254+0000] {processor.py:925} INFO - DAG(s) 'example_branch_operator' retrieved from /home/airflow/.local/lib/python3.12/site-packages/airflow/example_dags/example_branch_operator.py
[2026-07-22T13:12:49.315+0000] {logging_mixin.py:190} INFO - [2026-07-22T13:12:49.314+0000] {dag.py:3239} INFO - Sync 1 DAGs
[2026-07-22T13:12:49.386+0000] {logging_mixin.py:190} INFO - [2026-07-22T13:12:49.385+0000] {dag.py:4180} INFO - Setting next_dagrun for example_branch_operator to 2026-07-21 00:00:00+00:00, run_after=2026-07-22 00:00:00+00:00
[2026-07-22T13:12:49.434+0000] {processor.py:208} INFO - Processing /home/airflow/.local/lib/python3.12/site-packages/airflow/example_dags/example_branch_operator.py took 0.240 seconds
[2026-07-22T13:13:22.268+0000] {processor.py:186} INFO - Started process (PID=825) to work on /home/airflow/.local/lib/python3.12/site-packages/airflow/example_dags/example_branch_operator.py
[2026-07-22T13:13:22.271+0000] {processor.py:914} INFO - Processing file /home/airflow/.local/lib/python3.12/site-packages/airflow/example_dags/example_branch_operator.py for tasks to queue
[2026-07-22T13:13:22.275+0000] {logging_mixin.py:190} INFO - [2026-07-22T13:13:22.274+0000] {dagbag.py:588} INFO - Filling up the DagBag from /home/airflow/.local/lib/python3.12/site-packages/airflow/example_dags/example_branch_operator.py
[2026-07-22T13:13:22.299+0000] {processor.py:925} INFO - DAG(s) 'example_branch_operator' retrieved from /home/airflow/.local/lib/python3.12/site-packages/airflow/example_dags/example_branch_operator.py
[2026-07-22T13:13:22.339+0000] {logging_mixin.py:190} INFO - [2026-07-22T13:13:22.339+0000] {dag.py:3239} INFO - Sync 1 DAGs
[2026-07-22T13:13:22.385+0000] {logging_mixin.py:190} INFO - [2026-07-22T13:13:22.385+0000] {dag.py:4180} INFO - Setting next_dagrun for example_branch_operator to 2026-07-21 00:00:00+00:00, run_after=2026-07-22 00:00:00+00:00
[2026-07-22T13:13:22.436+0000] {processor.py:208} INFO - Processing /home/airflow/.local/lib/python3.12/site-packages/airflow/example_dags/example_branch_operator.py took 0.175 seconds
[2026-07-22T13:13:53.386+0000] {processor.py:186} INFO - Started process (PID=889) to work on /home/airflow/.local/lib/python3.12/site-packages/airflow/example_dags/example_branch_operator.py
[2026-07-22T13:13:53.388+0000] {processor.py:914} INFO - Processing file /home/airflow/.local/lib/python3.12/site-packages/airflow/example_dags/example_branch_operator.py for tasks to queue
[2026-07-22T13:13:53.394+0000] {logging_mixin.py:190} INFO - [2026-07-22T13:13:53.393+0000] {dagbag.py:588} INFO - Filling up the DagBag from /home/airflow/.local/lib/python3.12/site-packages/airflow/example_dags/example_branch_operator.py
[2026-07-22T13:13:53.436+0000] {processor.py:925} INFO - DAG(s) 'example_branch_operator' retrieved from /home/airflow/.local/lib/python3.12/site-packages/airflow/example_dags/example_branch_operator.py
[2026-07-22T13:13:53.507+0000] {logging_mixin.py:190} INFO - [2026-07-22T13:13:53.506+0000] {dag.py:3239} INFO - Sync 1 DAGs
[2026-07-22T13:13:53.665+0000] {logging_mixin.py:190} INFO - [2026-07-22T13:13:53.664+0000] {dag.py:4180} INFO - Setting next_dagrun for example_branch_operator to 2026-07-21 00:00:00+00:00, run_after=2026-07-22 00:00:00+00:00
[2026-07-22T13:13:53.728+0000] {processor.py:208} INFO - Processing /home/airflow/.local/lib/python3.12/site-packages/airflow/example_dags/example_branch_operator.py took 0.352 seconds
[2026-07-22T13:14:26.558+0000] {processor.py:186} INFO - Started process (PID=958) to work on /home/airflow/.local/lib/python3.12/site-packages/airflow/example_dags/example_branch_operator.py
[2026-07-22T13:14:26.560+0000] {processor.py:914} INFO - Processing file /home/airflow/.local/lib/python3.12/site-packages/airflow/example_dags/example_branch_operator.py for tasks to queue
[2026-07-22T13:14:26.566+0000] {logging_mixin.py:190} INFO - [2026-07-22T13:14:26.565+0000] {dagbag.py:588} INFO - Filling up the DagBag from /home/airflow/.local/lib/python3.12/site-packages/airflow/example_dags/example_branch_operator.py
[2026-07-22T13:14:26.605+0000] {processor.py:925} INFO - DAG(s) 'example_branch_operator' retrieved from /home/airflow/.local/lib/python3.12/site-packages/airflow/example_dags/example_branch_operator.py
[2026-07-22T13:14:26.654+0000] {logging_mixin.py:190} INFO - [2026-07-22T13:14:26.653+0000] {dag.py:3239} INFO - Sync 1 DAGs
[2026-07-22T13:14:26.691+0000] {logging_mixin.py:190} INFO - [2026-07-22T13:14:26.691+0000] {dag.py:4180} INFO - Setting next_dagrun for example_branch_operator to 2026-07-21 00:00:00+00:00, run_after=2026-07-22 00:00:00+00:00
[2026-07-22T13:14:26.735+0000] {processor.py:208} INFO - Processing /home/airflow/.local/lib/python3.12/site-packages/airflow/example_dags/example_branch_operator.py took 0.188 seconds
[2026-07-22T13:14:59.442+0000] {processor.py:186} INFO - Started process (PID=1026) to work on /home/airflow/.local/lib/python3.12/site-packages/airflow/example_dags/example_branch_operator.py
[2026-07-22T13:14:59.445+0000] {processor.py:914} INFO - Processing file /home/airflow/.local/lib/python3.12/site-packages/airflow/example_dags/example_branch_operator.py for tasks to queue
[2026-07-22T13:14:59.450+0000] {logging_mixin.py:190} INFO - [2026-07-22T13:14:59.449+0000] {dagbag.py:588} INFO - Filling up the DagBag from /home/airflow/.local/lib/python3.12/site-packages/airflow/example_dags/example_branch_operator.py
[2026-07-22T13:14:59.484+0000] {processor.py:925} INFO - DAG(s) 'example_branch_operator' retrieved from /home/airflow/.local/lib/python3.12/site-packages/airflow/example_dags/example_branch_operator.py
[2026-07-22T13:14:59.543+0000] {logging_mixin.py:190} INFO - [2026-07-22T13:14:59.543+0000] {dag.py:3239} INFO - Sync 1 DAGs
[2026-07-22T13:14:59.591+0000] {logging_mixin.py:190} INFO - [2026-07-22T13:14:59.591+0000] {dag.py:4180} INFO - Setting next_dagrun for example_branch_operator to 2026-07-21 00:00:00+00:00, run_after=2026-07-22 00:00:00+00:00
[2026-07-22T13:14:59.635+0000] {processor.py:208} INFO - Processing /home/airflow/.local/lib/python3.12/site-packages/airflow/example_dags/example_branch_operator.py took 0.203 seconds
[2026-07-22T13:15:34.826+0000] {processor.py:186} INFO - Started process (PID=1090) to work on /home/airflow/.local/lib/python3.12/site-packages/airflow/example_dags/example_branch_operator.py
[2026-07-22T13:15:34.829+0000] {processor.py:914} INFO - Processing file /home/airflow/.local/lib/python3.12/site-packages/airflow/example_dags/example_branch_operator.py for tasks to queue
[2026-07-22T13:15:34.836+0000] {logging_mixin.py:190} INFO - [2026-07-22T13:15:34.835+0000] {dagbag.py:588} INFO - Filling up the DagBag from /home/airflow/.local/lib/python3.12/site-packages/airflow/example_dags/example_branch_operator.py
[2026-07-22T13:15:34.907+0000] {processor.py:925} INFO - DAG(s) 'example_branch_operator' retrieved from /home/airflow/.local/lib/python3.12/site-packages/airflow/example_dags/example_branch_operator.py
[2026-07-22T13:15:35.012+0000] {logging_mixin.py:190} INFO - [2026-07-22T13:15:35.012+0000] {dag.py:3239} INFO - Sync 1 DAGs
[2026-07-22T13:15:35.092+0000] {logging_mixin.py:190} INFO - [2026-07-22T13:15:35.091+0000] {dag.py:4180} INFO - Setting next_dagrun for example_branch_operator to 2026-07-21 00:00:00+00:00, run_after=2026-07-22 00:00:00+00:00
[2026-07-22T13:15:35.136+0000] {processor.py:208} INFO - Processing /home/airflow/.local/lib/python3.12/site-packages/airflow/example_dags/example_branch_operator.py took 0.335 seconds
[2026-07-22T13:16:07.090+0000] {processor.py:186} INFO - Started process (PID=1155) to work on /home/airflow/.local/lib/python3.12/site-packages/airflow/example_dags/example_branch_operator.py
[2026-07-22T13:16:07.097+0000] {processor.py:914} INFO - Processing file /home/airflow/.local/lib/python3.12/site-packages/airflow/example_dags/example_branch_operator.py for tasks to queue
[2026-07-22T13:16:07.116+0000] {logging_mixin.py:190} INFO - [2026-07-22T13:16:07.114+0000] {dagbag.py:588} INFO - Filling up the DagBag from /home/airflow/.local/lib/python3.12/site-packages/airflow/example_dags/example_branch_operator.py
[2026-07-22T13:16:07.224+0000] {processor.py:925} INFO - DAG(s) 'example_branch_operator' retrieved from /home/airflow/.local/lib/python3.12/site-packages/airflow/example_dags/example_branch_operator.py
[2026-07-22T13:16:07.421+0000] {logging_mixin.py:190} INFO - [2026-07-22T13:16:07.421+0000] {dag.py:3239} INFO - Sync 1 DAGs
[2026-07-22T13:16:07.576+0000] {logging_mixin.py:190} INFO - [2026-07-22T13:16:07.574+0000] {dag.py:4180} INFO - Setting next_dagrun for example_branch_operator to 2026-07-21 00:00:00+00:00, run_after=2026-07-22 00:00:00+00:00
[2026-07-22T13:16:07.670+0000] {processor.py:208} INFO - Processing /home/airflow/.local/lib/python3.12/site-packages/airflow/example_dags/example_branch_operator.py took 0.610 seconds
[2026-07-22T13:16:38.078+0000] {processor.py:186} INFO - Started process (PID=1218) to work on /home/airflow/.local/lib/python3.12/site-packages/airflow/example_dags/example_branch_operator.py
[2026-07-22T13:16:38.080+0000] {processor.py:914} INFO - Processing file /home/airflow/.local/lib/python3.12/site-packages/airflow/example_dags/example_branch_operator.py for tasks to queue
[2026-07-22T13:16:38.085+0000] {logging_mixin.py:190} INFO - [2026-07-22T13:16:38.085+0000] {dagbag.py:588} INFO - Filling up the DagBag from /home/airflow/.local/lib/python3.12/site-packages/airflow/example_dags/example_branch_operator.py
[2026-07-22T13:16:38.114+0000] {processor.py:925} INFO - DAG(s) 'example_branch_operator' retrieved from /home/airflow/.local/lib/python3.12/site-packages/airflow/example_dags/example_branch_operator.py
[2026-07-22T13:16:38.179+0000] {logging_mixin.py:190} INFO - [2026-07-22T13:16:38.179+0000] {dag.py:3239} INFO - Sync 1 DAGs
[2026-07-22T13:16:38.223+0000] {logging_mixin.py:190} INFO - [2026-07-22T13:16:38.222+0000] {dag.py:4180} INFO - Setting next_dagrun for example_branch_operator to 2026-07-21 00:00:00+00:00, run_after=2026-07-22 00:00:00+00:00
[2026-07-22T13:16:38.262+0000] {processor.py:208} INFO - Processing /home/airflow/.local/lib/python3.12/site-packages/airflow/example_dags/example_branch_operator.py took 0.193 seconds
[2026-07-22T13:17:15.744+0000] {processor.py:186} INFO - Started process (PID=1287) to work on /home/airflow/.local/lib/python3.12/site-packages/airflow/example_dags/example_branch_operator.py
[2026-07-22T13:17:15.749+0000] {processor.py:914} INFO - Processing file /home/airflow/.local/lib/python3.12/site-packages/airflow/example_dags/example_branch_operator.py for tasks to queue
[2026-07-22T13:17:15.757+0000] {logging_mixin.py:190} INFO - [2026-07-22T13:17:15.756+0000] {dagbag.py:588} INFO - Filling up the DagBag from /home/airflow/.local/lib/python3.12/site-packages/airflow/example_dags/example_branch_operator.py
[2026-07-22T13:17:15.816+0000] {processor.py:925} INFO - DAG(s) 'example_branch_operator' retrieved from /home/airflow/.local/lib/python3.12/site-packages/airflow/example_dags/example_branch_operator.py
[2026-07-22T13:17:15.910+0000] {logging_mixin.py:190} INFO - [2026-07-22T13:17:15.909+0000] {dag.py:3239} INFO - Sync 1 DAGs
[2026-07-22T13:17:15.996+0000] {logging_mixin.py:190} INFO - [2026-07-22T13:17:15.995+0000] {dag.py:4180} INFO - Setting next_dagrun for example_branch_operator to 2026-07-21 00:00:00+00:00, run_after=2026-07-22 00:00:00+00:00
[2026-07-22T13:17:16.067+0000] {processor.py:208} INFO - Processing /home/airflow/.local/lib/python3.12/site-packages/airflow/example_dags/example_branch_operator.py took 0.342 seconds
[2026-07-22T13:17:46.338+0000] {processor.py:186} INFO - Started process (PID=1349) to work on /home/airflow/.local/lib/python3.12/site-packages/airflow/example_dags/example_branch_operator.py
[2026-07-22T13:17:46.341+0000] {processor.py:914} INFO - Processing file /home/airflow/.local/lib/python3.12/site-packages/airflow/example_dags/example_branch_operator.py for tasks to queue
[2026-07-22T13:17:46.350+0000] {logging_mixin.py:190} INFO - [2026-07-22T13:17:46.349+0000] {dagbag.py:588} INFO - Filling up the DagBag from /home/airflow/.local/lib/python3.12/site-packages/airflow/example_dags/example_branch_operator.py
[2026-07-22T13:17:46.523+0000] {processor.py:925} INFO - DAG(s) 'example_branch_operator' retrieved from /home/airflow/.local/lib/python3.12/site-packages/airflow/example_dags/example_branch_operator.py
[2026-07-22T13:17:46.720+0000] {logging_mixin.py:190} INFO - [2026-07-22T13:17:46.719+0000] {dag.py:3239} INFO - Sync 1 DAGs
[2026-07-22T13:17:46.965+0000] {logging_mixin.py:190} INFO - [2026-07-22T13:17:46.963+0000] {dag.py:4180} INFO - Setting next_dagrun for example_branch_operator to 2026-07-21 00:00:00+00:00, run_after=2026-07-22 00:00:00+00:00
[2026-07-22T13:17:47.156+0000] {processor.py:208} INFO - Processing /home/airflow/.local/lib/python3.12/site-packages/airflow/example_dags/example_branch_operator.py took 0.845 seconds
