[2026-07-22T13:07:32.440+0000] {processor.py:186} INFO - Started process (PID=119) to work on /home/airflow/.local/lib/python3.12/site-packages/airflow/example_dags/example_sensors.py
[2026-07-22T13:07:32.443+0000] {processor.py:914} INFO - Processing file /home/airflow/.local/lib/python3.12/site-packages/airflow/example_dags/example_sensors.py for tasks to queue
[2026-07-22T13:07:32.450+0000] {logging_mixin.py:190} INFO - [2026-07-22T13:07:32.449+0000] {dagbag.py:588} INFO - Filling up the DagBag from /home/airflow/.local/lib/python3.12/site-packages/airflow/example_dags/example_sensors.py
[2026-07-22T13:07:32.474+0000] {processor.py:925} INFO - DAG(s) 'example_sensors' retrieved from /home/airflow/.local/lib/python3.12/site-packages/airflow/example_dags/example_sensors.py
[2026-07-22T13:07:32.766+0000] {logging_mixin.py:190} INFO - [2026-07-22T13:07:32.765+0000] {override.py:1912} INFO - Created Permission View: can read on DAG:example_sensors
[2026-07-22T13:07:32.796+0000] {logging_mixin.py:190} INFO - [2026-07-22T13:07:32.796+0000] {override.py:1912} INFO - Created Permission View: can edit on DAG:example_sensors
[2026-07-22T13:07:32.812+0000] {logging_mixin.py:190} INFO - [2026-07-22T13:07:32.811+0000] {override.py:1912} INFO - Created Permission View: can delete on DAG:example_sensors
[2026-07-22T13:07:32.838+0000] {logging_mixin.py:190} INFO - [2026-07-22T13:07:32.838+0000] {override.py:1912} INFO - Created Permission View: can read on DAG Run:example_sensors
[2026-07-22T13:07:32.868+0000] {logging_mixin.py:190} INFO - [2026-07-22T13:07:32.867+0000] {override.py:1912} INFO - Created Permission View: menu access on DAG Run:example_sensors
[2026-07-22T13:07:32.886+0000] {logging_mixin.py:190} INFO - [2026-07-22T13:07:32.885+0000] {override.py:1912} INFO - Created Permission View: can create on DAG Run:example_sensors
[2026-07-22T13:07:32.911+0000] {logging_mixin.py:190} INFO - [2026-07-22T13:07:32.911+0000] {override.py:1912} INFO - Created Permission View: can delete on DAG Run:example_sensors
[2026-07-22T13:07:32.913+0000] {logging_mixin.py:190} INFO - [2026-07-22T13:07:32.913+0000] {dag.py:3239} INFO - Sync 1 DAGs
[2026-07-22T13:07:32.933+0000] {logging_mixin.py:190} INFO - [2026-07-22T13:07:32.933+0000] {dag.py:3262} INFO - Creating ORM DAG for example_sensors
[2026-07-22T13:07:32.935+0000] {logging_mixin.py:190} INFO - [2026-07-22T13:07:32.935+0000] {dag.py:4180} INFO - Setting next_dagrun for example_sensors to None, run_after=None
[2026-07-22T13:07:32.969+0000] {processor.py:208} INFO - Processing /home/airflow/.local/lib/python3.12/site-packages/airflow/example_dags/example_sensors.py took 0.540 seconds
[2026-07-22T13:08:03.363+0000] {processor.py:186} INFO - Started process (PID=182) to work on /home/airflow/.local/lib/python3.12/site-packages/airflow/example_dags/example_sensors.py
[2026-07-22T13:08:03.368+0000] {processor.py:914} INFO - Processing file /home/airflow/.local/lib/python3.12/site-packages/airflow/example_dags/example_sensors.py for tasks to queue
[2026-07-22T13:08:03.378+0000] {logging_mixin.py:190} INFO - [2026-07-22T13:08:03.376+0000] {dagbag.py:588} INFO - Filling up the DagBag from /home/airflow/.local/lib/python3.12/site-packages/airflow/example_dags/example_sensors.py
[2026-07-22T13:08:03.402+0000] {processor.py:925} INFO - DAG(s) 'example_sensors' retrieved from /home/airflow/.local/lib/python3.12/site-packages/airflow/example_dags/example_sensors.py
[2026-07-22T13:08:03.457+0000] {logging_mixin.py:190} INFO - [2026-07-22T13:08:03.457+0000] {dag.py:3239} INFO - Sync 1 DAGs
[2026-07-22T13:08:03.481+0000] {logging_mixin.py:190} INFO - [2026-07-22T13:08:03.480+0000] {dag.py:4180} INFO - Setting next_dagrun for example_sensors to None, run_after=None
[2026-07-22T13:08:03.514+0000] {processor.py:208} INFO - Processing /home/airflow/.local/lib/python3.12/site-packages/airflow/example_dags/example_sensors.py took 0.166 seconds
[2026-07-22T13:08:36.771+0000] {processor.py:186} INFO - Started process (PID=246) to work on /home/airflow/.local/lib/python3.12/site-packages/airflow/example_dags/example_sensors.py
[2026-07-22T13:08:36.774+0000] {processor.py:914} INFO - Processing file /home/airflow/.local/lib/python3.12/site-packages/airflow/example_dags/example_sensors.py for tasks to queue
[2026-07-22T13:08:36.782+0000] {logging_mixin.py:190} INFO - [2026-07-22T13:08:36.781+0000] {dagbag.py:588} INFO - Filling up the DagBag from /home/airflow/.local/lib/python3.12/site-packages/airflow/example_dags/example_sensors.py
[2026-07-22T13:08:36.810+0000] {processor.py:925} INFO - DAG(s) 'example_sensors' retrieved from /home/airflow/.local/lib/python3.12/site-packages/airflow/example_dags/example_sensors.py
[2026-07-22T13:08:36.883+0000] {logging_mixin.py:190} INFO - [2026-07-22T13:08:36.882+0000] {dag.py:3239} INFO - Sync 1 DAGs
[2026-07-22T13:08:36.943+0000] {logging_mixin.py:190} INFO - [2026-07-22T13:08:36.941+0000] {dag.py:4180} INFO - Setting next_dagrun for example_sensors to None, run_after=None
[2026-07-22T13:08:37.021+0000] {processor.py:208} INFO - Processing /home/airflow/.local/lib/python3.12/site-packages/airflow/example_dags/example_sensors.py took 0.264 seconds
[2026-07-22T13:09:07.747+0000] {processor.py:186} INFO - Started process (PID=309) to work on /home/airflow/.local/lib/python3.12/site-packages/airflow/example_dags/example_sensors.py
[2026-07-22T13:09:07.749+0000] {processor.py:914} INFO - Processing file /home/airflow/.local/lib/python3.12/site-packages/airflow/example_dags/example_sensors.py for tasks to queue
[2026-07-22T13:09:07.754+0000] {logging_mixin.py:190} INFO - [2026-07-22T13:09:07.753+0000] {dagbag.py:588} INFO - Filling up the DagBag from /home/airflow/.local/lib/python3.12/site-packages/airflow/example_dags/example_sensors.py
[2026-07-22T13:09:07.774+0000] {processor.py:925} INFO - DAG(s) 'example_sensors' retrieved from /home/airflow/.local/lib/python3.12/site-packages/airflow/example_dags/example_sensors.py
[2026-07-22T13:09:07.812+0000] {logging_mixin.py:190} INFO - [2026-07-22T13:09:07.812+0000] {dag.py:3239} INFO - Sync 1 DAGs
[2026-07-22T13:09:07.835+0000] {logging_mixin.py:190} INFO - [2026-07-22T13:09:07.835+0000] {dag.py:4180} INFO - Setting next_dagrun for example_sensors to None, run_after=None
[2026-07-22T13:09:07.867+0000] {processor.py:208} INFO - Processing /home/airflow/.local/lib/python3.12/site-packages/airflow/example_dags/example_sensors.py took 0.129 seconds
[2026-07-22T13:09:37.965+0000] {processor.py:186} INFO - Started process (PID=372) to work on /home/airflow/.local/lib/python3.12/site-packages/airflow/example_dags/example_sensors.py
[2026-07-22T13:09:37.968+0000] {processor.py:914} INFO - Processing file /home/airflow/.local/lib/python3.12/site-packages/airflow/example_dags/example_sensors.py for tasks to queue
[2026-07-22T13:09:37.973+0000] {logging_mixin.py:190} INFO - [2026-07-22T13:09:37.973+0000] {dagbag.py:588} INFO - Filling up the DagBag from /home/airflow/.local/lib/python3.12/site-packages/airflow/example_dags/example_sensors.py
[2026-07-22T13:09:37.991+0000] {processor.py:925} INFO - DAG(s) 'example_sensors' retrieved from /home/airflow/.local/lib/python3.12/site-packages/airflow/example_dags/example_sensors.py
[2026-07-22T13:09:38.034+0000] {logging_mixin.py:190} INFO - [2026-07-22T13:09:38.033+0000] {dag.py:3239} INFO - Sync 1 DAGs
[2026-07-22T13:09:38.068+0000] {logging_mixin.py:190} INFO - [2026-07-22T13:09:38.067+0000] {dag.py:4180} INFO - Setting next_dagrun for example_sensors to None, run_after=None
[2026-07-22T13:09:38.106+0000] {processor.py:208} INFO - Processing /home/airflow/.local/lib/python3.12/site-packages/airflow/example_dags/example_sensors.py took 0.152 seconds
[2026-07-22T13:10:08.561+0000] {processor.py:186} INFO - Started process (PID=434) to work on /home/airflow/.local/lib/python3.12/site-packages/airflow/example_dags/example_sensors.py
[2026-07-22T13:10:08.568+0000] {processor.py:914} INFO - Processing file /home/airflow/.local/lib/python3.12/site-packages/airflow/example_dags/example_sensors.py for tasks to queue
[2026-07-22T13:10:08.572+0000] {logging_mixin.py:190} INFO - [2026-07-22T13:10:08.572+0000] {dagbag.py:588} INFO - Filling up the DagBag from /home/airflow/.local/lib/python3.12/site-packages/airflow/example_dags/example_sensors.py
[2026-07-22T13:10:08.591+0000] {processor.py:925} INFO - DAG(s) 'example_sensors' retrieved from /home/airflow/.local/lib/python3.12/site-packages/airflow/example_dags/example_sensors.py
[2026-07-22T13:10:08.640+0000] {logging_mixin.py:190} INFO - [2026-07-22T13:10:08.639+0000] {dag.py:3239} INFO - Sync 1 DAGs
[2026-07-22T13:10:08.665+0000] {logging_mixin.py:190} INFO - [2026-07-22T13:10:08.664+0000] {dag.py:4180} INFO - Setting next_dagrun for example_sensors to None, run_after=None
[2026-07-22T13:10:08.697+0000] {processor.py:208} INFO - Processing /home/airflow/.local/lib/python3.12/site-packages/airflow/example_dags/example_sensors.py took 0.145 seconds
[2026-07-22T13:10:40.446+0000] {processor.py:186} INFO - Started process (PID=498) to work on /home/airflow/.local/lib/python3.12/site-packages/airflow/example_dags/example_sensors.py
[2026-07-22T13:10:40.449+0000] {processor.py:914} INFO - Processing file /home/airflow/.local/lib/python3.12/site-packages/airflow/example_dags/example_sensors.py for tasks to queue
[2026-07-22T13:10:40.454+0000] {logging_mixin.py:190} INFO - [2026-07-22T13:10:40.454+0000] {dagbag.py:588} INFO - Filling up the DagBag from /home/airflow/.local/lib/python3.12/site-packages/airflow/example_dags/example_sensors.py
[2026-07-22T13:10:40.478+0000] {processor.py:925} INFO - DAG(s) 'example_sensors' retrieved from /home/airflow/.local/lib/python3.12/site-packages/airflow/example_dags/example_sensors.py
[2026-07-22T13:10:40.581+0000] {logging_mixin.py:190} INFO - [2026-07-22T13:10:40.580+0000] {dag.py:3239} INFO - Sync 1 DAGs
[2026-07-22T13:10:40.666+0000] {logging_mixin.py:190} INFO - [2026-07-22T13:10:40.665+0000] {dag.py:4180} INFO - Setting next_dagrun for example_sensors to None, run_after=None
[2026-07-22T13:10:40.748+0000] {processor.py:208} INFO - Processing /home/airflow/.local/lib/python3.12/site-packages/airflow/example_dags/example_sensors.py took 0.311 seconds
[2026-07-22T13:11:11.391+0000] {processor.py:186} INFO - Started process (PID=560) to work on /home/airflow/.local/lib/python3.12/site-packages/airflow/example_dags/example_sensors.py
[2026-07-22T13:11:11.393+0000] {processor.py:914} INFO - Processing file /home/airflow/.local/lib/python3.12/site-packages/airflow/example_dags/example_sensors.py for tasks to queue
[2026-07-22T13:11:11.396+0000] {logging_mixin.py:190} INFO - [2026-07-22T13:11:11.396+0000] {dagbag.py:588} INFO - Filling up the DagBag from /home/airflow/.local/lib/python3.12/site-packages/airflow/example_dags/example_sensors.py
[2026-07-22T13:11:11.414+0000] {processor.py:925} INFO - DAG(s) 'example_sensors' retrieved from /home/airflow/.local/lib/python3.12/site-packages/airflow/example_dags/example_sensors.py
[2026-07-22T13:11:11.492+0000] {logging_mixin.py:190} INFO - [2026-07-22T13:11:11.491+0000] {dag.py:3239} INFO - Sync 1 DAGs
[2026-07-22T13:11:11.524+0000] {logging_mixin.py:190} INFO - [2026-07-22T13:11:11.524+0000] {dag.py:4180} INFO - Setting next_dagrun for example_sensors to None, run_after=None
[2026-07-22T13:11:11.674+0000] {processor.py:208} INFO - Processing /home/airflow/.local/lib/python3.12/site-packages/airflow/example_dags/example_sensors.py took 0.293 seconds
[2026-07-22T13:11:42.654+0000] {processor.py:186} INFO - Started process (PID=623) to work on /home/airflow/.local/lib/python3.12/site-packages/airflow/example_dags/example_sensors.py
[2026-07-22T13:11:42.657+0000] {processor.py:914} INFO - Processing file /home/airflow/.local/lib/python3.12/site-packages/airflow/example_dags/example_sensors.py for tasks to queue
[2026-07-22T13:11:42.661+0000] {logging_mixin.py:190} INFO - [2026-07-22T13:11:42.660+0000] {dagbag.py:588} INFO - Filling up the DagBag from /home/airflow/.local/lib/python3.12/site-packages/airflow/example_dags/example_sensors.py
[2026-07-22T13:11:42.676+0000] {processor.py:925} INFO - DAG(s) 'example_sensors' retrieved from /home/airflow/.local/lib/python3.12/site-packages/airflow/example_dags/example_sensors.py
[2026-07-22T13:11:42.711+0000] {logging_mixin.py:190} INFO - [2026-07-22T13:11:42.710+0000] {dag.py:3239} INFO - Sync 1 DAGs
[2026-07-22T13:11:42.730+0000] {logging_mixin.py:190} INFO - [2026-07-22T13:11:42.730+0000] {dag.py:4180} INFO - Setting next_dagrun for example_sensors to None, run_after=None
[2026-07-22T13:11:42.769+0000] {processor.py:208} INFO - Processing /home/airflow/.local/lib/python3.12/site-packages/airflow/example_dags/example_sensors.py took 0.124 seconds
[2026-07-22T13:12:15.328+0000] {processor.py:186} INFO - Started process (PID=686) to work on /home/airflow/.local/lib/python3.12/site-packages/airflow/example_dags/example_sensors.py
[2026-07-22T13:12:15.332+0000] {processor.py:914} INFO - Processing file /home/airflow/.local/lib/python3.12/site-packages/airflow/example_dags/example_sensors.py for tasks to queue
[2026-07-22T13:12:15.342+0000] {logging_mixin.py:190} INFO - [2026-07-22T13:12:15.341+0000] {dagbag.py:588} INFO - Filling up the DagBag from /home/airflow/.local/lib/python3.12/site-packages/airflow/example_dags/example_sensors.py
[2026-07-22T13:12:15.375+0000] {processor.py:925} INFO - DAG(s) 'example_sensors' retrieved from /home/airflow/.local/lib/python3.12/site-packages/airflow/example_dags/example_sensors.py
[2026-07-22T13:12:15.430+0000] {logging_mixin.py:190} INFO - [2026-07-22T13:12:15.430+0000] {dag.py:3239} INFO - Sync 1 DAGs
[2026-07-22T13:12:15.468+0000] {logging_mixin.py:190} INFO - [2026-07-22T13:12:15.467+0000] {dag.py:4180} INFO - Setting next_dagrun for example_sensors to None, run_after=None
[2026-07-22T13:12:15.519+0000] {processor.py:208} INFO - Processing /home/airflow/.local/lib/python3.12/site-packages/airflow/example_dags/example_sensors.py took 0.209 seconds
[2026-07-22T13:12:47.902+0000] {processor.py:186} INFO - Started process (PID=756) to work on /home/airflow/.local/lib/python3.12/site-packages/airflow/example_dags/example_sensors.py
[2026-07-22T13:12:47.905+0000] {processor.py:914} INFO - Processing file /home/airflow/.local/lib/python3.12/site-packages/airflow/example_dags/example_sensors.py for tasks to queue
[2026-07-22T13:12:47.911+0000] {logging_mixin.py:190} INFO - [2026-07-22T13:12:47.910+0000] {dagbag.py:588} INFO - Filling up the DagBag from /home/airflow/.local/lib/python3.12/site-packages/airflow/example_dags/example_sensors.py
[2026-07-22T13:12:47.932+0000] {processor.py:925} INFO - DAG(s) 'example_sensors' retrieved from /home/airflow/.local/lib/python3.12/site-packages/airflow/example_dags/example_sensors.py
[2026-07-22T13:12:47.990+0000] {logging_mixin.py:190} INFO - [2026-07-22T13:12:47.989+0000] {dag.py:3239} INFO - Sync 1 DAGs
[2026-07-22T13:12:48.025+0000] {logging_mixin.py:190} INFO - [2026-07-22T13:12:48.024+0000] {dag.py:4180} INFO - Setting next_dagrun for example_sensors to None, run_after=None
[2026-07-22T13:12:48.077+0000] {processor.py:208} INFO - Processing /home/airflow/.local/lib/python3.12/site-packages/airflow/example_dags/example_sensors.py took 0.186 seconds
[2026-07-22T13:13:20.521+0000] {processor.py:186} INFO - Started process (PID=819) to work on /home/airflow/.local/lib/python3.12/site-packages/airflow/example_dags/example_sensors.py
[2026-07-22T13:13:20.524+0000] {processor.py:914} INFO - Processing file /home/airflow/.local/lib/python3.12/site-packages/airflow/example_dags/example_sensors.py for tasks to queue
[2026-07-22T13:13:20.529+0000] {logging_mixin.py:190} INFO - [2026-07-22T13:13:20.528+0000] {dagbag.py:588} INFO - Filling up the DagBag from /home/airflow/.local/lib/python3.12/site-packages/airflow/example_dags/example_sensors.py
[2026-07-22T13:13:20.547+0000] {processor.py:925} INFO - DAG(s) 'example_sensors' retrieved from /home/airflow/.local/lib/python3.12/site-packages/airflow/example_dags/example_sensors.py
[2026-07-22T13:13:20.594+0000] {logging_mixin.py:190} INFO - [2026-07-22T13:13:20.593+0000] {dag.py:3239} INFO - Sync 1 DAGs
[2026-07-22T13:13:20.622+0000] {logging_mixin.py:190} INFO - [2026-07-22T13:13:20.621+0000] {dag.py:4180} INFO - Setting next_dagrun for example_sensors to None, run_after=None
[2026-07-22T13:13:20.669+0000] {processor.py:208} INFO - Processing /home/airflow/.local/lib/python3.12/site-packages/airflow/example_dags/example_sensors.py took 0.158 seconds
[2026-07-22T13:13:52.099+0000] {processor.py:186} INFO - Started process (PID=881) to work on /home/airflow/.local/lib/python3.12/site-packages/airflow/example_dags/example_sensors.py
[2026-07-22T13:13:52.101+0000] {processor.py:914} INFO - Processing file /home/airflow/.local/lib/python3.12/site-packages/airflow/example_dags/example_sensors.py for tasks to queue
[2026-07-22T13:13:52.106+0000] {logging_mixin.py:190} INFO - [2026-07-22T13:13:52.105+0000] {dagbag.py:588} INFO - Filling up the DagBag from /home/airflow/.local/lib/python3.12/site-packages/airflow/example_dags/example_sensors.py
[2026-07-22T13:13:52.120+0000] {processor.py:925} INFO - DAG(s) 'example_sensors' retrieved from /home/airflow/.local/lib/python3.12/site-packages/airflow/example_dags/example_sensors.py
[2026-07-22T13:13:52.179+0000] {logging_mixin.py:190} INFO - [2026-07-22T13:13:52.179+0000] {dag.py:3239} INFO - Sync 1 DAGs
[2026-07-22T13:13:52.200+0000] {logging_mixin.py:190} INFO - [2026-07-22T13:13:52.200+0000] {dag.py:4180} INFO - Setting next_dagrun for example_sensors to None, run_after=None
[2026-07-22T13:13:52.243+0000] {processor.py:208} INFO - Processing /home/airflow/.local/lib/python3.12/site-packages/airflow/example_dags/example_sensors.py took 0.152 seconds
[2026-07-22T13:14:24.408+0000] {processor.py:186} INFO - Started process (PID=944) to work on /home/airflow/.local/lib/python3.12/site-packages/airflow/example_dags/example_sensors.py
[2026-07-22T13:14:24.411+0000] {processor.py:914} INFO - Processing file /home/airflow/.local/lib/python3.12/site-packages/airflow/example_dags/example_sensors.py for tasks to queue
[2026-07-22T13:14:24.418+0000] {logging_mixin.py:190} INFO - [2026-07-22T13:14:24.417+0000] {dagbag.py:588} INFO - Filling up the DagBag from /home/airflow/.local/lib/python3.12/site-packages/airflow/example_dags/example_sensors.py
[2026-07-22T13:14:24.447+0000] {processor.py:925} INFO - DAG(s) 'example_sensors' retrieved from /home/airflow/.local/lib/python3.12/site-packages/airflow/example_dags/example_sensors.py
[2026-07-22T13:14:24.533+0000] {logging_mixin.py:190} INFO - [2026-07-22T13:14:24.532+0000] {dag.py:3239} INFO - Sync 1 DAGs
[2026-07-22T13:14:24.576+0000] {logging_mixin.py:190} INFO - [2026-07-22T13:14:24.575+0000] {dag.py:4180} INFO - Setting next_dagrun for example_sensors to None, run_after=None
[2026-07-22T13:14:24.622+0000] {processor.py:208} INFO - Processing /home/airflow/.local/lib/python3.12/site-packages/airflow/example_dags/example_sensors.py took 0.228 seconds
[2026-07-22T13:14:57.232+0000] {processor.py:186} INFO - Started process (PID=1013) to work on /home/airflow/.local/lib/python3.12/site-packages/airflow/example_dags/example_sensors.py
[2026-07-22T13:14:57.236+0000] {processor.py:914} INFO - Processing file /home/airflow/.local/lib/python3.12/site-packages/airflow/example_dags/example_sensors.py for tasks to queue
[2026-07-22T13:14:57.244+0000] {logging_mixin.py:190} INFO - [2026-07-22T13:14:57.243+0000] {dagbag.py:588} INFO - Filling up the DagBag from /home/airflow/.local/lib/python3.12/site-packages/airflow/example_dags/example_sensors.py
[2026-07-22T13:14:57.275+0000] {processor.py:925} INFO - DAG(s) 'example_sensors' retrieved from /home/airflow/.local/lib/python3.12/site-packages/airflow/example_dags/example_sensors.py
[2026-07-22T13:14:57.432+0000] {logging_mixin.py:190} INFO - [2026-07-22T13:14:57.431+0000] {dag.py:3239} INFO - Sync 1 DAGs
[2026-07-22T13:14:57.506+0000] {logging_mixin.py:190} INFO - [2026-07-22T13:14:57.505+0000] {dag.py:4180} INFO - Setting next_dagrun for example_sensors to None, run_after=None
[2026-07-22T13:14:57.556+0000] {processor.py:208} INFO - Processing /home/airflow/.local/lib/python3.12/site-packages/airflow/example_dags/example_sensors.py took 0.337 seconds
[2026-07-22T13:15:32.856+0000] {processor.py:186} INFO - Started process (PID=1084) to work on /home/airflow/.local/lib/python3.12/site-packages/airflow/example_dags/example_sensors.py
[2026-07-22T13:15:32.861+0000] {processor.py:914} INFO - Processing file /home/airflow/.local/lib/python3.12/site-packages/airflow/example_dags/example_sensors.py for tasks to queue
[2026-07-22T13:15:32.869+0000] {logging_mixin.py:190} INFO - [2026-07-22T13:15:32.868+0000] {dagbag.py:588} INFO - Filling up the DagBag from /home/airflow/.local/lib/python3.12/site-packages/airflow/example_dags/example_sensors.py
[2026-07-22T13:15:32.901+0000] {processor.py:925} INFO - DAG(s) 'example_sensors' retrieved from /home/airflow/.local/lib/python3.12/site-packages/airflow/example_dags/example_sensors.py
[2026-07-22T13:15:32.991+0000] {logging_mixin.py:190} INFO - [2026-07-22T13:15:32.990+0000] {dag.py:3239} INFO - Sync 1 DAGs
[2026-07-22T13:15:33.045+0000] {logging_mixin.py:190} INFO - [2026-07-22T13:15:33.044+0000] {dag.py:4180} INFO - Setting next_dagrun for example_sensors to None, run_after=None
[2026-07-22T13:15:33.116+0000] {processor.py:208} INFO - Processing /home/airflow/.local/lib/python3.12/site-packages/airflow/example_dags/example_sensors.py took 0.281 seconds
[2026-07-22T13:16:03.708+0000] {processor.py:186} INFO - Started process (PID=1146) to work on /home/airflow/.local/lib/python3.12/site-packages/airflow/example_dags/example_sensors.py
[2026-07-22T13:16:03.711+0000] {processor.py:914} INFO - Processing file /home/airflow/.local/lib/python3.12/site-packages/airflow/example_dags/example_sensors.py for tasks to queue
[2026-07-22T13:16:03.717+0000] {logging_mixin.py:190} INFO - [2026-07-22T13:16:03.716+0000] {dagbag.py:588} INFO - Filling up the DagBag from /home/airflow/.local/lib/python3.12/site-packages/airflow/example_dags/example_sensors.py
[2026-07-22T13:16:03.740+0000] {processor.py:925} INFO - DAG(s) 'example_sensors' retrieved from /home/airflow/.local/lib/python3.12/site-packages/airflow/example_dags/example_sensors.py
[2026-07-22T13:16:03.794+0000] {logging_mixin.py:190} INFO - [2026-07-22T13:16:03.794+0000] {dag.py:3239} INFO - Sync 1 DAGs
[2026-07-22T13:16:03.836+0000] {logging_mixin.py:190} INFO - [2026-07-22T13:16:03.835+0000] {dag.py:4180} INFO - Setting next_dagrun for example_sensors to None, run_after=None
[2026-07-22T13:16:03.882+0000] {processor.py:208} INFO - Processing /home/airflow/.local/lib/python3.12/site-packages/airflow/example_dags/example_sensors.py took 0.187 seconds
[2026-07-22T13:16:35.009+0000] {processor.py:186} INFO - Started process (PID=1209) to work on /home/airflow/.local/lib/python3.12/site-packages/airflow/example_dags/example_sensors.py
[2026-07-22T13:16:35.012+0000] {processor.py:914} INFO - Processing file /home/airflow/.local/lib/python3.12/site-packages/airflow/example_dags/example_sensors.py for tasks to queue
[2026-07-22T13:16:35.018+0000] {logging_mixin.py:190} INFO - [2026-07-22T13:16:35.018+0000] {dagbag.py:588} INFO - Filling up the DagBag from /home/airflow/.local/lib/python3.12/site-packages/airflow/example_dags/example_sensors.py
[2026-07-22T13:16:35.047+0000] {processor.py:925} INFO - DAG(s) 'example_sensors' retrieved from /home/airflow/.local/lib/python3.12/site-packages/airflow/example_dags/example_sensors.py
[2026-07-22T13:16:35.116+0000] {logging_mixin.py:190} INFO - [2026-07-22T13:16:35.116+0000] {dag.py:3239} INFO - Sync 1 DAGs
[2026-07-22T13:16:35.171+0000] {logging_mixin.py:190} INFO - [2026-07-22T13:16:35.171+0000] {dag.py:4180} INFO - Setting next_dagrun for example_sensors to None, run_after=None
[2026-07-22T13:16:35.221+0000] {processor.py:208} INFO - Processing /home/airflow/.local/lib/python3.12/site-packages/airflow/example_dags/example_sensors.py took 0.224 seconds
[2026-07-22T13:17:10.494+0000] {processor.py:186} INFO - Started process (PID=1272) to work on /home/airflow/.local/lib/python3.12/site-packages/airflow/example_dags/example_sensors.py
[2026-07-22T13:17:10.503+0000] {processor.py:914} INFO - Processing file /home/airflow/.local/lib/python3.12/site-packages/airflow/example_dags/example_sensors.py for tasks to queue
[2026-07-22T13:17:10.514+0000] {logging_mixin.py:190} INFO - [2026-07-22T13:17:10.512+0000] {dagbag.py:588} INFO - Filling up the DagBag from /home/airflow/.local/lib/python3.12/site-packages/airflow/example_dags/example_sensors.py
[2026-07-22T13:17:10.614+0000] {processor.py:925} INFO - DAG(s) 'example_sensors' retrieved from /home/airflow/.local/lib/python3.12/site-packages/airflow/example_dags/example_sensors.py
[2026-07-22T13:17:10.726+0000] {logging_mixin.py:190} INFO - [2026-07-22T13:17:10.725+0000] {dag.py:3239} INFO - Sync 1 DAGs
[2026-07-22T13:17:10.808+0000] {logging_mixin.py:190} INFO - [2026-07-22T13:17:10.807+0000] {dag.py:4180} INFO - Setting next_dagrun for example_sensors to None, run_after=None
[2026-07-22T13:17:10.907+0000] {processor.py:208} INFO - Processing /home/airflow/.local/lib/python3.12/site-packages/airflow/example_dags/example_sensors.py took 0.470 seconds
[2026-07-22T13:17:41.470+0000] {processor.py:186} INFO - Started process (PID=1334) to work on /home/airflow/.local/lib/python3.12/site-packages/airflow/example_dags/example_sensors.py
[2026-07-22T13:17:41.476+0000] {processor.py:914} INFO - Processing file /home/airflow/.local/lib/python3.12/site-packages/airflow/example_dags/example_sensors.py for tasks to queue
[2026-07-22T13:17:41.522+0000] {logging_mixin.py:190} INFO - [2026-07-22T13:17:41.512+0000] {dagbag.py:588} INFO - Filling up the DagBag from /home/airflow/.local/lib/python3.12/site-packages/airflow/example_dags/example_sensors.py
[2026-07-22T13:17:41.609+0000] {processor.py:925} INFO - DAG(s) 'example_sensors' retrieved from /home/airflow/.local/lib/python3.12/site-packages/airflow/example_dags/example_sensors.py
[2026-07-22T13:17:41.756+0000] {logging_mixin.py:190} INFO - [2026-07-22T13:17:41.755+0000] {dag.py:3239} INFO - Sync 1 DAGs
[2026-07-22T13:17:41.827+0000] {logging_mixin.py:190} INFO - [2026-07-22T13:17:41.824+0000] {dag.py:4180} INFO - Setting next_dagrun for example_sensors to None, run_after=None
[2026-07-22T13:17:42.007+0000] {processor.py:208} INFO - Processing /home/airflow/.local/lib/python3.12/site-packages/airflow/example_dags/example_sensors.py took 0.583 seconds
