[2026-07-22T13:07:14.241+0000] {processor.py:186} INFO - Started process (PID=82) to work on /home/airflow/.local/lib/python3.12/site-packages/airflow/example_dags/example_params_ui_tutorial.py
[2026-07-22T13:07:14.248+0000] {processor.py:914} INFO - Processing file /home/airflow/.local/lib/python3.12/site-packages/airflow/example_dags/example_params_ui_tutorial.py for tasks to queue
[2026-07-22T13:07:14.257+0000] {logging_mixin.py:190} INFO - [2026-07-22T13:07:14.256+0000] {dagbag.py:588} INFO - Filling up the DagBag from /home/airflow/.local/lib/python3.12/site-packages/airflow/example_dags/example_params_ui_tutorial.py
[2026-07-22T13:07:14.304+0000] {processor.py:925} INFO - DAG(s) 'example_params_ui_tutorial' retrieved from /home/airflow/.local/lib/python3.12/site-packages/airflow/example_dags/example_params_ui_tutorial.py
[2026-07-22T13:07:14.978+0000] {logging_mixin.py:190} INFO - [2026-07-22T13:07:14.975+0000] {override.py:1912} INFO - Created Permission View: can read on DAG:example_params_ui_tutorial
[2026-07-22T13:07:15.015+0000] {logging_mixin.py:190} INFO - [2026-07-22T13:07:15.014+0000] {override.py:1912} INFO - Created Permission View: can edit on DAG:example_params_ui_tutorial
[2026-07-22T13:07:15.043+0000] {logging_mixin.py:190} INFO - [2026-07-22T13:07:15.042+0000] {override.py:1912} INFO - Created Permission View: can delete on DAG:example_params_ui_tutorial
[2026-07-22T13:07:15.073+0000] {logging_mixin.py:190} INFO - [2026-07-22T13:07:15.072+0000] {override.py:1912} INFO - Created Permission View: can read on DAG Run:example_params_ui_tutorial
[2026-07-22T13:07:15.092+0000] {logging_mixin.py:190} INFO - [2026-07-22T13:07:15.092+0000] {override.py:1912} INFO - Created Permission View: menu access on DAG Run:example_params_ui_tutorial
[2026-07-22T13:07:15.110+0000] {logging_mixin.py:190} INFO - [2026-07-22T13:07:15.110+0000] {override.py:1912} INFO - Created Permission View: can create on DAG Run:example_params_ui_tutorial
[2026-07-22T13:07:15.132+0000] {logging_mixin.py:190} INFO - [2026-07-22T13:07:15.131+0000] {override.py:1912} INFO - Created Permission View: can delete on DAG Run:example_params_ui_tutorial
[2026-07-22T13:07:15.135+0000] {logging_mixin.py:190} INFO - [2026-07-22T13:07:15.134+0000] {dag.py:3239} INFO - Sync 1 DAGs
[2026-07-22T13:07:15.199+0000] {logging_mixin.py:190} INFO - [2026-07-22T13:07:15.199+0000] {dag.py:3262} INFO - Creating ORM DAG for example_params_ui_tutorial
[2026-07-22T13:07:15.206+0000] {logging_mixin.py:190} INFO - [2026-07-22T13:07:15.205+0000] {dag.py:4180} INFO - Setting next_dagrun for example_params_ui_tutorial to None, run_after=None
[2026-07-22T13:07:15.261+0000] {processor.py:208} INFO - Processing /home/airflow/.local/lib/python3.12/site-packages/airflow/example_dags/example_params_ui_tutorial.py took 1.039 seconds
[2026-07-22T13:07:46.027+0000] {processor.py:186} INFO - Started process (PID=146) to work on /home/airflow/.local/lib/python3.12/site-packages/airflow/example_dags/example_params_ui_tutorial.py
[2026-07-22T13:07:46.031+0000] {processor.py:914} INFO - Processing file /home/airflow/.local/lib/python3.12/site-packages/airflow/example_dags/example_params_ui_tutorial.py for tasks to queue
[2026-07-22T13:07:46.039+0000] {logging_mixin.py:190} INFO - [2026-07-22T13:07:46.038+0000] {dagbag.py:588} INFO - Filling up the DagBag from /home/airflow/.local/lib/python3.12/site-packages/airflow/example_dags/example_params_ui_tutorial.py
[2026-07-22T13:07:46.070+0000] {processor.py:925} INFO - DAG(s) 'example_params_ui_tutorial' retrieved from /home/airflow/.local/lib/python3.12/site-packages/airflow/example_dags/example_params_ui_tutorial.py
[2026-07-22T13:07:46.171+0000] {logging_mixin.py:190} INFO - [2026-07-22T13:07:46.171+0000] {dag.py:3239} INFO - Sync 1 DAGs
[2026-07-22T13:07:46.205+0000] {logging_mixin.py:190} INFO - [2026-07-22T13:07:46.204+0000] {dag.py:4180} INFO - Setting next_dagrun for example_params_ui_tutorial to None, run_after=None
[2026-07-22T13:07:46.268+0000] {processor.py:208} INFO - Processing /home/airflow/.local/lib/python3.12/site-packages/airflow/example_dags/example_params_ui_tutorial.py took 0.260 seconds
[2026-07-22T13:08:16.571+0000] {processor.py:186} INFO - Started process (PID=216) to work on /home/airflow/.local/lib/python3.12/site-packages/airflow/example_dags/example_params_ui_tutorial.py
[2026-07-22T13:08:16.574+0000] {processor.py:914} INFO - Processing file /home/airflow/.local/lib/python3.12/site-packages/airflow/example_dags/example_params_ui_tutorial.py for tasks to queue
[2026-07-22T13:08:16.579+0000] {logging_mixin.py:190} INFO - [2026-07-22T13:08:16.578+0000] {dagbag.py:588} INFO - Filling up the DagBag from /home/airflow/.local/lib/python3.12/site-packages/airflow/example_dags/example_params_ui_tutorial.py
[2026-07-22T13:08:16.608+0000] {processor.py:925} INFO - DAG(s) 'example_params_ui_tutorial' retrieved from /home/airflow/.local/lib/python3.12/site-packages/airflow/example_dags/example_params_ui_tutorial.py
[2026-07-22T13:08:16.730+0000] {logging_mixin.py:190} INFO - [2026-07-22T13:08:16.730+0000] {dag.py:3239} INFO - Sync 1 DAGs
[2026-07-22T13:08:16.759+0000] {logging_mixin.py:190} INFO - [2026-07-22T13:08:16.758+0000] {dag.py:4180} INFO - Setting next_dagrun for example_params_ui_tutorial to None, run_after=None
[2026-07-22T13:08:16.802+0000] {processor.py:208} INFO - Processing /home/airflow/.local/lib/python3.12/site-packages/airflow/example_dags/example_params_ui_tutorial.py took 0.244 seconds
[2026-07-22T13:08:47.043+0000] {processor.py:186} INFO - Started process (PID=279) to work on /home/airflow/.local/lib/python3.12/site-packages/airflow/example_dags/example_params_ui_tutorial.py
[2026-07-22T13:08:47.045+0000] {processor.py:914} INFO - Processing file /home/airflow/.local/lib/python3.12/site-packages/airflow/example_dags/example_params_ui_tutorial.py for tasks to queue
[2026-07-22T13:08:47.051+0000] {logging_mixin.py:190} INFO - [2026-07-22T13:08:47.050+0000] {dagbag.py:588} INFO - Filling up the DagBag from /home/airflow/.local/lib/python3.12/site-packages/airflow/example_dags/example_params_ui_tutorial.py
[2026-07-22T13:08:47.066+0000] {processor.py:925} INFO - DAG(s) 'example_params_ui_tutorial' retrieved from /home/airflow/.local/lib/python3.12/site-packages/airflow/example_dags/example_params_ui_tutorial.py
[2026-07-22T13:08:47.123+0000] {logging_mixin.py:190} INFO - [2026-07-22T13:08:47.122+0000] {dag.py:3239} INFO - Sync 1 DAGs
[2026-07-22T13:08:47.144+0000] {logging_mixin.py:190} INFO - [2026-07-22T13:08:47.143+0000] {dag.py:4180} INFO - Setting next_dagrun for example_params_ui_tutorial to None, run_after=None
[2026-07-22T13:08:47.181+0000] {processor.py:208} INFO - Processing /home/airflow/.local/lib/python3.12/site-packages/airflow/example_dags/example_params_ui_tutorial.py took 0.148 seconds
[2026-07-22T13:09:17.804+0000] {processor.py:186} INFO - Started process (PID=343) to work on /home/airflow/.local/lib/python3.12/site-packages/airflow/example_dags/example_params_ui_tutorial.py
[2026-07-22T13:09:17.807+0000] {processor.py:914} INFO - Processing file /home/airflow/.local/lib/python3.12/site-packages/airflow/example_dags/example_params_ui_tutorial.py for tasks to queue
[2026-07-22T13:09:17.811+0000] {logging_mixin.py:190} INFO - [2026-07-22T13:09:17.810+0000] {dagbag.py:588} INFO - Filling up the DagBag from /home/airflow/.local/lib/python3.12/site-packages/airflow/example_dags/example_params_ui_tutorial.py
[2026-07-22T13:09:17.827+0000] {processor.py:925} INFO - DAG(s) 'example_params_ui_tutorial' retrieved from /home/airflow/.local/lib/python3.12/site-packages/airflow/example_dags/example_params_ui_tutorial.py
[2026-07-22T13:09:17.919+0000] {logging_mixin.py:190} INFO - [2026-07-22T13:09:17.918+0000] {dag.py:3239} INFO - Sync 1 DAGs
[2026-07-22T13:09:17.945+0000] {logging_mixin.py:190} INFO - [2026-07-22T13:09:17.944+0000] {dag.py:4180} INFO - Setting next_dagrun for example_params_ui_tutorial to None, run_after=None
[2026-07-22T13:09:17.987+0000] {processor.py:208} INFO - Processing /home/airflow/.local/lib/python3.12/site-packages/airflow/example_dags/example_params_ui_tutorial.py took 0.193 seconds
[2026-07-22T13:09:48.611+0000] {processor.py:186} INFO - Started process (PID=406) to work on /home/airflow/.local/lib/python3.12/site-packages/airflow/example_dags/example_params_ui_tutorial.py
[2026-07-22T13:09:48.616+0000] {processor.py:914} INFO - Processing file /home/airflow/.local/lib/python3.12/site-packages/airflow/example_dags/example_params_ui_tutorial.py for tasks to queue
[2026-07-22T13:09:48.626+0000] {logging_mixin.py:190} INFO - [2026-07-22T13:09:48.625+0000] {dagbag.py:588} INFO - Filling up the DagBag from /home/airflow/.local/lib/python3.12/site-packages/airflow/example_dags/example_params_ui_tutorial.py
[2026-07-22T13:09:48.650+0000] {processor.py:925} INFO - DAG(s) 'example_params_ui_tutorial' retrieved from /home/airflow/.local/lib/python3.12/site-packages/airflow/example_dags/example_params_ui_tutorial.py
[2026-07-22T13:09:48.756+0000] {logging_mixin.py:190} INFO - [2026-07-22T13:09:48.755+0000] {dag.py:3239} INFO - Sync 1 DAGs
[2026-07-22T13:09:48.790+0000] {logging_mixin.py:190} INFO - [2026-07-22T13:09:48.789+0000] {dag.py:4180} INFO - Setting next_dagrun for example_params_ui_tutorial to None, run_after=None
[2026-07-22T13:09:48.859+0000] {processor.py:208} INFO - Processing /home/airflow/.local/lib/python3.12/site-packages/airflow/example_dags/example_params_ui_tutorial.py took 0.270 seconds
[2026-07-22T13:10:19.139+0000] {processor.py:186} INFO - Started process (PID=469) to work on /home/airflow/.local/lib/python3.12/site-packages/airflow/example_dags/example_params_ui_tutorial.py
[2026-07-22T13:10:19.142+0000] {processor.py:914} INFO - Processing file /home/airflow/.local/lib/python3.12/site-packages/airflow/example_dags/example_params_ui_tutorial.py for tasks to queue
[2026-07-22T13:10:19.146+0000] {logging_mixin.py:190} INFO - [2026-07-22T13:10:19.146+0000] {dagbag.py:588} INFO - Filling up the DagBag from /home/airflow/.local/lib/python3.12/site-packages/airflow/example_dags/example_params_ui_tutorial.py
[2026-07-22T13:10:19.162+0000] {processor.py:925} INFO - DAG(s) 'example_params_ui_tutorial' retrieved from /home/airflow/.local/lib/python3.12/site-packages/airflow/example_dags/example_params_ui_tutorial.py
[2026-07-22T13:10:19.234+0000] {logging_mixin.py:190} INFO - [2026-07-22T13:10:19.234+0000] {dag.py:3239} INFO - Sync 1 DAGs
[2026-07-22T13:10:19.262+0000] {logging_mixin.py:190} INFO - [2026-07-22T13:10:19.261+0000] {dag.py:4180} INFO - Setting next_dagrun for example_params_ui_tutorial to None, run_after=None
[2026-07-22T13:10:19.313+0000] {processor.py:208} INFO - Processing /home/airflow/.local/lib/python3.12/site-packages/airflow/example_dags/example_params_ui_tutorial.py took 0.185 seconds
[2026-07-22T13:10:49.379+0000] {processor.py:186} INFO - Started process (PID=533) to work on /home/airflow/.local/lib/python3.12/site-packages/airflow/example_dags/example_params_ui_tutorial.py
[2026-07-22T13:10:49.381+0000] {processor.py:914} INFO - Processing file /home/airflow/.local/lib/python3.12/site-packages/airflow/example_dags/example_params_ui_tutorial.py for tasks to queue
[2026-07-22T13:10:49.386+0000] {logging_mixin.py:190} INFO - [2026-07-22T13:10:49.385+0000] {dagbag.py:588} INFO - Filling up the DagBag from /home/airflow/.local/lib/python3.12/site-packages/airflow/example_dags/example_params_ui_tutorial.py
[2026-07-22T13:10:49.404+0000] {processor.py:925} INFO - DAG(s) 'example_params_ui_tutorial' retrieved from /home/airflow/.local/lib/python3.12/site-packages/airflow/example_dags/example_params_ui_tutorial.py
[2026-07-22T13:10:49.469+0000] {logging_mixin.py:190} INFO - [2026-07-22T13:10:49.469+0000] {dag.py:3239} INFO - Sync 1 DAGs
[2026-07-22T13:10:49.498+0000] {logging_mixin.py:190} INFO - [2026-07-22T13:10:49.497+0000] {dag.py:4180} INFO - Setting next_dagrun for example_params_ui_tutorial to None, run_after=None
[2026-07-22T13:10:49.541+0000] {processor.py:208} INFO - Processing /home/airflow/.local/lib/python3.12/site-packages/airflow/example_dags/example_params_ui_tutorial.py took 0.171 seconds
[2026-07-22T13:11:19.825+0000] {processor.py:186} INFO - Started process (PID=595) to work on /home/airflow/.local/lib/python3.12/site-packages/airflow/example_dags/example_params_ui_tutorial.py
[2026-07-22T13:11:19.832+0000] {processor.py:914} INFO - Processing file /home/airflow/.local/lib/python3.12/site-packages/airflow/example_dags/example_params_ui_tutorial.py for tasks to queue
[2026-07-22T13:11:19.846+0000] {logging_mixin.py:190} INFO - [2026-07-22T13:11:19.845+0000] {dagbag.py:588} INFO - Filling up the DagBag from /home/airflow/.local/lib/python3.12/site-packages/airflow/example_dags/example_params_ui_tutorial.py
[2026-07-22T13:11:19.896+0000] {processor.py:925} INFO - DAG(s) 'example_params_ui_tutorial' retrieved from /home/airflow/.local/lib/python3.12/site-packages/airflow/example_dags/example_params_ui_tutorial.py
[2026-07-22T13:11:20.005+0000] {logging_mixin.py:190} INFO - [2026-07-22T13:11:20.005+0000] {dag.py:3239} INFO - Sync 1 DAGs
[2026-07-22T13:11:20.090+0000] {logging_mixin.py:190} INFO - [2026-07-22T13:11:20.089+0000] {dag.py:4180} INFO - Setting next_dagrun for example_params_ui_tutorial to None, run_after=None
[2026-07-22T13:11:20.156+0000] {processor.py:208} INFO - Processing /home/airflow/.local/lib/python3.12/site-packages/airflow/example_dags/example_params_ui_tutorial.py took 0.357 seconds
[2026-07-22T13:11:50.771+0000] {processor.py:186} INFO - Started process (PID=658) to work on /home/airflow/.local/lib/python3.12/site-packages/airflow/example_dags/example_params_ui_tutorial.py
[2026-07-22T13:11:50.775+0000] {processor.py:914} INFO - Processing file /home/airflow/.local/lib/python3.12/site-packages/airflow/example_dags/example_params_ui_tutorial.py for tasks to queue
[2026-07-22T13:11:50.782+0000] {logging_mixin.py:190} INFO - [2026-07-22T13:11:50.781+0000] {dagbag.py:588} INFO - Filling up the DagBag from /home/airflow/.local/lib/python3.12/site-packages/airflow/example_dags/example_params_ui_tutorial.py
[2026-07-22T13:11:50.825+0000] {processor.py:925} INFO - DAG(s) 'example_params_ui_tutorial' retrieved from /home/airflow/.local/lib/python3.12/site-packages/airflow/example_dags/example_params_ui_tutorial.py
[2026-07-22T13:11:50.999+0000] {logging_mixin.py:190} INFO - [2026-07-22T13:11:50.998+0000] {dag.py:3239} INFO - Sync 1 DAGs
[2026-07-22T13:11:51.071+0000] {logging_mixin.py:190} INFO - [2026-07-22T13:11:51.070+0000] {dag.py:4180} INFO - Setting next_dagrun for example_params_ui_tutorial to None, run_after=None
[2026-07-22T13:11:51.167+0000] {processor.py:208} INFO - Processing /home/airflow/.local/lib/python3.12/site-packages/airflow/example_dags/example_params_ui_tutorial.py took 0.423 seconds
[2026-07-22T13:12:21.372+0000] {processor.py:186} INFO - Started process (PID=722) to work on /home/airflow/.local/lib/python3.12/site-packages/airflow/example_dags/example_params_ui_tutorial.py
[2026-07-22T13:12:21.375+0000] {processor.py:914} INFO - Processing file /home/airflow/.local/lib/python3.12/site-packages/airflow/example_dags/example_params_ui_tutorial.py for tasks to queue
[2026-07-22T13:12:21.382+0000] {logging_mixin.py:190} INFO - [2026-07-22T13:12:21.381+0000] {dagbag.py:588} INFO - Filling up the DagBag from /home/airflow/.local/lib/python3.12/site-packages/airflow/example_dags/example_params_ui_tutorial.py
[2026-07-22T13:12:21.400+0000] {processor.py:925} INFO - DAG(s) 'example_params_ui_tutorial' retrieved from /home/airflow/.local/lib/python3.12/site-packages/airflow/example_dags/example_params_ui_tutorial.py
[2026-07-22T13:12:21.474+0000] {logging_mixin.py:190} INFO - [2026-07-22T13:12:21.474+0000] {dag.py:3239} INFO - Sync 1 DAGs
[2026-07-22T13:12:21.498+0000] {logging_mixin.py:190} INFO - [2026-07-22T13:12:21.498+0000] {dag.py:4180} INFO - Setting next_dagrun for example_params_ui_tutorial to None, run_after=None
[2026-07-22T13:12:21.541+0000] {processor.py:208} INFO - Processing /home/airflow/.local/lib/python3.12/site-packages/airflow/example_dags/example_params_ui_tutorial.py took 0.199 seconds
[2026-07-22T13:12:52.191+0000] {processor.py:186} INFO - Started process (PID=783) to work on /home/airflow/.local/lib/python3.12/site-packages/airflow/example_dags/example_params_ui_tutorial.py
[2026-07-22T13:12:52.196+0000] {processor.py:914} INFO - Processing file /home/airflow/.local/lib/python3.12/site-packages/airflow/example_dags/example_params_ui_tutorial.py for tasks to queue
[2026-07-22T13:12:52.205+0000] {logging_mixin.py:190} INFO - [2026-07-22T13:12:52.204+0000] {dagbag.py:588} INFO - Filling up the DagBag from /home/airflow/.local/lib/python3.12/site-packages/airflow/example_dags/example_params_ui_tutorial.py
[2026-07-22T13:12:52.233+0000] {processor.py:925} INFO - DAG(s) 'example_params_ui_tutorial' retrieved from /home/airflow/.local/lib/python3.12/site-packages/airflow/example_dags/example_params_ui_tutorial.py
[2026-07-22T13:12:52.341+0000] {logging_mixin.py:190} INFO - [2026-07-22T13:12:52.341+0000] {dag.py:3239} INFO - Sync 1 DAGs
[2026-07-22T13:12:52.373+0000] {logging_mixin.py:190} INFO - [2026-07-22T13:12:52.372+0000] {dag.py:4180} INFO - Setting next_dagrun for example_params_ui_tutorial to None, run_after=None
[2026-07-22T13:12:52.415+0000] {processor.py:208} INFO - Processing /home/airflow/.local/lib/python3.12/site-packages/airflow/example_dags/example_params_ui_tutorial.py took 0.241 seconds
[2026-07-22T13:13:24.710+0000] {processor.py:186} INFO - Started process (PID=837) to work on /home/airflow/.local/lib/python3.12/site-packages/airflow/example_dags/example_params_ui_tutorial.py
[2026-07-22T13:13:24.713+0000] {processor.py:914} INFO - Processing file /home/airflow/.local/lib/python3.12/site-packages/airflow/example_dags/example_params_ui_tutorial.py for tasks to queue
[2026-07-22T13:13:24.721+0000] {logging_mixin.py:190} INFO - [2026-07-22T13:13:24.720+0000] {dagbag.py:588} INFO - Filling up the DagBag from /home/airflow/.local/lib/python3.12/site-packages/airflow/example_dags/example_params_ui_tutorial.py
[2026-07-22T13:13:24.742+0000] {processor.py:925} INFO - DAG(s) 'example_params_ui_tutorial' retrieved from /home/airflow/.local/lib/python3.12/site-packages/airflow/example_dags/example_params_ui_tutorial.py
[2026-07-22T13:13:24.855+0000] {logging_mixin.py:190} INFO - [2026-07-22T13:13:24.854+0000] {dag.py:3239} INFO - Sync 1 DAGs
[2026-07-22T13:13:24.886+0000] {logging_mixin.py:190} INFO - [2026-07-22T13:13:24.886+0000] {dag.py:4180} INFO - Setting next_dagrun for example_params_ui_tutorial to None, run_after=None
[2026-07-22T13:13:24.937+0000] {processor.py:208} INFO - Processing /home/airflow/.local/lib/python3.12/site-packages/airflow/example_dags/example_params_ui_tutorial.py took 0.243 seconds
[2026-07-22T13:13:55.123+0000] {processor.py:186} INFO - Started process (PID=900) to work on /home/airflow/.local/lib/python3.12/site-packages/airflow/example_dags/example_params_ui_tutorial.py
[2026-07-22T13:13:55.125+0000] {processor.py:914} INFO - Processing file /home/airflow/.local/lib/python3.12/site-packages/airflow/example_dags/example_params_ui_tutorial.py for tasks to queue
[2026-07-22T13:13:55.130+0000] {logging_mixin.py:190} INFO - [2026-07-22T13:13:55.129+0000] {dagbag.py:588} INFO - Filling up the DagBag from /home/airflow/.local/lib/python3.12/site-packages/airflow/example_dags/example_params_ui_tutorial.py
[2026-07-22T13:13:55.147+0000] {processor.py:925} INFO - DAG(s) 'example_params_ui_tutorial' retrieved from /home/airflow/.local/lib/python3.12/site-packages/airflow/example_dags/example_params_ui_tutorial.py
[2026-07-22T13:13:55.217+0000] {logging_mixin.py:190} INFO - [2026-07-22T13:13:55.217+0000] {dag.py:3239} INFO - Sync 1 DAGs
[2026-07-22T13:13:55.244+0000] {logging_mixin.py:190} INFO - [2026-07-22T13:13:55.244+0000] {dag.py:4180} INFO - Setting next_dagrun for example_params_ui_tutorial to None, run_after=None
[2026-07-22T13:13:55.278+0000] {processor.py:208} INFO - Processing /home/airflow/.local/lib/python3.12/site-packages/airflow/example_dags/example_params_ui_tutorial.py took 0.165 seconds
[2026-07-22T13:14:27.492+0000] {processor.py:186} INFO - Started process (PID=963) to work on /home/airflow/.local/lib/python3.12/site-packages/airflow/example_dags/example_params_ui_tutorial.py
[2026-07-22T13:14:27.494+0000] {processor.py:914} INFO - Processing file /home/airflow/.local/lib/python3.12/site-packages/airflow/example_dags/example_params_ui_tutorial.py for tasks to queue
[2026-07-22T13:14:27.499+0000] {logging_mixin.py:190} INFO - [2026-07-22T13:14:27.498+0000] {dagbag.py:588} INFO - Filling up the DagBag from /home/airflow/.local/lib/python3.12/site-packages/airflow/example_dags/example_params_ui_tutorial.py
[2026-07-22T13:14:27.513+0000] {processor.py:925} INFO - DAG(s) 'example_params_ui_tutorial' retrieved from /home/airflow/.local/lib/python3.12/site-packages/airflow/example_dags/example_params_ui_tutorial.py
[2026-07-22T13:14:27.563+0000] {logging_mixin.py:190} INFO - [2026-07-22T13:14:27.563+0000] {dag.py:3239} INFO - Sync 1 DAGs
[2026-07-22T13:14:27.584+0000] {logging_mixin.py:190} INFO - [2026-07-22T13:14:27.584+0000] {dag.py:4180} INFO - Setting next_dagrun for example_params_ui_tutorial to None, run_after=None
[2026-07-22T13:14:27.618+0000] {processor.py:208} INFO - Processing /home/airflow/.local/lib/python3.12/site-packages/airflow/example_dags/example_params_ui_tutorial.py took 0.137 seconds
[2026-07-22T13:14:58.396+0000] {processor.py:186} INFO - Started process (PID=1020) to work on /home/airflow/.local/lib/python3.12/site-packages/airflow/example_dags/example_params_ui_tutorial.py
[2026-07-22T13:14:58.398+0000] {processor.py:914} INFO - Processing file /home/airflow/.local/lib/python3.12/site-packages/airflow/example_dags/example_params_ui_tutorial.py for tasks to queue
[2026-07-22T13:14:58.403+0000] {logging_mixin.py:190} INFO - [2026-07-22T13:14:58.403+0000] {dagbag.py:588} INFO - Filling up the DagBag from /home/airflow/.local/lib/python3.12/site-packages/airflow/example_dags/example_params_ui_tutorial.py
[2026-07-22T13:14:58.423+0000] {processor.py:925} INFO - DAG(s) 'example_params_ui_tutorial' retrieved from /home/airflow/.local/lib/python3.12/site-packages/airflow/example_dags/example_params_ui_tutorial.py
[2026-07-22T13:14:58.508+0000] {logging_mixin.py:190} INFO - [2026-07-22T13:14:58.507+0000] {dag.py:3239} INFO - Sync 1 DAGs
[2026-07-22T13:14:58.532+0000] {logging_mixin.py:190} INFO - [2026-07-22T13:14:58.532+0000] {dag.py:4180} INFO - Setting next_dagrun for example_params_ui_tutorial to None, run_after=None
[2026-07-22T13:14:58.571+0000] {processor.py:208} INFO - Processing /home/airflow/.local/lib/python3.12/site-packages/airflow/example_dags/example_params_ui_tutorial.py took 0.184 seconds
[2026-07-22T13:15:31.254+0000] {processor.py:186} INFO - Started process (PID=1078) to work on /home/airflow/.local/lib/python3.12/site-packages/airflow/example_dags/example_params_ui_tutorial.py
[2026-07-22T13:15:31.259+0000] {processor.py:914} INFO - Processing file /home/airflow/.local/lib/python3.12/site-packages/airflow/example_dags/example_params_ui_tutorial.py for tasks to queue
[2026-07-22T13:15:31.271+0000] {logging_mixin.py:190} INFO - [2026-07-22T13:15:31.268+0000] {dagbag.py:588} INFO - Filling up the DagBag from /home/airflow/.local/lib/python3.12/site-packages/airflow/example_dags/example_params_ui_tutorial.py
[2026-07-22T13:15:31.318+0000] {processor.py:925} INFO - DAG(s) 'example_params_ui_tutorial' retrieved from /home/airflow/.local/lib/python3.12/site-packages/airflow/example_dags/example_params_ui_tutorial.py
[2026-07-22T13:15:31.539+0000] {logging_mixin.py:190} INFO - [2026-07-22T13:15:31.538+0000] {dag.py:3239} INFO - Sync 1 DAGs
[2026-07-22T13:15:31.590+0000] {logging_mixin.py:190} INFO - [2026-07-22T13:15:31.589+0000] {dag.py:4180} INFO - Setting next_dagrun for example_params_ui_tutorial to None, run_after=None
[2026-07-22T13:15:31.645+0000] {processor.py:208} INFO - Processing /home/airflow/.local/lib/python3.12/site-packages/airflow/example_dags/example_params_ui_tutorial.py took 0.425 seconds
[2026-07-22T13:16:03.053+0000] {processor.py:186} INFO - Started process (PID=1141) to work on /home/airflow/.local/lib/python3.12/site-packages/airflow/example_dags/example_params_ui_tutorial.py
[2026-07-22T13:16:03.056+0000] {processor.py:914} INFO - Processing file /home/airflow/.local/lib/python3.12/site-packages/airflow/example_dags/example_params_ui_tutorial.py for tasks to queue
[2026-07-22T13:16:03.061+0000] {logging_mixin.py:190} INFO - [2026-07-22T13:16:03.061+0000] {dagbag.py:588} INFO - Filling up the DagBag from /home/airflow/.local/lib/python3.12/site-packages/airflow/example_dags/example_params_ui_tutorial.py
[2026-07-22T13:16:03.083+0000] {processor.py:925} INFO - DAG(s) 'example_params_ui_tutorial' retrieved from /home/airflow/.local/lib/python3.12/site-packages/airflow/example_dags/example_params_ui_tutorial.py
[2026-07-22T13:16:03.181+0000] {logging_mixin.py:190} INFO - [2026-07-22T13:16:03.181+0000] {dag.py:3239} INFO - Sync 1 DAGs
[2026-07-22T13:16:03.207+0000] {logging_mixin.py:190} INFO - [2026-07-22T13:16:03.207+0000] {dag.py:4180} INFO - Setting next_dagrun for example_params_ui_tutorial to None, run_after=None
[2026-07-22T13:16:03.240+0000] {processor.py:208} INFO - Processing /home/airflow/.local/lib/python3.12/site-packages/airflow/example_dags/example_params_ui_tutorial.py took 0.197 seconds
[2026-07-22T13:16:33.704+0000] {processor.py:186} INFO - Started process (PID=1204) to work on /home/airflow/.local/lib/python3.12/site-packages/airflow/example_dags/example_params_ui_tutorial.py
[2026-07-22T13:16:33.707+0000] {processor.py:914} INFO - Processing file /home/airflow/.local/lib/python3.12/site-packages/airflow/example_dags/example_params_ui_tutorial.py for tasks to queue
[2026-07-22T13:16:33.713+0000] {logging_mixin.py:190} INFO - [2026-07-22T13:16:33.713+0000] {dagbag.py:588} INFO - Filling up the DagBag from /home/airflow/.local/lib/python3.12/site-packages/airflow/example_dags/example_params_ui_tutorial.py
[2026-07-22T13:16:33.733+0000] {processor.py:925} INFO - DAG(s) 'example_params_ui_tutorial' retrieved from /home/airflow/.local/lib/python3.12/site-packages/airflow/example_dags/example_params_ui_tutorial.py
[2026-07-22T13:16:33.847+0000] {logging_mixin.py:190} INFO - [2026-07-22T13:16:33.846+0000] {dag.py:3239} INFO - Sync 1 DAGs
[2026-07-22T13:16:33.888+0000] {logging_mixin.py:190} INFO - [2026-07-22T13:16:33.888+0000] {dag.py:4180} INFO - Setting next_dagrun for example_params_ui_tutorial to None, run_after=None
[2026-07-22T13:16:33.928+0000] {processor.py:208} INFO - Processing /home/airflow/.local/lib/python3.12/site-packages/airflow/example_dags/example_params_ui_tutorial.py took 0.240 seconds
[2026-07-22T13:17:04.479+0000] {processor.py:186} INFO - Started process (PID=1266) to work on /home/airflow/.local/lib/python3.12/site-packages/airflow/example_dags/example_params_ui_tutorial.py
[2026-07-22T13:17:04.497+0000] {processor.py:914} INFO - Processing file /home/airflow/.local/lib/python3.12/site-packages/airflow/example_dags/example_params_ui_tutorial.py for tasks to queue
[2026-07-22T13:17:04.578+0000] {logging_mixin.py:190} INFO - [2026-07-22T13:17:04.576+0000] {dagbag.py:588} INFO - Filling up the DagBag from /home/airflow/.local/lib/python3.12/site-packages/airflow/example_dags/example_params_ui_tutorial.py
[2026-07-22T13:17:04.654+0000] {processor.py:925} INFO - DAG(s) 'example_params_ui_tutorial' retrieved from /home/airflow/.local/lib/python3.12/site-packages/airflow/example_dags/example_params_ui_tutorial.py
[2026-07-22T13:17:04.948+0000] {logging_mixin.py:190} INFO - [2026-07-22T13:17:04.946+0000] {dag.py:3239} INFO - Sync 1 DAGs
[2026-07-22T13:17:05.081+0000] {logging_mixin.py:190} INFO - [2026-07-22T13:17:05.080+0000] {dag.py:4180} INFO - Setting next_dagrun for example_params_ui_tutorial to None, run_after=None
[2026-07-22T13:17:05.179+0000] {processor.py:208} INFO - Processing /home/airflow/.local/lib/python3.12/site-packages/airflow/example_dags/example_params_ui_tutorial.py took 0.777 seconds
[2026-07-22T13:17:36.045+0000] {processor.py:186} INFO - Started process (PID=1328) to work on /home/airflow/.local/lib/python3.12/site-packages/airflow/example_dags/example_params_ui_tutorial.py
[2026-07-22T13:17:36.050+0000] {processor.py:914} INFO - Processing file /home/airflow/.local/lib/python3.12/site-packages/airflow/example_dags/example_params_ui_tutorial.py for tasks to queue
[2026-07-22T13:17:36.059+0000] {logging_mixin.py:190} INFO - [2026-07-22T13:17:36.058+0000] {dagbag.py:588} INFO - Filling up the DagBag from /home/airflow/.local/lib/python3.12/site-packages/airflow/example_dags/example_params_ui_tutorial.py
[2026-07-22T13:17:36.094+0000] {processor.py:925} INFO - DAG(s) 'example_params_ui_tutorial' retrieved from /home/airflow/.local/lib/python3.12/site-packages/airflow/example_dags/example_params_ui_tutorial.py
[2026-07-22T13:17:36.265+0000] {logging_mixin.py:190} INFO - [2026-07-22T13:17:36.264+0000] {dag.py:3239} INFO - Sync 1 DAGs
[2026-07-22T13:17:36.341+0000] {logging_mixin.py:190} INFO - [2026-07-22T13:17:36.340+0000] {dag.py:4180} INFO - Setting next_dagrun for example_params_ui_tutorial to None, run_after=None
[2026-07-22T13:17:36.398+0000] {processor.py:208} INFO - Processing /home/airflow/.local/lib/python3.12/site-packages/airflow/example_dags/example_params_ui_tutorial.py took 0.373 seconds
