[2026-07-22T13:07:17.072+0000] {processor.py:186} INFO - Started process (PID=94) to work on /home/airflow/.local/lib/python3.12/site-packages/airflow/example_dags/example_inlet_event_extra.py
[2026-07-22T13:07:17.076+0000] {processor.py:914} INFO - Processing file /home/airflow/.local/lib/python3.12/site-packages/airflow/example_dags/example_inlet_event_extra.py for tasks to queue
[2026-07-22T13:07:17.083+0000] {logging_mixin.py:190} INFO - [2026-07-22T13:07:17.082+0000] {dagbag.py:588} INFO - Filling up the DagBag from /home/airflow/.local/lib/python3.12/site-packages/airflow/example_dags/example_inlet_event_extra.py
[2026-07-22T13:07:22.262+0000] {processor.py:925} INFO - DAG(s) 'read_dataset_event', 'read_dataset_event_from_classic' retrieved from /home/airflow/.local/lib/python3.12/site-packages/airflow/example_dags/example_inlet_event_extra.py
[2026-07-22T13:07:22.559+0000] {logging_mixin.py:190} INFO - [2026-07-22T13:07:22.558+0000] {override.py:1912} INFO - Created Permission View: can read on DAG:read_dataset_event
[2026-07-22T13:07:22.592+0000] {logging_mixin.py:190} INFO - [2026-07-22T13:07:22.591+0000] {override.py:1912} INFO - Created Permission View: can edit on DAG:read_dataset_event
[2026-07-22T13:07:22.611+0000] {logging_mixin.py:190} INFO - [2026-07-22T13:07:22.610+0000] {override.py:1912} INFO - Created Permission View: can delete on DAG:read_dataset_event
[2026-07-22T13:07:22.635+0000] {logging_mixin.py:190} INFO - [2026-07-22T13:07:22.634+0000] {override.py:1912} INFO - Created Permission View: can read on DAG Run:read_dataset_event
[2026-07-22T13:07:22.653+0000] {logging_mixin.py:190} INFO - [2026-07-22T13:07:22.653+0000] {override.py:1912} INFO - Created Permission View: menu access on DAG Run:read_dataset_event
[2026-07-22T13:07:22.672+0000] {logging_mixin.py:190} INFO - [2026-07-22T13:07:22.672+0000] {override.py:1912} INFO - Created Permission View: can create on DAG Run:read_dataset_event
[2026-07-22T13:07:22.690+0000] {logging_mixin.py:190} INFO - [2026-07-22T13:07:22.690+0000] {override.py:1912} INFO - Created Permission View: can delete on DAG Run:read_dataset_event
[2026-07-22T13:07:22.723+0000] {logging_mixin.py:190} INFO - [2026-07-22T13:07:22.723+0000] {override.py:1912} INFO - Created Permission View: can read on DAG:read_dataset_event_from_classic
[2026-07-22T13:07:22.742+0000] {logging_mixin.py:190} INFO - [2026-07-22T13:07:22.742+0000] {override.py:1912} INFO - Created Permission View: can edit on DAG:read_dataset_event_from_classic
[2026-07-22T13:07:22.763+0000] {logging_mixin.py:190} INFO - [2026-07-22T13:07:22.761+0000] {override.py:1912} INFO - Created Permission View: can delete on DAG:read_dataset_event_from_classic
[2026-07-22T13:07:22.788+0000] {logging_mixin.py:190} INFO - [2026-07-22T13:07:22.787+0000] {override.py:1912} INFO - Created Permission View: can read on DAG Run:read_dataset_event_from_classic
[2026-07-22T13:07:22.811+0000] {logging_mixin.py:190} INFO - [2026-07-22T13:07:22.810+0000] {override.py:1912} INFO - Created Permission View: menu access on DAG Run:read_dataset_event_from_classic
[2026-07-22T13:07:22.832+0000] {logging_mixin.py:190} INFO - [2026-07-22T13:07:22.831+0000] {override.py:1912} INFO - Created Permission View: can create on DAG Run:read_dataset_event_from_classic
[2026-07-22T13:07:22.851+0000] {logging_mixin.py:190} INFO - [2026-07-22T13:07:22.850+0000] {override.py:1912} INFO - Created Permission View: can delete on DAG Run:read_dataset_event_from_classic
[2026-07-22T13:07:22.854+0000] {logging_mixin.py:190} INFO - [2026-07-22T13:07:22.853+0000] {dag.py:3239} INFO - Sync 2 DAGs
[2026-07-22T13:07:22.893+0000] {logging_mixin.py:190} INFO - [2026-07-22T13:07:22.891+0000] {dag.py:3262} INFO - Creating ORM DAG for read_dataset_event_from_classic
[2026-07-22T13:07:22.896+0000] {logging_mixin.py:190} INFO - [2026-07-22T13:07:22.896+0000] {dag.py:3262} INFO - Creating ORM DAG for read_dataset_event
[2026-07-22T13:07:22.920+0000] {logging_mixin.py:190} INFO - [2026-07-22T13:07:22.920+0000] {dag.py:4180} INFO - Setting next_dagrun for read_dataset_event to 2026-07-21 00:00:00+00:00, run_after=2026-07-22 00:00:00+00:00
[2026-07-22T13:07:22.927+0000] {logging_mixin.py:190} INFO - [2026-07-22T13:07:22.926+0000] {dag.py:4180} INFO - Setting next_dagrun for read_dataset_event_from_classic to 2026-07-21 00:00:00+00:00, run_after=2026-07-22 00:00:00+00:00
[2026-07-22T13:07:22.976+0000] {processor.py:208} INFO - Processing /home/airflow/.local/lib/python3.12/site-packages/airflow/example_dags/example_inlet_event_extra.py took 5.918 seconds
[2026-07-22T13:07:53.079+0000] {processor.py:186} INFO - Started process (PID=162) to work on /home/airflow/.local/lib/python3.12/site-packages/airflow/example_dags/example_inlet_event_extra.py
[2026-07-22T13:07:53.083+0000] {processor.py:914} INFO - Processing file /home/airflow/.local/lib/python3.12/site-packages/airflow/example_dags/example_inlet_event_extra.py for tasks to queue
[2026-07-22T13:07:53.088+0000] {logging_mixin.py:190} INFO - [2026-07-22T13:07:53.087+0000] {dagbag.py:588} INFO - Filling up the DagBag from /home/airflow/.local/lib/python3.12/site-packages/airflow/example_dags/example_inlet_event_extra.py
[2026-07-22T13:07:53.883+0000] {processor.py:925} INFO - DAG(s) 'read_dataset_event_from_classic', 'read_dataset_event' retrieved from /home/airflow/.local/lib/python3.12/site-packages/airflow/example_dags/example_inlet_event_extra.py
[2026-07-22T13:07:53.924+0000] {logging_mixin.py:190} INFO - [2026-07-22T13:07:53.924+0000] {dag.py:3239} INFO - Sync 2 DAGs
[2026-07-22T13:07:53.973+0000] {logging_mixin.py:190} INFO - [2026-07-22T13:07:53.972+0000] {dag.py:4180} INFO - Setting next_dagrun for read_dataset_event to 2026-07-21 00:00:00+00:00, run_after=2026-07-22 00:00:00+00:00
[2026-07-22T13:07:53.989+0000] {logging_mixin.py:190} INFO - [2026-07-22T13:07:53.988+0000] {dag.py:4180} INFO - Setting next_dagrun for read_dataset_event_from_classic to 2026-07-21 00:00:00+00:00, run_after=2026-07-22 00:00:00+00:00
[2026-07-22T13:07:54.040+0000] {processor.py:208} INFO - Processing /home/airflow/.local/lib/python3.12/site-packages/airflow/example_dags/example_inlet_event_extra.py took 0.975 seconds
[2026-07-22T13:08:24.865+0000] {processor.py:186} INFO - Started process (PID=226) to work on /home/airflow/.local/lib/python3.12/site-packages/airflow/example_dags/example_inlet_event_extra.py
[2026-07-22T13:08:24.867+0000] {processor.py:914} INFO - Processing file /home/airflow/.local/lib/python3.12/site-packages/airflow/example_dags/example_inlet_event_extra.py for tasks to queue
[2026-07-22T13:08:24.871+0000] {logging_mixin.py:190} INFO - [2026-07-22T13:08:24.871+0000] {dagbag.py:588} INFO - Filling up the DagBag from /home/airflow/.local/lib/python3.12/site-packages/airflow/example_dags/example_inlet_event_extra.py
[2026-07-22T13:08:25.557+0000] {processor.py:925} INFO - DAG(s) 'read_dataset_event', 'read_dataset_event_from_classic' retrieved from /home/airflow/.local/lib/python3.12/site-packages/airflow/example_dags/example_inlet_event_extra.py
[2026-07-22T13:08:25.585+0000] {logging_mixin.py:190} INFO - [2026-07-22T13:08:25.584+0000] {dag.py:3239} INFO - Sync 2 DAGs
[2026-07-22T13:08:25.612+0000] {logging_mixin.py:190} INFO - [2026-07-22T13:08:25.612+0000] {dag.py:4180} INFO - Setting next_dagrun for read_dataset_event to 2026-07-21 00:00:00+00:00, run_after=2026-07-22 00:00:00+00:00
[2026-07-22T13:08:25.618+0000] {logging_mixin.py:190} INFO - [2026-07-22T13:08:25.618+0000] {dag.py:4180} INFO - Setting next_dagrun for read_dataset_event_from_classic to 2026-07-21 00:00:00+00:00, run_after=2026-07-22 00:00:00+00:00
[2026-07-22T13:08:25.642+0000] {processor.py:208} INFO - Processing /home/airflow/.local/lib/python3.12/site-packages/airflow/example_dags/example_inlet_event_extra.py took 0.786 seconds
[2026-07-22T13:08:55.740+0000] {processor.py:186} INFO - Started process (PID=289) to work on /home/airflow/.local/lib/python3.12/site-packages/airflow/example_dags/example_inlet_event_extra.py
[2026-07-22T13:08:55.742+0000] {processor.py:914} INFO - Processing file /home/airflow/.local/lib/python3.12/site-packages/airflow/example_dags/example_inlet_event_extra.py for tasks to queue
[2026-07-22T13:08:55.748+0000] {logging_mixin.py:190} INFO - [2026-07-22T13:08:55.747+0000] {dagbag.py:588} INFO - Filling up the DagBag from /home/airflow/.local/lib/python3.12/site-packages/airflow/example_dags/example_inlet_event_extra.py
[2026-07-22T13:08:56.435+0000] {processor.py:925} INFO - DAG(s) 'read_dataset_event_from_classic', 'read_dataset_event' retrieved from /home/airflow/.local/lib/python3.12/site-packages/airflow/example_dags/example_inlet_event_extra.py
[2026-07-22T13:08:56.463+0000] {logging_mixin.py:190} INFO - [2026-07-22T13:08:56.462+0000] {dag.py:3239} INFO - Sync 2 DAGs
[2026-07-22T13:08:56.489+0000] {logging_mixin.py:190} INFO - [2026-07-22T13:08:56.489+0000] {dag.py:4180} INFO - Setting next_dagrun for read_dataset_event to 2026-07-21 00:00:00+00:00, run_after=2026-07-22 00:00:00+00:00
[2026-07-22T13:08:56.497+0000] {logging_mixin.py:190} INFO - [2026-07-22T13:08:56.496+0000] {dag.py:4180} INFO - Setting next_dagrun for read_dataset_event_from_classic to 2026-07-21 00:00:00+00:00, run_after=2026-07-22 00:00:00+00:00
[2026-07-22T13:08:56.519+0000] {processor.py:208} INFO - Processing /home/airflow/.local/lib/python3.12/site-packages/airflow/example_dags/example_inlet_event_extra.py took 0.788 seconds
[2026-07-22T13:09:26.675+0000] {processor.py:186} INFO - Started process (PID=354) to work on /home/airflow/.local/lib/python3.12/site-packages/airflow/example_dags/example_inlet_event_extra.py
[2026-07-22T13:09:26.677+0000] {processor.py:914} INFO - Processing file /home/airflow/.local/lib/python3.12/site-packages/airflow/example_dags/example_inlet_event_extra.py for tasks to queue
[2026-07-22T13:09:26.681+0000] {logging_mixin.py:190} INFO - [2026-07-22T13:09:26.680+0000] {dagbag.py:588} INFO - Filling up the DagBag from /home/airflow/.local/lib/python3.12/site-packages/airflow/example_dags/example_inlet_event_extra.py
[2026-07-22T13:09:27.271+0000] {processor.py:925} INFO - DAG(s) 'read_dataset_event_from_classic', 'read_dataset_event' retrieved from /home/airflow/.local/lib/python3.12/site-packages/airflow/example_dags/example_inlet_event_extra.py
[2026-07-22T13:09:27.304+0000] {logging_mixin.py:190} INFO - [2026-07-22T13:09:27.303+0000] {dag.py:3239} INFO - Sync 2 DAGs
[2026-07-22T13:09:27.337+0000] {logging_mixin.py:190} INFO - [2026-07-22T13:09:27.337+0000] {dag.py:4180} INFO - Setting next_dagrun for read_dataset_event to 2026-07-21 00:00:00+00:00, run_after=2026-07-22 00:00:00+00:00
[2026-07-22T13:09:27.346+0000] {logging_mixin.py:190} INFO - [2026-07-22T13:09:27.345+0000] {dag.py:4180} INFO - Setting next_dagrun for read_dataset_event_from_classic to 2026-07-21 00:00:00+00:00, run_after=2026-07-22 00:00:00+00:00
[2026-07-22T13:09:27.368+0000] {processor.py:208} INFO - Processing /home/airflow/.local/lib/python3.12/site-packages/airflow/example_dags/example_inlet_event_extra.py took 0.700 seconds
[2026-07-22T13:09:58.122+0000] {processor.py:186} INFO - Started process (PID=417) to work on /home/airflow/.local/lib/python3.12/site-packages/airflow/example_dags/example_inlet_event_extra.py
[2026-07-22T13:09:58.125+0000] {processor.py:914} INFO - Processing file /home/airflow/.local/lib/python3.12/site-packages/airflow/example_dags/example_inlet_event_extra.py for tasks to queue
[2026-07-22T13:09:58.130+0000] {logging_mixin.py:190} INFO - [2026-07-22T13:09:58.129+0000] {dagbag.py:588} INFO - Filling up the DagBag from /home/airflow/.local/lib/python3.12/site-packages/airflow/example_dags/example_inlet_event_extra.py
[2026-07-22T13:09:59.101+0000] {processor.py:925} INFO - DAG(s) 'read_dataset_event', 'read_dataset_event_from_classic' retrieved from /home/airflow/.local/lib/python3.12/site-packages/airflow/example_dags/example_inlet_event_extra.py
[2026-07-22T13:09:59.162+0000] {logging_mixin.py:190} INFO - [2026-07-22T13:09:59.161+0000] {dag.py:3239} INFO - Sync 2 DAGs
[2026-07-22T13:09:59.232+0000] {logging_mixin.py:190} INFO - [2026-07-22T13:09:59.231+0000] {dag.py:4180} INFO - Setting next_dagrun for read_dataset_event to 2026-07-21 00:00:00+00:00, run_after=2026-07-22 00:00:00+00:00
[2026-07-22T13:09:59.263+0000] {logging_mixin.py:190} INFO - [2026-07-22T13:09:59.262+0000] {dag.py:4180} INFO - Setting next_dagrun for read_dataset_event_from_classic to 2026-07-21 00:00:00+00:00, run_after=2026-07-22 00:00:00+00:00
[2026-07-22T13:09:59.324+0000] {processor.py:208} INFO - Processing /home/airflow/.local/lib/python3.12/site-packages/airflow/example_dags/example_inlet_event_extra.py took 1.214 seconds
[2026-07-22T13:10:29.876+0000] {processor.py:186} INFO - Started process (PID=480) to work on /home/airflow/.local/lib/python3.12/site-packages/airflow/example_dags/example_inlet_event_extra.py
[2026-07-22T13:10:29.880+0000] {processor.py:914} INFO - Processing file /home/airflow/.local/lib/python3.12/site-packages/airflow/example_dags/example_inlet_event_extra.py for tasks to queue
[2026-07-22T13:10:29.890+0000] {logging_mixin.py:190} INFO - [2026-07-22T13:10:29.889+0000] {dagbag.py:588} INFO - Filling up the DagBag from /home/airflow/.local/lib/python3.12/site-packages/airflow/example_dags/example_inlet_event_extra.py
[2026-07-22T13:10:31.020+0000] {processor.py:925} INFO - DAG(s) 'read_dataset_event_from_classic', 'read_dataset_event' retrieved from /home/airflow/.local/lib/python3.12/site-packages/airflow/example_dags/example_inlet_event_extra.py
[2026-07-22T13:10:31.050+0000] {logging_mixin.py:190} INFO - [2026-07-22T13:10:31.050+0000] {dag.py:3239} INFO - Sync 2 DAGs
[2026-07-22T13:10:31.085+0000] {logging_mixin.py:190} INFO - [2026-07-22T13:10:31.085+0000] {dag.py:4180} INFO - Setting next_dagrun for read_dataset_event to 2026-07-21 00:00:00+00:00, run_after=2026-07-22 00:00:00+00:00
[2026-07-22T13:10:31.096+0000] {logging_mixin.py:190} INFO - [2026-07-22T13:10:31.095+0000] {dag.py:4180} INFO - Setting next_dagrun for read_dataset_event_from_classic to 2026-07-21 00:00:00+00:00, run_after=2026-07-22 00:00:00+00:00
[2026-07-22T13:10:31.125+0000] {processor.py:208} INFO - Processing /home/airflow/.local/lib/python3.12/site-packages/airflow/example_dags/example_inlet_event_extra.py took 1.266 seconds
[2026-07-22T13:11:01.303+0000] {processor.py:186} INFO - Started process (PID=544) to work on /home/airflow/.local/lib/python3.12/site-packages/airflow/example_dags/example_inlet_event_extra.py
[2026-07-22T13:11:01.305+0000] {processor.py:914} INFO - Processing file /home/airflow/.local/lib/python3.12/site-packages/airflow/example_dags/example_inlet_event_extra.py for tasks to queue
[2026-07-22T13:11:01.310+0000] {logging_mixin.py:190} INFO - [2026-07-22T13:11:01.310+0000] {dagbag.py:588} INFO - Filling up the DagBag from /home/airflow/.local/lib/python3.12/site-packages/airflow/example_dags/example_inlet_event_extra.py
[2026-07-22T13:11:02.175+0000] {processor.py:925} INFO - DAG(s) 'read_dataset_event_from_classic', 'read_dataset_event' retrieved from /home/airflow/.local/lib/python3.12/site-packages/airflow/example_dags/example_inlet_event_extra.py
[2026-07-22T13:11:02.200+0000] {logging_mixin.py:190} INFO - [2026-07-22T13:11:02.200+0000] {dag.py:3239} INFO - Sync 2 DAGs
[2026-07-22T13:11:02.226+0000] {logging_mixin.py:190} INFO - [2026-07-22T13:11:02.225+0000] {dag.py:4180} INFO - Setting next_dagrun for read_dataset_event to 2026-07-21 00:00:00+00:00, run_after=2026-07-22 00:00:00+00:00
[2026-07-22T13:11:02.233+0000] {logging_mixin.py:190} INFO - [2026-07-22T13:11:02.233+0000] {dag.py:4180} INFO - Setting next_dagrun for read_dataset_event_from_classic to 2026-07-21 00:00:00+00:00, run_after=2026-07-22 00:00:00+00:00
[2026-07-22T13:11:02.265+0000] {processor.py:208} INFO - Processing /home/airflow/.local/lib/python3.12/site-packages/airflow/example_dags/example_inlet_event_extra.py took 0.971 seconds
[2026-07-22T13:11:33.108+0000] {processor.py:186} INFO - Started process (PID=609) to work on /home/airflow/.local/lib/python3.12/site-packages/airflow/example_dags/example_inlet_event_extra.py
[2026-07-22T13:11:33.121+0000] {processor.py:914} INFO - Processing file /home/airflow/.local/lib/python3.12/site-packages/airflow/example_dags/example_inlet_event_extra.py for tasks to queue
[2026-07-22T13:11:33.140+0000] {logging_mixin.py:190} INFO - [2026-07-22T13:11:33.138+0000] {dagbag.py:588} INFO - Filling up the DagBag from /home/airflow/.local/lib/python3.12/site-packages/airflow/example_dags/example_inlet_event_extra.py
[2026-07-22T13:11:34.942+0000] {processor.py:925} INFO - DAG(s) 'read_dataset_event', 'read_dataset_event_from_classic' retrieved from /home/airflow/.local/lib/python3.12/site-packages/airflow/example_dags/example_inlet_event_extra.py
[2026-07-22T13:11:35.050+0000] {logging_mixin.py:190} INFO - [2026-07-22T13:11:35.049+0000] {dag.py:3239} INFO - Sync 2 DAGs
[2026-07-22T13:11:35.116+0000] {logging_mixin.py:190} INFO - [2026-07-22T13:11:35.115+0000] {dag.py:4180} INFO - Setting next_dagrun for read_dataset_event to 2026-07-21 00:00:00+00:00, run_after=2026-07-22 00:00:00+00:00
[2026-07-22T13:11:35.131+0000] {logging_mixin.py:190} INFO - [2026-07-22T13:11:35.130+0000] {dag.py:4180} INFO - Setting next_dagrun for read_dataset_event_from_classic to 2026-07-21 00:00:00+00:00, run_after=2026-07-22 00:00:00+00:00
[2026-07-22T13:11:35.183+0000] {processor.py:208} INFO - Processing /home/airflow/.local/lib/python3.12/site-packages/airflow/example_dags/example_inlet_event_extra.py took 2.118 seconds
[2026-07-22T13:12:05.473+0000] {processor.py:186} INFO - Started process (PID=674) to work on /home/airflow/.local/lib/python3.12/site-packages/airflow/example_dags/example_inlet_event_extra.py
[2026-07-22T13:12:05.475+0000] {processor.py:914} INFO - Processing file /home/airflow/.local/lib/python3.12/site-packages/airflow/example_dags/example_inlet_event_extra.py for tasks to queue
[2026-07-22T13:12:05.479+0000] {logging_mixin.py:190} INFO - [2026-07-22T13:12:05.478+0000] {dagbag.py:588} INFO - Filling up the DagBag from /home/airflow/.local/lib/python3.12/site-packages/airflow/example_dags/example_inlet_event_extra.py
[2026-07-22T13:12:06.376+0000] {processor.py:925} INFO - DAG(s) 'read_dataset_event_from_classic', 'read_dataset_event' retrieved from /home/airflow/.local/lib/python3.12/site-packages/airflow/example_dags/example_inlet_event_extra.py
[2026-07-22T13:12:06.432+0000] {logging_mixin.py:190} INFO - [2026-07-22T13:12:06.431+0000] {dag.py:3239} INFO - Sync 2 DAGs
[2026-07-22T13:12:06.518+0000] {logging_mixin.py:190} INFO - [2026-07-22T13:12:06.517+0000] {dag.py:4180} INFO - Setting next_dagrun for read_dataset_event to 2026-07-21 00:00:00+00:00, run_after=2026-07-22 00:00:00+00:00
[2026-07-22T13:12:06.533+0000] {logging_mixin.py:190} INFO - [2026-07-22T13:12:06.533+0000] {dag.py:4180} INFO - Setting next_dagrun for read_dataset_event_from_classic to 2026-07-21 00:00:00+00:00, run_after=2026-07-22 00:00:00+00:00
[2026-07-22T13:12:06.582+0000] {processor.py:208} INFO - Processing /home/airflow/.local/lib/python3.12/site-packages/airflow/example_dags/example_inlet_event_extra.py took 1.115 seconds
[2026-07-22T13:12:36.969+0000] {processor.py:186} INFO - Started process (PID=737) to work on /home/airflow/.local/lib/python3.12/site-packages/airflow/example_dags/example_inlet_event_extra.py
[2026-07-22T13:12:36.971+0000] {processor.py:914} INFO - Processing file /home/airflow/.local/lib/python3.12/site-packages/airflow/example_dags/example_inlet_event_extra.py for tasks to queue
[2026-07-22T13:12:36.976+0000] {logging_mixin.py:190} INFO - [2026-07-22T13:12:36.975+0000] {dagbag.py:588} INFO - Filling up the DagBag from /home/airflow/.local/lib/python3.12/site-packages/airflow/example_dags/example_inlet_event_extra.py
[2026-07-22T13:12:37.599+0000] {processor.py:925} INFO - DAG(s) 'read_dataset_event', 'read_dataset_event_from_classic' retrieved from /home/airflow/.local/lib/python3.12/site-packages/airflow/example_dags/example_inlet_event_extra.py
[2026-07-22T13:12:37.626+0000] {logging_mixin.py:190} INFO - [2026-07-22T13:12:37.625+0000] {dag.py:3239} INFO - Sync 2 DAGs
[2026-07-22T13:12:37.655+0000] {logging_mixin.py:190} INFO - [2026-07-22T13:12:37.655+0000] {dag.py:4180} INFO - Setting next_dagrun for read_dataset_event to 2026-07-21 00:00:00+00:00, run_after=2026-07-22 00:00:00+00:00
[2026-07-22T13:12:37.663+0000] {logging_mixin.py:190} INFO - [2026-07-22T13:12:37.663+0000] {dag.py:4180} INFO - Setting next_dagrun for read_dataset_event_from_classic to 2026-07-21 00:00:00+00:00, run_after=2026-07-22 00:00:00+00:00
[2026-07-22T13:12:37.691+0000] {processor.py:208} INFO - Processing /home/airflow/.local/lib/python3.12/site-packages/airflow/example_dags/example_inlet_event_extra.py took 0.729 seconds
[2026-07-22T13:13:08.227+0000] {processor.py:186} INFO - Started process (PID=800) to work on /home/airflow/.local/lib/python3.12/site-packages/airflow/example_dags/example_inlet_event_extra.py
[2026-07-22T13:13:08.229+0000] {processor.py:914} INFO - Processing file /home/airflow/.local/lib/python3.12/site-packages/airflow/example_dags/example_inlet_event_extra.py for tasks to queue
[2026-07-22T13:13:08.233+0000] {logging_mixin.py:190} INFO - [2026-07-22T13:13:08.232+0000] {dagbag.py:588} INFO - Filling up the DagBag from /home/airflow/.local/lib/python3.12/site-packages/airflow/example_dags/example_inlet_event_extra.py
[2026-07-22T13:13:08.925+0000] {processor.py:925} INFO - DAG(s) 'read_dataset_event', 'read_dataset_event_from_classic' retrieved from /home/airflow/.local/lib/python3.12/site-packages/airflow/example_dags/example_inlet_event_extra.py
[2026-07-22T13:13:08.948+0000] {logging_mixin.py:190} INFO - [2026-07-22T13:13:08.948+0000] {dag.py:3239} INFO - Sync 2 DAGs
[2026-07-22T13:13:08.976+0000] {logging_mixin.py:190} INFO - [2026-07-22T13:13:08.976+0000] {dag.py:4180} INFO - Setting next_dagrun for read_dataset_event to 2026-07-21 00:00:00+00:00, run_after=2026-07-22 00:00:00+00:00
[2026-07-22T13:13:08.984+0000] {logging_mixin.py:190} INFO - [2026-07-22T13:13:08.983+0000] {dag.py:4180} INFO - Setting next_dagrun for read_dataset_event_from_classic to 2026-07-21 00:00:00+00:00, run_after=2026-07-22 00:00:00+00:00
[2026-07-22T13:13:09.010+0000] {processor.py:208} INFO - Processing /home/airflow/.local/lib/python3.12/site-packages/airflow/example_dags/example_inlet_event_extra.py took 0.789 seconds
[2026-07-22T13:13:39.091+0000] {processor.py:186} INFO - Started process (PID=865) to work on /home/airflow/.local/lib/python3.12/site-packages/airflow/example_dags/example_inlet_event_extra.py
[2026-07-22T13:13:39.093+0000] {processor.py:914} INFO - Processing file /home/airflow/.local/lib/python3.12/site-packages/airflow/example_dags/example_inlet_event_extra.py for tasks to queue
[2026-07-22T13:13:39.097+0000] {logging_mixin.py:190} INFO - [2026-07-22T13:13:39.097+0000] {dagbag.py:588} INFO - Filling up the DagBag from /home/airflow/.local/lib/python3.12/site-packages/airflow/example_dags/example_inlet_event_extra.py
[2026-07-22T13:13:39.716+0000] {processor.py:925} INFO - DAG(s) 'read_dataset_event_from_classic', 'read_dataset_event' retrieved from /home/airflow/.local/lib/python3.12/site-packages/airflow/example_dags/example_inlet_event_extra.py
[2026-07-22T13:13:39.745+0000] {logging_mixin.py:190} INFO - [2026-07-22T13:13:39.744+0000] {dag.py:3239} INFO - Sync 2 DAGs
[2026-07-22T13:13:39.773+0000] {logging_mixin.py:190} INFO - [2026-07-22T13:13:39.773+0000] {dag.py:4180} INFO - Setting next_dagrun for read_dataset_event to 2026-07-21 00:00:00+00:00, run_after=2026-07-22 00:00:00+00:00
[2026-07-22T13:13:39.781+0000] {logging_mixin.py:190} INFO - [2026-07-22T13:13:39.781+0000] {dag.py:4180} INFO - Setting next_dagrun for read_dataset_event_from_classic to 2026-07-21 00:00:00+00:00, run_after=2026-07-22 00:00:00+00:00
[2026-07-22T13:13:39.810+0000] {processor.py:208} INFO - Processing /home/airflow/.local/lib/python3.12/site-packages/airflow/example_dags/example_inlet_event_extra.py took 0.725 seconds
[2026-07-22T13:14:10.468+0000] {processor.py:186} INFO - Started process (PID=928) to work on /home/airflow/.local/lib/python3.12/site-packages/airflow/example_dags/example_inlet_event_extra.py
[2026-07-22T13:14:10.476+0000] {processor.py:914} INFO - Processing file /home/airflow/.local/lib/python3.12/site-packages/airflow/example_dags/example_inlet_event_extra.py for tasks to queue
[2026-07-22T13:14:10.487+0000] {logging_mixin.py:190} INFO - [2026-07-22T13:14:10.486+0000] {dagbag.py:588} INFO - Filling up the DagBag from /home/airflow/.local/lib/python3.12/site-packages/airflow/example_dags/example_inlet_event_extra.py
[2026-07-22T13:14:11.932+0000] {processor.py:925} INFO - DAG(s) 'read_dataset_event_from_classic', 'read_dataset_event' retrieved from /home/airflow/.local/lib/python3.12/site-packages/airflow/example_dags/example_inlet_event_extra.py
[2026-07-22T13:14:11.961+0000] {logging_mixin.py:190} INFO - [2026-07-22T13:14:11.961+0000] {dag.py:3239} INFO - Sync 2 DAGs
[2026-07-22T13:14:11.989+0000] {logging_mixin.py:190} INFO - [2026-07-22T13:14:11.989+0000] {dag.py:4180} INFO - Setting next_dagrun for read_dataset_event to 2026-07-21 00:00:00+00:00, run_after=2026-07-22 00:00:00+00:00
[2026-07-22T13:14:11.997+0000] {logging_mixin.py:190} INFO - [2026-07-22T13:14:11.997+0000] {dag.py:4180} INFO - Setting next_dagrun for read_dataset_event_from_classic to 2026-07-21 00:00:00+00:00, run_after=2026-07-22 00:00:00+00:00
[2026-07-22T13:14:12.025+0000] {processor.py:208} INFO - Processing /home/airflow/.local/lib/python3.12/site-packages/airflow/example_dags/example_inlet_event_extra.py took 1.585 seconds
[2026-07-22T13:14:42.882+0000] {processor.py:186} INFO - Started process (PID=991) to work on /home/airflow/.local/lib/python3.12/site-packages/airflow/example_dags/example_inlet_event_extra.py
[2026-07-22T13:14:42.885+0000] {processor.py:914} INFO - Processing file /home/airflow/.local/lib/python3.12/site-packages/airflow/example_dags/example_inlet_event_extra.py for tasks to queue
[2026-07-22T13:14:42.890+0000] {logging_mixin.py:190} INFO - [2026-07-22T13:14:42.890+0000] {dagbag.py:588} INFO - Filling up the DagBag from /home/airflow/.local/lib/python3.12/site-packages/airflow/example_dags/example_inlet_event_extra.py
[2026-07-22T13:14:43.651+0000] {processor.py:925} INFO - DAG(s) 'read_dataset_event_from_classic', 'read_dataset_event' retrieved from /home/airflow/.local/lib/python3.12/site-packages/airflow/example_dags/example_inlet_event_extra.py
[2026-07-22T13:14:43.678+0000] {logging_mixin.py:190} INFO - [2026-07-22T13:14:43.677+0000] {dag.py:3239} INFO - Sync 2 DAGs
[2026-07-22T13:14:43.706+0000] {logging_mixin.py:190} INFO - [2026-07-22T13:14:43.706+0000] {dag.py:4180} INFO - Setting next_dagrun for read_dataset_event to 2026-07-21 00:00:00+00:00, run_after=2026-07-22 00:00:00+00:00
[2026-07-22T13:14:43.714+0000] {logging_mixin.py:190} INFO - [2026-07-22T13:14:43.714+0000] {dag.py:4180} INFO - Setting next_dagrun for read_dataset_event_from_classic to 2026-07-21 00:00:00+00:00, run_after=2026-07-22 00:00:00+00:00
[2026-07-22T13:14:43.743+0000] {processor.py:208} INFO - Processing /home/airflow/.local/lib/python3.12/site-packages/airflow/example_dags/example_inlet_event_extra.py took 0.869 seconds
[2026-07-22T13:15:14.613+0000] {processor.py:186} INFO - Started process (PID=1054) to work on /home/airflow/.local/lib/python3.12/site-packages/airflow/example_dags/example_inlet_event_extra.py
[2026-07-22T13:15:14.615+0000] {processor.py:914} INFO - Processing file /home/airflow/.local/lib/python3.12/site-packages/airflow/example_dags/example_inlet_event_extra.py for tasks to queue
[2026-07-22T13:15:14.624+0000] {logging_mixin.py:190} INFO - [2026-07-22T13:15:14.623+0000] {dagbag.py:588} INFO - Filling up the DagBag from /home/airflow/.local/lib/python3.12/site-packages/airflow/example_dags/example_inlet_event_extra.py
[2026-07-22T13:15:16.137+0000] {processor.py:925} INFO - DAG(s) 'read_dataset_event', 'read_dataset_event_from_classic' retrieved from /home/airflow/.local/lib/python3.12/site-packages/airflow/example_dags/example_inlet_event_extra.py
[2026-07-22T13:15:16.176+0000] {logging_mixin.py:190} INFO - [2026-07-22T13:15:16.175+0000] {dag.py:3239} INFO - Sync 2 DAGs
[2026-07-22T13:15:16.220+0000] {logging_mixin.py:190} INFO - [2026-07-22T13:15:16.220+0000] {dag.py:4180} INFO - Setting next_dagrun for read_dataset_event to 2026-07-21 00:00:00+00:00, run_after=2026-07-22 00:00:00+00:00
[2026-07-22T13:15:16.230+0000] {logging_mixin.py:190} INFO - [2026-07-22T13:15:16.229+0000] {dag.py:4180} INFO - Setting next_dagrun for read_dataset_event_from_classic to 2026-07-21 00:00:00+00:00, run_after=2026-07-22 00:00:00+00:00
[2026-07-22T13:15:16.261+0000] {processor.py:208} INFO - Processing /home/airflow/.local/lib/python3.12/site-packages/airflow/example_dags/example_inlet_event_extra.py took 1.663 seconds
[2026-07-22T13:15:46.600+0000] {processor.py:186} INFO - Started process (PID=1120) to work on /home/airflow/.local/lib/python3.12/site-packages/airflow/example_dags/example_inlet_event_extra.py
[2026-07-22T13:15:46.604+0000] {processor.py:914} INFO - Processing file /home/airflow/.local/lib/python3.12/site-packages/airflow/example_dags/example_inlet_event_extra.py for tasks to queue
[2026-07-22T13:15:46.617+0000] {logging_mixin.py:190} INFO - [2026-07-22T13:15:46.616+0000] {dagbag.py:588} INFO - Filling up the DagBag from /home/airflow/.local/lib/python3.12/site-packages/airflow/example_dags/example_inlet_event_extra.py
[2026-07-22T13:15:48.106+0000] {processor.py:925} INFO - DAG(s) 'read_dataset_event', 'read_dataset_event_from_classic' retrieved from /home/airflow/.local/lib/python3.12/site-packages/airflow/example_dags/example_inlet_event_extra.py
[2026-07-22T13:15:48.151+0000] {logging_mixin.py:190} INFO - [2026-07-22T13:15:48.151+0000] {dag.py:3239} INFO - Sync 2 DAGs
[2026-07-22T13:15:48.200+0000] {logging_mixin.py:190} INFO - [2026-07-22T13:15:48.200+0000] {dag.py:4180} INFO - Setting next_dagrun for read_dataset_event to 2026-07-21 00:00:00+00:00, run_after=2026-07-22 00:00:00+00:00
[2026-07-22T13:15:48.211+0000] {logging_mixin.py:190} INFO - [2026-07-22T13:15:48.211+0000] {dag.py:4180} INFO - Setting next_dagrun for read_dataset_event_from_classic to 2026-07-21 00:00:00+00:00, run_after=2026-07-22 00:00:00+00:00
[2026-07-22T13:15:48.246+0000] {processor.py:208} INFO - Processing /home/airflow/.local/lib/python3.12/site-packages/airflow/example_dags/example_inlet_event_extra.py took 1.674 seconds
[2026-07-22T13:16:19.030+0000] {processor.py:186} INFO - Started process (PID=1191) to work on /home/airflow/.local/lib/python3.12/site-packages/airflow/example_dags/example_inlet_event_extra.py
[2026-07-22T13:16:19.034+0000] {processor.py:914} INFO - Processing file /home/airflow/.local/lib/python3.12/site-packages/airflow/example_dags/example_inlet_event_extra.py for tasks to queue
[2026-07-22T13:16:19.040+0000] {logging_mixin.py:190} INFO - [2026-07-22T13:16:19.039+0000] {dagbag.py:588} INFO - Filling up the DagBag from /home/airflow/.local/lib/python3.12/site-packages/airflow/example_dags/example_inlet_event_extra.py
[2026-07-22T13:16:20.734+0000] {processor.py:925} INFO - DAG(s) 'read_dataset_event', 'read_dataset_event_from_classic' retrieved from /home/airflow/.local/lib/python3.12/site-packages/airflow/example_dags/example_inlet_event_extra.py
[2026-07-22T13:16:20.779+0000] {logging_mixin.py:190} INFO - [2026-07-22T13:16:20.779+0000] {dag.py:3239} INFO - Sync 2 DAGs
[2026-07-22T13:16:20.816+0000] {logging_mixin.py:190} INFO - [2026-07-22T13:16:20.816+0000] {dag.py:4180} INFO - Setting next_dagrun for read_dataset_event to 2026-07-21 00:00:00+00:00, run_after=2026-07-22 00:00:00+00:00
[2026-07-22T13:16:20.827+0000] {logging_mixin.py:190} INFO - [2026-07-22T13:16:20.826+0000] {dag.py:4180} INFO - Setting next_dagrun for read_dataset_event_from_classic to 2026-07-21 00:00:00+00:00, run_after=2026-07-22 00:00:00+00:00
[2026-07-22T13:16:20.863+0000] {processor.py:208} INFO - Processing /home/airflow/.local/lib/python3.12/site-packages/airflow/example_dags/example_inlet_event_extra.py took 1.847 seconds
[2026-07-22T13:16:51.449+0000] {processor.py:186} INFO - Started process (PID=1254) to work on /home/airflow/.local/lib/python3.12/site-packages/airflow/example_dags/example_inlet_event_extra.py
[2026-07-22T13:16:51.455+0000] {processor.py:914} INFO - Processing file /home/airflow/.local/lib/python3.12/site-packages/airflow/example_dags/example_inlet_event_extra.py for tasks to queue
[2026-07-22T13:16:51.471+0000] {logging_mixin.py:190} INFO - [2026-07-22T13:16:51.470+0000] {dagbag.py:588} INFO - Filling up the DagBag from /home/airflow/.local/lib/python3.12/site-packages/airflow/example_dags/example_inlet_event_extra.py
[2026-07-22T13:16:54.439+0000] {processor.py:925} INFO - DAG(s) 'read_dataset_event', 'read_dataset_event_from_classic' retrieved from /home/airflow/.local/lib/python3.12/site-packages/airflow/example_dags/example_inlet_event_extra.py
[2026-07-22T13:16:54.534+0000] {logging_mixin.py:190} INFO - [2026-07-22T13:16:54.534+0000] {dag.py:3239} INFO - Sync 2 DAGs
[2026-07-22T13:16:54.661+0000] {logging_mixin.py:190} INFO - [2026-07-22T13:16:54.659+0000] {dag.py:4180} INFO - Setting next_dagrun for read_dataset_event to 2026-07-21 00:00:00+00:00, run_after=2026-07-22 00:00:00+00:00
[2026-07-22T13:16:54.684+0000] {logging_mixin.py:190} INFO - [2026-07-22T13:16:54.683+0000] {dag.py:4180} INFO - Setting next_dagrun for read_dataset_event_from_classic to 2026-07-21 00:00:00+00:00, run_after=2026-07-22 00:00:00+00:00
[2026-07-22T13:16:54.750+0000] {processor.py:208} INFO - Processing /home/airflow/.local/lib/python3.12/site-packages/airflow/example_dags/example_inlet_event_extra.py took 3.355 seconds
[2026-07-22T13:17:25.396+0000] {processor.py:186} INFO - Started process (PID=1317) to work on /home/airflow/.local/lib/python3.12/site-packages/airflow/example_dags/example_inlet_event_extra.py
[2026-07-22T13:17:25.403+0000] {processor.py:914} INFO - Processing file /home/airflow/.local/lib/python3.12/site-packages/airflow/example_dags/example_inlet_event_extra.py for tasks to queue
[2026-07-22T13:17:25.411+0000] {logging_mixin.py:190} INFO - [2026-07-22T13:17:25.410+0000] {dagbag.py:588} INFO - Filling up the DagBag from /home/airflow/.local/lib/python3.12/site-packages/airflow/example_dags/example_inlet_event_extra.py
[2026-07-22T13:17:27.365+0000] {processor.py:925} INFO - DAG(s) 'read_dataset_event_from_classic', 'read_dataset_event' retrieved from /home/airflow/.local/lib/python3.12/site-packages/airflow/example_dags/example_inlet_event_extra.py
[2026-07-22T13:17:27.432+0000] {logging_mixin.py:190} INFO - [2026-07-22T13:17:27.432+0000] {dag.py:3239} INFO - Sync 2 DAGs
[2026-07-22T13:17:27.512+0000] {logging_mixin.py:190} INFO - [2026-07-22T13:17:27.511+0000] {dag.py:4180} INFO - Setting next_dagrun for read_dataset_event to 2026-07-21 00:00:00+00:00, run_after=2026-07-22 00:00:00+00:00
[2026-07-22T13:17:27.527+0000] {logging_mixin.py:190} INFO - [2026-07-22T13:17:27.526+0000] {dag.py:4180} INFO - Setting next_dagrun for read_dataset_event_from_classic to 2026-07-21 00:00:00+00:00, run_after=2026-07-22 00:00:00+00:00
[2026-07-22T13:17:27.577+0000] {processor.py:208} INFO - Processing /home/airflow/.local/lib/python3.12/site-packages/airflow/example_dags/example_inlet_event_extra.py took 2.203 seconds
