[2026-07-22T13:07:35.525+0000] {processor.py:186} INFO - Started process (PID=129) to work on /home/airflow/.local/lib/python3.12/site-packages/airflow/example_dags/example_task_group.py
[2026-07-22T13:07:35.528+0000] {processor.py:914} INFO - Processing file /home/airflow/.local/lib/python3.12/site-packages/airflow/example_dags/example_task_group.py for tasks to queue
[2026-07-22T13:07:35.534+0000] {logging_mixin.py:190} INFO - [2026-07-22T13:07:35.533+0000] {dagbag.py:588} INFO - Filling up the DagBag from /home/airflow/.local/lib/python3.12/site-packages/airflow/example_dags/example_task_group.py
[2026-07-22T13:07:35.555+0000] {processor.py:925} INFO - DAG(s) 'example_task_group' retrieved from /home/airflow/.local/lib/python3.12/site-packages/airflow/example_dags/example_task_group.py
[2026-07-22T13:07:35.810+0000] {logging_mixin.py:190} INFO - [2026-07-22T13:07:35.809+0000] {override.py:1912} INFO - Created Permission View: can read on DAG:example_task_group
[2026-07-22T13:07:35.833+0000] {logging_mixin.py:190} INFO - [2026-07-22T13:07:35.832+0000] {override.py:1912} INFO - Created Permission View: can edit on DAG:example_task_group
[2026-07-22T13:07:35.849+0000] {logging_mixin.py:190} INFO - [2026-07-22T13:07:35.848+0000] {override.py:1912} INFO - Created Permission View: can delete on DAG:example_task_group
[2026-07-22T13:07:35.866+0000] {logging_mixin.py:190} INFO - [2026-07-22T13:07:35.866+0000] {override.py:1912} INFO - Created Permission View: can read on DAG Run:example_task_group
[2026-07-22T13:07:35.885+0000] {logging_mixin.py:190} INFO - [2026-07-22T13:07:35.885+0000] {override.py:1912} INFO - Created Permission View: menu access on DAG Run:example_task_group
[2026-07-22T13:07:35.904+0000] {logging_mixin.py:190} INFO - [2026-07-22T13:07:35.904+0000] {override.py:1912} INFO - Created Permission View: can create on DAG Run:example_task_group
[2026-07-22T13:07:35.924+0000] {logging_mixin.py:190} INFO - [2026-07-22T13:07:35.924+0000] {override.py:1912} INFO - Created Permission View: can delete on DAG Run:example_task_group
[2026-07-22T13:07:35.926+0000] {logging_mixin.py:190} INFO - [2026-07-22T13:07:35.926+0000] {dag.py:3239} INFO - Sync 1 DAGs
[2026-07-22T13:07:35.954+0000] {logging_mixin.py:190} INFO - [2026-07-22T13:07:35.953+0000] {dag.py:3262} INFO - Creating ORM DAG for example_task_group
[2026-07-22T13:07:35.957+0000] {logging_mixin.py:190} INFO - [2026-07-22T13:07:35.956+0000] {dag.py:4180} INFO - Setting next_dagrun for example_task_group to None, run_after=None
[2026-07-22T13:07:35.991+0000] {processor.py:208} INFO - Processing /home/airflow/.local/lib/python3.12/site-packages/airflow/example_dags/example_task_group.py took 0.476 seconds
[2026-07-22T13:08:06.220+0000] {processor.py:186} INFO - Started process (PID=192) to work on /home/airflow/.local/lib/python3.12/site-packages/airflow/example_dags/example_task_group.py
[2026-07-22T13:08:06.231+0000] {processor.py:914} INFO - Processing file /home/airflow/.local/lib/python3.12/site-packages/airflow/example_dags/example_task_group.py for tasks to queue
[2026-07-22T13:08:06.245+0000] {logging_mixin.py:190} INFO - [2026-07-22T13:08:06.244+0000] {dagbag.py:588} INFO - Filling up the DagBag from /home/airflow/.local/lib/python3.12/site-packages/airflow/example_dags/example_task_group.py
[2026-07-22T13:08:06.397+0000] {processor.py:925} INFO - DAG(s) 'example_task_group' retrieved from /home/airflow/.local/lib/python3.12/site-packages/airflow/example_dags/example_task_group.py
[2026-07-22T13:08:06.481+0000] {logging_mixin.py:190} INFO - [2026-07-22T13:08:06.481+0000] {dag.py:3239} INFO - Sync 1 DAGs
[2026-07-22T13:08:06.518+0000] {logging_mixin.py:190} INFO - [2026-07-22T13:08:06.517+0000] {dag.py:4180} INFO - Setting next_dagrun for example_task_group to None, run_after=None
[2026-07-22T13:08:06.565+0000] {processor.py:208} INFO - Processing /home/airflow/.local/lib/python3.12/site-packages/airflow/example_dags/example_task_group.py took 0.364 seconds
[2026-07-22T13:08:38.409+0000] {processor.py:186} INFO - Started process (PID=256) to work on /home/airflow/.local/lib/python3.12/site-packages/airflow/example_dags/example_task_group.py
[2026-07-22T13:08:38.412+0000] {processor.py:914} INFO - Processing file /home/airflow/.local/lib/python3.12/site-packages/airflow/example_dags/example_task_group.py for tasks to queue
[2026-07-22T13:08:38.417+0000] {logging_mixin.py:190} INFO - [2026-07-22T13:08:38.416+0000] {dagbag.py:588} INFO - Filling up the DagBag from /home/airflow/.local/lib/python3.12/site-packages/airflow/example_dags/example_task_group.py
[2026-07-22T13:08:38.442+0000] {processor.py:925} INFO - DAG(s) 'example_task_group' retrieved from /home/airflow/.local/lib/python3.12/site-packages/airflow/example_dags/example_task_group.py
[2026-07-22T13:08:38.533+0000] {logging_mixin.py:190} INFO - [2026-07-22T13:08:38.532+0000] {dag.py:3239} INFO - Sync 1 DAGs
[2026-07-22T13:08:38.577+0000] {logging_mixin.py:190} INFO - [2026-07-22T13:08:38.576+0000] {dag.py:4180} INFO - Setting next_dagrun for example_task_group to None, run_after=None
[2026-07-22T13:08:38.634+0000] {processor.py:208} INFO - Processing /home/airflow/.local/lib/python3.12/site-packages/airflow/example_dags/example_task_group.py took 0.234 seconds
[2026-07-22T13:09:09.226+0000] {processor.py:186} INFO - Started process (PID=319) to work on /home/airflow/.local/lib/python3.12/site-packages/airflow/example_dags/example_task_group.py
[2026-07-22T13:09:09.228+0000] {processor.py:914} INFO - Processing file /home/airflow/.local/lib/python3.12/site-packages/airflow/example_dags/example_task_group.py for tasks to queue
[2026-07-22T13:09:09.233+0000] {logging_mixin.py:190} INFO - [2026-07-22T13:09:09.232+0000] {dagbag.py:588} INFO - Filling up the DagBag from /home/airflow/.local/lib/python3.12/site-packages/airflow/example_dags/example_task_group.py
[2026-07-22T13:09:09.246+0000] {processor.py:925} INFO - DAG(s) 'example_task_group' retrieved from /home/airflow/.local/lib/python3.12/site-packages/airflow/example_dags/example_task_group.py
[2026-07-22T13:09:09.281+0000] {logging_mixin.py:190} INFO - [2026-07-22T13:09:09.280+0000] {dag.py:3239} INFO - Sync 1 DAGs
[2026-07-22T13:09:09.304+0000] {logging_mixin.py:190} INFO - [2026-07-22T13:09:09.304+0000] {dag.py:4180} INFO - Setting next_dagrun for example_task_group to None, run_after=None
[2026-07-22T13:09:09.340+0000] {processor.py:208} INFO - Processing /home/airflow/.local/lib/python3.12/site-packages/airflow/example_dags/example_task_group.py took 0.121 seconds
[2026-07-22T13:09:40.333+0000] {processor.py:186} INFO - Started process (PID=383) to work on /home/airflow/.local/lib/python3.12/site-packages/airflow/example_dags/example_task_group.py
[2026-07-22T13:09:40.336+0000] {processor.py:914} INFO - Processing file /home/airflow/.local/lib/python3.12/site-packages/airflow/example_dags/example_task_group.py for tasks to queue
[2026-07-22T13:09:40.342+0000] {logging_mixin.py:190} INFO - [2026-07-22T13:09:40.341+0000] {dagbag.py:588} INFO - Filling up the DagBag from /home/airflow/.local/lib/python3.12/site-packages/airflow/example_dags/example_task_group.py
[2026-07-22T13:09:40.363+0000] {processor.py:925} INFO - DAG(s) 'example_task_group' retrieved from /home/airflow/.local/lib/python3.12/site-packages/airflow/example_dags/example_task_group.py
[2026-07-22T13:09:40.406+0000] {logging_mixin.py:190} INFO - [2026-07-22T13:09:40.406+0000] {dag.py:3239} INFO - Sync 1 DAGs
[2026-07-22T13:09:40.434+0000] {logging_mixin.py:190} INFO - [2026-07-22T13:09:40.434+0000] {dag.py:4180} INFO - Setting next_dagrun for example_task_group to None, run_after=None
[2026-07-22T13:09:40.474+0000] {processor.py:208} INFO - Processing /home/airflow/.local/lib/python3.12/site-packages/airflow/example_dags/example_task_group.py took 0.152 seconds
[2026-07-22T13:10:11.563+0000] {processor.py:186} INFO - Started process (PID=446) to work on /home/airflow/.local/lib/python3.12/site-packages/airflow/example_dags/example_task_group.py
[2026-07-22T13:10:11.567+0000] {processor.py:914} INFO - Processing file /home/airflow/.local/lib/python3.12/site-packages/airflow/example_dags/example_task_group.py for tasks to queue
[2026-07-22T13:10:11.575+0000] {logging_mixin.py:190} INFO - [2026-07-22T13:10:11.574+0000] {dagbag.py:588} INFO - Filling up the DagBag from /home/airflow/.local/lib/python3.12/site-packages/airflow/example_dags/example_task_group.py
[2026-07-22T13:10:11.596+0000] {processor.py:925} INFO - DAG(s) 'example_task_group' retrieved from /home/airflow/.local/lib/python3.12/site-packages/airflow/example_dags/example_task_group.py
[2026-07-22T13:10:11.634+0000] {logging_mixin.py:190} INFO - [2026-07-22T13:10:11.634+0000] {dag.py:3239} INFO - Sync 1 DAGs
[2026-07-22T13:10:11.660+0000] {logging_mixin.py:190} INFO - [2026-07-22T13:10:11.660+0000] {dag.py:4180} INFO - Setting next_dagrun for example_task_group to None, run_after=None
[2026-07-22T13:10:11.703+0000] {processor.py:208} INFO - Processing /home/airflow/.local/lib/python3.12/site-packages/airflow/example_dags/example_task_group.py took 0.155 seconds
[2026-07-22T13:10:42.795+0000] {processor.py:186} INFO - Started process (PID=509) to work on /home/airflow/.local/lib/python3.12/site-packages/airflow/example_dags/example_task_group.py
[2026-07-22T13:10:42.798+0000] {processor.py:914} INFO - Processing file /home/airflow/.local/lib/python3.12/site-packages/airflow/example_dags/example_task_group.py for tasks to queue
[2026-07-22T13:10:42.802+0000] {logging_mixin.py:190} INFO - [2026-07-22T13:10:42.802+0000] {dagbag.py:588} INFO - Filling up the DagBag from /home/airflow/.local/lib/python3.12/site-packages/airflow/example_dags/example_task_group.py
[2026-07-22T13:10:42.821+0000] {processor.py:925} INFO - DAG(s) 'example_task_group' retrieved from /home/airflow/.local/lib/python3.12/site-packages/airflow/example_dags/example_task_group.py
[2026-07-22T13:10:42.855+0000] {logging_mixin.py:190} INFO - [2026-07-22T13:10:42.854+0000] {dag.py:3239} INFO - Sync 1 DAGs
[2026-07-22T13:10:42.876+0000] {logging_mixin.py:190} INFO - [2026-07-22T13:10:42.876+0000] {dag.py:4180} INFO - Setting next_dagrun for example_task_group to None, run_after=None
[2026-07-22T13:10:42.910+0000] {processor.py:208} INFO - Processing /home/airflow/.local/lib/python3.12/site-packages/airflow/example_dags/example_task_group.py took 0.124 seconds
[2026-07-22T13:11:13.326+0000] {processor.py:186} INFO - Started process (PID=572) to work on /home/airflow/.local/lib/python3.12/site-packages/airflow/example_dags/example_task_group.py
[2026-07-22T13:11:13.328+0000] {processor.py:914} INFO - Processing file /home/airflow/.local/lib/python3.12/site-packages/airflow/example_dags/example_task_group.py for tasks to queue
[2026-07-22T13:11:13.335+0000] {logging_mixin.py:190} INFO - [2026-07-22T13:11:13.334+0000] {dagbag.py:588} INFO - Filling up the DagBag from /home/airflow/.local/lib/python3.12/site-packages/airflow/example_dags/example_task_group.py
[2026-07-22T13:11:13.349+0000] {processor.py:925} INFO - DAG(s) 'example_task_group' retrieved from /home/airflow/.local/lib/python3.12/site-packages/airflow/example_dags/example_task_group.py
[2026-07-22T13:11:13.385+0000] {logging_mixin.py:190} INFO - [2026-07-22T13:11:13.384+0000] {dag.py:3239} INFO - Sync 1 DAGs
[2026-07-22T13:11:13.412+0000] {logging_mixin.py:190} INFO - [2026-07-22T13:11:13.411+0000] {dag.py:4180} INFO - Setting next_dagrun for example_task_group to None, run_after=None
[2026-07-22T13:11:13.447+0000] {processor.py:208} INFO - Processing /home/airflow/.local/lib/python3.12/site-packages/airflow/example_dags/example_task_group.py took 0.131 seconds
[2026-07-22T13:11:44.344+0000] {processor.py:186} INFO - Started process (PID=634) to work on /home/airflow/.local/lib/python3.12/site-packages/airflow/example_dags/example_task_group.py
[2026-07-22T13:11:44.347+0000] {processor.py:914} INFO - Processing file /home/airflow/.local/lib/python3.12/site-packages/airflow/example_dags/example_task_group.py for tasks to queue
[2026-07-22T13:11:44.354+0000] {logging_mixin.py:190} INFO - [2026-07-22T13:11:44.353+0000] {dagbag.py:588} INFO - Filling up the DagBag from /home/airflow/.local/lib/python3.12/site-packages/airflow/example_dags/example_task_group.py
[2026-07-22T13:11:44.374+0000] {processor.py:925} INFO - DAG(s) 'example_task_group' retrieved from /home/airflow/.local/lib/python3.12/site-packages/airflow/example_dags/example_task_group.py
[2026-07-22T13:11:44.433+0000] {logging_mixin.py:190} INFO - [2026-07-22T13:11:44.433+0000] {dag.py:3239} INFO - Sync 1 DAGs
[2026-07-22T13:11:44.467+0000] {logging_mixin.py:190} INFO - [2026-07-22T13:11:44.467+0000] {dag.py:4180} INFO - Setting next_dagrun for example_task_group to None, run_after=None
[2026-07-22T13:11:44.511+0000] {processor.py:208} INFO - Processing /home/airflow/.local/lib/python3.12/site-packages/airflow/example_dags/example_task_group.py took 0.179 seconds
[2026-07-22T13:12:17.403+0000] {processor.py:186} INFO - Started process (PID=697) to work on /home/airflow/.local/lib/python3.12/site-packages/airflow/example_dags/example_task_group.py
[2026-07-22T13:12:17.406+0000] {processor.py:914} INFO - Processing file /home/airflow/.local/lib/python3.12/site-packages/airflow/example_dags/example_task_group.py for tasks to queue
[2026-07-22T13:12:17.413+0000] {logging_mixin.py:190} INFO - [2026-07-22T13:12:17.412+0000] {dagbag.py:588} INFO - Filling up the DagBag from /home/airflow/.local/lib/python3.12/site-packages/airflow/example_dags/example_task_group.py
[2026-07-22T13:12:17.442+0000] {processor.py:925} INFO - DAG(s) 'example_task_group' retrieved from /home/airflow/.local/lib/python3.12/site-packages/airflow/example_dags/example_task_group.py
[2026-07-22T13:12:17.500+0000] {logging_mixin.py:190} INFO - [2026-07-22T13:12:17.499+0000] {dag.py:3239} INFO - Sync 1 DAGs
[2026-07-22T13:12:17.536+0000] {logging_mixin.py:190} INFO - [2026-07-22T13:12:17.535+0000] {dag.py:4180} INFO - Setting next_dagrun for example_task_group to None, run_after=None
[2026-07-22T13:12:17.584+0000] {processor.py:208} INFO - Processing /home/airflow/.local/lib/python3.12/site-packages/airflow/example_dags/example_task_group.py took 0.203 seconds
[2026-07-22T13:12:49.716+0000] {processor.py:186} INFO - Started process (PID=766) to work on /home/airflow/.local/lib/python3.12/site-packages/airflow/example_dags/example_task_group.py
[2026-07-22T13:12:49.718+0000] {processor.py:914} INFO - Processing file /home/airflow/.local/lib/python3.12/site-packages/airflow/example_dags/example_task_group.py for tasks to queue
[2026-07-22T13:12:49.724+0000] {logging_mixin.py:190} INFO - [2026-07-22T13:12:49.723+0000] {dagbag.py:588} INFO - Filling up the DagBag from /home/airflow/.local/lib/python3.12/site-packages/airflow/example_dags/example_task_group.py
[2026-07-22T13:12:49.738+0000] {processor.py:925} INFO - DAG(s) 'example_task_group' retrieved from /home/airflow/.local/lib/python3.12/site-packages/airflow/example_dags/example_task_group.py
[2026-07-22T13:12:49.780+0000] {logging_mixin.py:190} INFO - [2026-07-22T13:12:49.780+0000] {dag.py:3239} INFO - Sync 1 DAGs
[2026-07-22T13:12:49.810+0000] {logging_mixin.py:190} INFO - [2026-07-22T13:12:49.810+0000] {dag.py:4180} INFO - Setting next_dagrun for example_task_group to None, run_after=None
[2026-07-22T13:12:49.850+0000] {processor.py:208} INFO - Processing /home/airflow/.local/lib/python3.12/site-packages/airflow/example_dags/example_task_group.py took 0.144 seconds
[2026-07-22T13:13:25.406+0000] {processor.py:186} INFO - Started process (PID=841) to work on /home/airflow/.local/lib/python3.12/site-packages/airflow/example_dags/example_task_group.py
[2026-07-22T13:13:25.410+0000] {processor.py:914} INFO - Processing file /home/airflow/.local/lib/python3.12/site-packages/airflow/example_dags/example_task_group.py for tasks to queue
[2026-07-22T13:13:25.418+0000] {logging_mixin.py:190} INFO - [2026-07-22T13:13:25.416+0000] {dagbag.py:588} INFO - Filling up the DagBag from /home/airflow/.local/lib/python3.12/site-packages/airflow/example_dags/example_task_group.py
[2026-07-22T13:13:25.453+0000] {processor.py:925} INFO - DAG(s) 'example_task_group' retrieved from /home/airflow/.local/lib/python3.12/site-packages/airflow/example_dags/example_task_group.py
[2026-07-22T13:13:25.552+0000] {logging_mixin.py:190} INFO - [2026-07-22T13:13:25.551+0000] {dag.py:3239} INFO - Sync 1 DAGs
[2026-07-22T13:13:25.598+0000] {logging_mixin.py:190} INFO - [2026-07-22T13:13:25.597+0000] {dag.py:4180} INFO - Setting next_dagrun for example_task_group to None, run_after=None
[2026-07-22T13:13:25.670+0000] {processor.py:208} INFO - Processing /home/airflow/.local/lib/python3.12/site-packages/airflow/example_dags/example_task_group.py took 0.291 seconds
[2026-07-22T13:13:56.544+0000] {processor.py:186} INFO - Started process (PID=904) to work on /home/airflow/.local/lib/python3.12/site-packages/airflow/example_dags/example_task_group.py
[2026-07-22T13:13:56.547+0000] {processor.py:914} INFO - Processing file /home/airflow/.local/lib/python3.12/site-packages/airflow/example_dags/example_task_group.py for tasks to queue
[2026-07-22T13:13:56.553+0000] {logging_mixin.py:190} INFO - [2026-07-22T13:13:56.552+0000] {dagbag.py:588} INFO - Filling up the DagBag from /home/airflow/.local/lib/python3.12/site-packages/airflow/example_dags/example_task_group.py
[2026-07-22T13:13:56.565+0000] {processor.py:925} INFO - DAG(s) 'example_task_group' retrieved from /home/airflow/.local/lib/python3.12/site-packages/airflow/example_dags/example_task_group.py
[2026-07-22T13:13:56.599+0000] {logging_mixin.py:190} INFO - [2026-07-22T13:13:56.598+0000] {dag.py:3239} INFO - Sync 1 DAGs
[2026-07-22T13:13:56.619+0000] {logging_mixin.py:190} INFO - [2026-07-22T13:13:56.619+0000] {dag.py:4180} INFO - Setting next_dagrun for example_task_group to None, run_after=None
[2026-07-22T13:13:56.652+0000] {processor.py:208} INFO - Processing /home/airflow/.local/lib/python3.12/site-packages/airflow/example_dags/example_task_group.py took 0.118 seconds
[2026-07-22T13:14:27.894+0000] {processor.py:186} INFO - Started process (PID=967) to work on /home/airflow/.local/lib/python3.12/site-packages/airflow/example_dags/example_task_group.py
[2026-07-22T13:14:27.896+0000] {processor.py:914} INFO - Processing file /home/airflow/.local/lib/python3.12/site-packages/airflow/example_dags/example_task_group.py for tasks to queue
[2026-07-22T13:14:27.902+0000] {logging_mixin.py:190} INFO - [2026-07-22T13:14:27.901+0000] {dagbag.py:588} INFO - Filling up the DagBag from /home/airflow/.local/lib/python3.12/site-packages/airflow/example_dags/example_task_group.py
[2026-07-22T13:14:27.920+0000] {processor.py:925} INFO - DAG(s) 'example_task_group' retrieved from /home/airflow/.local/lib/python3.12/site-packages/airflow/example_dags/example_task_group.py
[2026-07-22T13:14:27.968+0000] {logging_mixin.py:190} INFO - [2026-07-22T13:14:27.967+0000] {dag.py:3239} INFO - Sync 1 DAGs
[2026-07-22T13:14:27.997+0000] {logging_mixin.py:190} INFO - [2026-07-22T13:14:27.997+0000] {dag.py:4180} INFO - Setting next_dagrun for example_task_group to None, run_after=None
[2026-07-22T13:14:28.048+0000] {processor.py:208} INFO - Processing /home/airflow/.local/lib/python3.12/site-packages/airflow/example_dags/example_task_group.py took 0.169 seconds
[2026-07-22T13:15:00.713+0000] {processor.py:186} INFO - Started process (PID=1035) to work on /home/airflow/.local/lib/python3.12/site-packages/airflow/example_dags/example_task_group.py
[2026-07-22T13:15:00.715+0000] {processor.py:914} INFO - Processing file /home/airflow/.local/lib/python3.12/site-packages/airflow/example_dags/example_task_group.py for tasks to queue
[2026-07-22T13:15:00.720+0000] {logging_mixin.py:190} INFO - [2026-07-22T13:15:00.720+0000] {dagbag.py:588} INFO - Filling up the DagBag from /home/airflow/.local/lib/python3.12/site-packages/airflow/example_dags/example_task_group.py
[2026-07-22T13:15:00.744+0000] {processor.py:925} INFO - DAG(s) 'example_task_group' retrieved from /home/airflow/.local/lib/python3.12/site-packages/airflow/example_dags/example_task_group.py
[2026-07-22T13:15:00.789+0000] {logging_mixin.py:190} INFO - [2026-07-22T13:15:00.789+0000] {dag.py:3239} INFO - Sync 1 DAGs
[2026-07-22T13:15:00.827+0000] {logging_mixin.py:190} INFO - [2026-07-22T13:15:00.826+0000] {dag.py:4180} INFO - Setting next_dagrun for example_task_group to None, run_after=None
[2026-07-22T13:15:00.951+0000] {processor.py:208} INFO - Processing /home/airflow/.local/lib/python3.12/site-packages/airflow/example_dags/example_task_group.py took 0.249 seconds
[2026-07-22T13:15:37.388+0000] {processor.py:186} INFO - Started process (PID=1103) to work on /home/airflow/.local/lib/python3.12/site-packages/airflow/example_dags/example_task_group.py
[2026-07-22T13:15:37.393+0000] {processor.py:914} INFO - Processing file /home/airflow/.local/lib/python3.12/site-packages/airflow/example_dags/example_task_group.py for tasks to queue
[2026-07-22T13:15:37.402+0000] {logging_mixin.py:190} INFO - [2026-07-22T13:15:37.401+0000] {dagbag.py:588} INFO - Filling up the DagBag from /home/airflow/.local/lib/python3.12/site-packages/airflow/example_dags/example_task_group.py
[2026-07-22T13:15:37.433+0000] {processor.py:925} INFO - DAG(s) 'example_task_group' retrieved from /home/airflow/.local/lib/python3.12/site-packages/airflow/example_dags/example_task_group.py
[2026-07-22T13:15:37.498+0000] {logging_mixin.py:190} INFO - [2026-07-22T13:15:37.497+0000] {dag.py:3239} INFO - Sync 1 DAGs
[2026-07-22T13:15:37.546+0000] {logging_mixin.py:190} INFO - [2026-07-22T13:15:37.545+0000] {dag.py:4180} INFO - Setting next_dagrun for example_task_group to None, run_after=None
[2026-07-22T13:15:37.596+0000] {processor.py:208} INFO - Processing /home/airflow/.local/lib/python3.12/site-packages/airflow/example_dags/example_task_group.py took 0.229 seconds
[2026-07-22T13:16:10.806+0000] {processor.py:186} INFO - Started process (PID=1165) to work on /home/airflow/.local/lib/python3.12/site-packages/airflow/example_dags/example_task_group.py
[2026-07-22T13:16:10.812+0000] {processor.py:914} INFO - Processing file /home/airflow/.local/lib/python3.12/site-packages/airflow/example_dags/example_task_group.py for tasks to queue
[2026-07-22T13:16:10.823+0000] {logging_mixin.py:190} INFO - [2026-07-22T13:16:10.821+0000] {dagbag.py:588} INFO - Filling up the DagBag from /home/airflow/.local/lib/python3.12/site-packages/airflow/example_dags/example_task_group.py
[2026-07-22T13:16:10.875+0000] {processor.py:925} INFO - DAG(s) 'example_task_group' retrieved from /home/airflow/.local/lib/python3.12/site-packages/airflow/example_dags/example_task_group.py
[2026-07-22T13:16:11.069+0000] {logging_mixin.py:190} INFO - [2026-07-22T13:16:11.068+0000] {dag.py:3239} INFO - Sync 1 DAGs
[2026-07-22T13:16:11.193+0000] {logging_mixin.py:190} INFO - [2026-07-22T13:16:11.191+0000] {dag.py:4180} INFO - Setting next_dagrun for example_task_group to None, run_after=None
[2026-07-22T13:16:11.299+0000] {processor.py:208} INFO - Processing /home/airflow/.local/lib/python3.12/site-packages/airflow/example_dags/example_task_group.py took 0.519 seconds
[2026-07-22T13:16:41.945+0000] {processor.py:186} INFO - Started process (PID=1228) to work on /home/airflow/.local/lib/python3.12/site-packages/airflow/example_dags/example_task_group.py
[2026-07-22T13:16:41.949+0000] {processor.py:914} INFO - Processing file /home/airflow/.local/lib/python3.12/site-packages/airflow/example_dags/example_task_group.py for tasks to queue
[2026-07-22T13:16:41.956+0000] {logging_mixin.py:190} INFO - [2026-07-22T13:16:41.956+0000] {dagbag.py:588} INFO - Filling up the DagBag from /home/airflow/.local/lib/python3.12/site-packages/airflow/example_dags/example_task_group.py
[2026-07-22T13:16:41.980+0000] {processor.py:925} INFO - DAG(s) 'example_task_group' retrieved from /home/airflow/.local/lib/python3.12/site-packages/airflow/example_dags/example_task_group.py
[2026-07-22T13:16:42.021+0000] {logging_mixin.py:190} INFO - [2026-07-22T13:16:42.021+0000] {dag.py:3239} INFO - Sync 1 DAGs
[2026-07-22T13:16:42.054+0000] {logging_mixin.py:190} INFO - [2026-07-22T13:16:42.054+0000] {dag.py:4180} INFO - Setting next_dagrun for example_task_group to None, run_after=None
[2026-07-22T13:16:42.098+0000] {processor.py:208} INFO - Processing /home/airflow/.local/lib/python3.12/site-packages/airflow/example_dags/example_task_group.py took 0.165 seconds
[2026-07-22T13:17:18.071+0000] {processor.py:186} INFO - Started process (PID=1291) to work on /home/airflow/.local/lib/python3.12/site-packages/airflow/example_dags/example_task_group.py
[2026-07-22T13:17:18.074+0000] {processor.py:914} INFO - Processing file /home/airflow/.local/lib/python3.12/site-packages/airflow/example_dags/example_task_group.py for tasks to queue
[2026-07-22T13:17:18.082+0000] {logging_mixin.py:190} INFO - [2026-07-22T13:17:18.081+0000] {dagbag.py:588} INFO - Filling up the DagBag from /home/airflow/.local/lib/python3.12/site-packages/airflow/example_dags/example_task_group.py
[2026-07-22T13:17:18.106+0000] {processor.py:925} INFO - DAG(s) 'example_task_group' retrieved from /home/airflow/.local/lib/python3.12/site-packages/airflow/example_dags/example_task_group.py
[2026-07-22T13:17:18.177+0000] {logging_mixin.py:190} INFO - [2026-07-22T13:17:18.176+0000] {dag.py:3239} INFO - Sync 1 DAGs
[2026-07-22T13:17:18.220+0000] {logging_mixin.py:190} INFO - [2026-07-22T13:17:18.219+0000] {dag.py:4180} INFO - Setting next_dagrun for example_task_group to None, run_after=None
[2026-07-22T13:17:18.281+0000] {processor.py:208} INFO - Processing /home/airflow/.local/lib/python3.12/site-packages/airflow/example_dags/example_task_group.py took 0.226 seconds
