[2026-07-22T13:07:12.438+0000] {processor.py:186} INFO - Started process (PID=78) to work on /home/airflow/.local/lib/python3.12/site-packages/airflow/example_dags/example_short_circuit_operator.py
[2026-07-22T13:07:12.444+0000] {processor.py:914} INFO - Processing file /home/airflow/.local/lib/python3.12/site-packages/airflow/example_dags/example_short_circuit_operator.py for tasks to queue
[2026-07-22T13:07:12.458+0000] {logging_mixin.py:190} INFO - [2026-07-22T13:07:12.457+0000] {dagbag.py:588} INFO - Filling up the DagBag from /home/airflow/.local/lib/python3.12/site-packages/airflow/example_dags/example_short_circuit_operator.py
[2026-07-22T13:07:12.512+0000] {processor.py:925} INFO - DAG(s) 'example_short_circuit_operator' retrieved from /home/airflow/.local/lib/python3.12/site-packages/airflow/example_dags/example_short_circuit_operator.py
[2026-07-22T13:07:12.916+0000] {logging_mixin.py:190} INFO - [2026-07-22T13:07:12.914+0000] {override.py:1912} INFO - Created Permission View: can read on DAG:example_short_circuit_operator
[2026-07-22T13:07:12.942+0000] {logging_mixin.py:190} INFO - [2026-07-22T13:07:12.942+0000] {override.py:1912} INFO - Created Permission View: can edit on DAG:example_short_circuit_operator
[2026-07-22T13:07:12.961+0000] {logging_mixin.py:190} INFO - [2026-07-22T13:07:12.960+0000] {override.py:1912} INFO - Created Permission View: can delete on DAG:example_short_circuit_operator
[2026-07-22T13:07:12.981+0000] {logging_mixin.py:190} INFO - [2026-07-22T13:07:12.980+0000] {override.py:1912} INFO - Created Permission View: can read on DAG Run:example_short_circuit_operator
[2026-07-22T13:07:13.004+0000] {logging_mixin.py:190} INFO - [2026-07-22T13:07:13.003+0000] {override.py:1912} INFO - Created Permission View: menu access on DAG Run:example_short_circuit_operator
[2026-07-22T13:07:13.026+0000] {logging_mixin.py:190} INFO - [2026-07-22T13:07:13.025+0000] {override.py:1912} INFO - Created Permission View: can create on DAG Run:example_short_circuit_operator
[2026-07-22T13:07:13.050+0000] {logging_mixin.py:190} INFO - [2026-07-22T13:07:13.049+0000] {override.py:1912} INFO - Created Permission View: can delete on DAG Run:example_short_circuit_operator
[2026-07-22T13:07:13.052+0000] {logging_mixin.py:190} INFO - [2026-07-22T13:07:13.052+0000] {dag.py:3239} INFO - Sync 1 DAGs
[2026-07-22T13:07:13.096+0000] {logging_mixin.py:190} INFO - [2026-07-22T13:07:13.095+0000] {dag.py:3262} INFO - Creating ORM DAG for example_short_circuit_operator
[2026-07-22T13:07:13.099+0000] {logging_mixin.py:190} INFO - [2026-07-22T13:07:13.099+0000] {dag.py:4180} INFO - Setting next_dagrun for example_short_circuit_operator to None, run_after=None
[2026-07-22T13:07:13.156+0000] {processor.py:208} INFO - Processing /home/airflow/.local/lib/python3.12/site-packages/airflow/example_dags/example_short_circuit_operator.py took 0.739 seconds
[2026-07-22T13:07:43.325+0000] {processor.py:186} INFO - Started process (PID=142) to work on /home/airflow/.local/lib/python3.12/site-packages/airflow/example_dags/example_short_circuit_operator.py
[2026-07-22T13:07:43.330+0000] {processor.py:914} INFO - Processing file /home/airflow/.local/lib/python3.12/site-packages/airflow/example_dags/example_short_circuit_operator.py for tasks to queue
[2026-07-22T13:07:43.338+0000] {logging_mixin.py:190} INFO - [2026-07-22T13:07:43.337+0000] {dagbag.py:588} INFO - Filling up the DagBag from /home/airflow/.local/lib/python3.12/site-packages/airflow/example_dags/example_short_circuit_operator.py
[2026-07-22T13:07:43.372+0000] {processor.py:925} INFO - DAG(s) 'example_short_circuit_operator' retrieved from /home/airflow/.local/lib/python3.12/site-packages/airflow/example_dags/example_short_circuit_operator.py
[2026-07-22T13:07:43.462+0000] {logging_mixin.py:190} INFO - [2026-07-22T13:07:43.460+0000] {dag.py:3239} INFO - Sync 1 DAGs
[2026-07-22T13:07:43.513+0000] {logging_mixin.py:190} INFO - [2026-07-22T13:07:43.512+0000] {dag.py:4180} INFO - Setting next_dagrun for example_short_circuit_operator to None, run_after=None
[2026-07-22T13:07:43.599+0000] {processor.py:208} INFO - Processing /home/airflow/.local/lib/python3.12/site-packages/airflow/example_dags/example_short_circuit_operator.py took 0.291 seconds
[2026-07-22T13:08:13.934+0000] {processor.py:186} INFO - Started process (PID=205) to work on /home/airflow/.local/lib/python3.12/site-packages/airflow/example_dags/example_short_circuit_operator.py
[2026-07-22T13:08:13.936+0000] {processor.py:914} INFO - Processing file /home/airflow/.local/lib/python3.12/site-packages/airflow/example_dags/example_short_circuit_operator.py for tasks to queue
[2026-07-22T13:08:13.948+0000] {logging_mixin.py:190} INFO - [2026-07-22T13:08:13.947+0000] {dagbag.py:588} INFO - Filling up the DagBag from /home/airflow/.local/lib/python3.12/site-packages/airflow/example_dags/example_short_circuit_operator.py
[2026-07-22T13:08:13.969+0000] {processor.py:925} INFO - DAG(s) 'example_short_circuit_operator' retrieved from /home/airflow/.local/lib/python3.12/site-packages/airflow/example_dags/example_short_circuit_operator.py
[2026-07-22T13:08:14.048+0000] {logging_mixin.py:190} INFO - [2026-07-22T13:08:14.047+0000] {dag.py:3239} INFO - Sync 1 DAGs
[2026-07-22T13:08:14.106+0000] {logging_mixin.py:190} INFO - [2026-07-22T13:08:14.106+0000] {dag.py:4180} INFO - Setting next_dagrun for example_short_circuit_operator to None, run_after=None
[2026-07-22T13:08:14.163+0000] {processor.py:208} INFO - Processing /home/airflow/.local/lib/python3.12/site-packages/airflow/example_dags/example_short_circuit_operator.py took 0.243 seconds
[2026-07-22T13:08:44.608+0000] {processor.py:186} INFO - Started process (PID=269) to work on /home/airflow/.local/lib/python3.12/site-packages/airflow/example_dags/example_short_circuit_operator.py
[2026-07-22T13:08:44.610+0000] {processor.py:914} INFO - Processing file /home/airflow/.local/lib/python3.12/site-packages/airflow/example_dags/example_short_circuit_operator.py for tasks to queue
[2026-07-22T13:08:44.615+0000] {logging_mixin.py:190} INFO - [2026-07-22T13:08:44.615+0000] {dagbag.py:588} INFO - Filling up the DagBag from /home/airflow/.local/lib/python3.12/site-packages/airflow/example_dags/example_short_circuit_operator.py
[2026-07-22T13:08:44.628+0000] {processor.py:925} INFO - DAG(s) 'example_short_circuit_operator' retrieved from /home/airflow/.local/lib/python3.12/site-packages/airflow/example_dags/example_short_circuit_operator.py
[2026-07-22T13:08:44.673+0000] {logging_mixin.py:190} INFO - [2026-07-22T13:08:44.673+0000] {dag.py:3239} INFO - Sync 1 DAGs
[2026-07-22T13:08:44.703+0000] {logging_mixin.py:190} INFO - [2026-07-22T13:08:44.702+0000] {dag.py:4180} INFO - Setting next_dagrun for example_short_circuit_operator to None, run_after=None
[2026-07-22T13:08:44.737+0000] {processor.py:208} INFO - Processing /home/airflow/.local/lib/python3.12/site-packages/airflow/example_dags/example_short_circuit_operator.py took 0.139 seconds
[2026-07-22T13:09:15.277+0000] {processor.py:186} INFO - Started process (PID=332) to work on /home/airflow/.local/lib/python3.12/site-packages/airflow/example_dags/example_short_circuit_operator.py
[2026-07-22T13:09:15.280+0000] {processor.py:914} INFO - Processing file /home/airflow/.local/lib/python3.12/site-packages/airflow/example_dags/example_short_circuit_operator.py for tasks to queue
[2026-07-22T13:09:15.288+0000] {logging_mixin.py:190} INFO - [2026-07-22T13:09:15.287+0000] {dagbag.py:588} INFO - Filling up the DagBag from /home/airflow/.local/lib/python3.12/site-packages/airflow/example_dags/example_short_circuit_operator.py
[2026-07-22T13:09:15.306+0000] {processor.py:925} INFO - DAG(s) 'example_short_circuit_operator' retrieved from /home/airflow/.local/lib/python3.12/site-packages/airflow/example_dags/example_short_circuit_operator.py
[2026-07-22T13:09:15.354+0000] {logging_mixin.py:190} INFO - [2026-07-22T13:09:15.353+0000] {dag.py:3239} INFO - Sync 1 DAGs
[2026-07-22T13:09:15.386+0000] {logging_mixin.py:190} INFO - [2026-07-22T13:09:15.385+0000] {dag.py:4180} INFO - Setting next_dagrun for example_short_circuit_operator to None, run_after=None
[2026-07-22T13:09:15.430+0000] {processor.py:208} INFO - Processing /home/airflow/.local/lib/python3.12/site-packages/airflow/example_dags/example_short_circuit_operator.py took 0.168 seconds
[2026-07-22T13:09:45.853+0000] {processor.py:186} INFO - Started process (PID=396) to work on /home/airflow/.local/lib/python3.12/site-packages/airflow/example_dags/example_short_circuit_operator.py
[2026-07-22T13:09:45.856+0000] {processor.py:914} INFO - Processing file /home/airflow/.local/lib/python3.12/site-packages/airflow/example_dags/example_short_circuit_operator.py for tasks to queue
[2026-07-22T13:09:45.863+0000] {logging_mixin.py:190} INFO - [2026-07-22T13:09:45.862+0000] {dagbag.py:588} INFO - Filling up the DagBag from /home/airflow/.local/lib/python3.12/site-packages/airflow/example_dags/example_short_circuit_operator.py
[2026-07-22T13:09:45.885+0000] {processor.py:925} INFO - DAG(s) 'example_short_circuit_operator' retrieved from /home/airflow/.local/lib/python3.12/site-packages/airflow/example_dags/example_short_circuit_operator.py
[2026-07-22T13:09:45.950+0000] {logging_mixin.py:190} INFO - [2026-07-22T13:09:45.949+0000] {dag.py:3239} INFO - Sync 1 DAGs
[2026-07-22T13:09:46.024+0000] {logging_mixin.py:190} INFO - [2026-07-22T13:09:46.023+0000] {dag.py:4180} INFO - Setting next_dagrun for example_short_circuit_operator to None, run_after=None
[2026-07-22T13:09:46.080+0000] {processor.py:208} INFO - Processing /home/airflow/.local/lib/python3.12/site-packages/airflow/example_dags/example_short_circuit_operator.py took 0.242 seconds
[2026-07-22T13:10:16.685+0000] {processor.py:186} INFO - Started process (PID=459) to work on /home/airflow/.local/lib/python3.12/site-packages/airflow/example_dags/example_short_circuit_operator.py
[2026-07-22T13:10:16.687+0000] {processor.py:914} INFO - Processing file /home/airflow/.local/lib/python3.12/site-packages/airflow/example_dags/example_short_circuit_operator.py for tasks to queue
[2026-07-22T13:10:16.692+0000] {logging_mixin.py:190} INFO - [2026-07-22T13:10:16.691+0000] {dagbag.py:588} INFO - Filling up the DagBag from /home/airflow/.local/lib/python3.12/site-packages/airflow/example_dags/example_short_circuit_operator.py
[2026-07-22T13:10:16.706+0000] {processor.py:925} INFO - DAG(s) 'example_short_circuit_operator' retrieved from /home/airflow/.local/lib/python3.12/site-packages/airflow/example_dags/example_short_circuit_operator.py
[2026-07-22T13:10:16.742+0000] {logging_mixin.py:190} INFO - [2026-07-22T13:10:16.742+0000] {dag.py:3239} INFO - Sync 1 DAGs
[2026-07-22T13:10:16.765+0000] {logging_mixin.py:190} INFO - [2026-07-22T13:10:16.765+0000] {dag.py:4180} INFO - Setting next_dagrun for example_short_circuit_operator to None, run_after=None
[2026-07-22T13:10:16.800+0000] {processor.py:208} INFO - Processing /home/airflow/.local/lib/python3.12/site-packages/airflow/example_dags/example_short_circuit_operator.py took 0.124 seconds
[2026-07-22T13:10:46.946+0000] {processor.py:186} INFO - Started process (PID=522) to work on /home/airflow/.local/lib/python3.12/site-packages/airflow/example_dags/example_short_circuit_operator.py
[2026-07-22T13:10:46.949+0000] {processor.py:914} INFO - Processing file /home/airflow/.local/lib/python3.12/site-packages/airflow/example_dags/example_short_circuit_operator.py for tasks to queue
[2026-07-22T13:10:46.954+0000] {logging_mixin.py:190} INFO - [2026-07-22T13:10:46.953+0000] {dagbag.py:588} INFO - Filling up the DagBag from /home/airflow/.local/lib/python3.12/site-packages/airflow/example_dags/example_short_circuit_operator.py
[2026-07-22T13:10:46.966+0000] {processor.py:925} INFO - DAG(s) 'example_short_circuit_operator' retrieved from /home/airflow/.local/lib/python3.12/site-packages/airflow/example_dags/example_short_circuit_operator.py
[2026-07-22T13:10:46.999+0000] {logging_mixin.py:190} INFO - [2026-07-22T13:10:46.999+0000] {dag.py:3239} INFO - Sync 1 DAGs
[2026-07-22T13:10:47.020+0000] {logging_mixin.py:190} INFO - [2026-07-22T13:10:47.019+0000] {dag.py:4180} INFO - Setting next_dagrun for example_short_circuit_operator to None, run_after=None
[2026-07-22T13:10:47.059+0000] {processor.py:208} INFO - Processing /home/airflow/.local/lib/python3.12/site-packages/airflow/example_dags/example_short_circuit_operator.py took 0.121 seconds
[2026-07-22T13:11:17.796+0000] {processor.py:186} INFO - Started process (PID=591) to work on /home/airflow/.local/lib/python3.12/site-packages/airflow/example_dags/example_short_circuit_operator.py
[2026-07-22T13:11:17.801+0000] {processor.py:914} INFO - Processing file /home/airflow/.local/lib/python3.12/site-packages/airflow/example_dags/example_short_circuit_operator.py for tasks to queue
[2026-07-22T13:11:17.807+0000] {logging_mixin.py:190} INFO - [2026-07-22T13:11:17.806+0000] {dagbag.py:588} INFO - Filling up the DagBag from /home/airflow/.local/lib/python3.12/site-packages/airflow/example_dags/example_short_circuit_operator.py
[2026-07-22T13:11:17.834+0000] {processor.py:925} INFO - DAG(s) 'example_short_circuit_operator' retrieved from /home/airflow/.local/lib/python3.12/site-packages/airflow/example_dags/example_short_circuit_operator.py
[2026-07-22T13:11:17.928+0000] {logging_mixin.py:190} INFO - [2026-07-22T13:11:17.928+0000] {dag.py:3239} INFO - Sync 1 DAGs
[2026-07-22T13:11:17.974+0000] {logging_mixin.py:190} INFO - [2026-07-22T13:11:17.973+0000] {dag.py:4180} INFO - Setting next_dagrun for example_short_circuit_operator to None, run_after=None
[2026-07-22T13:11:18.039+0000] {processor.py:208} INFO - Processing /home/airflow/.local/lib/python3.12/site-packages/airflow/example_dags/example_short_circuit_operator.py took 0.256 seconds
[2026-07-22T13:11:48.184+0000] {processor.py:186} INFO - Started process (PID=654) to work on /home/airflow/.local/lib/python3.12/site-packages/airflow/example_dags/example_short_circuit_operator.py
[2026-07-22T13:11:48.185+0000] {processor.py:914} INFO - Processing file /home/airflow/.local/lib/python3.12/site-packages/airflow/example_dags/example_short_circuit_operator.py for tasks to queue
[2026-07-22T13:11:48.189+0000] {logging_mixin.py:190} INFO - [2026-07-22T13:11:48.189+0000] {dagbag.py:588} INFO - Filling up the DagBag from /home/airflow/.local/lib/python3.12/site-packages/airflow/example_dags/example_short_circuit_operator.py
[2026-07-22T13:11:48.202+0000] {processor.py:925} INFO - DAG(s) 'example_short_circuit_operator' retrieved from /home/airflow/.local/lib/python3.12/site-packages/airflow/example_dags/example_short_circuit_operator.py
[2026-07-22T13:11:48.240+0000] {logging_mixin.py:190} INFO - [2026-07-22T13:11:48.239+0000] {dag.py:3239} INFO - Sync 1 DAGs
[2026-07-22T13:11:48.261+0000] {logging_mixin.py:190} INFO - [2026-07-22T13:11:48.261+0000] {dag.py:4180} INFO - Setting next_dagrun for example_short_circuit_operator to None, run_after=None
[2026-07-22T13:11:48.308+0000] {processor.py:208} INFO - Processing /home/airflow/.local/lib/python3.12/site-packages/airflow/example_dags/example_short_circuit_operator.py took 0.132 seconds
[2026-07-22T13:12:19.433+0000] {processor.py:186} INFO - Started process (PID=717) to work on /home/airflow/.local/lib/python3.12/site-packages/airflow/example_dags/example_short_circuit_operator.py
[2026-07-22T13:12:19.437+0000] {processor.py:914} INFO - Processing file /home/airflow/.local/lib/python3.12/site-packages/airflow/example_dags/example_short_circuit_operator.py for tasks to queue
[2026-07-22T13:12:19.444+0000] {logging_mixin.py:190} INFO - [2026-07-22T13:12:19.443+0000] {dagbag.py:588} INFO - Filling up the DagBag from /home/airflow/.local/lib/python3.12/site-packages/airflow/example_dags/example_short_circuit_operator.py
[2026-07-22T13:12:19.466+0000] {processor.py:925} INFO - DAG(s) 'example_short_circuit_operator' retrieved from /home/airflow/.local/lib/python3.12/site-packages/airflow/example_dags/example_short_circuit_operator.py
[2026-07-22T13:12:19.516+0000] {logging_mixin.py:190} INFO - [2026-07-22T13:12:19.516+0000] {dag.py:3239} INFO - Sync 1 DAGs
[2026-07-22T13:12:19.547+0000] {logging_mixin.py:190} INFO - [2026-07-22T13:12:19.547+0000] {dag.py:4180} INFO - Setting next_dagrun for example_short_circuit_operator to None, run_after=None
[2026-07-22T13:12:19.593+0000] {processor.py:208} INFO - Processing /home/airflow/.local/lib/python3.12/site-packages/airflow/example_dags/example_short_circuit_operator.py took 0.167 seconds
[2026-07-22T13:12:50.561+0000] {processor.py:186} INFO - Started process (PID=772) to work on /home/airflow/.local/lib/python3.12/site-packages/airflow/example_dags/example_short_circuit_operator.py
[2026-07-22T13:12:50.564+0000] {processor.py:914} INFO - Processing file /home/airflow/.local/lib/python3.12/site-packages/airflow/example_dags/example_short_circuit_operator.py for tasks to queue
[2026-07-22T13:12:50.570+0000] {logging_mixin.py:190} INFO - [2026-07-22T13:12:50.569+0000] {dagbag.py:588} INFO - Filling up the DagBag from /home/airflow/.local/lib/python3.12/site-packages/airflow/example_dags/example_short_circuit_operator.py
[2026-07-22T13:12:50.590+0000] {processor.py:925} INFO - DAG(s) 'example_short_circuit_operator' retrieved from /home/airflow/.local/lib/python3.12/site-packages/airflow/example_dags/example_short_circuit_operator.py
[2026-07-22T13:12:50.634+0000] {logging_mixin.py:190} INFO - [2026-07-22T13:12:50.634+0000] {dag.py:3239} INFO - Sync 1 DAGs
[2026-07-22T13:12:50.660+0000] {logging_mixin.py:190} INFO - [2026-07-22T13:12:50.660+0000] {dag.py:4180} INFO - Setting next_dagrun for example_short_circuit_operator to None, run_after=None
[2026-07-22T13:12:50.705+0000] {processor.py:208} INFO - Processing /home/airflow/.local/lib/python3.12/site-packages/airflow/example_dags/example_short_circuit_operator.py took 0.158 seconds
[2026-07-22T13:13:23.840+0000] {processor.py:186} INFO - Started process (PID=833) to work on /home/airflow/.local/lib/python3.12/site-packages/airflow/example_dags/example_short_circuit_operator.py
[2026-07-22T13:13:23.844+0000] {processor.py:914} INFO - Processing file /home/airflow/.local/lib/python3.12/site-packages/airflow/example_dags/example_short_circuit_operator.py for tasks to queue
[2026-07-22T13:13:23.854+0000] {logging_mixin.py:190} INFO - [2026-07-22T13:13:23.853+0000] {dagbag.py:588} INFO - Filling up the DagBag from /home/airflow/.local/lib/python3.12/site-packages/airflow/example_dags/example_short_circuit_operator.py
[2026-07-22T13:13:23.886+0000] {processor.py:925} INFO - DAG(s) 'example_short_circuit_operator' retrieved from /home/airflow/.local/lib/python3.12/site-packages/airflow/example_dags/example_short_circuit_operator.py
[2026-07-22T13:13:23.993+0000] {logging_mixin.py:190} INFO - [2026-07-22T13:13:23.992+0000] {dag.py:3239} INFO - Sync 1 DAGs
[2026-07-22T13:13:24.069+0000] {logging_mixin.py:190} INFO - [2026-07-22T13:13:24.068+0000] {dag.py:4180} INFO - Setting next_dagrun for example_short_circuit_operator to None, run_after=None
[2026-07-22T13:13:24.129+0000] {processor.py:208} INFO - Processing /home/airflow/.local/lib/python3.12/site-packages/airflow/example_dags/example_short_circuit_operator.py took 0.307 seconds
[2026-07-22T13:13:54.498+0000] {processor.py:186} INFO - Started process (PID=896) to work on /home/airflow/.local/lib/python3.12/site-packages/airflow/example_dags/example_short_circuit_operator.py
[2026-07-22T13:13:54.500+0000] {processor.py:914} INFO - Processing file /home/airflow/.local/lib/python3.12/site-packages/airflow/example_dags/example_short_circuit_operator.py for tasks to queue
[2026-07-22T13:13:54.505+0000] {logging_mixin.py:190} INFO - [2026-07-22T13:13:54.504+0000] {dagbag.py:588} INFO - Filling up the DagBag from /home/airflow/.local/lib/python3.12/site-packages/airflow/example_dags/example_short_circuit_operator.py
[2026-07-22T13:13:54.517+0000] {processor.py:925} INFO - DAG(s) 'example_short_circuit_operator' retrieved from /home/airflow/.local/lib/python3.12/site-packages/airflow/example_dags/example_short_circuit_operator.py
[2026-07-22T13:13:54.550+0000] {logging_mixin.py:190} INFO - [2026-07-22T13:13:54.550+0000] {dag.py:3239} INFO - Sync 1 DAGs
[2026-07-22T13:13:54.573+0000] {logging_mixin.py:190} INFO - [2026-07-22T13:13:54.573+0000] {dag.py:4180} INFO - Setting next_dagrun for example_short_circuit_operator to None, run_after=None
[2026-07-22T13:13:54.615+0000] {processor.py:208} INFO - Processing /home/airflow/.local/lib/python3.12/site-packages/airflow/example_dags/example_short_circuit_operator.py took 0.125 seconds
[2026-07-22T13:14:25.540+0000] {processor.py:186} INFO - Started process (PID=953) to work on /home/airflow/.local/lib/python3.12/site-packages/airflow/example_dags/example_short_circuit_operator.py
[2026-07-22T13:14:25.543+0000] {processor.py:914} INFO - Processing file /home/airflow/.local/lib/python3.12/site-packages/airflow/example_dags/example_short_circuit_operator.py for tasks to queue
[2026-07-22T13:14:25.548+0000] {logging_mixin.py:190} INFO - [2026-07-22T13:14:25.548+0000] {dagbag.py:588} INFO - Filling up the DagBag from /home/airflow/.local/lib/python3.12/site-packages/airflow/example_dags/example_short_circuit_operator.py
[2026-07-22T13:14:25.567+0000] {processor.py:925} INFO - DAG(s) 'example_short_circuit_operator' retrieved from /home/airflow/.local/lib/python3.12/site-packages/airflow/example_dags/example_short_circuit_operator.py
[2026-07-22T13:14:25.626+0000] {logging_mixin.py:190} INFO - [2026-07-22T13:14:25.625+0000] {dag.py:3239} INFO - Sync 1 DAGs
[2026-07-22T13:14:25.663+0000] {logging_mixin.py:190} INFO - [2026-07-22T13:14:25.663+0000] {dag.py:4180} INFO - Setting next_dagrun for example_short_circuit_operator to None, run_after=None
[2026-07-22T13:14:25.718+0000] {processor.py:208} INFO - Processing /home/airflow/.local/lib/python3.12/site-packages/airflow/example_dags/example_short_circuit_operator.py took 0.188 seconds
[2026-07-22T13:14:56.677+0000] {processor.py:186} INFO - Started process (PID=1010) to work on /home/airflow/.local/lib/python3.12/site-packages/airflow/example_dags/example_short_circuit_operator.py
[2026-07-22T13:14:56.683+0000] {processor.py:914} INFO - Processing file /home/airflow/.local/lib/python3.12/site-packages/airflow/example_dags/example_short_circuit_operator.py for tasks to queue
[2026-07-22T13:14:56.695+0000] {logging_mixin.py:190} INFO - [2026-07-22T13:14:56.694+0000] {dagbag.py:588} INFO - Filling up the DagBag from /home/airflow/.local/lib/python3.12/site-packages/airflow/example_dags/example_short_circuit_operator.py
[2026-07-22T13:14:56.743+0000] {processor.py:925} INFO - DAG(s) 'example_short_circuit_operator' retrieved from /home/airflow/.local/lib/python3.12/site-packages/airflow/example_dags/example_short_circuit_operator.py
[2026-07-22T13:14:56.844+0000] {logging_mixin.py:190} INFO - [2026-07-22T13:14:56.844+0000] {dag.py:3239} INFO - Sync 1 DAGs
[2026-07-22T13:14:56.942+0000] {logging_mixin.py:190} INFO - [2026-07-22T13:14:56.937+0000] {dag.py:4180} INFO - Setting next_dagrun for example_short_circuit_operator to None, run_after=None
[2026-07-22T13:14:56.996+0000] {processor.py:208} INFO - Processing /home/airflow/.local/lib/python3.12/site-packages/airflow/example_dags/example_short_circuit_operator.py took 0.347 seconds
[2026-07-22T13:15:30.420+0000] {processor.py:186} INFO - Started process (PID=1074) to work on /home/airflow/.local/lib/python3.12/site-packages/airflow/example_dags/example_short_circuit_operator.py
[2026-07-22T13:15:30.423+0000] {processor.py:914} INFO - Processing file /home/airflow/.local/lib/python3.12/site-packages/airflow/example_dags/example_short_circuit_operator.py for tasks to queue
[2026-07-22T13:15:30.429+0000] {logging_mixin.py:190} INFO - [2026-07-22T13:15:30.429+0000] {dagbag.py:588} INFO - Filling up the DagBag from /home/airflow/.local/lib/python3.12/site-packages/airflow/example_dags/example_short_circuit_operator.py
[2026-07-22T13:15:30.454+0000] {processor.py:925} INFO - DAG(s) 'example_short_circuit_operator' retrieved from /home/airflow/.local/lib/python3.12/site-packages/airflow/example_dags/example_short_circuit_operator.py
[2026-07-22T13:15:30.504+0000] {logging_mixin.py:190} INFO - [2026-07-22T13:15:30.503+0000] {dag.py:3239} INFO - Sync 1 DAGs
[2026-07-22T13:15:30.536+0000] {logging_mixin.py:190} INFO - [2026-07-22T13:15:30.536+0000] {dag.py:4180} INFO - Setting next_dagrun for example_short_circuit_operator to None, run_after=None
[2026-07-22T13:15:30.585+0000] {processor.py:208} INFO - Processing /home/airflow/.local/lib/python3.12/site-packages/airflow/example_dags/example_short_circuit_operator.py took 0.174 seconds
[2026-07-22T13:16:02.087+0000] {processor.py:186} INFO - Started process (PID=1137) to work on /home/airflow/.local/lib/python3.12/site-packages/airflow/example_dags/example_short_circuit_operator.py
[2026-07-22T13:16:02.091+0000] {processor.py:914} INFO - Processing file /home/airflow/.local/lib/python3.12/site-packages/airflow/example_dags/example_short_circuit_operator.py for tasks to queue
[2026-07-22T13:16:02.096+0000] {logging_mixin.py:190} INFO - [2026-07-22T13:16:02.095+0000] {dagbag.py:588} INFO - Filling up the DagBag from /home/airflow/.local/lib/python3.12/site-packages/airflow/example_dags/example_short_circuit_operator.py
[2026-07-22T13:16:02.114+0000] {processor.py:925} INFO - DAG(s) 'example_short_circuit_operator' retrieved from /home/airflow/.local/lib/python3.12/site-packages/airflow/example_dags/example_short_circuit_operator.py
[2026-07-22T13:16:02.174+0000] {logging_mixin.py:190} INFO - [2026-07-22T13:16:02.173+0000] {dag.py:3239} INFO - Sync 1 DAGs
[2026-07-22T13:16:02.215+0000] {logging_mixin.py:190} INFO - [2026-07-22T13:16:02.214+0000] {dag.py:4180} INFO - Setting next_dagrun for example_short_circuit_operator to None, run_after=None
[2026-07-22T13:16:02.276+0000] {processor.py:208} INFO - Processing /home/airflow/.local/lib/python3.12/site-packages/airflow/example_dags/example_short_circuit_operator.py took 0.197 seconds
[2026-07-22T13:16:32.452+0000] {processor.py:186} INFO - Started process (PID=1199) to work on /home/airflow/.local/lib/python3.12/site-packages/airflow/example_dags/example_short_circuit_operator.py
[2026-07-22T13:16:32.455+0000] {processor.py:914} INFO - Processing file /home/airflow/.local/lib/python3.12/site-packages/airflow/example_dags/example_short_circuit_operator.py for tasks to queue
[2026-07-22T13:16:32.463+0000] {logging_mixin.py:190} INFO - [2026-07-22T13:16:32.462+0000] {dagbag.py:588} INFO - Filling up the DagBag from /home/airflow/.local/lib/python3.12/site-packages/airflow/example_dags/example_short_circuit_operator.py
[2026-07-22T13:16:32.481+0000] {processor.py:925} INFO - DAG(s) 'example_short_circuit_operator' retrieved from /home/airflow/.local/lib/python3.12/site-packages/airflow/example_dags/example_short_circuit_operator.py
[2026-07-22T13:16:32.525+0000] {logging_mixin.py:190} INFO - [2026-07-22T13:16:32.525+0000] {dag.py:3239} INFO - Sync 1 DAGs
[2026-07-22T13:16:32.553+0000] {logging_mixin.py:190} INFO - [2026-07-22T13:16:32.553+0000] {dag.py:4180} INFO - Setting next_dagrun for example_short_circuit_operator to None, run_after=None
[2026-07-22T13:16:32.599+0000] {processor.py:208} INFO - Processing /home/airflow/.local/lib/python3.12/site-packages/airflow/example_dags/example_short_circuit_operator.py took 0.161 seconds
[2026-07-22T13:17:02.918+0000] {processor.py:186} INFO - Started process (PID=1261) to work on /home/airflow/.local/lib/python3.12/site-packages/airflow/example_dags/example_short_circuit_operator.py
[2026-07-22T13:17:02.923+0000] {processor.py:914} INFO - Processing file /home/airflow/.local/lib/python3.12/site-packages/airflow/example_dags/example_short_circuit_operator.py for tasks to queue
[2026-07-22T13:17:02.934+0000] {logging_mixin.py:190} INFO - [2026-07-22T13:17:02.933+0000] {dagbag.py:588} INFO - Filling up the DagBag from /home/airflow/.local/lib/python3.12/site-packages/airflow/example_dags/example_short_circuit_operator.py
[2026-07-22T13:17:02.985+0000] {processor.py:925} INFO - DAG(s) 'example_short_circuit_operator' retrieved from /home/airflow/.local/lib/python3.12/site-packages/airflow/example_dags/example_short_circuit_operator.py
[2026-07-22T13:17:03.119+0000] {logging_mixin.py:190} INFO - [2026-07-22T13:17:03.117+0000] {dag.py:3239} INFO - Sync 1 DAGs
[2026-07-22T13:17:03.193+0000] {logging_mixin.py:190} INFO - [2026-07-22T13:17:03.193+0000] {dag.py:4180} INFO - Setting next_dagrun for example_short_circuit_operator to None, run_after=None
[2026-07-22T13:17:03.321+0000] {processor.py:208} INFO - Processing /home/airflow/.local/lib/python3.12/site-packages/airflow/example_dags/example_short_circuit_operator.py took 0.427 seconds
[2026-07-22T13:17:34.172+0000] {processor.py:186} INFO - Started process (PID=1324) to work on /home/airflow/.local/lib/python3.12/site-packages/airflow/example_dags/example_short_circuit_operator.py
[2026-07-22T13:17:34.177+0000] {processor.py:914} INFO - Processing file /home/airflow/.local/lib/python3.12/site-packages/airflow/example_dags/example_short_circuit_operator.py for tasks to queue
[2026-07-22T13:17:34.189+0000] {logging_mixin.py:190} INFO - [2026-07-22T13:17:34.187+0000] {dagbag.py:588} INFO - Filling up the DagBag from /home/airflow/.local/lib/python3.12/site-packages/airflow/example_dags/example_short_circuit_operator.py
[2026-07-22T13:17:34.233+0000] {processor.py:925} INFO - DAG(s) 'example_short_circuit_operator' retrieved from /home/airflow/.local/lib/python3.12/site-packages/airflow/example_dags/example_short_circuit_operator.py
[2026-07-22T13:17:34.339+0000] {logging_mixin.py:190} INFO - [2026-07-22T13:17:34.339+0000] {dag.py:3239} INFO - Sync 1 DAGs
[2026-07-22T13:17:34.421+0000] {logging_mixin.py:190} INFO - [2026-07-22T13:17:34.420+0000] {dag.py:4180} INFO - Setting next_dagrun for example_short_circuit_operator to None, run_after=None
[2026-07-22T13:17:34.502+0000] {processor.py:208} INFO - Processing /home/airflow/.local/lib/python3.12/site-packages/airflow/example_dags/example_short_circuit_operator.py took 0.354 seconds
