[2026-07-22T13:07:18.055+0000] {processor.py:186} INFO - Started process (PID=96) to work on /home/airflow/.local/lib/python3.12/site-packages/airflow/example_dags/example_branch_day_of_week_operator.py
[2026-07-22T13:07:18.059+0000] {processor.py:914} INFO - Processing file /home/airflow/.local/lib/python3.12/site-packages/airflow/example_dags/example_branch_day_of_week_operator.py for tasks to queue
[2026-07-22T13:07:18.066+0000] {logging_mixin.py:190} INFO - [2026-07-22T13:07:18.065+0000] {dagbag.py:588} INFO - Filling up the DagBag from /home/airflow/.local/lib/python3.12/site-packages/airflow/example_dags/example_branch_day_of_week_operator.py
[2026-07-22T13:07:18.094+0000] {processor.py:925} INFO - DAG(s) 'example_weekday_branch_operator' retrieved from /home/airflow/.local/lib/python3.12/site-packages/airflow/example_dags/example_branch_day_of_week_operator.py
[2026-07-22T13:07:18.468+0000] {logging_mixin.py:190} INFO - [2026-07-22T13:07:18.467+0000] {override.py:1912} INFO - Created Permission View: can read on DAG:example_weekday_branch_operator
[2026-07-22T13:07:18.504+0000] {logging_mixin.py:190} INFO - [2026-07-22T13:07:18.503+0000] {override.py:1912} INFO - Created Permission View: can edit on DAG:example_weekday_branch_operator
[2026-07-22T13:07:18.526+0000] {logging_mixin.py:190} INFO - [2026-07-22T13:07:18.525+0000] {override.py:1912} INFO - Created Permission View: can delete on DAG:example_weekday_branch_operator
[2026-07-22T13:07:18.550+0000] {logging_mixin.py:190} INFO - [2026-07-22T13:07:18.549+0000] {override.py:1912} INFO - Created Permission View: can read on DAG Run:example_weekday_branch_operator
[2026-07-22T13:07:18.571+0000] {logging_mixin.py:190} INFO - [2026-07-22T13:07:18.571+0000] {override.py:1912} INFO - Created Permission View: menu access on DAG Run:example_weekday_branch_operator
[2026-07-22T13:07:18.597+0000] {logging_mixin.py:190} INFO - [2026-07-22T13:07:18.596+0000] {override.py:1912} INFO - Created Permission View: can create on DAG Run:example_weekday_branch_operator
[2026-07-22T13:07:18.617+0000] {logging_mixin.py:190} INFO - [2026-07-22T13:07:18.616+0000] {override.py:1912} INFO - Created Permission View: can delete on DAG Run:example_weekday_branch_operator
[2026-07-22T13:07:18.620+0000] {logging_mixin.py:190} INFO - [2026-07-22T13:07:18.619+0000] {dag.py:3239} INFO - Sync 1 DAGs
[2026-07-22T13:07:18.662+0000] {logging_mixin.py:190} INFO - [2026-07-22T13:07:18.661+0000] {dag.py:3262} INFO - Creating ORM DAG for example_weekday_branch_operator
[2026-07-22T13:07:18.696+0000] {logging_mixin.py:190} INFO - [2026-07-22T13:07:18.695+0000] {dag.py:4180} INFO - Setting next_dagrun for example_weekday_branch_operator to 2026-07-21 00:00:00+00:00, run_after=2026-07-22 00:00:00+00:00
[2026-07-22T13:07:18.744+0000] {processor.py:208} INFO - Processing /home/airflow/.local/lib/python3.12/site-packages/airflow/example_dags/example_branch_day_of_week_operator.py took 0.703 seconds
[2026-07-22T13:07:49.660+0000] {processor.py:186} INFO - Started process (PID=158) to work on /home/airflow/.local/lib/python3.12/site-packages/airflow/example_dags/example_branch_day_of_week_operator.py
[2026-07-22T13:07:49.663+0000] {processor.py:914} INFO - Processing file /home/airflow/.local/lib/python3.12/site-packages/airflow/example_dags/example_branch_day_of_week_operator.py for tasks to queue
[2026-07-22T13:07:49.669+0000] {logging_mixin.py:190} INFO - [2026-07-22T13:07:49.668+0000] {dagbag.py:588} INFO - Filling up the DagBag from /home/airflow/.local/lib/python3.12/site-packages/airflow/example_dags/example_branch_day_of_week_operator.py
[2026-07-22T13:07:49.686+0000] {processor.py:925} INFO - DAG(s) 'example_weekday_branch_operator' retrieved from /home/airflow/.local/lib/python3.12/site-packages/airflow/example_dags/example_branch_day_of_week_operator.py
[2026-07-22T13:07:49.718+0000] {logging_mixin.py:190} INFO - [2026-07-22T13:07:49.717+0000] {dag.py:3239} INFO - Sync 1 DAGs
[2026-07-22T13:07:49.764+0000] {logging_mixin.py:190} INFO - [2026-07-22T13:07:49.763+0000] {dag.py:4180} INFO - Setting next_dagrun for example_weekday_branch_operator to 2026-07-21 00:00:00+00:00, run_after=2026-07-22 00:00:00+00:00
[2026-07-22T13:07:49.804+0000] {processor.py:208} INFO - Processing /home/airflow/.local/lib/python3.12/site-packages/airflow/example_dags/example_branch_day_of_week_operator.py took 0.150 seconds
[2026-07-22T13:08:20.255+0000] {processor.py:186} INFO - Started process (PID=222) to work on /home/airflow/.local/lib/python3.12/site-packages/airflow/example_dags/example_branch_day_of_week_operator.py
[2026-07-22T13:08:20.260+0000] {processor.py:914} INFO - Processing file /home/airflow/.local/lib/python3.12/site-packages/airflow/example_dags/example_branch_day_of_week_operator.py for tasks to queue
[2026-07-22T13:08:20.281+0000] {logging_mixin.py:190} INFO - [2026-07-22T13:08:20.278+0000] {dagbag.py:588} INFO - Filling up the DagBag from /home/airflow/.local/lib/python3.12/site-packages/airflow/example_dags/example_branch_day_of_week_operator.py
[2026-07-22T13:08:20.320+0000] {processor.py:925} INFO - DAG(s) 'example_weekday_branch_operator' retrieved from /home/airflow/.local/lib/python3.12/site-packages/airflow/example_dags/example_branch_day_of_week_operator.py
[2026-07-22T13:08:20.401+0000] {logging_mixin.py:190} INFO - [2026-07-22T13:08:20.400+0000] {dag.py:3239} INFO - Sync 1 DAGs
[2026-07-22T13:08:20.576+0000] {logging_mixin.py:190} INFO - [2026-07-22T13:08:20.575+0000] {dag.py:4180} INFO - Setting next_dagrun for example_weekday_branch_operator to 2026-07-21 00:00:00+00:00, run_after=2026-07-22 00:00:00+00:00
[2026-07-22T13:08:20.712+0000] {processor.py:208} INFO - Processing /home/airflow/.local/lib/python3.12/site-packages/airflow/example_dags/example_branch_day_of_week_operator.py took 0.479 seconds
[2026-07-22T13:08:51.476+0000] {processor.py:186} INFO - Started process (PID=285) to work on /home/airflow/.local/lib/python3.12/site-packages/airflow/example_dags/example_branch_day_of_week_operator.py
[2026-07-22T13:08:51.478+0000] {processor.py:914} INFO - Processing file /home/airflow/.local/lib/python3.12/site-packages/airflow/example_dags/example_branch_day_of_week_operator.py for tasks to queue
[2026-07-22T13:08:51.483+0000] {logging_mixin.py:190} INFO - [2026-07-22T13:08:51.483+0000] {dagbag.py:588} INFO - Filling up the DagBag from /home/airflow/.local/lib/python3.12/site-packages/airflow/example_dags/example_branch_day_of_week_operator.py
[2026-07-22T13:08:51.500+0000] {processor.py:925} INFO - DAG(s) 'example_weekday_branch_operator' retrieved from /home/airflow/.local/lib/python3.12/site-packages/airflow/example_dags/example_branch_day_of_week_operator.py
[2026-07-22T13:08:51.543+0000] {logging_mixin.py:190} INFO - [2026-07-22T13:08:51.542+0000] {dag.py:3239} INFO - Sync 1 DAGs
[2026-07-22T13:08:51.589+0000] {logging_mixin.py:190} INFO - [2026-07-22T13:08:51.589+0000] {dag.py:4180} INFO - Setting next_dagrun for example_weekday_branch_operator to 2026-07-21 00:00:00+00:00, run_after=2026-07-22 00:00:00+00:00
[2026-07-22T13:08:51.620+0000] {processor.py:208} INFO - Processing /home/airflow/.local/lib/python3.12/site-packages/airflow/example_dags/example_branch_day_of_week_operator.py took 0.152 seconds
[2026-07-22T13:09:22.285+0000] {processor.py:186} INFO - Started process (PID=349) to work on /home/airflow/.local/lib/python3.12/site-packages/airflow/example_dags/example_branch_day_of_week_operator.py
[2026-07-22T13:09:22.287+0000] {processor.py:914} INFO - Processing file /home/airflow/.local/lib/python3.12/site-packages/airflow/example_dags/example_branch_day_of_week_operator.py for tasks to queue
[2026-07-22T13:09:22.292+0000] {logging_mixin.py:190} INFO - [2026-07-22T13:09:22.292+0000] {dagbag.py:588} INFO - Filling up the DagBag from /home/airflow/.local/lib/python3.12/site-packages/airflow/example_dags/example_branch_day_of_week_operator.py
[2026-07-22T13:09:22.315+0000] {processor.py:925} INFO - DAG(s) 'example_weekday_branch_operator' retrieved from /home/airflow/.local/lib/python3.12/site-packages/airflow/example_dags/example_branch_day_of_week_operator.py
[2026-07-22T13:09:22.352+0000] {logging_mixin.py:190} INFO - [2026-07-22T13:09:22.352+0000] {dag.py:3239} INFO - Sync 1 DAGs
[2026-07-22T13:09:22.390+0000] {logging_mixin.py:190} INFO - [2026-07-22T13:09:22.390+0000] {dag.py:4180} INFO - Setting next_dagrun for example_weekday_branch_operator to 2026-07-21 00:00:00+00:00, run_after=2026-07-22 00:00:00+00:00
[2026-07-22T13:09:22.422+0000] {processor.py:208} INFO - Processing /home/airflow/.local/lib/python3.12/site-packages/airflow/example_dags/example_branch_day_of_week_operator.py took 0.146 seconds
[2026-07-22T13:09:52.638+0000] {processor.py:186} INFO - Started process (PID=413) to work on /home/airflow/.local/lib/python3.12/site-packages/airflow/example_dags/example_branch_day_of_week_operator.py
[2026-07-22T13:09:52.641+0000] {processor.py:914} INFO - Processing file /home/airflow/.local/lib/python3.12/site-packages/airflow/example_dags/example_branch_day_of_week_operator.py for tasks to queue
[2026-07-22T13:09:52.646+0000] {logging_mixin.py:190} INFO - [2026-07-22T13:09:52.645+0000] {dagbag.py:588} INFO - Filling up the DagBag from /home/airflow/.local/lib/python3.12/site-packages/airflow/example_dags/example_branch_day_of_week_operator.py
[2026-07-22T13:09:52.661+0000] {processor.py:925} INFO - DAG(s) 'example_weekday_branch_operator' retrieved from /home/airflow/.local/lib/python3.12/site-packages/airflow/example_dags/example_branch_day_of_week_operator.py
[2026-07-22T13:09:52.691+0000] {logging_mixin.py:190} INFO - [2026-07-22T13:09:52.691+0000] {dag.py:3239} INFO - Sync 1 DAGs
[2026-07-22T13:09:52.726+0000] {logging_mixin.py:190} INFO - [2026-07-22T13:09:52.726+0000] {dag.py:4180} INFO - Setting next_dagrun for example_weekday_branch_operator to 2026-07-21 00:00:00+00:00, run_after=2026-07-22 00:00:00+00:00
[2026-07-22T13:09:52.760+0000] {processor.py:208} INFO - Processing /home/airflow/.local/lib/python3.12/site-packages/airflow/example_dags/example_branch_day_of_week_operator.py took 0.130 seconds
[2026-07-22T13:10:22.930+0000] {processor.py:186} INFO - Started process (PID=475) to work on /home/airflow/.local/lib/python3.12/site-packages/airflow/example_dags/example_branch_day_of_week_operator.py
[2026-07-22T13:10:22.933+0000] {processor.py:914} INFO - Processing file /home/airflow/.local/lib/python3.12/site-packages/airflow/example_dags/example_branch_day_of_week_operator.py for tasks to queue
[2026-07-22T13:10:22.938+0000] {logging_mixin.py:190} INFO - [2026-07-22T13:10:22.938+0000] {dagbag.py:588} INFO - Filling up the DagBag from /home/airflow/.local/lib/python3.12/site-packages/airflow/example_dags/example_branch_day_of_week_operator.py
[2026-07-22T13:10:22.962+0000] {processor.py:925} INFO - DAG(s) 'example_weekday_branch_operator' retrieved from /home/airflow/.local/lib/python3.12/site-packages/airflow/example_dags/example_branch_day_of_week_operator.py
[2026-07-22T13:10:23.041+0000] {logging_mixin.py:190} INFO - [2026-07-22T13:10:23.041+0000] {dag.py:3239} INFO - Sync 1 DAGs
[2026-07-22T13:10:23.189+0000] {logging_mixin.py:190} INFO - [2026-07-22T13:10:23.188+0000] {dag.py:4180} INFO - Setting next_dagrun for example_weekday_branch_operator to 2026-07-21 00:00:00+00:00, run_after=2026-07-22 00:00:00+00:00
[2026-07-22T13:10:23.313+0000] {processor.py:208} INFO - Processing /home/airflow/.local/lib/python3.12/site-packages/airflow/example_dags/example_branch_day_of_week_operator.py took 0.394 seconds
[2026-07-22T13:10:53.839+0000] {processor.py:186} INFO - Started process (PID=538) to work on /home/airflow/.local/lib/python3.12/site-packages/airflow/example_dags/example_branch_day_of_week_operator.py
[2026-07-22T13:10:53.842+0000] {processor.py:914} INFO - Processing file /home/airflow/.local/lib/python3.12/site-packages/airflow/example_dags/example_branch_day_of_week_operator.py for tasks to queue
[2026-07-22T13:10:53.847+0000] {logging_mixin.py:190} INFO - [2026-07-22T13:10:53.846+0000] {dagbag.py:588} INFO - Filling up the DagBag from /home/airflow/.local/lib/python3.12/site-packages/airflow/example_dags/example_branch_day_of_week_operator.py
[2026-07-22T13:10:53.864+0000] {processor.py:925} INFO - DAG(s) 'example_weekday_branch_operator' retrieved from /home/airflow/.local/lib/python3.12/site-packages/airflow/example_dags/example_branch_day_of_week_operator.py
[2026-07-22T13:10:53.899+0000] {logging_mixin.py:190} INFO - [2026-07-22T13:10:53.899+0000] {dag.py:3239} INFO - Sync 1 DAGs
[2026-07-22T13:10:53.936+0000] {logging_mixin.py:190} INFO - [2026-07-22T13:10:53.936+0000] {dag.py:4180} INFO - Setting next_dagrun for example_weekday_branch_operator to 2026-07-21 00:00:00+00:00, run_after=2026-07-22 00:00:00+00:00
[2026-07-22T13:10:53.972+0000] {processor.py:208} INFO - Processing /home/airflow/.local/lib/python3.12/site-packages/airflow/example_dags/example_branch_day_of_week_operator.py took 0.142 seconds
[2026-07-22T13:11:24.604+0000] {processor.py:186} INFO - Started process (PID=601) to work on /home/airflow/.local/lib/python3.12/site-packages/airflow/example_dags/example_branch_day_of_week_operator.py
[2026-07-22T13:11:24.607+0000] {processor.py:914} INFO - Processing file /home/airflow/.local/lib/python3.12/site-packages/airflow/example_dags/example_branch_day_of_week_operator.py for tasks to queue
[2026-07-22T13:11:24.617+0000] {logging_mixin.py:190} INFO - [2026-07-22T13:11:24.614+0000] {dagbag.py:588} INFO - Filling up the DagBag from /home/airflow/.local/lib/python3.12/site-packages/airflow/example_dags/example_branch_day_of_week_operator.py
[2026-07-22T13:11:24.644+0000] {processor.py:925} INFO - DAG(s) 'example_weekday_branch_operator' retrieved from /home/airflow/.local/lib/python3.12/site-packages/airflow/example_dags/example_branch_day_of_week_operator.py
[2026-07-22T13:11:24.700+0000] {logging_mixin.py:190} INFO - [2026-07-22T13:11:24.699+0000] {dag.py:3239} INFO - Sync 1 DAGs
[2026-07-22T13:11:24.782+0000] {logging_mixin.py:190} INFO - [2026-07-22T13:11:24.778+0000] {dag.py:4180} INFO - Setting next_dagrun for example_weekday_branch_operator to 2026-07-21 00:00:00+00:00, run_after=2026-07-22 00:00:00+00:00
[2026-07-22T13:11:24.841+0000] {processor.py:208} INFO - Processing /home/airflow/.local/lib/python3.12/site-packages/airflow/example_dags/example_branch_day_of_week_operator.py took 0.258 seconds
[2026-07-22T13:11:55.672+0000] {processor.py:186} INFO - Started process (PID=664) to work on /home/airflow/.local/lib/python3.12/site-packages/airflow/example_dags/example_branch_day_of_week_operator.py
[2026-07-22T13:11:55.674+0000] {processor.py:914} INFO - Processing file /home/airflow/.local/lib/python3.12/site-packages/airflow/example_dags/example_branch_day_of_week_operator.py for tasks to queue
[2026-07-22T13:11:55.679+0000] {logging_mixin.py:190} INFO - [2026-07-22T13:11:55.679+0000] {dagbag.py:588} INFO - Filling up the DagBag from /home/airflow/.local/lib/python3.12/site-packages/airflow/example_dags/example_branch_day_of_week_operator.py
[2026-07-22T13:11:55.695+0000] {processor.py:925} INFO - DAG(s) 'example_weekday_branch_operator' retrieved from /home/airflow/.local/lib/python3.12/site-packages/airflow/example_dags/example_branch_day_of_week_operator.py
[2026-07-22T13:11:55.728+0000] {logging_mixin.py:190} INFO - [2026-07-22T13:11:55.728+0000] {dag.py:3239} INFO - Sync 1 DAGs
[2026-07-22T13:11:55.766+0000] {logging_mixin.py:190} INFO - [2026-07-22T13:11:55.766+0000] {dag.py:4180} INFO - Setting next_dagrun for example_weekday_branch_operator to 2026-07-21 00:00:00+00:00, run_after=2026-07-22 00:00:00+00:00
[2026-07-22T13:11:55.803+0000] {processor.py:208} INFO - Processing /home/airflow/.local/lib/python3.12/site-packages/airflow/example_dags/example_branch_day_of_week_operator.py took 0.139 seconds
[2026-07-22T13:12:25.980+0000] {processor.py:186} INFO - Started process (PID=727) to work on /home/airflow/.local/lib/python3.12/site-packages/airflow/example_dags/example_branch_day_of_week_operator.py
[2026-07-22T13:12:25.983+0000] {processor.py:914} INFO - Processing file /home/airflow/.local/lib/python3.12/site-packages/airflow/example_dags/example_branch_day_of_week_operator.py for tasks to queue
[2026-07-22T13:12:25.990+0000] {logging_mixin.py:190} INFO - [2026-07-22T13:12:25.988+0000] {dagbag.py:588} INFO - Filling up the DagBag from /home/airflow/.local/lib/python3.12/site-packages/airflow/example_dags/example_branch_day_of_week_operator.py
[2026-07-22T13:12:26.023+0000] {processor.py:925} INFO - DAG(s) 'example_weekday_branch_operator' retrieved from /home/airflow/.local/lib/python3.12/site-packages/airflow/example_dags/example_branch_day_of_week_operator.py
[2026-07-22T13:12:26.076+0000] {logging_mixin.py:190} INFO - [2026-07-22T13:12:26.075+0000] {dag.py:3239} INFO - Sync 1 DAGs
[2026-07-22T13:12:26.124+0000] {logging_mixin.py:190} INFO - [2026-07-22T13:12:26.124+0000] {dag.py:4180} INFO - Setting next_dagrun for example_weekday_branch_operator to 2026-07-21 00:00:00+00:00, run_after=2026-07-22 00:00:00+00:00
[2026-07-22T13:12:26.171+0000] {processor.py:208} INFO - Processing /home/airflow/.local/lib/python3.12/site-packages/airflow/example_dags/example_branch_day_of_week_operator.py took 0.209 seconds
[2026-07-22T13:12:56.251+0000] {processor.py:186} INFO - Started process (PID=790) to work on /home/airflow/.local/lib/python3.12/site-packages/airflow/example_dags/example_branch_day_of_week_operator.py
[2026-07-22T13:12:56.253+0000] {processor.py:914} INFO - Processing file /home/airflow/.local/lib/python3.12/site-packages/airflow/example_dags/example_branch_day_of_week_operator.py for tasks to queue
[2026-07-22T13:12:56.258+0000] {logging_mixin.py:190} INFO - [2026-07-22T13:12:56.257+0000] {dagbag.py:588} INFO - Filling up the DagBag from /home/airflow/.local/lib/python3.12/site-packages/airflow/example_dags/example_branch_day_of_week_operator.py
[2026-07-22T13:12:56.271+0000] {processor.py:925} INFO - DAG(s) 'example_weekday_branch_operator' retrieved from /home/airflow/.local/lib/python3.12/site-packages/airflow/example_dags/example_branch_day_of_week_operator.py
[2026-07-22T13:12:56.302+0000] {logging_mixin.py:190} INFO - [2026-07-22T13:12:56.301+0000] {dag.py:3239} INFO - Sync 1 DAGs
[2026-07-22T13:12:56.339+0000] {logging_mixin.py:190} INFO - [2026-07-22T13:12:56.338+0000] {dag.py:4180} INFO - Setting next_dagrun for example_weekday_branch_operator to 2026-07-21 00:00:00+00:00, run_after=2026-07-22 00:00:00+00:00
[2026-07-22T13:12:56.375+0000] {processor.py:208} INFO - Processing /home/airflow/.local/lib/python3.12/site-packages/airflow/example_dags/example_branch_day_of_week_operator.py took 0.131 seconds
[2026-07-22T13:13:26.786+0000] {processor.py:186} INFO - Started process (PID=853) to work on /home/airflow/.local/lib/python3.12/site-packages/airflow/example_dags/example_branch_day_of_week_operator.py
[2026-07-22T13:13:26.788+0000] {processor.py:914} INFO - Processing file /home/airflow/.local/lib/python3.12/site-packages/airflow/example_dags/example_branch_day_of_week_operator.py for tasks to queue
[2026-07-22T13:13:26.794+0000] {logging_mixin.py:190} INFO - [2026-07-22T13:13:26.793+0000] {dagbag.py:588} INFO - Filling up the DagBag from /home/airflow/.local/lib/python3.12/site-packages/airflow/example_dags/example_branch_day_of_week_operator.py
[2026-07-22T13:13:26.811+0000] {processor.py:925} INFO - DAG(s) 'example_weekday_branch_operator' retrieved from /home/airflow/.local/lib/python3.12/site-packages/airflow/example_dags/example_branch_day_of_week_operator.py
[2026-07-22T13:13:26.844+0000] {logging_mixin.py:190} INFO - [2026-07-22T13:13:26.843+0000] {dag.py:3239} INFO - Sync 1 DAGs
[2026-07-22T13:13:26.897+0000] {logging_mixin.py:190} INFO - [2026-07-22T13:13:26.897+0000] {dag.py:4180} INFO - Setting next_dagrun for example_weekday_branch_operator to 2026-07-21 00:00:00+00:00, run_after=2026-07-22 00:00:00+00:00
[2026-07-22T13:13:26.941+0000] {processor.py:208} INFO - Processing /home/airflow/.local/lib/python3.12/site-packages/airflow/example_dags/example_branch_day_of_week_operator.py took 0.166 seconds
[2026-07-22T13:13:57.594+0000] {processor.py:186} INFO - Started process (PID=914) to work on /home/airflow/.local/lib/python3.12/site-packages/airflow/example_dags/example_branch_day_of_week_operator.py
[2026-07-22T13:13:57.599+0000] {processor.py:914} INFO - Processing file /home/airflow/.local/lib/python3.12/site-packages/airflow/example_dags/example_branch_day_of_week_operator.py for tasks to queue
[2026-07-22T13:13:57.606+0000] {logging_mixin.py:190} INFO - [2026-07-22T13:13:57.606+0000] {dagbag.py:588} INFO - Filling up the DagBag from /home/airflow/.local/lib/python3.12/site-packages/airflow/example_dags/example_branch_day_of_week_operator.py
[2026-07-22T13:13:57.638+0000] {processor.py:925} INFO - DAG(s) 'example_weekday_branch_operator' retrieved from /home/airflow/.local/lib/python3.12/site-packages/airflow/example_dags/example_branch_day_of_week_operator.py
[2026-07-22T13:13:57.691+0000] {logging_mixin.py:190} INFO - [2026-07-22T13:13:57.690+0000] {dag.py:3239} INFO - Sync 1 DAGs
[2026-07-22T13:13:57.748+0000] {logging_mixin.py:190} INFO - [2026-07-22T13:13:57.748+0000] {dag.py:4180} INFO - Setting next_dagrun for example_weekday_branch_operator to 2026-07-21 00:00:00+00:00, run_after=2026-07-22 00:00:00+00:00
[2026-07-22T13:13:57.798+0000] {processor.py:208} INFO - Processing /home/airflow/.local/lib/python3.12/site-packages/airflow/example_dags/example_branch_day_of_week_operator.py took 0.222 seconds
[2026-07-22T13:14:28.757+0000] {processor.py:186} INFO - Started process (PID=976) to work on /home/airflow/.local/lib/python3.12/site-packages/airflow/example_dags/example_branch_day_of_week_operator.py
[2026-07-22T13:14:28.760+0000] {processor.py:914} INFO - Processing file /home/airflow/.local/lib/python3.12/site-packages/airflow/example_dags/example_branch_day_of_week_operator.py for tasks to queue
[2026-07-22T13:14:28.765+0000] {logging_mixin.py:190} INFO - [2026-07-22T13:14:28.765+0000] {dagbag.py:588} INFO - Filling up the DagBag from /home/airflow/.local/lib/python3.12/site-packages/airflow/example_dags/example_branch_day_of_week_operator.py
[2026-07-22T13:14:28.785+0000] {processor.py:925} INFO - DAG(s) 'example_weekday_branch_operator' retrieved from /home/airflow/.local/lib/python3.12/site-packages/airflow/example_dags/example_branch_day_of_week_operator.py
[2026-07-22T13:14:28.820+0000] {logging_mixin.py:190} INFO - [2026-07-22T13:14:28.819+0000] {dag.py:3239} INFO - Sync 1 DAGs
[2026-07-22T13:14:28.881+0000] {logging_mixin.py:190} INFO - [2026-07-22T13:14:28.880+0000] {dag.py:4180} INFO - Setting next_dagrun for example_weekday_branch_operator to 2026-07-21 00:00:00+00:00, run_after=2026-07-22 00:00:00+00:00
[2026-07-22T13:14:28.918+0000] {processor.py:208} INFO - Processing /home/airflow/.local/lib/python3.12/site-packages/airflow/example_dags/example_branch_day_of_week_operator.py took 0.172 seconds
[2026-07-22T13:15:00.322+0000] {processor.py:186} INFO - Started process (PID=1032) to work on /home/airflow/.local/lib/python3.12/site-packages/airflow/example_dags/example_branch_day_of_week_operator.py
[2026-07-22T13:15:00.330+0000] {processor.py:914} INFO - Processing file /home/airflow/.local/lib/python3.12/site-packages/airflow/example_dags/example_branch_day_of_week_operator.py for tasks to queue
[2026-07-22T13:15:00.336+0000] {logging_mixin.py:190} INFO - [2026-07-22T13:15:00.335+0000] {dagbag.py:588} INFO - Filling up the DagBag from /home/airflow/.local/lib/python3.12/site-packages/airflow/example_dags/example_branch_day_of_week_operator.py
[2026-07-22T13:15:00.357+0000] {processor.py:925} INFO - DAG(s) 'example_weekday_branch_operator' retrieved from /home/airflow/.local/lib/python3.12/site-packages/airflow/example_dags/example_branch_day_of_week_operator.py
[2026-07-22T13:15:00.410+0000] {logging_mixin.py:190} INFO - [2026-07-22T13:15:00.410+0000] {dag.py:3239} INFO - Sync 1 DAGs
[2026-07-22T13:15:00.469+0000] {logging_mixin.py:190} INFO - [2026-07-22T13:15:00.468+0000] {dag.py:4180} INFO - Setting next_dagrun for example_weekday_branch_operator to 2026-07-21 00:00:00+00:00, run_after=2026-07-22 00:00:00+00:00
[2026-07-22T13:15:00.512+0000] {processor.py:208} INFO - Processing /home/airflow/.local/lib/python3.12/site-packages/airflow/example_dags/example_branch_day_of_week_operator.py took 0.207 seconds
[2026-07-22T13:15:35.979+0000] {processor.py:186} INFO - Started process (PID=1096) to work on /home/airflow/.local/lib/python3.12/site-packages/airflow/example_dags/example_branch_day_of_week_operator.py
[2026-07-22T13:15:35.983+0000] {processor.py:914} INFO - Processing file /home/airflow/.local/lib/python3.12/site-packages/airflow/example_dags/example_branch_day_of_week_operator.py for tasks to queue
[2026-07-22T13:15:35.992+0000] {logging_mixin.py:190} INFO - [2026-07-22T13:15:35.989+0000] {dagbag.py:588} INFO - Filling up the DagBag from /home/airflow/.local/lib/python3.12/site-packages/airflow/example_dags/example_branch_day_of_week_operator.py
[2026-07-22T13:15:36.030+0000] {processor.py:925} INFO - DAG(s) 'example_weekday_branch_operator' retrieved from /home/airflow/.local/lib/python3.12/site-packages/airflow/example_dags/example_branch_day_of_week_operator.py
[2026-07-22T13:15:36.106+0000] {logging_mixin.py:190} INFO - [2026-07-22T13:15:36.103+0000] {dag.py:3239} INFO - Sync 1 DAGs
[2026-07-22T13:15:36.178+0000] {logging_mixin.py:190} INFO - [2026-07-22T13:15:36.177+0000] {dag.py:4180} INFO - Setting next_dagrun for example_weekday_branch_operator to 2026-07-21 00:00:00+00:00, run_after=2026-07-22 00:00:00+00:00
[2026-07-22T13:15:36.217+0000] {processor.py:208} INFO - Processing /home/airflow/.local/lib/python3.12/site-packages/airflow/example_dags/example_branch_day_of_week_operator.py took 0.258 seconds
[2026-07-22T13:16:08.565+0000] {processor.py:186} INFO - Started process (PID=1159) to work on /home/airflow/.local/lib/python3.12/site-packages/airflow/example_dags/example_branch_day_of_week_operator.py
[2026-07-22T13:16:08.570+0000] {processor.py:914} INFO - Processing file /home/airflow/.local/lib/python3.12/site-packages/airflow/example_dags/example_branch_day_of_week_operator.py for tasks to queue
[2026-07-22T13:16:08.585+0000] {logging_mixin.py:190} INFO - [2026-07-22T13:16:08.582+0000] {dagbag.py:588} INFO - Filling up the DagBag from /home/airflow/.local/lib/python3.12/site-packages/airflow/example_dags/example_branch_day_of_week_operator.py
[2026-07-22T13:16:08.661+0000] {processor.py:925} INFO - DAG(s) 'example_weekday_branch_operator' retrieved from /home/airflow/.local/lib/python3.12/site-packages/airflow/example_dags/example_branch_day_of_week_operator.py
[2026-07-22T13:16:08.821+0000] {logging_mixin.py:190} INFO - [2026-07-22T13:16:08.820+0000] {dag.py:3239} INFO - Sync 1 DAGs
[2026-07-22T13:16:08.997+0000] {logging_mixin.py:190} INFO - [2026-07-22T13:16:08.996+0000] {dag.py:4180} INFO - Setting next_dagrun for example_weekday_branch_operator to 2026-07-21 00:00:00+00:00, run_after=2026-07-22 00:00:00+00:00
[2026-07-22T13:16:09.128+0000] {processor.py:208} INFO - Processing /home/airflow/.local/lib/python3.12/site-packages/airflow/example_dags/example_branch_day_of_week_operator.py took 0.597 seconds
[2026-07-22T13:16:39.252+0000] {processor.py:186} INFO - Started process (PID=1222) to work on /home/airflow/.local/lib/python3.12/site-packages/airflow/example_dags/example_branch_day_of_week_operator.py
[2026-07-22T13:16:39.254+0000] {processor.py:914} INFO - Processing file /home/airflow/.local/lib/python3.12/site-packages/airflow/example_dags/example_branch_day_of_week_operator.py for tasks to queue
[2026-07-22T13:16:39.260+0000] {logging_mixin.py:190} INFO - [2026-07-22T13:16:39.260+0000] {dagbag.py:588} INFO - Filling up the DagBag from /home/airflow/.local/lib/python3.12/site-packages/airflow/example_dags/example_branch_day_of_week_operator.py
[2026-07-22T13:16:39.278+0000] {processor.py:925} INFO - DAG(s) 'example_weekday_branch_operator' retrieved from /home/airflow/.local/lib/python3.12/site-packages/airflow/example_dags/example_branch_day_of_week_operator.py
[2026-07-22T13:16:39.318+0000] {logging_mixin.py:190} INFO - [2026-07-22T13:16:39.318+0000] {dag.py:3239} INFO - Sync 1 DAGs
[2026-07-22T13:16:39.374+0000] {logging_mixin.py:190} INFO - [2026-07-22T13:16:39.373+0000] {dag.py:4180} INFO - Setting next_dagrun for example_weekday_branch_operator to 2026-07-21 00:00:00+00:00, run_after=2026-07-22 00:00:00+00:00
[2026-07-22T13:16:39.407+0000] {processor.py:208} INFO - Processing /home/airflow/.local/lib/python3.12/site-packages/airflow/example_dags/example_branch_day_of_week_operator.py took 0.169 seconds
[2026-07-22T13:17:13.562+0000] {processor.py:186} INFO - Started process (PID=1280) to work on /home/airflow/.local/lib/python3.12/site-packages/airflow/example_dags/example_branch_day_of_week_operator.py
[2026-07-22T13:17:13.566+0000] {processor.py:914} INFO - Processing file /home/airflow/.local/lib/python3.12/site-packages/airflow/example_dags/example_branch_day_of_week_operator.py for tasks to queue
[2026-07-22T13:17:13.575+0000] {logging_mixin.py:190} INFO - [2026-07-22T13:17:13.574+0000] {dagbag.py:588} INFO - Filling up the DagBag from /home/airflow/.local/lib/python3.12/site-packages/airflow/example_dags/example_branch_day_of_week_operator.py
[2026-07-22T13:17:13.608+0000] {processor.py:925} INFO - DAG(s) 'example_weekday_branch_operator' retrieved from /home/airflow/.local/lib/python3.12/site-packages/airflow/example_dags/example_branch_day_of_week_operator.py
[2026-07-22T13:17:13.695+0000] {logging_mixin.py:190} INFO - [2026-07-22T13:17:13.694+0000] {dag.py:3239} INFO - Sync 1 DAGs
[2026-07-22T13:17:13.921+0000] {logging_mixin.py:190} INFO - [2026-07-22T13:17:13.920+0000] {dag.py:4180} INFO - Setting next_dagrun for example_weekday_branch_operator to 2026-07-21 00:00:00+00:00, run_after=2026-07-22 00:00:00+00:00
[2026-07-22T13:17:14.015+0000] {processor.py:208} INFO - Processing /home/airflow/.local/lib/python3.12/site-packages/airflow/example_dags/example_branch_day_of_week_operator.py took 0.477 seconds
[2026-07-22T13:17:44.801+0000] {processor.py:186} INFO - Started process (PID=1343) to work on /home/airflow/.local/lib/python3.12/site-packages/airflow/example_dags/example_branch_day_of_week_operator.py
[2026-07-22T13:17:44.804+0000] {processor.py:914} INFO - Processing file /home/airflow/.local/lib/python3.12/site-packages/airflow/example_dags/example_branch_day_of_week_operator.py for tasks to queue
[2026-07-22T13:17:44.810+0000] {logging_mixin.py:190} INFO - [2026-07-22T13:17:44.809+0000] {dagbag.py:588} INFO - Filling up the DagBag from /home/airflow/.local/lib/python3.12/site-packages/airflow/example_dags/example_branch_day_of_week_operator.py
[2026-07-22T13:17:44.840+0000] {processor.py:925} INFO - DAG(s) 'example_weekday_branch_operator' retrieved from /home/airflow/.local/lib/python3.12/site-packages/airflow/example_dags/example_branch_day_of_week_operator.py
[2026-07-22T13:17:44.903+0000] {logging_mixin.py:190} INFO - [2026-07-22T13:17:44.902+0000] {dag.py:3239} INFO - Sync 1 DAGs
[2026-07-22T13:17:44.987+0000] {logging_mixin.py:190} INFO - [2026-07-22T13:17:44.986+0000] {dag.py:4180} INFO - Setting next_dagrun for example_weekday_branch_operator to 2026-07-21 00:00:00+00:00, run_after=2026-07-22 00:00:00+00:00
[2026-07-22T13:17:45.057+0000] {processor.py:208} INFO - Processing /home/airflow/.local/lib/python3.12/site-packages/airflow/example_dags/example_branch_day_of_week_operator.py took 0.270 seconds
