[2026-07-22T13:07:32.864+0000] {processor.py:186} INFO - Started process (PID=120) to work on /home/airflow/.local/lib/python3.12/site-packages/airflow/example_dags/example_display_name.py
[2026-07-22T13:07:32.867+0000] {processor.py:914} INFO - Processing file /home/airflow/.local/lib/python3.12/site-packages/airflow/example_dags/example_display_name.py for tasks to queue
[2026-07-22T13:07:32.871+0000] {logging_mixin.py:190} INFO - [2026-07-22T13:07:32.870+0000] {dagbag.py:588} INFO - Filling up the DagBag from /home/airflow/.local/lib/python3.12/site-packages/airflow/example_dags/example_display_name.py
[2026-07-22T13:07:32.887+0000] {processor.py:925} INFO - DAG(s) 'example_display_name' retrieved from /home/airflow/.local/lib/python3.12/site-packages/airflow/example_dags/example_display_name.py
[2026-07-22T13:07:33.165+0000] {logging_mixin.py:190} INFO - [2026-07-22T13:07:33.163+0000] {override.py:1912} INFO - Created Permission View: can read on DAG:example_display_name
[2026-07-22T13:07:33.192+0000] {logging_mixin.py:190} INFO - [2026-07-22T13:07:33.191+0000] {override.py:1912} INFO - Created Permission View: can edit on DAG:example_display_name
[2026-07-22T13:07:33.213+0000] {logging_mixin.py:190} INFO - [2026-07-22T13:07:33.212+0000] {override.py:1912} INFO - Created Permission View: can delete on DAG:example_display_name
[2026-07-22T13:07:33.233+0000] {logging_mixin.py:190} INFO - [2026-07-22T13:07:33.233+0000] {override.py:1912} INFO - Created Permission View: can read on DAG Run:example_display_name
[2026-07-22T13:07:33.253+0000] {logging_mixin.py:190} INFO - [2026-07-22T13:07:33.253+0000] {override.py:1912} INFO - Created Permission View: menu access on DAG Run:example_display_name
[2026-07-22T13:07:33.275+0000] {logging_mixin.py:190} INFO - [2026-07-22T13:07:33.274+0000] {override.py:1912} INFO - Created Permission View: can create on DAG Run:example_display_name
[2026-07-22T13:07:33.295+0000] {logging_mixin.py:190} INFO - [2026-07-22T13:07:33.294+0000] {override.py:1912} INFO - Created Permission View: can delete on DAG Run:example_display_name
[2026-07-22T13:07:33.297+0000] {logging_mixin.py:190} INFO - [2026-07-22T13:07:33.296+0000] {dag.py:3239} INFO - Sync 1 DAGs
[2026-07-22T13:07:33.330+0000] {logging_mixin.py:190} INFO - [2026-07-22T13:07:33.330+0000] {dag.py:3262} INFO - Creating ORM DAG for example_display_name
[2026-07-22T13:07:33.333+0000] {logging_mixin.py:190} INFO - [2026-07-22T13:07:33.333+0000] {dag.py:4180} INFO - Setting next_dagrun for example_display_name to None, run_after=None
[2026-07-22T13:07:33.385+0000] {processor.py:208} INFO - Processing /home/airflow/.local/lib/python3.12/site-packages/airflow/example_dags/example_display_name.py took 0.532 seconds
[2026-07-22T13:08:03.578+0000] {processor.py:186} INFO - Started process (PID=183) to work on /home/airflow/.local/lib/python3.12/site-packages/airflow/example_dags/example_display_name.py
[2026-07-22T13:08:03.582+0000] {processor.py:914} INFO - Processing file /home/airflow/.local/lib/python3.12/site-packages/airflow/example_dags/example_display_name.py for tasks to queue
[2026-07-22T13:08:03.586+0000] {logging_mixin.py:190} INFO - [2026-07-22T13:08:03.585+0000] {dagbag.py:588} INFO - Filling up the DagBag from /home/airflow/.local/lib/python3.12/site-packages/airflow/example_dags/example_display_name.py
[2026-07-22T13:08:03.600+0000] {processor.py:925} INFO - DAG(s) 'example_display_name' retrieved from /home/airflow/.local/lib/python3.12/site-packages/airflow/example_dags/example_display_name.py
[2026-07-22T13:08:03.630+0000] {logging_mixin.py:190} INFO - [2026-07-22T13:08:03.630+0000] {dag.py:3239} INFO - Sync 1 DAGs
[2026-07-22T13:08:03.652+0000] {logging_mixin.py:190} INFO - [2026-07-22T13:08:03.652+0000] {dag.py:4180} INFO - Setting next_dagrun for example_display_name to None, run_after=None
[2026-07-22T13:08:03.695+0000] {processor.py:208} INFO - Processing /home/airflow/.local/lib/python3.12/site-packages/airflow/example_dags/example_display_name.py took 0.126 seconds
[2026-07-22T13:08:37.112+0000] {processor.py:186} INFO - Started process (PID=247) to work on /home/airflow/.local/lib/python3.12/site-packages/airflow/example_dags/example_display_name.py
[2026-07-22T13:08:37.116+0000] {processor.py:914} INFO - Processing file /home/airflow/.local/lib/python3.12/site-packages/airflow/example_dags/example_display_name.py for tasks to queue
[2026-07-22T13:08:37.123+0000] {logging_mixin.py:190} INFO - [2026-07-22T13:08:37.122+0000] {dagbag.py:588} INFO - Filling up the DagBag from /home/airflow/.local/lib/python3.12/site-packages/airflow/example_dags/example_display_name.py
[2026-07-22T13:08:37.152+0000] {processor.py:925} INFO - DAG(s) 'example_display_name' retrieved from /home/airflow/.local/lib/python3.12/site-packages/airflow/example_dags/example_display_name.py
[2026-07-22T13:08:37.211+0000] {logging_mixin.py:190} INFO - [2026-07-22T13:08:37.210+0000] {dag.py:3239} INFO - Sync 1 DAGs
[2026-07-22T13:08:37.257+0000] {logging_mixin.py:190} INFO - [2026-07-22T13:08:37.256+0000] {dag.py:4180} INFO - Setting next_dagrun for example_display_name to None, run_after=None
[2026-07-22T13:08:37.316+0000] {processor.py:208} INFO - Processing /home/airflow/.local/lib/python3.12/site-packages/airflow/example_dags/example_display_name.py took 0.216 seconds
[2026-07-22T13:09:07.919+0000] {processor.py:186} INFO - Started process (PID=310) to work on /home/airflow/.local/lib/python3.12/site-packages/airflow/example_dags/example_display_name.py
[2026-07-22T13:09:07.921+0000] {processor.py:914} INFO - Processing file /home/airflow/.local/lib/python3.12/site-packages/airflow/example_dags/example_display_name.py for tasks to queue
[2026-07-22T13:09:07.926+0000] {logging_mixin.py:190} INFO - [2026-07-22T13:09:07.925+0000] {dagbag.py:588} INFO - Filling up the DagBag from /home/airflow/.local/lib/python3.12/site-packages/airflow/example_dags/example_display_name.py
[2026-07-22T13:09:07.940+0000] {processor.py:925} INFO - DAG(s) 'example_display_name' retrieved from /home/airflow/.local/lib/python3.12/site-packages/airflow/example_dags/example_display_name.py
[2026-07-22T13:09:07.975+0000] {logging_mixin.py:190} INFO - [2026-07-22T13:09:07.975+0000] {dag.py:3239} INFO - Sync 1 DAGs
[2026-07-22T13:09:08.010+0000] {logging_mixin.py:190} INFO - [2026-07-22T13:09:08.010+0000] {dag.py:4180} INFO - Setting next_dagrun for example_display_name to None, run_after=None
[2026-07-22T13:09:08.047+0000] {processor.py:208} INFO - Processing /home/airflow/.local/lib/python3.12/site-packages/airflow/example_dags/example_display_name.py took 0.138 seconds
[2026-07-22T13:09:38.163+0000] {processor.py:186} INFO - Started process (PID=373) to work on /home/airflow/.local/lib/python3.12/site-packages/airflow/example_dags/example_display_name.py
[2026-07-22T13:09:38.165+0000] {processor.py:914} INFO - Processing file /home/airflow/.local/lib/python3.12/site-packages/airflow/example_dags/example_display_name.py for tasks to queue
[2026-07-22T13:09:38.170+0000] {logging_mixin.py:190} INFO - [2026-07-22T13:09:38.170+0000] {dagbag.py:588} INFO - Filling up the DagBag from /home/airflow/.local/lib/python3.12/site-packages/airflow/example_dags/example_display_name.py
[2026-07-22T13:09:38.184+0000] {processor.py:925} INFO - DAG(s) 'example_display_name' retrieved from /home/airflow/.local/lib/python3.12/site-packages/airflow/example_dags/example_display_name.py
[2026-07-22T13:09:38.220+0000] {logging_mixin.py:190} INFO - [2026-07-22T13:09:38.220+0000] {dag.py:3239} INFO - Sync 1 DAGs
[2026-07-22T13:09:38.242+0000] {logging_mixin.py:190} INFO - [2026-07-22T13:09:38.242+0000] {dag.py:4180} INFO - Setting next_dagrun for example_display_name to None, run_after=None
[2026-07-22T13:09:38.279+0000] {processor.py:208} INFO - Processing /home/airflow/.local/lib/python3.12/site-packages/airflow/example_dags/example_display_name.py took 0.126 seconds
[2026-07-22T13:10:08.586+0000] {processor.py:186} INFO - Started process (PID=435) to work on /home/airflow/.local/lib/python3.12/site-packages/airflow/example_dags/example_display_name.py
[2026-07-22T13:10:08.588+0000] {processor.py:914} INFO - Processing file /home/airflow/.local/lib/python3.12/site-packages/airflow/example_dags/example_display_name.py for tasks to queue
[2026-07-22T13:10:08.592+0000] {logging_mixin.py:190} INFO - [2026-07-22T13:10:08.591+0000] {dagbag.py:588} INFO - Filling up the DagBag from /home/airflow/.local/lib/python3.12/site-packages/airflow/example_dags/example_display_name.py
[2026-07-22T13:10:08.605+0000] {processor.py:925} INFO - DAG(s) 'example_display_name' retrieved from /home/airflow/.local/lib/python3.12/site-packages/airflow/example_dags/example_display_name.py
[2026-07-22T13:10:08.641+0000] {logging_mixin.py:190} INFO - [2026-07-22T13:10:08.640+0000] {dag.py:3239} INFO - Sync 1 DAGs
[2026-07-22T13:10:08.664+0000] {logging_mixin.py:190} INFO - [2026-07-22T13:10:08.663+0000] {dag.py:4180} INFO - Setting next_dagrun for example_display_name to None, run_after=None
[2026-07-22T13:10:08.697+0000] {processor.py:208} INFO - Processing /home/airflow/.local/lib/python3.12/site-packages/airflow/example_dags/example_display_name.py took 0.120 seconds
[2026-07-22T13:10:40.872+0000] {processor.py:186} INFO - Started process (PID=499) to work on /home/airflow/.local/lib/python3.12/site-packages/airflow/example_dags/example_display_name.py
[2026-07-22T13:10:40.879+0000] {processor.py:914} INFO - Processing file /home/airflow/.local/lib/python3.12/site-packages/airflow/example_dags/example_display_name.py for tasks to queue
[2026-07-22T13:10:40.895+0000] {logging_mixin.py:190} INFO - [2026-07-22T13:10:40.894+0000] {dagbag.py:588} INFO - Filling up the DagBag from /home/airflow/.local/lib/python3.12/site-packages/airflow/example_dags/example_display_name.py
[2026-07-22T13:10:40.935+0000] {processor.py:925} INFO - DAG(s) 'example_display_name' retrieved from /home/airflow/.local/lib/python3.12/site-packages/airflow/example_dags/example_display_name.py
[2026-07-22T13:10:41.017+0000] {logging_mixin.py:190} INFO - [2026-07-22T13:10:41.016+0000] {dag.py:3239} INFO - Sync 1 DAGs
[2026-07-22T13:10:41.107+0000] {logging_mixin.py:190} INFO - [2026-07-22T13:10:41.106+0000] {dag.py:4180} INFO - Setting next_dagrun for example_display_name to None, run_after=None
[2026-07-22T13:10:41.143+0000] {processor.py:208} INFO - Processing /home/airflow/.local/lib/python3.12/site-packages/airflow/example_dags/example_display_name.py took 0.293 seconds
[2026-07-22T13:11:11.487+0000] {processor.py:186} INFO - Started process (PID=561) to work on /home/airflow/.local/lib/python3.12/site-packages/airflow/example_dags/example_display_name.py
[2026-07-22T13:11:11.490+0000] {processor.py:914} INFO - Processing file /home/airflow/.local/lib/python3.12/site-packages/airflow/example_dags/example_display_name.py for tasks to queue
[2026-07-22T13:11:11.498+0000] {logging_mixin.py:190} INFO - [2026-07-22T13:11:11.497+0000] {dagbag.py:588} INFO - Filling up the DagBag from /home/airflow/.local/lib/python3.12/site-packages/airflow/example_dags/example_display_name.py
[2026-07-22T13:11:11.522+0000] {processor.py:925} INFO - DAG(s) 'example_display_name' retrieved from /home/airflow/.local/lib/python3.12/site-packages/airflow/example_dags/example_display_name.py
[2026-07-22T13:11:11.651+0000] {logging_mixin.py:190} INFO - [2026-07-22T13:11:11.641+0000] {dag.py:3239} INFO - Sync 1 DAGs
[2026-07-22T13:11:11.740+0000] {logging_mixin.py:190} INFO - [2026-07-22T13:11:11.739+0000] {dag.py:4180} INFO - Setting next_dagrun for example_display_name to None, run_after=None
[2026-07-22T13:11:11.809+0000] {processor.py:208} INFO - Processing /home/airflow/.local/lib/python3.12/site-packages/airflow/example_dags/example_display_name.py took 0.336 seconds
[2026-07-22T13:11:42.808+0000] {processor.py:186} INFO - Started process (PID=624) to work on /home/airflow/.local/lib/python3.12/site-packages/airflow/example_dags/example_display_name.py
[2026-07-22T13:11:42.810+0000] {processor.py:914} INFO - Processing file /home/airflow/.local/lib/python3.12/site-packages/airflow/example_dags/example_display_name.py for tasks to queue
[2026-07-22T13:11:42.817+0000] {logging_mixin.py:190} INFO - [2026-07-22T13:11:42.816+0000] {dagbag.py:588} INFO - Filling up the DagBag from /home/airflow/.local/lib/python3.12/site-packages/airflow/example_dags/example_display_name.py
[2026-07-22T13:11:42.830+0000] {processor.py:925} INFO - DAG(s) 'example_display_name' retrieved from /home/airflow/.local/lib/python3.12/site-packages/airflow/example_dags/example_display_name.py
[2026-07-22T13:11:42.859+0000] {logging_mixin.py:190} INFO - [2026-07-22T13:11:42.859+0000] {dag.py:3239} INFO - Sync 1 DAGs
[2026-07-22T13:11:42.885+0000] {logging_mixin.py:190} INFO - [2026-07-22T13:11:42.885+0000] {dag.py:4180} INFO - Setting next_dagrun for example_display_name to None, run_after=None
[2026-07-22T13:11:42.923+0000] {processor.py:208} INFO - Processing /home/airflow/.local/lib/python3.12/site-packages/airflow/example_dags/example_display_name.py took 0.122 seconds
[2026-07-22T13:12:15.590+0000] {processor.py:186} INFO - Started process (PID=688) to work on /home/airflow/.local/lib/python3.12/site-packages/airflow/example_dags/example_display_name.py
[2026-07-22T13:12:15.592+0000] {processor.py:914} INFO - Processing file /home/airflow/.local/lib/python3.12/site-packages/airflow/example_dags/example_display_name.py for tasks to queue
[2026-07-22T13:12:15.596+0000] {logging_mixin.py:190} INFO - [2026-07-22T13:12:15.596+0000] {dagbag.py:588} INFO - Filling up the DagBag from /home/airflow/.local/lib/python3.12/site-packages/airflow/example_dags/example_display_name.py
[2026-07-22T13:12:15.611+0000] {processor.py:925} INFO - DAG(s) 'example_display_name' retrieved from /home/airflow/.local/lib/python3.12/site-packages/airflow/example_dags/example_display_name.py
[2026-07-22T13:12:15.649+0000] {logging_mixin.py:190} INFO - [2026-07-22T13:12:15.648+0000] {dag.py:3239} INFO - Sync 1 DAGs
[2026-07-22T13:12:15.676+0000] {logging_mixin.py:190} INFO - [2026-07-22T13:12:15.676+0000] {dag.py:4180} INFO - Setting next_dagrun for example_display_name to None, run_after=None
[2026-07-22T13:12:15.718+0000] {processor.py:208} INFO - Processing /home/airflow/.local/lib/python3.12/site-packages/airflow/example_dags/example_display_name.py took 0.139 seconds
[2026-07-22T13:12:48.130+0000] {processor.py:186} INFO - Started process (PID=757) to work on /home/airflow/.local/lib/python3.12/site-packages/airflow/example_dags/example_display_name.py
[2026-07-22T13:12:48.132+0000] {processor.py:914} INFO - Processing file /home/airflow/.local/lib/python3.12/site-packages/airflow/example_dags/example_display_name.py for tasks to queue
[2026-07-22T13:12:48.136+0000] {logging_mixin.py:190} INFO - [2026-07-22T13:12:48.136+0000] {dagbag.py:588} INFO - Filling up the DagBag from /home/airflow/.local/lib/python3.12/site-packages/airflow/example_dags/example_display_name.py
[2026-07-22T13:12:48.149+0000] {processor.py:925} INFO - DAG(s) 'example_display_name' retrieved from /home/airflow/.local/lib/python3.12/site-packages/airflow/example_dags/example_display_name.py
[2026-07-22T13:12:48.190+0000] {logging_mixin.py:190} INFO - [2026-07-22T13:12:48.190+0000] {dag.py:3239} INFO - Sync 1 DAGs
[2026-07-22T13:12:48.223+0000] {logging_mixin.py:190} INFO - [2026-07-22T13:12:48.223+0000] {dag.py:4180} INFO - Setting next_dagrun for example_display_name to None, run_after=None
[2026-07-22T13:12:48.270+0000] {processor.py:208} INFO - Processing /home/airflow/.local/lib/python3.12/site-packages/airflow/example_dags/example_display_name.py took 0.148 seconds
[2026-07-22T13:13:20.745+0000] {processor.py:186} INFO - Started process (PID=820) to work on /home/airflow/.local/lib/python3.12/site-packages/airflow/example_dags/example_display_name.py
[2026-07-22T13:13:20.750+0000] {processor.py:914} INFO - Processing file /home/airflow/.local/lib/python3.12/site-packages/airflow/example_dags/example_display_name.py for tasks to queue
[2026-07-22T13:13:20.770+0000] {logging_mixin.py:190} INFO - [2026-07-22T13:13:20.769+0000] {dagbag.py:588} INFO - Filling up the DagBag from /home/airflow/.local/lib/python3.12/site-packages/airflow/example_dags/example_display_name.py
[2026-07-22T13:13:20.843+0000] {processor.py:925} INFO - DAG(s) 'example_display_name' retrieved from /home/airflow/.local/lib/python3.12/site-packages/airflow/example_dags/example_display_name.py
[2026-07-22T13:13:20.958+0000] {logging_mixin.py:190} INFO - [2026-07-22T13:13:20.957+0000] {dag.py:3239} INFO - Sync 1 DAGs
[2026-07-22T13:13:21.042+0000] {logging_mixin.py:190} INFO - [2026-07-22T13:13:21.042+0000] {dag.py:4180} INFO - Setting next_dagrun for example_display_name to None, run_after=None
[2026-07-22T13:13:21.142+0000] {processor.py:208} INFO - Processing /home/airflow/.local/lib/python3.12/site-packages/airflow/example_dags/example_display_name.py took 0.412 seconds
[2026-07-22T13:13:52.193+0000] {processor.py:186} INFO - Started process (PID=882) to work on /home/airflow/.local/lib/python3.12/site-packages/airflow/example_dags/example_display_name.py
[2026-07-22T13:13:52.195+0000] {processor.py:914} INFO - Processing file /home/airflow/.local/lib/python3.12/site-packages/airflow/example_dags/example_display_name.py for tasks to queue
[2026-07-22T13:13:52.200+0000] {logging_mixin.py:190} INFO - [2026-07-22T13:13:52.199+0000] {dagbag.py:588} INFO - Filling up the DagBag from /home/airflow/.local/lib/python3.12/site-packages/airflow/example_dags/example_display_name.py
[2026-07-22T13:13:52.212+0000] {processor.py:925} INFO - DAG(s) 'example_display_name' retrieved from /home/airflow/.local/lib/python3.12/site-packages/airflow/example_dags/example_display_name.py
[2026-07-22T13:13:52.239+0000] {logging_mixin.py:190} INFO - [2026-07-22T13:13:52.238+0000] {dag.py:3239} INFO - Sync 1 DAGs
[2026-07-22T13:13:52.263+0000] {logging_mixin.py:190} INFO - [2026-07-22T13:13:52.262+0000] {dag.py:4180} INFO - Setting next_dagrun for example_display_name to None, run_after=None
[2026-07-22T13:13:52.300+0000] {processor.py:208} INFO - Processing /home/airflow/.local/lib/python3.12/site-packages/airflow/example_dags/example_display_name.py took 0.115 seconds
[2026-07-22T13:14:24.606+0000] {processor.py:186} INFO - Started process (PID=945) to work on /home/airflow/.local/lib/python3.12/site-packages/airflow/example_dags/example_display_name.py
[2026-07-22T13:14:24.608+0000] {processor.py:914} INFO - Processing file /home/airflow/.local/lib/python3.12/site-packages/airflow/example_dags/example_display_name.py for tasks to queue
[2026-07-22T13:14:24.614+0000] {logging_mixin.py:190} INFO - [2026-07-22T13:14:24.614+0000] {dagbag.py:588} INFO - Filling up the DagBag from /home/airflow/.local/lib/python3.12/site-packages/airflow/example_dags/example_display_name.py
[2026-07-22T13:14:24.636+0000] {processor.py:925} INFO - DAG(s) 'example_display_name' retrieved from /home/airflow/.local/lib/python3.12/site-packages/airflow/example_dags/example_display_name.py
[2026-07-22T13:14:24.678+0000] {logging_mixin.py:190} INFO - [2026-07-22T13:14:24.677+0000] {dag.py:3239} INFO - Sync 1 DAGs
[2026-07-22T13:14:24.706+0000] {logging_mixin.py:190} INFO - [2026-07-22T13:14:24.706+0000] {dag.py:4180} INFO - Setting next_dagrun for example_display_name to None, run_after=None
[2026-07-22T13:14:24.746+0000] {processor.py:208} INFO - Processing /home/airflow/.local/lib/python3.12/site-packages/airflow/example_dags/example_display_name.py took 0.153 seconds
[2026-07-22T13:14:57.551+0000] {processor.py:186} INFO - Started process (PID=1014) to work on /home/airflow/.local/lib/python3.12/site-packages/airflow/example_dags/example_display_name.py
[2026-07-22T13:14:57.555+0000] {processor.py:914} INFO - Processing file /home/airflow/.local/lib/python3.12/site-packages/airflow/example_dags/example_display_name.py for tasks to queue
[2026-07-22T13:14:57.562+0000] {logging_mixin.py:190} INFO - [2026-07-22T13:14:57.561+0000] {dagbag.py:588} INFO - Filling up the DagBag from /home/airflow/.local/lib/python3.12/site-packages/airflow/example_dags/example_display_name.py
[2026-07-22T13:14:57.584+0000] {processor.py:925} INFO - DAG(s) 'example_display_name' retrieved from /home/airflow/.local/lib/python3.12/site-packages/airflow/example_dags/example_display_name.py
[2026-07-22T13:14:57.626+0000] {logging_mixin.py:190} INFO - [2026-07-22T13:14:57.625+0000] {dag.py:3239} INFO - Sync 1 DAGs
[2026-07-22T13:14:57.666+0000] {logging_mixin.py:190} INFO - [2026-07-22T13:14:57.665+0000] {dag.py:4180} INFO - Setting next_dagrun for example_display_name to None, run_after=None
[2026-07-22T13:14:57.714+0000] {processor.py:208} INFO - Processing /home/airflow/.local/lib/python3.12/site-packages/airflow/example_dags/example_display_name.py took 0.179 seconds
[2026-07-22T13:15:33.236+0000] {processor.py:186} INFO - Started process (PID=1085) to work on /home/airflow/.local/lib/python3.12/site-packages/airflow/example_dags/example_display_name.py
[2026-07-22T13:15:33.239+0000] {processor.py:914} INFO - Processing file /home/airflow/.local/lib/python3.12/site-packages/airflow/example_dags/example_display_name.py for tasks to queue
[2026-07-22T13:15:33.248+0000] {logging_mixin.py:190} INFO - [2026-07-22T13:15:33.247+0000] {dagbag.py:588} INFO - Filling up the DagBag from /home/airflow/.local/lib/python3.12/site-packages/airflow/example_dags/example_display_name.py
[2026-07-22T13:15:33.275+0000] {processor.py:925} INFO - DAG(s) 'example_display_name' retrieved from /home/airflow/.local/lib/python3.12/site-packages/airflow/example_dags/example_display_name.py
[2026-07-22T13:15:33.350+0000] {logging_mixin.py:190} INFO - [2026-07-22T13:15:33.349+0000] {dag.py:3239} INFO - Sync 1 DAGs
[2026-07-22T13:15:33.415+0000] {logging_mixin.py:190} INFO - [2026-07-22T13:15:33.414+0000] {dag.py:4180} INFO - Setting next_dagrun for example_display_name to None, run_after=None
[2026-07-22T13:15:33.486+0000] {processor.py:208} INFO - Processing /home/airflow/.local/lib/python3.12/site-packages/airflow/example_dags/example_display_name.py took 0.269 seconds
[2026-07-22T13:16:03.876+0000] {processor.py:186} INFO - Started process (PID=1147) to work on /home/airflow/.local/lib/python3.12/site-packages/airflow/example_dags/example_display_name.py
[2026-07-22T13:16:03.879+0000] {processor.py:914} INFO - Processing file /home/airflow/.local/lib/python3.12/site-packages/airflow/example_dags/example_display_name.py for tasks to queue
[2026-07-22T13:16:03.885+0000] {logging_mixin.py:190} INFO - [2026-07-22T13:16:03.884+0000] {dagbag.py:588} INFO - Filling up the DagBag from /home/airflow/.local/lib/python3.12/site-packages/airflow/example_dags/example_display_name.py
[2026-07-22T13:16:03.910+0000] {processor.py:925} INFO - DAG(s) 'example_display_name' retrieved from /home/airflow/.local/lib/python3.12/site-packages/airflow/example_dags/example_display_name.py
[2026-07-22T13:16:03.945+0000] {logging_mixin.py:190} INFO - [2026-07-22T13:16:03.944+0000] {dag.py:3239} INFO - Sync 1 DAGs
[2026-07-22T13:16:03.969+0000] {logging_mixin.py:190} INFO - [2026-07-22T13:16:03.968+0000] {dag.py:4180} INFO - Setting next_dagrun for example_display_name to None, run_after=None
[2026-07-22T13:16:04.008+0000] {processor.py:208} INFO - Processing /home/airflow/.local/lib/python3.12/site-packages/airflow/example_dags/example_display_name.py took 0.143 seconds
[2026-07-22T13:16:35.285+0000] {processor.py:186} INFO - Started process (PID=1210) to work on /home/airflow/.local/lib/python3.12/site-packages/airflow/example_dags/example_display_name.py
[2026-07-22T13:16:35.288+0000] {processor.py:914} INFO - Processing file /home/airflow/.local/lib/python3.12/site-packages/airflow/example_dags/example_display_name.py for tasks to queue
[2026-07-22T13:16:35.296+0000] {logging_mixin.py:190} INFO - [2026-07-22T13:16:35.295+0000] {dagbag.py:588} INFO - Filling up the DagBag from /home/airflow/.local/lib/python3.12/site-packages/airflow/example_dags/example_display_name.py
[2026-07-22T13:16:35.315+0000] {processor.py:925} INFO - DAG(s) 'example_display_name' retrieved from /home/airflow/.local/lib/python3.12/site-packages/airflow/example_dags/example_display_name.py
[2026-07-22T13:16:35.354+0000] {logging_mixin.py:190} INFO - [2026-07-22T13:16:35.353+0000] {dag.py:3239} INFO - Sync 1 DAGs
[2026-07-22T13:16:35.399+0000] {logging_mixin.py:190} INFO - [2026-07-22T13:16:35.398+0000] {dag.py:4180} INFO - Setting next_dagrun for example_display_name to None, run_after=None
[2026-07-22T13:16:35.464+0000] {processor.py:208} INFO - Processing /home/airflow/.local/lib/python3.12/site-packages/airflow/example_dags/example_display_name.py took 0.192 seconds
[2026-07-22T13:17:11.130+0000] {processor.py:186} INFO - Started process (PID=1273) to work on /home/airflow/.local/lib/python3.12/site-packages/airflow/example_dags/example_display_name.py
[2026-07-22T13:17:11.209+0000] {processor.py:914} INFO - Processing file /home/airflow/.local/lib/python3.12/site-packages/airflow/example_dags/example_display_name.py for tasks to queue
[2026-07-22T13:17:11.241+0000] {logging_mixin.py:190} INFO - [2026-07-22T13:17:11.240+0000] {dagbag.py:588} INFO - Filling up the DagBag from /home/airflow/.local/lib/python3.12/site-packages/airflow/example_dags/example_display_name.py
[2026-07-22T13:17:11.304+0000] {processor.py:925} INFO - DAG(s) 'example_display_name' retrieved from /home/airflow/.local/lib/python3.12/site-packages/airflow/example_dags/example_display_name.py
[2026-07-22T13:17:11.377+0000] {logging_mixin.py:190} INFO - [2026-07-22T13:17:11.376+0000] {dag.py:3239} INFO - Sync 1 DAGs
[2026-07-22T13:17:11.453+0000] {logging_mixin.py:190} INFO - [2026-07-22T13:17:11.453+0000] {dag.py:4180} INFO - Setting next_dagrun for example_display_name to None, run_after=None
[2026-07-22T13:17:11.593+0000] {processor.py:208} INFO - Processing /home/airflow/.local/lib/python3.12/site-packages/airflow/example_dags/example_display_name.py took 0.506 seconds
[2026-07-22T13:17:42.175+0000] {processor.py:186} INFO - Started process (PID=1336) to work on /home/airflow/.local/lib/python3.12/site-packages/airflow/example_dags/example_display_name.py
[2026-07-22T13:17:42.178+0000] {processor.py:914} INFO - Processing file /home/airflow/.local/lib/python3.12/site-packages/airflow/example_dags/example_display_name.py for tasks to queue
[2026-07-22T13:17:42.184+0000] {logging_mixin.py:190} INFO - [2026-07-22T13:17:42.184+0000] {dagbag.py:588} INFO - Filling up the DagBag from /home/airflow/.local/lib/python3.12/site-packages/airflow/example_dags/example_display_name.py
[2026-07-22T13:17:42.206+0000] {processor.py:925} INFO - DAG(s) 'example_display_name' retrieved from /home/airflow/.local/lib/python3.12/site-packages/airflow/example_dags/example_display_name.py
[2026-07-22T13:17:42.250+0000] {logging_mixin.py:190} INFO - [2026-07-22T13:17:42.250+0000] {dag.py:3239} INFO - Sync 1 DAGs
[2026-07-22T13:17:42.283+0000] {logging_mixin.py:190} INFO - [2026-07-22T13:17:42.282+0000] {dag.py:4180} INFO - Setting next_dagrun for example_display_name to None, run_after=None
[2026-07-22T13:17:42.336+0000] {processor.py:208} INFO - Processing /home/airflow/.local/lib/python3.12/site-packages/airflow/example_dags/example_display_name.py took 0.171 seconds
