[2026-07-22T13:07:21.769+0000] {processor.py:186} INFO - Started process (PID=100) to work on /home/airflow/.local/lib/python3.12/site-packages/airflow/example_dags/example_datasets.py
[2026-07-22T13:07:21.772+0000] {processor.py:914} INFO - Processing file /home/airflow/.local/lib/python3.12/site-packages/airflow/example_dags/example_datasets.py for tasks to queue
[2026-07-22T13:07:21.781+0000] {logging_mixin.py:190} INFO - [2026-07-22T13:07:21.780+0000] {dagbag.py:588} INFO - Filling up the DagBag from /home/airflow/.local/lib/python3.12/site-packages/airflow/example_dags/example_datasets.py
[2026-07-22T13:07:23.596+0000] {processor.py:925} INFO - DAG(s) 'consume_1_and_2_with_dataset_expressions', 'dataset_produces_1', 'consume_1_or_both_2_and_3_with_dataset_expressions', 'dataset_consumes_1_never_scheduled', 'dataset_consumes_unknown_never_scheduled', 'dataset_produces_2', 'dataset_consumes_1_and_2', 'conditional_dataset_and_time_based_timetable', 'dataset_consumes_1', 'consume_1_or_2_with_dataset_expressions' retrieved from /home/airflow/.local/lib/python3.12/site-packages/airflow/example_dags/example_datasets.py
[2026-07-22T13:07:23.964+0000] {logging_mixin.py:190} INFO - [2026-07-22T13:07:23.962+0000] {override.py:1912} INFO - Created Permission View: can read on DAG:consume_1_and_2_with_dataset_expressions
[2026-07-22T13:07:23.998+0000] {logging_mixin.py:190} INFO - [2026-07-22T13:07:23.997+0000] {override.py:1912} INFO - Created Permission View: can edit on DAG:consume_1_and_2_with_dataset_expressions
[2026-07-22T13:07:24.021+0000] {logging_mixin.py:190} INFO - [2026-07-22T13:07:24.020+0000] {override.py:1912} INFO - Created Permission View: can delete on DAG:consume_1_and_2_with_dataset_expressions
[2026-07-22T13:07:24.042+0000] {logging_mixin.py:190} INFO - [2026-07-22T13:07:24.042+0000] {override.py:1912} INFO - Created Permission View: can read on DAG Run:consume_1_and_2_with_dataset_expressions
[2026-07-22T13:07:24.064+0000] {logging_mixin.py:190} INFO - [2026-07-22T13:07:24.064+0000] {override.py:1912} INFO - Created Permission View: menu access on DAG Run:consume_1_and_2_with_dataset_expressions
[2026-07-22T13:07:24.086+0000] {logging_mixin.py:190} INFO - [2026-07-22T13:07:24.085+0000] {override.py:1912} INFO - Created Permission View: can create on DAG Run:consume_1_and_2_with_dataset_expressions
[2026-07-22T13:07:24.107+0000] {logging_mixin.py:190} INFO - [2026-07-22T13:07:24.107+0000] {override.py:1912} INFO - Created Permission View: can delete on DAG Run:consume_1_and_2_with_dataset_expressions
[2026-07-22T13:07:24.144+0000] {logging_mixin.py:190} INFO - [2026-07-22T13:07:24.143+0000] {override.py:1912} INFO - Created Permission View: can read on DAG:dataset_produces_1
[2026-07-22T13:07:24.164+0000] {logging_mixin.py:190} INFO - [2026-07-22T13:07:24.163+0000] {override.py:1912} INFO - Created Permission View: can edit on DAG:dataset_produces_1
[2026-07-22T13:07:24.184+0000] {logging_mixin.py:190} INFO - [2026-07-22T13:07:24.184+0000] {override.py:1912} INFO - Created Permission View: can delete on DAG:dataset_produces_1
[2026-07-22T13:07:24.208+0000] {logging_mixin.py:190} INFO - [2026-07-22T13:07:24.208+0000] {override.py:1912} INFO - Created Permission View: can read on DAG Run:dataset_produces_1
[2026-07-22T13:07:24.228+0000] {logging_mixin.py:190} INFO - [2026-07-22T13:07:24.227+0000] {override.py:1912} INFO - Created Permission View: menu access on DAG Run:dataset_produces_1
[2026-07-22T13:07:24.247+0000] {logging_mixin.py:190} INFO - [2026-07-22T13:07:24.246+0000] {override.py:1912} INFO - Created Permission View: can create on DAG Run:dataset_produces_1
[2026-07-22T13:07:24.267+0000] {logging_mixin.py:190} INFO - [2026-07-22T13:07:24.267+0000] {override.py:1912} INFO - Created Permission View: can delete on DAG Run:dataset_produces_1
[2026-07-22T13:07:24.305+0000] {logging_mixin.py:190} INFO - [2026-07-22T13:07:24.304+0000] {override.py:1912} INFO - Created Permission View: can read on DAG:consume_1_or_both_2_and_3_with_dataset_expressions
[2026-07-22T13:07:24.325+0000] {logging_mixin.py:190} INFO - [2026-07-22T13:07:24.324+0000] {override.py:1912} INFO - Created Permission View: can edit on DAG:consume_1_or_both_2_and_3_with_dataset_expressions
[2026-07-22T13:07:24.348+0000] {logging_mixin.py:190} INFO - [2026-07-22T13:07:24.347+0000] {override.py:1912} INFO - Created Permission View: can delete on DAG:consume_1_or_both_2_and_3_with_dataset_expressions
[2026-07-22T13:07:24.377+0000] {logging_mixin.py:190} INFO - [2026-07-22T13:07:24.375+0000] {override.py:1912} INFO - Created Permission View: can read on DAG Run:consume_1_or_both_2_and_3_with_dataset_expressions
[2026-07-22T13:07:24.402+0000] {logging_mixin.py:190} INFO - [2026-07-22T13:07:24.401+0000] {override.py:1912} INFO - Created Permission View: menu access on DAG Run:consume_1_or_both_2_and_3_with_dataset_expressions
[2026-07-22T13:07:24.423+0000] {logging_mixin.py:190} INFO - [2026-07-22T13:07:24.422+0000] {override.py:1912} INFO - Created Permission View: can create on DAG Run:consume_1_or_both_2_and_3_with_dataset_expressions
[2026-07-22T13:07:24.450+0000] {logging_mixin.py:190} INFO - [2026-07-22T13:07:24.450+0000] {override.py:1912} INFO - Created Permission View: can delete on DAG Run:consume_1_or_both_2_and_3_with_dataset_expressions
[2026-07-22T13:07:24.486+0000] {logging_mixin.py:190} INFO - [2026-07-22T13:07:24.485+0000] {override.py:1912} INFO - Created Permission View: can read on DAG:dataset_consumes_1_never_scheduled
[2026-07-22T13:07:24.505+0000] {logging_mixin.py:190} INFO - [2026-07-22T13:07:24.504+0000] {override.py:1912} INFO - Created Permission View: can edit on DAG:dataset_consumes_1_never_scheduled
[2026-07-22T13:07:24.522+0000] {logging_mixin.py:190} INFO - [2026-07-22T13:07:24.521+0000] {override.py:1912} INFO - Created Permission View: can delete on DAG:dataset_consumes_1_never_scheduled
[2026-07-22T13:07:24.544+0000] {logging_mixin.py:190} INFO - [2026-07-22T13:07:24.543+0000] {override.py:1912} INFO - Created Permission View: can read on DAG Run:dataset_consumes_1_never_scheduled
[2026-07-22T13:07:24.563+0000] {logging_mixin.py:190} INFO - [2026-07-22T13:07:24.562+0000] {override.py:1912} INFO - Created Permission View: menu access on DAG Run:dataset_consumes_1_never_scheduled
[2026-07-22T13:07:24.580+0000] {logging_mixin.py:190} INFO - [2026-07-22T13:07:24.580+0000] {override.py:1912} INFO - Created Permission View: can create on DAG Run:dataset_consumes_1_never_scheduled
[2026-07-22T13:07:24.596+0000] {logging_mixin.py:190} INFO - [2026-07-22T13:07:24.596+0000] {override.py:1912} INFO - Created Permission View: can delete on DAG Run:dataset_consumes_1_never_scheduled
[2026-07-22T13:07:24.633+0000] {logging_mixin.py:190} INFO - [2026-07-22T13:07:24.632+0000] {override.py:1912} INFO - Created Permission View: can read on DAG:dataset_consumes_unknown_never_scheduled
[2026-07-22T13:07:24.653+0000] {logging_mixin.py:190} INFO - [2026-07-22T13:07:24.653+0000] {override.py:1912} INFO - Created Permission View: can edit on DAG:dataset_consumes_unknown_never_scheduled
[2026-07-22T13:07:24.671+0000] {logging_mixin.py:190} INFO - [2026-07-22T13:07:24.670+0000] {override.py:1912} INFO - Created Permission View: can delete on DAG:dataset_consumes_unknown_never_scheduled
[2026-07-22T13:07:24.691+0000] {logging_mixin.py:190} INFO - [2026-07-22T13:07:24.691+0000] {override.py:1912} INFO - Created Permission View: can read on DAG Run:dataset_consumes_unknown_never_scheduled
[2026-07-22T13:07:24.710+0000] {logging_mixin.py:190} INFO - [2026-07-22T13:07:24.709+0000] {override.py:1912} INFO - Created Permission View: menu access on DAG Run:dataset_consumes_unknown_never_scheduled
[2026-07-22T13:07:24.730+0000] {logging_mixin.py:190} INFO - [2026-07-22T13:07:24.729+0000] {override.py:1912} INFO - Created Permission View: can create on DAG Run:dataset_consumes_unknown_never_scheduled
[2026-07-22T13:07:24.750+0000] {logging_mixin.py:190} INFO - [2026-07-22T13:07:24.749+0000] {override.py:1912} INFO - Created Permission View: can delete on DAG Run:dataset_consumes_unknown_never_scheduled
[2026-07-22T13:07:24.783+0000] {logging_mixin.py:190} INFO - [2026-07-22T13:07:24.783+0000] {override.py:1912} INFO - Created Permission View: can read on DAG:dataset_produces_2
[2026-07-22T13:07:24.804+0000] {logging_mixin.py:190} INFO - [2026-07-22T13:07:24.804+0000] {override.py:1912} INFO - Created Permission View: can edit on DAG:dataset_produces_2
[2026-07-22T13:07:24.823+0000] {logging_mixin.py:190} INFO - [2026-07-22T13:07:24.822+0000] {override.py:1912} INFO - Created Permission View: can delete on DAG:dataset_produces_2
[2026-07-22T13:07:24.845+0000] {logging_mixin.py:190} INFO - [2026-07-22T13:07:24.844+0000] {override.py:1912} INFO - Created Permission View: can read on DAG Run:dataset_produces_2
[2026-07-22T13:07:24.861+0000] {logging_mixin.py:190} INFO - [2026-07-22T13:07:24.861+0000] {override.py:1912} INFO - Created Permission View: menu access on DAG Run:dataset_produces_2
[2026-07-22T13:07:24.881+0000] {logging_mixin.py:190} INFO - [2026-07-22T13:07:24.880+0000] {override.py:1912} INFO - Created Permission View: can create on DAG Run:dataset_produces_2
[2026-07-22T13:07:24.901+0000] {logging_mixin.py:190} INFO - [2026-07-22T13:07:24.900+0000] {override.py:1912} INFO - Created Permission View: can delete on DAG Run:dataset_produces_2
[2026-07-22T13:07:24.931+0000] {logging_mixin.py:190} INFO - [2026-07-22T13:07:24.931+0000] {override.py:1912} INFO - Created Permission View: can read on DAG:dataset_consumes_1_and_2
[2026-07-22T13:07:24.945+0000] {logging_mixin.py:190} INFO - [2026-07-22T13:07:24.945+0000] {override.py:1912} INFO - Created Permission View: can edit on DAG:dataset_consumes_1_and_2
[2026-07-22T13:07:24.961+0000] {logging_mixin.py:190} INFO - [2026-07-22T13:07:24.960+0000] {override.py:1912} INFO - Created Permission View: can delete on DAG:dataset_consumes_1_and_2
[2026-07-22T13:07:24.980+0000] {logging_mixin.py:190} INFO - [2026-07-22T13:07:24.979+0000] {override.py:1912} INFO - Created Permission View: can read on DAG Run:dataset_consumes_1_and_2
[2026-07-22T13:07:24.996+0000] {logging_mixin.py:190} INFO - [2026-07-22T13:07:24.996+0000] {override.py:1912} INFO - Created Permission View: menu access on DAG Run:dataset_consumes_1_and_2
[2026-07-22T13:07:25.015+0000] {logging_mixin.py:190} INFO - [2026-07-22T13:07:25.014+0000] {override.py:1912} INFO - Created Permission View: can create on DAG Run:dataset_consumes_1_and_2
[2026-07-22T13:07:25.031+0000] {logging_mixin.py:190} INFO - [2026-07-22T13:07:25.031+0000] {override.py:1912} INFO - Created Permission View: can delete on DAG Run:dataset_consumes_1_and_2
[2026-07-22T13:07:25.061+0000] {logging_mixin.py:190} INFO - [2026-07-22T13:07:25.061+0000] {override.py:1912} INFO - Created Permission View: can read on DAG:conditional_dataset_and_time_based_timetable
[2026-07-22T13:07:25.076+0000] {logging_mixin.py:190} INFO - [2026-07-22T13:07:25.076+0000] {override.py:1912} INFO - Created Permission View: can edit on DAG:conditional_dataset_and_time_based_timetable
[2026-07-22T13:07:25.091+0000] {logging_mixin.py:190} INFO - [2026-07-22T13:07:25.090+0000] {override.py:1912} INFO - Created Permission View: can delete on DAG:conditional_dataset_and_time_based_timetable
[2026-07-22T13:07:25.107+0000] {logging_mixin.py:190} INFO - [2026-07-22T13:07:25.106+0000] {override.py:1912} INFO - Created Permission View: can read on DAG Run:conditional_dataset_and_time_based_timetable
[2026-07-22T13:07:25.120+0000] {logging_mixin.py:190} INFO - [2026-07-22T13:07:25.120+0000] {override.py:1912} INFO - Created Permission View: menu access on DAG Run:conditional_dataset_and_time_based_timetable
[2026-07-22T13:07:25.133+0000] {logging_mixin.py:190} INFO - [2026-07-22T13:07:25.133+0000] {override.py:1912} INFO - Created Permission View: can create on DAG Run:conditional_dataset_and_time_based_timetable
[2026-07-22T13:07:25.149+0000] {logging_mixin.py:190} INFO - [2026-07-22T13:07:25.148+0000] {override.py:1912} INFO - Created Permission View: can delete on DAG Run:conditional_dataset_and_time_based_timetable
[2026-07-22T13:07:25.175+0000] {logging_mixin.py:190} INFO - [2026-07-22T13:07:25.175+0000] {override.py:1912} INFO - Created Permission View: can read on DAG:dataset_consumes_1
[2026-07-22T13:07:25.190+0000] {logging_mixin.py:190} INFO - [2026-07-22T13:07:25.189+0000] {override.py:1912} INFO - Created Permission View: can edit on DAG:dataset_consumes_1
[2026-07-22T13:07:25.205+0000] {logging_mixin.py:190} INFO - [2026-07-22T13:07:25.205+0000] {override.py:1912} INFO - Created Permission View: can delete on DAG:dataset_consumes_1
[2026-07-22T13:07:25.222+0000] {logging_mixin.py:190} INFO - [2026-07-22T13:07:25.222+0000] {override.py:1912} INFO - Created Permission View: can read on DAG Run:dataset_consumes_1
[2026-07-22T13:07:25.236+0000] {logging_mixin.py:190} INFO - [2026-07-22T13:07:25.236+0000] {override.py:1912} INFO - Created Permission View: menu access on DAG Run:dataset_consumes_1
[2026-07-22T13:07:25.251+0000] {logging_mixin.py:190} INFO - [2026-07-22T13:07:25.250+0000] {override.py:1912} INFO - Created Permission View: can create on DAG Run:dataset_consumes_1
[2026-07-22T13:07:25.266+0000] {logging_mixin.py:190} INFO - [2026-07-22T13:07:25.266+0000] {override.py:1912} INFO - Created Permission View: can delete on DAG Run:dataset_consumes_1
[2026-07-22T13:07:25.293+0000] {logging_mixin.py:190} INFO - [2026-07-22T13:07:25.292+0000] {override.py:1912} INFO - Created Permission View: can read on DAG:consume_1_or_2_with_dataset_expressions
[2026-07-22T13:07:25.307+0000] {logging_mixin.py:190} INFO - [2026-07-22T13:07:25.306+0000] {override.py:1912} INFO - Created Permission View: can edit on DAG:consume_1_or_2_with_dataset_expressions
[2026-07-22T13:07:25.323+0000] {logging_mixin.py:190} INFO - [2026-07-22T13:07:25.322+0000] {override.py:1912} INFO - Created Permission View: can delete on DAG:consume_1_or_2_with_dataset_expressions
[2026-07-22T13:07:25.343+0000] {logging_mixin.py:190} INFO - [2026-07-22T13:07:25.342+0000] {override.py:1912} INFO - Created Permission View: can read on DAG Run:consume_1_or_2_with_dataset_expressions
[2026-07-22T13:07:25.367+0000] {logging_mixin.py:190} INFO - [2026-07-22T13:07:25.366+0000] {override.py:1912} INFO - Created Permission View: menu access on DAG Run:consume_1_or_2_with_dataset_expressions
[2026-07-22T13:07:25.383+0000] {logging_mixin.py:190} INFO - [2026-07-22T13:07:25.382+0000] {override.py:1912} INFO - Created Permission View: can create on DAG Run:consume_1_or_2_with_dataset_expressions
[2026-07-22T13:07:25.398+0000] {logging_mixin.py:190} INFO - [2026-07-22T13:07:25.398+0000] {override.py:1912} INFO - Created Permission View: can delete on DAG Run:consume_1_or_2_with_dataset_expressions
[2026-07-22T13:07:25.401+0000] {logging_mixin.py:190} INFO - [2026-07-22T13:07:25.400+0000] {dag.py:3239} INFO - Sync 10 DAGs
[2026-07-22T13:07:25.433+0000] {logging_mixin.py:190} INFO - [2026-07-22T13:07:25.432+0000] {dag.py:3262} INFO - Creating ORM DAG for dataset_consumes_1_and_2
[2026-07-22T13:07:25.435+0000] {logging_mixin.py:190} INFO - [2026-07-22T13:07:25.435+0000] {dag.py:3262} INFO - Creating ORM DAG for dataset_consumes_unknown_never_scheduled
[2026-07-22T13:07:25.437+0000] {logging_mixin.py:190} INFO - [2026-07-22T13:07:25.437+0000] {dag.py:3262} INFO - Creating ORM DAG for consume_1_or_2_with_dataset_expressions
[2026-07-22T13:07:25.440+0000] {logging_mixin.py:190} INFO - [2026-07-22T13:07:25.439+0000] {dag.py:3262} INFO - Creating ORM DAG for consume_1_or_both_2_and_3_with_dataset_expressions
[2026-07-22T13:07:25.443+0000] {logging_mixin.py:190} INFO - [2026-07-22T13:07:25.443+0000] {dag.py:3262} INFO - Creating ORM DAG for dataset_produces_2
[2026-07-22T13:07:25.446+0000] {logging_mixin.py:190} INFO - [2026-07-22T13:07:25.446+0000] {dag.py:3262} INFO - Creating ORM DAG for consume_1_and_2_with_dataset_expressions
[2026-07-22T13:07:25.450+0000] {logging_mixin.py:190} INFO - [2026-07-22T13:07:25.449+0000] {dag.py:3262} INFO - Creating ORM DAG for dataset_consumes_1
[2026-07-22T13:07:25.453+0000] {logging_mixin.py:190} INFO - [2026-07-22T13:07:25.453+0000] {dag.py:3262} INFO - Creating ORM DAG for dataset_consumes_1_never_scheduled
[2026-07-22T13:07:25.457+0000] {logging_mixin.py:190} INFO - [2026-07-22T13:07:25.457+0000] {dag.py:3262} INFO - Creating ORM DAG for conditional_dataset_and_time_based_timetable
[2026-07-22T13:07:25.462+0000] {logging_mixin.py:190} INFO - [2026-07-22T13:07:25.461+0000] {dag.py:3262} INFO - Creating ORM DAG for dataset_produces_1
[2026-07-22T13:07:25.495+0000] {logging_mixin.py:190} INFO - [2026-07-22T13:07:25.495+0000] {dag.py:4180} INFO - Setting next_dagrun for conditional_dataset_and_time_based_timetable to 2026-07-22 01:00:00+00:00, run_after=2026-07-22 01:00:00+00:00
[2026-07-22T13:07:25.499+0000] {logging_mixin.py:190} INFO - [2026-07-22T13:07:25.498+0000] {dag.py:4180} INFO - Setting next_dagrun for consume_1_and_2_with_dataset_expressions to None, run_after=None
[2026-07-22T13:07:25.501+0000] {logging_mixin.py:190} INFO - [2026-07-22T13:07:25.500+0000] {dag.py:4180} INFO - Setting next_dagrun for consume_1_or_2_with_dataset_expressions to None, run_after=None
[2026-07-22T13:07:25.504+0000] {logging_mixin.py:190} INFO - [2026-07-22T13:07:25.503+0000] {dag.py:4180} INFO - Setting next_dagrun for consume_1_or_both_2_and_3_with_dataset_expressions to None, run_after=None
[2026-07-22T13:07:25.507+0000] {logging_mixin.py:190} INFO - [2026-07-22T13:07:25.506+0000] {dag.py:4180} INFO - Setting next_dagrun for dataset_consumes_1 to None, run_after=None
[2026-07-22T13:07:25.510+0000] {logging_mixin.py:190} INFO - [2026-07-22T13:07:25.510+0000] {dag.py:4180} INFO - Setting next_dagrun for dataset_consumes_1_and_2 to None, run_after=None
[2026-07-22T13:07:25.513+0000] {logging_mixin.py:190} INFO - [2026-07-22T13:07:25.513+0000] {dag.py:4180} INFO - Setting next_dagrun for dataset_consumes_1_never_scheduled to None, run_after=None
[2026-07-22T13:07:25.518+0000] {logging_mixin.py:190} INFO - [2026-07-22T13:07:25.518+0000] {dag.py:4180} INFO - Setting next_dagrun for dataset_consumes_unknown_never_scheduled to None, run_after=None
[2026-07-22T13:07:25.524+0000] {logging_mixin.py:190} INFO - [2026-07-22T13:07:25.523+0000] {dag.py:4180} INFO - Setting next_dagrun for dataset_produces_1 to 2026-07-21 00:00:00+00:00, run_after=2026-07-22 00:00:00+00:00
[2026-07-22T13:07:25.527+0000] {logging_mixin.py:190} INFO - [2026-07-22T13:07:25.527+0000] {dag.py:4180} INFO - Setting next_dagrun for dataset_produces_2 to None, run_after=None
[2026-07-22T13:07:25.656+0000] {processor.py:208} INFO - Processing /home/airflow/.local/lib/python3.12/site-packages/airflow/example_dags/example_datasets.py took 3.911 seconds
[2026-07-22T13:07:56.179+0000] {processor.py:186} INFO - Started process (PID=165) to work on /home/airflow/.local/lib/python3.12/site-packages/airflow/example_dags/example_datasets.py
[2026-07-22T13:07:56.185+0000] {processor.py:914} INFO - Processing file /home/airflow/.local/lib/python3.12/site-packages/airflow/example_dags/example_datasets.py for tasks to queue
[2026-07-22T13:07:56.196+0000] {logging_mixin.py:190} INFO - [2026-07-22T13:07:56.194+0000] {dagbag.py:588} INFO - Filling up the DagBag from /home/airflow/.local/lib/python3.12/site-packages/airflow/example_dags/example_datasets.py
[2026-07-22T13:07:58.015+0000] {processor.py:925} INFO - DAG(s) 'dataset_consumes_1', 'dataset_produces_1', 'consume_1_or_both_2_and_3_with_dataset_expressions', 'conditional_dataset_and_time_based_timetable', 'dataset_consumes_1_never_scheduled', 'dataset_consumes_1_and_2', 'dataset_produces_2', 'consume_1_or_2_with_dataset_expressions', 'consume_1_and_2_with_dataset_expressions', 'dataset_consumes_unknown_never_scheduled' retrieved from /home/airflow/.local/lib/python3.12/site-packages/airflow/example_dags/example_datasets.py
[2026-07-22T13:07:58.152+0000] {logging_mixin.py:190} INFO - [2026-07-22T13:07:58.151+0000] {dag.py:3239} INFO - Sync 10 DAGs
[2026-07-22T13:07:58.227+0000] {logging_mixin.py:190} INFO - [2026-07-22T13:07:58.226+0000] {dag.py:4180} INFO - Setting next_dagrun for conditional_dataset_and_time_based_timetable to 2026-07-22 01:00:00+00:00, run_after=2026-07-22 01:00:00+00:00
[2026-07-22T13:07:58.238+0000] {logging_mixin.py:190} INFO - [2026-07-22T13:07:58.238+0000] {dag.py:4180} INFO - Setting next_dagrun for consume_1_and_2_with_dataset_expressions to None, run_after=None
[2026-07-22T13:07:58.247+0000] {logging_mixin.py:190} INFO - [2026-07-22T13:07:58.246+0000] {dag.py:4180} INFO - Setting next_dagrun for consume_1_or_2_with_dataset_expressions to None, run_after=None
[2026-07-22T13:07:58.253+0000] {logging_mixin.py:190} INFO - [2026-07-22T13:07:58.252+0000] {dag.py:4180} INFO - Setting next_dagrun for consume_1_or_both_2_and_3_with_dataset_expressions to None, run_after=None
[2026-07-22T13:07:58.257+0000] {logging_mixin.py:190} INFO - [2026-07-22T13:07:58.257+0000] {dag.py:4180} INFO - Setting next_dagrun for dataset_consumes_1 to None, run_after=None
[2026-07-22T13:07:58.264+0000] {logging_mixin.py:190} INFO - [2026-07-22T13:07:58.264+0000] {dag.py:4180} INFO - Setting next_dagrun for dataset_consumes_1_and_2 to None, run_after=None
[2026-07-22T13:07:58.269+0000] {logging_mixin.py:190} INFO - [2026-07-22T13:07:58.269+0000] {dag.py:4180} INFO - Setting next_dagrun for dataset_consumes_1_never_scheduled to None, run_after=None
[2026-07-22T13:07:58.274+0000] {logging_mixin.py:190} INFO - [2026-07-22T13:07:58.273+0000] {dag.py:4180} INFO - Setting next_dagrun for dataset_consumes_unknown_never_scheduled to None, run_after=None
[2026-07-22T13:07:58.284+0000] {logging_mixin.py:190} INFO - [2026-07-22T13:07:58.284+0000] {dag.py:4180} INFO - Setting next_dagrun for dataset_produces_1 to 2026-07-21 00:00:00+00:00, run_after=2026-07-22 00:00:00+00:00
[2026-07-22T13:07:58.288+0000] {logging_mixin.py:190} INFO - [2026-07-22T13:07:58.287+0000] {dag.py:4180} INFO - Setting next_dagrun for dataset_produces_2 to None, run_after=None
[2026-07-22T13:07:58.385+0000] {processor.py:208} INFO - Processing /home/airflow/.local/lib/python3.12/site-packages/airflow/example_dags/example_datasets.py took 2.223 seconds
[2026-07-22T13:08:29.437+0000] {processor.py:186} INFO - Started process (PID=231) to work on /home/airflow/.local/lib/python3.12/site-packages/airflow/example_dags/example_datasets.py
[2026-07-22T13:08:29.447+0000] {processor.py:914} INFO - Processing file /home/airflow/.local/lib/python3.12/site-packages/airflow/example_dags/example_datasets.py for tasks to queue
[2026-07-22T13:08:29.457+0000] {logging_mixin.py:190} INFO - [2026-07-22T13:08:29.456+0000] {dagbag.py:588} INFO - Filling up the DagBag from /home/airflow/.local/lib/python3.12/site-packages/airflow/example_dags/example_datasets.py
[2026-07-22T13:08:32.378+0000] {processor.py:925} INFO - DAG(s) 'dataset_consumes_1', 'dataset_produces_2', 'conditional_dataset_and_time_based_timetable', 'consume_1_and_2_with_dataset_expressions', 'consume_1_or_2_with_dataset_expressions', 'consume_1_or_both_2_and_3_with_dataset_expressions', 'dataset_consumes_1_never_scheduled', 'dataset_consumes_unknown_never_scheduled', 'dataset_produces_1', 'dataset_consumes_1_and_2' retrieved from /home/airflow/.local/lib/python3.12/site-packages/airflow/example_dags/example_datasets.py
[2026-07-22T13:08:32.520+0000] {logging_mixin.py:190} INFO - [2026-07-22T13:08:32.519+0000] {dag.py:3239} INFO - Sync 10 DAGs
[2026-07-22T13:08:32.645+0000] {logging_mixin.py:190} INFO - [2026-07-22T13:08:32.645+0000] {dag.py:4180} INFO - Setting next_dagrun for conditional_dataset_and_time_based_timetable to 2026-07-22 01:00:00+00:00, run_after=2026-07-22 01:00:00+00:00
[2026-07-22T13:08:32.657+0000] {logging_mixin.py:190} INFO - [2026-07-22T13:08:32.657+0000] {dag.py:4180} INFO - Setting next_dagrun for consume_1_and_2_with_dataset_expressions to None, run_after=None
[2026-07-22T13:08:32.663+0000] {logging_mixin.py:190} INFO - [2026-07-22T13:08:32.663+0000] {dag.py:4180} INFO - Setting next_dagrun for consume_1_or_2_with_dataset_expressions to None, run_after=None
[2026-07-22T13:08:32.668+0000] {logging_mixin.py:190} INFO - [2026-07-22T13:08:32.667+0000] {dag.py:4180} INFO - Setting next_dagrun for consume_1_or_both_2_and_3_with_dataset_expressions to None, run_after=None
[2026-07-22T13:08:32.673+0000] {logging_mixin.py:190} INFO - [2026-07-22T13:08:32.673+0000] {dag.py:4180} INFO - Setting next_dagrun for dataset_consumes_1 to None, run_after=None
[2026-07-22T13:08:32.680+0000] {logging_mixin.py:190} INFO - [2026-07-22T13:08:32.679+0000] {dag.py:4180} INFO - Setting next_dagrun for dataset_consumes_1_and_2 to None, run_after=None
[2026-07-22T13:08:32.686+0000] {logging_mixin.py:190} INFO - [2026-07-22T13:08:32.685+0000] {dag.py:4180} INFO - Setting next_dagrun for dataset_consumes_1_never_scheduled to None, run_after=None
[2026-07-22T13:08:32.696+0000] {logging_mixin.py:190} INFO - [2026-07-22T13:08:32.696+0000] {dag.py:4180} INFO - Setting next_dagrun for dataset_consumes_unknown_never_scheduled to None, run_after=None
[2026-07-22T13:08:32.709+0000] {logging_mixin.py:190} INFO - [2026-07-22T13:08:32.708+0000] {dag.py:4180} INFO - Setting next_dagrun for dataset_produces_1 to 2026-07-21 00:00:00+00:00, run_after=2026-07-22 00:00:00+00:00
[2026-07-22T13:08:32.716+0000] {logging_mixin.py:190} INFO - [2026-07-22T13:08:32.714+0000] {dag.py:4180} INFO - Setting next_dagrun for dataset_produces_2 to None, run_after=None
[2026-07-22T13:08:32.917+0000] {processor.py:208} INFO - Processing /home/airflow/.local/lib/python3.12/site-packages/airflow/example_dags/example_datasets.py took 3.528 seconds
[2026-07-22T13:09:03.154+0000] {processor.py:186} INFO - Started process (PID=296) to work on /home/airflow/.local/lib/python3.12/site-packages/airflow/example_dags/example_datasets.py
[2026-07-22T13:09:03.156+0000] {processor.py:914} INFO - Processing file /home/airflow/.local/lib/python3.12/site-packages/airflow/example_dags/example_datasets.py for tasks to queue
[2026-07-22T13:09:03.160+0000] {logging_mixin.py:190} INFO - [2026-07-22T13:09:03.160+0000] {dagbag.py:588} INFO - Filling up the DagBag from /home/airflow/.local/lib/python3.12/site-packages/airflow/example_dags/example_datasets.py
[2026-07-22T13:09:04.110+0000] {processor.py:925} INFO - DAG(s) 'dataset_produces_2', 'dataset_consumes_1_and_2', 'dataset_produces_1', 'consume_1_or_both_2_and_3_with_dataset_expressions', 'dataset_consumes_unknown_never_scheduled', 'consume_1_and_2_with_dataset_expressions', 'consume_1_or_2_with_dataset_expressions', 'dataset_consumes_1_never_scheduled', 'conditional_dataset_and_time_based_timetable', 'dataset_consumes_1' retrieved from /home/airflow/.local/lib/python3.12/site-packages/airflow/example_dags/example_datasets.py
[2026-07-22T13:09:04.180+0000] {logging_mixin.py:190} INFO - [2026-07-22T13:09:04.180+0000] {dag.py:3239} INFO - Sync 10 DAGs
[2026-07-22T13:09:04.220+0000] {logging_mixin.py:190} INFO - [2026-07-22T13:09:04.219+0000] {dag.py:4180} INFO - Setting next_dagrun for conditional_dataset_and_time_based_timetable to 2026-07-22 01:00:00+00:00, run_after=2026-07-22 01:00:00+00:00
[2026-07-22T13:09:04.226+0000] {logging_mixin.py:190} INFO - [2026-07-22T13:09:04.226+0000] {dag.py:4180} INFO - Setting next_dagrun for consume_1_and_2_with_dataset_expressions to None, run_after=None
[2026-07-22T13:09:04.231+0000] {logging_mixin.py:190} INFO - [2026-07-22T13:09:04.231+0000] {dag.py:4180} INFO - Setting next_dagrun for consume_1_or_2_with_dataset_expressions to None, run_after=None
[2026-07-22T13:09:04.235+0000] {logging_mixin.py:190} INFO - [2026-07-22T13:09:04.235+0000] {dag.py:4180} INFO - Setting next_dagrun for consume_1_or_both_2_and_3_with_dataset_expressions to None, run_after=None
[2026-07-22T13:09:04.238+0000] {logging_mixin.py:190} INFO - [2026-07-22T13:09:04.238+0000] {dag.py:4180} INFO - Setting next_dagrun for dataset_consumes_1 to None, run_after=None
[2026-07-22T13:09:04.242+0000] {logging_mixin.py:190} INFO - [2026-07-22T13:09:04.242+0000] {dag.py:4180} INFO - Setting next_dagrun for dataset_consumes_1_and_2 to None, run_after=None
[2026-07-22T13:09:04.247+0000] {logging_mixin.py:190} INFO - [2026-07-22T13:09:04.246+0000] {dag.py:4180} INFO - Setting next_dagrun for dataset_consumes_1_never_scheduled to None, run_after=None
[2026-07-22T13:09:04.252+0000] {logging_mixin.py:190} INFO - [2026-07-22T13:09:04.252+0000] {dag.py:4180} INFO - Setting next_dagrun for dataset_consumes_unknown_never_scheduled to None, run_after=None
[2026-07-22T13:09:04.259+0000] {logging_mixin.py:190} INFO - [2026-07-22T13:09:04.259+0000] {dag.py:4180} INFO - Setting next_dagrun for dataset_produces_1 to 2026-07-21 00:00:00+00:00, run_after=2026-07-22 00:00:00+00:00
[2026-07-22T13:09:04.264+0000] {logging_mixin.py:190} INFO - [2026-07-22T13:09:04.264+0000] {dag.py:4180} INFO - Setting next_dagrun for dataset_produces_2 to None, run_after=None
[2026-07-22T13:09:04.332+0000] {processor.py:208} INFO - Processing /home/airflow/.local/lib/python3.12/site-packages/airflow/example_dags/example_datasets.py took 1.185 seconds
[2026-07-22T13:09:34.478+0000] {processor.py:186} INFO - Started process (PID=360) to work on /home/airflow/.local/lib/python3.12/site-packages/airflow/example_dags/example_datasets.py
[2026-07-22T13:09:34.480+0000] {processor.py:914} INFO - Processing file /home/airflow/.local/lib/python3.12/site-packages/airflow/example_dags/example_datasets.py for tasks to queue
[2026-07-22T13:09:34.484+0000] {logging_mixin.py:190} INFO - [2026-07-22T13:09:34.483+0000] {dagbag.py:588} INFO - Filling up the DagBag from /home/airflow/.local/lib/python3.12/site-packages/airflow/example_dags/example_datasets.py
[2026-07-22T13:09:35.233+0000] {processor.py:925} INFO - DAG(s) 'consume_1_or_both_2_and_3_with_dataset_expressions', 'dataset_consumes_1', 'conditional_dataset_and_time_based_timetable', 'dataset_produces_2', 'dataset_consumes_unknown_never_scheduled', 'dataset_consumes_1_and_2', 'consume_1_or_2_with_dataset_expressions', 'dataset_produces_1', 'dataset_consumes_1_never_scheduled', 'consume_1_and_2_with_dataset_expressions' retrieved from /home/airflow/.local/lib/python3.12/site-packages/airflow/example_dags/example_datasets.py
[2026-07-22T13:09:35.308+0000] {logging_mixin.py:190} INFO - [2026-07-22T13:09:35.308+0000] {dag.py:3239} INFO - Sync 10 DAGs
[2026-07-22T13:09:35.346+0000] {logging_mixin.py:190} INFO - [2026-07-22T13:09:35.345+0000] {dag.py:4180} INFO - Setting next_dagrun for conditional_dataset_and_time_based_timetable to 2026-07-22 01:00:00+00:00, run_after=2026-07-22 01:00:00+00:00
[2026-07-22T13:09:35.352+0000] {logging_mixin.py:190} INFO - [2026-07-22T13:09:35.351+0000] {dag.py:4180} INFO - Setting next_dagrun for consume_1_and_2_with_dataset_expressions to None, run_after=None
[2026-07-22T13:09:35.355+0000] {logging_mixin.py:190} INFO - [2026-07-22T13:09:35.355+0000] {dag.py:4180} INFO - Setting next_dagrun for consume_1_or_2_with_dataset_expressions to None, run_after=None
[2026-07-22T13:09:35.358+0000] {logging_mixin.py:190} INFO - [2026-07-22T13:09:35.358+0000] {dag.py:4180} INFO - Setting next_dagrun for consume_1_or_both_2_and_3_with_dataset_expressions to None, run_after=None
[2026-07-22T13:09:35.362+0000] {logging_mixin.py:190} INFO - [2026-07-22T13:09:35.362+0000] {dag.py:4180} INFO - Setting next_dagrun for dataset_consumes_1 to None, run_after=None
[2026-07-22T13:09:35.365+0000] {logging_mixin.py:190} INFO - [2026-07-22T13:09:35.365+0000] {dag.py:4180} INFO - Setting next_dagrun for dataset_consumes_1_and_2 to None, run_after=None
[2026-07-22T13:09:35.368+0000] {logging_mixin.py:190} INFO - [2026-07-22T13:09:35.368+0000] {dag.py:4180} INFO - Setting next_dagrun for dataset_consumes_1_never_scheduled to None, run_after=None
[2026-07-22T13:09:35.371+0000] {logging_mixin.py:190} INFO - [2026-07-22T13:09:35.371+0000] {dag.py:4180} INFO - Setting next_dagrun for dataset_consumes_unknown_never_scheduled to None, run_after=None
[2026-07-22T13:09:35.375+0000] {logging_mixin.py:190} INFO - [2026-07-22T13:09:35.375+0000] {dag.py:4180} INFO - Setting next_dagrun for dataset_produces_1 to 2026-07-21 00:00:00+00:00, run_after=2026-07-22 00:00:00+00:00
[2026-07-22T13:09:35.380+0000] {logging_mixin.py:190} INFO - [2026-07-22T13:09:35.380+0000] {dag.py:4180} INFO - Setting next_dagrun for dataset_produces_2 to None, run_after=None
[2026-07-22T13:09:35.442+0000] {processor.py:208} INFO - Processing /home/airflow/.local/lib/python3.12/site-packages/airflow/example_dags/example_datasets.py took 0.971 seconds
[2026-07-22T13:10:05.908+0000] {processor.py:186} INFO - Started process (PID=423) to work on /home/airflow/.local/lib/python3.12/site-packages/airflow/example_dags/example_datasets.py
[2026-07-22T13:10:05.910+0000] {processor.py:914} INFO - Processing file /home/airflow/.local/lib/python3.12/site-packages/airflow/example_dags/example_datasets.py for tasks to queue
[2026-07-22T13:10:05.916+0000] {logging_mixin.py:190} INFO - [2026-07-22T13:10:05.915+0000] {dagbag.py:588} INFO - Filling up the DagBag from /home/airflow/.local/lib/python3.12/site-packages/airflow/example_dags/example_datasets.py
[2026-07-22T13:10:07.075+0000] {processor.py:925} INFO - DAG(s) 'consume_1_or_both_2_and_3_with_dataset_expressions', 'dataset_produces_2', 'dataset_consumes_1', 'conditional_dataset_and_time_based_timetable', 'dataset_consumes_1_never_scheduled', 'dataset_consumes_unknown_never_scheduled', 'dataset_consumes_1_and_2', 'consume_1_and_2_with_dataset_expressions', 'consume_1_or_2_with_dataset_expressions', 'dataset_produces_1' retrieved from /home/airflow/.local/lib/python3.12/site-packages/airflow/example_dags/example_datasets.py
[2026-07-22T13:10:07.186+0000] {logging_mixin.py:190} INFO - [2026-07-22T13:10:07.185+0000] {dag.py:3239} INFO - Sync 10 DAGs
[2026-07-22T13:10:07.252+0000] {logging_mixin.py:190} INFO - [2026-07-22T13:10:07.251+0000] {dag.py:4180} INFO - Setting next_dagrun for conditional_dataset_and_time_based_timetable to 2026-07-22 01:00:00+00:00, run_after=2026-07-22 01:00:00+00:00
[2026-07-22T13:10:07.259+0000] {logging_mixin.py:190} INFO - [2026-07-22T13:10:07.259+0000] {dag.py:4180} INFO - Setting next_dagrun for consume_1_and_2_with_dataset_expressions to None, run_after=None
[2026-07-22T13:10:07.268+0000] {logging_mixin.py:190} INFO - [2026-07-22T13:10:07.268+0000] {dag.py:4180} INFO - Setting next_dagrun for consume_1_or_2_with_dataset_expressions to None, run_after=None
[2026-07-22T13:10:07.274+0000] {logging_mixin.py:190} INFO - [2026-07-22T13:10:07.274+0000] {dag.py:4180} INFO - Setting next_dagrun for consume_1_or_both_2_and_3_with_dataset_expressions to None, run_after=None
[2026-07-22T13:10:07.279+0000] {logging_mixin.py:190} INFO - [2026-07-22T13:10:07.278+0000] {dag.py:4180} INFO - Setting next_dagrun for dataset_consumes_1 to None, run_after=None
[2026-07-22T13:10:07.287+0000] {logging_mixin.py:190} INFO - [2026-07-22T13:10:07.286+0000] {dag.py:4180} INFO - Setting next_dagrun for dataset_consumes_1_and_2 to None, run_after=None
[2026-07-22T13:10:07.294+0000] {logging_mixin.py:190} INFO - [2026-07-22T13:10:07.293+0000] {dag.py:4180} INFO - Setting next_dagrun for dataset_consumes_1_never_scheduled to None, run_after=None
[2026-07-22T13:10:07.300+0000] {logging_mixin.py:190} INFO - [2026-07-22T13:10:07.299+0000] {dag.py:4180} INFO - Setting next_dagrun for dataset_consumes_unknown_never_scheduled to None, run_after=None
[2026-07-22T13:10:07.307+0000] {logging_mixin.py:190} INFO - [2026-07-22T13:10:07.307+0000] {dag.py:4180} INFO - Setting next_dagrun for dataset_produces_1 to 2026-07-21 00:00:00+00:00, run_after=2026-07-22 00:00:00+00:00
[2026-07-22T13:10:07.313+0000] {logging_mixin.py:190} INFO - [2026-07-22T13:10:07.312+0000] {dag.py:4180} INFO - Setting next_dagrun for dataset_produces_2 to None, run_after=None
[2026-07-22T13:10:07.403+0000] {processor.py:208} INFO - Processing /home/airflow/.local/lib/python3.12/site-packages/airflow/example_dags/example_datasets.py took 1.503 seconds
[2026-07-22T13:10:37.652+0000] {processor.py:186} INFO - Started process (PID=488) to work on /home/airflow/.local/lib/python3.12/site-packages/airflow/example_dags/example_datasets.py
[2026-07-22T13:10:37.654+0000] {processor.py:914} INFO - Processing file /home/airflow/.local/lib/python3.12/site-packages/airflow/example_dags/example_datasets.py for tasks to queue
[2026-07-22T13:10:37.658+0000] {logging_mixin.py:190} INFO - [2026-07-22T13:10:37.658+0000] {dagbag.py:588} INFO - Filling up the DagBag from /home/airflow/.local/lib/python3.12/site-packages/airflow/example_dags/example_datasets.py
[2026-07-22T13:10:38.559+0000] {processor.py:925} INFO - DAG(s) 'dataset_produces_1', 'dataset_consumes_unknown_never_scheduled', 'conditional_dataset_and_time_based_timetable', 'consume_1_or_both_2_and_3_with_dataset_expressions', 'dataset_produces_2', 'consume_1_or_2_with_dataset_expressions', 'dataset_consumes_1_never_scheduled', 'consume_1_and_2_with_dataset_expressions', 'dataset_consumes_1_and_2', 'dataset_consumes_1' retrieved from /home/airflow/.local/lib/python3.12/site-packages/airflow/example_dags/example_datasets.py
[2026-07-22T13:10:38.647+0000] {logging_mixin.py:190} INFO - [2026-07-22T13:10:38.646+0000] {dag.py:3239} INFO - Sync 10 DAGs
[2026-07-22T13:10:38.702+0000] {logging_mixin.py:190} INFO - [2026-07-22T13:10:38.702+0000] {dag.py:4180} INFO - Setting next_dagrun for conditional_dataset_and_time_based_timetable to 2026-07-22 01:00:00+00:00, run_after=2026-07-22 01:00:00+00:00
[2026-07-22T13:10:38.710+0000] {logging_mixin.py:190} INFO - [2026-07-22T13:10:38.710+0000] {dag.py:4180} INFO - Setting next_dagrun for consume_1_and_2_with_dataset_expressions to None, run_after=None
[2026-07-22T13:10:38.715+0000] {logging_mixin.py:190} INFO - [2026-07-22T13:10:38.714+0000] {dag.py:4180} INFO - Setting next_dagrun for consume_1_or_2_with_dataset_expressions to None, run_after=None
[2026-07-22T13:10:38.719+0000] {logging_mixin.py:190} INFO - [2026-07-22T13:10:38.719+0000] {dag.py:4180} INFO - Setting next_dagrun for consume_1_or_both_2_and_3_with_dataset_expressions to None, run_after=None
[2026-07-22T13:10:38.723+0000] {logging_mixin.py:190} INFO - [2026-07-22T13:10:38.723+0000] {dag.py:4180} INFO - Setting next_dagrun for dataset_consumes_1 to None, run_after=None
[2026-07-22T13:10:38.727+0000] {logging_mixin.py:190} INFO - [2026-07-22T13:10:38.727+0000] {dag.py:4180} INFO - Setting next_dagrun for dataset_consumes_1_and_2 to None, run_after=None
[2026-07-22T13:10:38.732+0000] {logging_mixin.py:190} INFO - [2026-07-22T13:10:38.732+0000] {dag.py:4180} INFO - Setting next_dagrun for dataset_consumes_1_never_scheduled to None, run_after=None
[2026-07-22T13:10:38.738+0000] {logging_mixin.py:190} INFO - [2026-07-22T13:10:38.738+0000] {dag.py:4180} INFO - Setting next_dagrun for dataset_consumes_unknown_never_scheduled to None, run_after=None
[2026-07-22T13:10:38.744+0000] {logging_mixin.py:190} INFO - [2026-07-22T13:10:38.743+0000] {dag.py:4180} INFO - Setting next_dagrun for dataset_produces_1 to 2026-07-21 00:00:00+00:00, run_after=2026-07-22 00:00:00+00:00
[2026-07-22T13:10:38.748+0000] {logging_mixin.py:190} INFO - [2026-07-22T13:10:38.747+0000] {dag.py:4180} INFO - Setting next_dagrun for dataset_produces_2 to None, run_after=None
[2026-07-22T13:10:38.825+0000] {processor.py:208} INFO - Processing /home/airflow/.local/lib/python3.12/site-packages/airflow/example_dags/example_datasets.py took 1.181 seconds
[2026-07-22T13:11:09.060+0000] {processor.py:186} INFO - Started process (PID=551) to work on /home/airflow/.local/lib/python3.12/site-packages/airflow/example_dags/example_datasets.py
[2026-07-22T13:11:09.062+0000] {processor.py:914} INFO - Processing file /home/airflow/.local/lib/python3.12/site-packages/airflow/example_dags/example_datasets.py for tasks to queue
[2026-07-22T13:11:09.066+0000] {logging_mixin.py:190} INFO - [2026-07-22T13:11:09.065+0000] {dagbag.py:588} INFO - Filling up the DagBag from /home/airflow/.local/lib/python3.12/site-packages/airflow/example_dags/example_datasets.py
[2026-07-22T13:11:09.824+0000] {processor.py:925} INFO - DAG(s) 'dataset_consumes_1', 'dataset_consumes_1_and_2', 'consume_1_or_2_with_dataset_expressions', 'dataset_consumes_unknown_never_scheduled', 'dataset_consumes_1_never_scheduled', 'consume_1_and_2_with_dataset_expressions', 'dataset_produces_1', 'dataset_produces_2', 'consume_1_or_both_2_and_3_with_dataset_expressions', 'conditional_dataset_and_time_based_timetable' retrieved from /home/airflow/.local/lib/python3.12/site-packages/airflow/example_dags/example_datasets.py
[2026-07-22T13:11:09.883+0000] {logging_mixin.py:190} INFO - [2026-07-22T13:11:09.883+0000] {dag.py:3239} INFO - Sync 10 DAGs
[2026-07-22T13:11:09.921+0000] {logging_mixin.py:190} INFO - [2026-07-22T13:11:09.921+0000] {dag.py:4180} INFO - Setting next_dagrun for conditional_dataset_and_time_based_timetable to 2026-07-22 01:00:00+00:00, run_after=2026-07-22 01:00:00+00:00
[2026-07-22T13:11:09.927+0000] {logging_mixin.py:190} INFO - [2026-07-22T13:11:09.926+0000] {dag.py:4180} INFO - Setting next_dagrun for consume_1_and_2_with_dataset_expressions to None, run_after=None
[2026-07-22T13:11:09.930+0000] {logging_mixin.py:190} INFO - [2026-07-22T13:11:09.929+0000] {dag.py:4180} INFO - Setting next_dagrun for consume_1_or_2_with_dataset_expressions to None, run_after=None
[2026-07-22T13:11:09.933+0000] {logging_mixin.py:190} INFO - [2026-07-22T13:11:09.933+0000] {dag.py:4180} INFO - Setting next_dagrun for consume_1_or_both_2_and_3_with_dataset_expressions to None, run_after=None
[2026-07-22T13:11:09.936+0000] {logging_mixin.py:190} INFO - [2026-07-22T13:11:09.936+0000] {dag.py:4180} INFO - Setting next_dagrun for dataset_consumes_1 to None, run_after=None
[2026-07-22T13:11:09.940+0000] {logging_mixin.py:190} INFO - [2026-07-22T13:11:09.939+0000] {dag.py:4180} INFO - Setting next_dagrun for dataset_consumes_1_and_2 to None, run_after=None
[2026-07-22T13:11:09.944+0000] {logging_mixin.py:190} INFO - [2026-07-22T13:11:09.944+0000] {dag.py:4180} INFO - Setting next_dagrun for dataset_consumes_1_never_scheduled to None, run_after=None
[2026-07-22T13:11:09.950+0000] {logging_mixin.py:190} INFO - [2026-07-22T13:11:09.949+0000] {dag.py:4180} INFO - Setting next_dagrun for dataset_consumes_unknown_never_scheduled to None, run_after=None
[2026-07-22T13:11:09.955+0000] {logging_mixin.py:190} INFO - [2026-07-22T13:11:09.955+0000] {dag.py:4180} INFO - Setting next_dagrun for dataset_produces_1 to 2026-07-21 00:00:00+00:00, run_after=2026-07-22 00:00:00+00:00
[2026-07-22T13:11:09.959+0000] {logging_mixin.py:190} INFO - [2026-07-22T13:11:09.958+0000] {dag.py:4180} INFO - Setting next_dagrun for dataset_produces_2 to None, run_after=None
[2026-07-22T13:11:10.019+0000] {processor.py:208} INFO - Processing /home/airflow/.local/lib/python3.12/site-packages/airflow/example_dags/example_datasets.py took 0.965 seconds
[2026-07-22T13:11:40.904+0000] {processor.py:186} INFO - Started process (PID=616) to work on /home/airflow/.local/lib/python3.12/site-packages/airflow/example_dags/example_datasets.py
[2026-07-22T13:11:40.910+0000] {processor.py:914} INFO - Processing file /home/airflow/.local/lib/python3.12/site-packages/airflow/example_dags/example_datasets.py for tasks to queue
[2026-07-22T13:11:40.924+0000] {logging_mixin.py:190} INFO - [2026-07-22T13:11:40.922+0000] {dagbag.py:588} INFO - Filling up the DagBag from /home/airflow/.local/lib/python3.12/site-packages/airflow/example_dags/example_datasets.py
[2026-07-22T13:11:41.974+0000] {processor.py:925} INFO - DAG(s) 'consume_1_and_2_with_dataset_expressions', 'dataset_produces_1', 'consume_1_or_2_with_dataset_expressions', 'conditional_dataset_and_time_based_timetable', 'dataset_produces_2', 'consume_1_or_both_2_and_3_with_dataset_expressions', 'dataset_consumes_1_and_2', 'dataset_consumes_1_never_scheduled', 'dataset_consumes_unknown_never_scheduled', 'dataset_consumes_1' retrieved from /home/airflow/.local/lib/python3.12/site-packages/airflow/example_dags/example_datasets.py
[2026-07-22T13:11:42.069+0000] {logging_mixin.py:190} INFO - [2026-07-22T13:11:42.069+0000] {dag.py:3239} INFO - Sync 10 DAGs
[2026-07-22T13:11:42.112+0000] {logging_mixin.py:190} INFO - [2026-07-22T13:11:42.112+0000] {dag.py:4180} INFO - Setting next_dagrun for conditional_dataset_and_time_based_timetable to 2026-07-22 01:00:00+00:00, run_after=2026-07-22 01:00:00+00:00
[2026-07-22T13:11:42.118+0000] {logging_mixin.py:190} INFO - [2026-07-22T13:11:42.118+0000] {dag.py:4180} INFO - Setting next_dagrun for consume_1_and_2_with_dataset_expressions to None, run_after=None
[2026-07-22T13:11:42.123+0000] {logging_mixin.py:190} INFO - [2026-07-22T13:11:42.123+0000] {dag.py:4180} INFO - Setting next_dagrun for consume_1_or_2_with_dataset_expressions to None, run_after=None
[2026-07-22T13:11:42.126+0000] {logging_mixin.py:190} INFO - [2026-07-22T13:11:42.126+0000] {dag.py:4180} INFO - Setting next_dagrun for consume_1_or_both_2_and_3_with_dataset_expressions to None, run_after=None
[2026-07-22T13:11:42.129+0000] {logging_mixin.py:190} INFO - [2026-07-22T13:11:42.129+0000] {dag.py:4180} INFO - Setting next_dagrun for dataset_consumes_1 to None, run_after=None
[2026-07-22T13:11:42.132+0000] {logging_mixin.py:190} INFO - [2026-07-22T13:11:42.132+0000] {dag.py:4180} INFO - Setting next_dagrun for dataset_consumes_1_and_2 to None, run_after=None
[2026-07-22T13:11:42.137+0000] {logging_mixin.py:190} INFO - [2026-07-22T13:11:42.136+0000] {dag.py:4180} INFO - Setting next_dagrun for dataset_consumes_1_never_scheduled to None, run_after=None
[2026-07-22T13:11:42.140+0000] {logging_mixin.py:190} INFO - [2026-07-22T13:11:42.140+0000] {dag.py:4180} INFO - Setting next_dagrun for dataset_consumes_unknown_never_scheduled to None, run_after=None
[2026-07-22T13:11:42.145+0000] {logging_mixin.py:190} INFO - [2026-07-22T13:11:42.145+0000] {dag.py:4180} INFO - Setting next_dagrun for dataset_produces_1 to 2026-07-21 00:00:00+00:00, run_after=2026-07-22 00:00:00+00:00
[2026-07-22T13:11:42.149+0000] {logging_mixin.py:190} INFO - [2026-07-22T13:11:42.148+0000] {dag.py:4180} INFO - Setting next_dagrun for dataset_produces_2 to None, run_after=None
[2026-07-22T13:11:42.222+0000] {processor.py:208} INFO - Processing /home/airflow/.local/lib/python3.12/site-packages/airflow/example_dags/example_datasets.py took 1.344 seconds
[2026-07-22T13:12:13.010+0000] {processor.py:186} INFO - Started process (PID=681) to work on /home/airflow/.local/lib/python3.12/site-packages/airflow/example_dags/example_datasets.py
[2026-07-22T13:12:13.016+0000] {processor.py:914} INFO - Processing file /home/airflow/.local/lib/python3.12/site-packages/airflow/example_dags/example_datasets.py for tasks to queue
[2026-07-22T13:12:13.026+0000] {logging_mixin.py:190} INFO - [2026-07-22T13:12:13.025+0000] {dagbag.py:588} INFO - Filling up the DagBag from /home/airflow/.local/lib/python3.12/site-packages/airflow/example_dags/example_datasets.py
[2026-07-22T13:12:14.659+0000] {processor.py:925} INFO - DAG(s) 'conditional_dataset_and_time_based_timetable', 'dataset_consumes_unknown_never_scheduled', 'consume_1_or_2_with_dataset_expressions', 'dataset_consumes_1_never_scheduled', 'dataset_consumes_1_and_2', 'dataset_produces_2', 'consume_1_or_both_2_and_3_with_dataset_expressions', 'dataset_produces_1', 'dataset_consumes_1', 'consume_1_and_2_with_dataset_expressions' retrieved from /home/airflow/.local/lib/python3.12/site-packages/airflow/example_dags/example_datasets.py
[2026-07-22T13:12:14.768+0000] {logging_mixin.py:190} INFO - [2026-07-22T13:12:14.767+0000] {dag.py:3239} INFO - Sync 10 DAGs
[2026-07-22T13:12:14.837+0000] {logging_mixin.py:190} INFO - [2026-07-22T13:12:14.836+0000] {dag.py:4180} INFO - Setting next_dagrun for conditional_dataset_and_time_based_timetable to 2026-07-22 01:00:00+00:00, run_after=2026-07-22 01:00:00+00:00
[2026-07-22T13:12:14.846+0000] {logging_mixin.py:190} INFO - [2026-07-22T13:12:14.845+0000] {dag.py:4180} INFO - Setting next_dagrun for consume_1_and_2_with_dataset_expressions to None, run_after=None
[2026-07-22T13:12:14.850+0000] {logging_mixin.py:190} INFO - [2026-07-22T13:12:14.850+0000] {dag.py:4180} INFO - Setting next_dagrun for consume_1_or_2_with_dataset_expressions to None, run_after=None
[2026-07-22T13:12:14.855+0000] {logging_mixin.py:190} INFO - [2026-07-22T13:12:14.854+0000] {dag.py:4180} INFO - Setting next_dagrun for consume_1_or_both_2_and_3_with_dataset_expressions to None, run_after=None
[2026-07-22T13:12:14.859+0000] {logging_mixin.py:190} INFO - [2026-07-22T13:12:14.859+0000] {dag.py:4180} INFO - Setting next_dagrun for dataset_consumes_1 to None, run_after=None
[2026-07-22T13:12:14.864+0000] {logging_mixin.py:190} INFO - [2026-07-22T13:12:14.863+0000] {dag.py:4180} INFO - Setting next_dagrun for dataset_consumes_1_and_2 to None, run_after=None
[2026-07-22T13:12:14.871+0000] {logging_mixin.py:190} INFO - [2026-07-22T13:12:14.870+0000] {dag.py:4180} INFO - Setting next_dagrun for dataset_consumes_1_never_scheduled to None, run_after=None
[2026-07-22T13:12:14.876+0000] {logging_mixin.py:190} INFO - [2026-07-22T13:12:14.875+0000] {dag.py:4180} INFO - Setting next_dagrun for dataset_consumes_unknown_never_scheduled to None, run_after=None
[2026-07-22T13:12:14.883+0000] {logging_mixin.py:190} INFO - [2026-07-22T13:12:14.882+0000] {dag.py:4180} INFO - Setting next_dagrun for dataset_produces_1 to 2026-07-21 00:00:00+00:00, run_after=2026-07-22 00:00:00+00:00
[2026-07-22T13:12:14.888+0000] {logging_mixin.py:190} INFO - [2026-07-22T13:12:14.887+0000] {dag.py:4180} INFO - Setting next_dagrun for dataset_produces_2 to None, run_after=None
[2026-07-22T13:12:14.980+0000] {processor.py:208} INFO - Processing /home/airflow/.local/lib/python3.12/site-packages/airflow/example_dags/example_datasets.py took 1.999 seconds
[2026-07-22T13:12:45.582+0000] {processor.py:186} INFO - Started process (PID=744) to work on /home/airflow/.local/lib/python3.12/site-packages/airflow/example_dags/example_datasets.py
[2026-07-22T13:12:45.585+0000] {processor.py:914} INFO - Processing file /home/airflow/.local/lib/python3.12/site-packages/airflow/example_dags/example_datasets.py for tasks to queue
[2026-07-22T13:12:45.591+0000] {logging_mixin.py:190} INFO - [2026-07-22T13:12:45.591+0000] {dagbag.py:588} INFO - Filling up the DagBag from /home/airflow/.local/lib/python3.12/site-packages/airflow/example_dags/example_datasets.py
[2026-07-22T13:12:46.776+0000] {processor.py:925} INFO - DAG(s) 'dataset_produces_2', 'consume_1_or_2_with_dataset_expressions', 'dataset_consumes_1', 'dataset_consumes_1_never_scheduled', 'dataset_produces_1', 'dataset_consumes_1_and_2', 'conditional_dataset_and_time_based_timetable', 'dataset_consumes_unknown_never_scheduled', 'consume_1_and_2_with_dataset_expressions', 'consume_1_or_both_2_and_3_with_dataset_expressions' retrieved from /home/airflow/.local/lib/python3.12/site-packages/airflow/example_dags/example_datasets.py
[2026-07-22T13:12:46.879+0000] {logging_mixin.py:190} INFO - [2026-07-22T13:12:46.879+0000] {dag.py:3239} INFO - Sync 10 DAGs
[2026-07-22T13:12:46.943+0000] {logging_mixin.py:190} INFO - [2026-07-22T13:12:46.942+0000] {dag.py:4180} INFO - Setting next_dagrun for conditional_dataset_and_time_based_timetable to 2026-07-22 01:00:00+00:00, run_after=2026-07-22 01:00:00+00:00
[2026-07-22T13:12:46.951+0000] {logging_mixin.py:190} INFO - [2026-07-22T13:12:46.951+0000] {dag.py:4180} INFO - Setting next_dagrun for consume_1_and_2_with_dataset_expressions to None, run_after=None
[2026-07-22T13:12:46.956+0000] {logging_mixin.py:190} INFO - [2026-07-22T13:12:46.956+0000] {dag.py:4180} INFO - Setting next_dagrun for consume_1_or_2_with_dataset_expressions to None, run_after=None
[2026-07-22T13:12:46.960+0000] {logging_mixin.py:190} INFO - [2026-07-22T13:12:46.960+0000] {dag.py:4180} INFO - Setting next_dagrun for consume_1_or_both_2_and_3_with_dataset_expressions to None, run_after=None
[2026-07-22T13:12:46.979+0000] {logging_mixin.py:190} INFO - [2026-07-22T13:12:46.978+0000] {dag.py:4180} INFO - Setting next_dagrun for dataset_consumes_1 to None, run_after=None
[2026-07-22T13:12:46.993+0000] {logging_mixin.py:190} INFO - [2026-07-22T13:12:46.992+0000] {dag.py:4180} INFO - Setting next_dagrun for dataset_consumes_1_and_2 to None, run_after=None
[2026-07-22T13:12:47.007+0000] {logging_mixin.py:190} INFO - [2026-07-22T13:12:47.006+0000] {dag.py:4180} INFO - Setting next_dagrun for dataset_consumes_1_never_scheduled to None, run_after=None
[2026-07-22T13:12:47.022+0000] {logging_mixin.py:190} INFO - [2026-07-22T13:12:47.021+0000] {dag.py:4180} INFO - Setting next_dagrun for dataset_consumes_unknown_never_scheduled to None, run_after=None
[2026-07-22T13:12:47.053+0000] {logging_mixin.py:190} INFO - [2026-07-22T13:12:47.052+0000] {dag.py:4180} INFO - Setting next_dagrun for dataset_produces_1 to 2026-07-21 00:00:00+00:00, run_after=2026-07-22 00:00:00+00:00
[2026-07-22T13:12:47.061+0000] {logging_mixin.py:190} INFO - [2026-07-22T13:12:47.061+0000] {dag.py:4180} INFO - Setting next_dagrun for dataset_produces_2 to None, run_after=None
[2026-07-22T13:12:47.171+0000] {processor.py:208} INFO - Processing /home/airflow/.local/lib/python3.12/site-packages/airflow/example_dags/example_datasets.py took 1.605 seconds
[2026-07-22T13:13:17.822+0000] {processor.py:186} INFO - Started process (PID=813) to work on /home/airflow/.local/lib/python3.12/site-packages/airflow/example_dags/example_datasets.py
[2026-07-22T13:13:17.826+0000] {processor.py:914} INFO - Processing file /home/airflow/.local/lib/python3.12/site-packages/airflow/example_dags/example_datasets.py for tasks to queue
[2026-07-22T13:13:17.834+0000] {logging_mixin.py:190} INFO - [2026-07-22T13:13:17.833+0000] {dagbag.py:588} INFO - Filling up the DagBag from /home/airflow/.local/lib/python3.12/site-packages/airflow/example_dags/example_datasets.py
[2026-07-22T13:13:19.352+0000] {processor.py:925} INFO - DAG(s) 'dataset_consumes_1_and_2', 'consume_1_or_both_2_and_3_with_dataset_expressions', 'dataset_produces_1', 'dataset_consumes_1', 'dataset_consumes_unknown_never_scheduled', 'consume_1_or_2_with_dataset_expressions', 'consume_1_and_2_with_dataset_expressions', 'conditional_dataset_and_time_based_timetable', 'dataset_consumes_1_never_scheduled', 'dataset_produces_2' retrieved from /home/airflow/.local/lib/python3.12/site-packages/airflow/example_dags/example_datasets.py
[2026-07-22T13:13:19.487+0000] {logging_mixin.py:190} INFO - [2026-07-22T13:13:19.486+0000] {dag.py:3239} INFO - Sync 10 DAGs
[2026-07-22T13:13:19.575+0000] {logging_mixin.py:190} INFO - [2026-07-22T13:13:19.574+0000] {dag.py:4180} INFO - Setting next_dagrun for conditional_dataset_and_time_based_timetable to 2026-07-22 01:00:00+00:00, run_after=2026-07-22 01:00:00+00:00
[2026-07-22T13:13:19.591+0000] {logging_mixin.py:190} INFO - [2026-07-22T13:13:19.590+0000] {dag.py:4180} INFO - Setting next_dagrun for consume_1_and_2_with_dataset_expressions to None, run_after=None
[2026-07-22T13:13:19.599+0000] {logging_mixin.py:190} INFO - [2026-07-22T13:13:19.599+0000] {dag.py:4180} INFO - Setting next_dagrun for consume_1_or_2_with_dataset_expressions to None, run_after=None
[2026-07-22T13:13:19.606+0000] {logging_mixin.py:190} INFO - [2026-07-22T13:13:19.605+0000] {dag.py:4180} INFO - Setting next_dagrun for consume_1_or_both_2_and_3_with_dataset_expressions to None, run_after=None
[2026-07-22T13:13:19.612+0000] {logging_mixin.py:190} INFO - [2026-07-22T13:13:19.611+0000] {dag.py:4180} INFO - Setting next_dagrun for dataset_consumes_1 to None, run_after=None
[2026-07-22T13:13:19.619+0000] {logging_mixin.py:190} INFO - [2026-07-22T13:13:19.618+0000] {dag.py:4180} INFO - Setting next_dagrun for dataset_consumes_1_and_2 to None, run_after=None
[2026-07-22T13:13:19.629+0000] {logging_mixin.py:190} INFO - [2026-07-22T13:13:19.628+0000] {dag.py:4180} INFO - Setting next_dagrun for dataset_consumes_1_never_scheduled to None, run_after=None
[2026-07-22T13:13:19.640+0000] {logging_mixin.py:190} INFO - [2026-07-22T13:13:19.639+0000] {dag.py:4180} INFO - Setting next_dagrun for dataset_consumes_unknown_never_scheduled to None, run_after=None
[2026-07-22T13:13:19.655+0000] {logging_mixin.py:190} INFO - [2026-07-22T13:13:19.655+0000] {dag.py:4180} INFO - Setting next_dagrun for dataset_produces_1 to 2026-07-21 00:00:00+00:00, run_after=2026-07-22 00:00:00+00:00
[2026-07-22T13:13:19.661+0000] {logging_mixin.py:190} INFO - [2026-07-22T13:13:19.660+0000] {dag.py:4180} INFO - Setting next_dagrun for dataset_produces_2 to None, run_after=None
[2026-07-22T13:13:19.770+0000] {processor.py:208} INFO - Processing /home/airflow/.local/lib/python3.12/site-packages/airflow/example_dags/example_datasets.py took 1.963 seconds
[2026-07-22T13:13:50.428+0000] {processor.py:186} INFO - Started process (PID=876) to work on /home/airflow/.local/lib/python3.12/site-packages/airflow/example_dags/example_datasets.py
[2026-07-22T13:13:50.430+0000] {processor.py:914} INFO - Processing file /home/airflow/.local/lib/python3.12/site-packages/airflow/example_dags/example_datasets.py for tasks to queue
[2026-07-22T13:13:50.435+0000] {logging_mixin.py:190} INFO - [2026-07-22T13:13:50.434+0000] {dagbag.py:588} INFO - Filling up the DagBag from /home/airflow/.local/lib/python3.12/site-packages/airflow/example_dags/example_datasets.py
[2026-07-22T13:13:51.533+0000] {processor.py:925} INFO - DAG(s) 'dataset_consumes_1_never_scheduled', 'consume_1_or_both_2_and_3_with_dataset_expressions', 'dataset_produces_2', 'dataset_consumes_1', 'conditional_dataset_and_time_based_timetable', 'dataset_consumes_1_and_2', 'dataset_produces_1', 'consume_1_or_2_with_dataset_expressions', 'dataset_consumes_unknown_never_scheduled', 'consume_1_and_2_with_dataset_expressions' retrieved from /home/airflow/.local/lib/python3.12/site-packages/airflow/example_dags/example_datasets.py
[2026-07-22T13:13:51.621+0000] {logging_mixin.py:190} INFO - [2026-07-22T13:13:51.620+0000] {dag.py:3239} INFO - Sync 10 DAGs
[2026-07-22T13:13:51.698+0000] {logging_mixin.py:190} INFO - [2026-07-22T13:13:51.697+0000] {dag.py:4180} INFO - Setting next_dagrun for conditional_dataset_and_time_based_timetable to 2026-07-22 01:00:00+00:00, run_after=2026-07-22 01:00:00+00:00
[2026-07-22T13:13:51.704+0000] {logging_mixin.py:190} INFO - [2026-07-22T13:13:51.704+0000] {dag.py:4180} INFO - Setting next_dagrun for consume_1_and_2_with_dataset_expressions to None, run_after=None
[2026-07-22T13:13:51.708+0000] {logging_mixin.py:190} INFO - [2026-07-22T13:13:51.708+0000] {dag.py:4180} INFO - Setting next_dagrun for consume_1_or_2_with_dataset_expressions to None, run_after=None
[2026-07-22T13:13:51.712+0000] {logging_mixin.py:190} INFO - [2026-07-22T13:13:51.712+0000] {dag.py:4180} INFO - Setting next_dagrun for consume_1_or_both_2_and_3_with_dataset_expressions to None, run_after=None
[2026-07-22T13:13:51.715+0000] {logging_mixin.py:190} INFO - [2026-07-22T13:13:51.715+0000] {dag.py:4180} INFO - Setting next_dagrun for dataset_consumes_1 to None, run_after=None
[2026-07-22T13:13:51.719+0000] {logging_mixin.py:190} INFO - [2026-07-22T13:13:51.719+0000] {dag.py:4180} INFO - Setting next_dagrun for dataset_consumes_1_and_2 to None, run_after=None
[2026-07-22T13:13:51.723+0000] {logging_mixin.py:190} INFO - [2026-07-22T13:13:51.723+0000] {dag.py:4180} INFO - Setting next_dagrun for dataset_consumes_1_never_scheduled to None, run_after=None
[2026-07-22T13:13:51.731+0000] {logging_mixin.py:190} INFO - [2026-07-22T13:13:51.731+0000] {dag.py:4180} INFO - Setting next_dagrun for dataset_consumes_unknown_never_scheduled to None, run_after=None
[2026-07-22T13:13:51.736+0000] {logging_mixin.py:190} INFO - [2026-07-22T13:13:51.736+0000] {dag.py:4180} INFO - Setting next_dagrun for dataset_produces_1 to 2026-07-21 00:00:00+00:00, run_after=2026-07-22 00:00:00+00:00
[2026-07-22T13:13:51.739+0000] {logging_mixin.py:190} INFO - [2026-07-22T13:13:51.739+0000] {dag.py:4180} INFO - Setting next_dagrun for dataset_produces_2 to None, run_after=None
[2026-07-22T13:13:51.801+0000] {processor.py:208} INFO - Processing /home/airflow/.local/lib/python3.12/site-packages/airflow/example_dags/example_datasets.py took 1.383 seconds
[2026-07-22T13:14:21.944+0000] {processor.py:186} INFO - Started process (PID=940) to work on /home/airflow/.local/lib/python3.12/site-packages/airflow/example_dags/example_datasets.py
[2026-07-22T13:14:21.947+0000] {processor.py:914} INFO - Processing file /home/airflow/.local/lib/python3.12/site-packages/airflow/example_dags/example_datasets.py for tasks to queue
[2026-07-22T13:14:21.956+0000] {logging_mixin.py:190} INFO - [2026-07-22T13:14:21.955+0000] {dagbag.py:588} INFO - Filling up the DagBag from /home/airflow/.local/lib/python3.12/site-packages/airflow/example_dags/example_datasets.py
[2026-07-22T13:14:23.661+0000] {processor.py:925} INFO - DAG(s) 'consume_1_or_both_2_and_3_with_dataset_expressions', 'dataset_produces_2', 'consume_1_and_2_with_dataset_expressions', 'dataset_consumes_1_and_2', 'dataset_consumes_1_never_scheduled', 'dataset_produces_1', 'dataset_consumes_unknown_never_scheduled', 'consume_1_or_2_with_dataset_expressions', 'dataset_consumes_1', 'conditional_dataset_and_time_based_timetable' retrieved from /home/airflow/.local/lib/python3.12/site-packages/airflow/example_dags/example_datasets.py
[2026-07-22T13:14:23.787+0000] {logging_mixin.py:190} INFO - [2026-07-22T13:14:23.786+0000] {dag.py:3239} INFO - Sync 10 DAGs
[2026-07-22T13:14:23.887+0000] {logging_mixin.py:190} INFO - [2026-07-22T13:14:23.886+0000] {dag.py:4180} INFO - Setting next_dagrun for conditional_dataset_and_time_based_timetable to 2026-07-22 01:00:00+00:00, run_after=2026-07-22 01:00:00+00:00
[2026-07-22T13:14:23.899+0000] {logging_mixin.py:190} INFO - [2026-07-22T13:14:23.898+0000] {dag.py:4180} INFO - Setting next_dagrun for consume_1_and_2_with_dataset_expressions to None, run_after=None
[2026-07-22T13:14:23.916+0000] {logging_mixin.py:190} INFO - [2026-07-22T13:14:23.915+0000] {dag.py:4180} INFO - Setting next_dagrun for consume_1_or_2_with_dataset_expressions to None, run_after=None
[2026-07-22T13:14:23.921+0000] {logging_mixin.py:190} INFO - [2026-07-22T13:14:23.921+0000] {dag.py:4180} INFO - Setting next_dagrun for consume_1_or_both_2_and_3_with_dataset_expressions to None, run_after=None
[2026-07-22T13:14:23.926+0000] {logging_mixin.py:190} INFO - [2026-07-22T13:14:23.925+0000] {dag.py:4180} INFO - Setting next_dagrun for dataset_consumes_1 to None, run_after=None
[2026-07-22T13:14:23.931+0000] {logging_mixin.py:190} INFO - [2026-07-22T13:14:23.930+0000] {dag.py:4180} INFO - Setting next_dagrun for dataset_consumes_1_and_2 to None, run_after=None
[2026-07-22T13:14:23.938+0000] {logging_mixin.py:190} INFO - [2026-07-22T13:14:23.937+0000] {dag.py:4180} INFO - Setting next_dagrun for dataset_consumes_1_never_scheduled to None, run_after=None
[2026-07-22T13:14:23.942+0000] {logging_mixin.py:190} INFO - [2026-07-22T13:14:23.942+0000] {dag.py:4180} INFO - Setting next_dagrun for dataset_consumes_unknown_never_scheduled to None, run_after=None
[2026-07-22T13:14:23.955+0000] {logging_mixin.py:190} INFO - [2026-07-22T13:14:23.954+0000] {dag.py:4180} INFO - Setting next_dagrun for dataset_produces_1 to 2026-07-21 00:00:00+00:00, run_after=2026-07-22 00:00:00+00:00
[2026-07-22T13:14:23.961+0000] {logging_mixin.py:190} INFO - [2026-07-22T13:14:23.960+0000] {dag.py:4180} INFO - Setting next_dagrun for dataset_produces_2 to None, run_after=None
[2026-07-22T13:14:24.064+0000] {processor.py:208} INFO - Processing /home/airflow/.local/lib/python3.12/site-packages/airflow/example_dags/example_datasets.py took 2.146 seconds
[2026-07-22T13:14:54.311+0000] {processor.py:186} INFO - Started process (PID=1002) to work on /home/airflow/.local/lib/python3.12/site-packages/airflow/example_dags/example_datasets.py
[2026-07-22T13:14:54.314+0000] {processor.py:914} INFO - Processing file /home/airflow/.local/lib/python3.12/site-packages/airflow/example_dags/example_datasets.py for tasks to queue
[2026-07-22T13:14:54.320+0000] {logging_mixin.py:190} INFO - [2026-07-22T13:14:54.319+0000] {dagbag.py:588} INFO - Filling up the DagBag from /home/airflow/.local/lib/python3.12/site-packages/airflow/example_dags/example_datasets.py
[2026-07-22T13:14:55.420+0000] {processor.py:925} INFO - DAG(s) 'conditional_dataset_and_time_based_timetable', 'dataset_produces_1', 'dataset_consumes_1_and_2', 'consume_1_or_both_2_and_3_with_dataset_expressions', 'dataset_produces_2', 'dataset_consumes_1', 'dataset_consumes_1_never_scheduled', 'consume_1_or_2_with_dataset_expressions', 'dataset_consumes_unknown_never_scheduled', 'consume_1_and_2_with_dataset_expressions' retrieved from /home/airflow/.local/lib/python3.12/site-packages/airflow/example_dags/example_datasets.py
[2026-07-22T13:14:55.498+0000] {logging_mixin.py:190} INFO - [2026-07-22T13:14:55.498+0000] {dag.py:3239} INFO - Sync 10 DAGs
[2026-07-22T13:14:55.556+0000] {logging_mixin.py:190} INFO - [2026-07-22T13:14:55.555+0000] {dag.py:4180} INFO - Setting next_dagrun for conditional_dataset_and_time_based_timetable to 2026-07-22 01:00:00+00:00, run_after=2026-07-22 01:00:00+00:00
[2026-07-22T13:14:55.564+0000] {logging_mixin.py:190} INFO - [2026-07-22T13:14:55.563+0000] {dag.py:4180} INFO - Setting next_dagrun for consume_1_and_2_with_dataset_expressions to None, run_after=None
[2026-07-22T13:14:55.568+0000] {logging_mixin.py:190} INFO - [2026-07-22T13:14:55.567+0000] {dag.py:4180} INFO - Setting next_dagrun for consume_1_or_2_with_dataset_expressions to None, run_after=None
[2026-07-22T13:14:55.573+0000] {logging_mixin.py:190} INFO - [2026-07-22T13:14:55.573+0000] {dag.py:4180} INFO - Setting next_dagrun for consume_1_or_both_2_and_3_with_dataset_expressions to None, run_after=None
[2026-07-22T13:14:55.577+0000] {logging_mixin.py:190} INFO - [2026-07-22T13:14:55.577+0000] {dag.py:4180} INFO - Setting next_dagrun for dataset_consumes_1 to None, run_after=None
[2026-07-22T13:14:55.580+0000] {logging_mixin.py:190} INFO - [2026-07-22T13:14:55.580+0000] {dag.py:4180} INFO - Setting next_dagrun for dataset_consumes_1_and_2 to None, run_after=None
[2026-07-22T13:14:55.585+0000] {logging_mixin.py:190} INFO - [2026-07-22T13:14:55.584+0000] {dag.py:4180} INFO - Setting next_dagrun for dataset_consumes_1_never_scheduled to None, run_after=None
[2026-07-22T13:14:55.591+0000] {logging_mixin.py:190} INFO - [2026-07-22T13:14:55.590+0000] {dag.py:4180} INFO - Setting next_dagrun for dataset_consumes_unknown_never_scheduled to None, run_after=None
[2026-07-22T13:14:55.596+0000] {logging_mixin.py:190} INFO - [2026-07-22T13:14:55.595+0000] {dag.py:4180} INFO - Setting next_dagrun for dataset_produces_1 to 2026-07-21 00:00:00+00:00, run_after=2026-07-22 00:00:00+00:00
[2026-07-22T13:14:55.600+0000] {logging_mixin.py:190} INFO - [2026-07-22T13:14:55.599+0000] {dag.py:4180} INFO - Setting next_dagrun for dataset_produces_2 to None, run_after=None
[2026-07-22T13:14:55.692+0000] {processor.py:208} INFO - Processing /home/airflow/.local/lib/python3.12/site-packages/airflow/example_dags/example_datasets.py took 1.391 seconds
[2026-07-22T13:15:26.961+0000] {processor.py:186} INFO - Started process (PID=1069) to work on /home/airflow/.local/lib/python3.12/site-packages/airflow/example_dags/example_datasets.py
[2026-07-22T13:15:26.964+0000] {processor.py:914} INFO - Processing file /home/airflow/.local/lib/python3.12/site-packages/airflow/example_dags/example_datasets.py for tasks to queue
[2026-07-22T13:15:26.972+0000] {logging_mixin.py:190} INFO - [2026-07-22T13:15:26.971+0000] {dagbag.py:588} INFO - Filling up the DagBag from /home/airflow/.local/lib/python3.12/site-packages/airflow/example_dags/example_datasets.py
[2026-07-22T13:15:29.682+0000] {processor.py:925} INFO - DAG(s) 'consume_1_or_2_with_dataset_expressions', 'consume_1_or_both_2_and_3_with_dataset_expressions', 'dataset_produces_2', 'dataset_consumes_1_never_scheduled', 'dataset_consumes_1', 'conditional_dataset_and_time_based_timetable', 'dataset_consumes_unknown_never_scheduled', 'dataset_consumes_1_and_2', 'dataset_produces_1', 'consume_1_and_2_with_dataset_expressions' retrieved from /home/airflow/.local/lib/python3.12/site-packages/airflow/example_dags/example_datasets.py
[2026-07-22T13:15:29.831+0000] {logging_mixin.py:190} INFO - [2026-07-22T13:15:29.830+0000] {dag.py:3239} INFO - Sync 10 DAGs
[2026-07-22T13:15:29.898+0000] {logging_mixin.py:190} INFO - [2026-07-22T13:15:29.897+0000] {dag.py:4180} INFO - Setting next_dagrun for conditional_dataset_and_time_based_timetable to 2026-07-22 01:00:00+00:00, run_after=2026-07-22 01:00:00+00:00
[2026-07-22T13:15:29.911+0000] {logging_mixin.py:190} INFO - [2026-07-22T13:15:29.911+0000] {dag.py:4180} INFO - Setting next_dagrun for consume_1_and_2_with_dataset_expressions to None, run_after=None
[2026-07-22T13:15:29.918+0000] {logging_mixin.py:190} INFO - [2026-07-22T13:15:29.917+0000] {dag.py:4180} INFO - Setting next_dagrun for consume_1_or_2_with_dataset_expressions to None, run_after=None
[2026-07-22T13:15:29.927+0000] {logging_mixin.py:190} INFO - [2026-07-22T13:15:29.926+0000] {dag.py:4180} INFO - Setting next_dagrun for consume_1_or_both_2_and_3_with_dataset_expressions to None, run_after=None
[2026-07-22T13:15:29.932+0000] {logging_mixin.py:190} INFO - [2026-07-22T13:15:29.931+0000] {dag.py:4180} INFO - Setting next_dagrun for dataset_consumes_1 to None, run_after=None
[2026-07-22T13:15:29.938+0000] {logging_mixin.py:190} INFO - [2026-07-22T13:15:29.937+0000] {dag.py:4180} INFO - Setting next_dagrun for dataset_consumes_1_and_2 to None, run_after=None
[2026-07-22T13:15:29.945+0000] {logging_mixin.py:190} INFO - [2026-07-22T13:15:29.944+0000] {dag.py:4180} INFO - Setting next_dagrun for dataset_consumes_1_never_scheduled to None, run_after=None
[2026-07-22T13:15:29.950+0000] {logging_mixin.py:190} INFO - [2026-07-22T13:15:29.950+0000] {dag.py:4180} INFO - Setting next_dagrun for dataset_consumes_unknown_never_scheduled to None, run_after=None
[2026-07-22T13:15:29.959+0000] {logging_mixin.py:190} INFO - [2026-07-22T13:15:29.959+0000] {dag.py:4180} INFO - Setting next_dagrun for dataset_produces_1 to 2026-07-21 00:00:00+00:00, run_after=2026-07-22 00:00:00+00:00
[2026-07-22T13:15:29.965+0000] {logging_mixin.py:190} INFO - [2026-07-22T13:15:29.964+0000] {dag.py:4180} INFO - Setting next_dagrun for dataset_produces_2 to None, run_after=None
[2026-07-22T13:15:30.088+0000] {processor.py:208} INFO - Processing /home/airflow/.local/lib/python3.12/site-packages/airflow/example_dags/example_datasets.py took 3.168 seconds
[2026-07-22T13:16:01.285+0000] {processor.py:186} INFO - Started process (PID=1135) to work on /home/airflow/.local/lib/python3.12/site-packages/airflow/example_dags/example_datasets.py
[2026-07-22T13:16:01.290+0000] {processor.py:914} INFO - Processing file /home/airflow/.local/lib/python3.12/site-packages/airflow/example_dags/example_datasets.py for tasks to queue
[2026-07-22T13:16:01.303+0000] {logging_mixin.py:190} INFO - [2026-07-22T13:16:01.301+0000] {dagbag.py:588} INFO - Filling up the DagBag from /home/airflow/.local/lib/python3.12/site-packages/airflow/example_dags/example_datasets.py
[2026-07-22T13:16:02.669+0000] {processor.py:925} INFO - DAG(s) 'dataset_consumes_1_never_scheduled', 'consume_1_or_2_with_dataset_expressions', 'conditional_dataset_and_time_based_timetable', 'dataset_produces_2', 'consume_1_or_both_2_and_3_with_dataset_expressions', 'consume_1_and_2_with_dataset_expressions', 'dataset_consumes_1_and_2', 'dataset_consumes_unknown_never_scheduled', 'dataset_produces_1', 'dataset_consumes_1' retrieved from /home/airflow/.local/lib/python3.12/site-packages/airflow/example_dags/example_datasets.py
[2026-07-22T13:16:02.753+0000] {logging_mixin.py:190} INFO - [2026-07-22T13:16:02.753+0000] {dag.py:3239} INFO - Sync 10 DAGs
[2026-07-22T13:16:02.797+0000] {logging_mixin.py:190} INFO - [2026-07-22T13:16:02.797+0000] {dag.py:4180} INFO - Setting next_dagrun for conditional_dataset_and_time_based_timetable to 2026-07-22 01:00:00+00:00, run_after=2026-07-22 01:00:00+00:00
[2026-07-22T13:16:02.804+0000] {logging_mixin.py:190} INFO - [2026-07-22T13:16:02.803+0000] {dag.py:4180} INFO - Setting next_dagrun for consume_1_and_2_with_dataset_expressions to None, run_after=None
[2026-07-22T13:16:02.808+0000] {logging_mixin.py:190} INFO - [2026-07-22T13:16:02.808+0000] {dag.py:4180} INFO - Setting next_dagrun for consume_1_or_2_with_dataset_expressions to None, run_after=None
[2026-07-22T13:16:02.812+0000] {logging_mixin.py:190} INFO - [2026-07-22T13:16:02.812+0000] {dag.py:4180} INFO - Setting next_dagrun for consume_1_or_both_2_and_3_with_dataset_expressions to None, run_after=None
[2026-07-22T13:16:02.816+0000] {logging_mixin.py:190} INFO - [2026-07-22T13:16:02.816+0000] {dag.py:4180} INFO - Setting next_dagrun for dataset_consumes_1 to None, run_after=None
[2026-07-22T13:16:02.819+0000] {logging_mixin.py:190} INFO - [2026-07-22T13:16:02.819+0000] {dag.py:4180} INFO - Setting next_dagrun for dataset_consumes_1_and_2 to None, run_after=None
[2026-07-22T13:16:02.824+0000] {logging_mixin.py:190} INFO - [2026-07-22T13:16:02.823+0000] {dag.py:4180} INFO - Setting next_dagrun for dataset_consumes_1_never_scheduled to None, run_after=None
[2026-07-22T13:16:02.828+0000] {logging_mixin.py:190} INFO - [2026-07-22T13:16:02.827+0000] {dag.py:4180} INFO - Setting next_dagrun for dataset_consumes_unknown_never_scheduled to None, run_after=None
[2026-07-22T13:16:02.839+0000] {logging_mixin.py:190} INFO - [2026-07-22T13:16:02.838+0000] {dag.py:4180} INFO - Setting next_dagrun for dataset_produces_1 to 2026-07-21 00:00:00+00:00, run_after=2026-07-22 00:00:00+00:00
[2026-07-22T13:16:02.847+0000] {logging_mixin.py:190} INFO - [2026-07-22T13:16:02.846+0000] {dag.py:4180} INFO - Setting next_dagrun for dataset_produces_2 to None, run_after=None
[2026-07-22T13:16:02.940+0000] {processor.py:208} INFO - Processing /home/airflow/.local/lib/python3.12/site-packages/airflow/example_dags/example_datasets.py took 1.682 seconds
[2026-07-22T13:16:33.652+0000] {processor.py:186} INFO - Started process (PID=1203) to work on /home/airflow/.local/lib/python3.12/site-packages/airflow/example_dags/example_datasets.py
[2026-07-22T13:16:33.656+0000] {processor.py:914} INFO - Processing file /home/airflow/.local/lib/python3.12/site-packages/airflow/example_dags/example_datasets.py for tasks to queue
[2026-07-22T13:16:33.664+0000] {logging_mixin.py:190} INFO - [2026-07-22T13:16:33.663+0000] {dagbag.py:588} INFO - Filling up the DagBag from /home/airflow/.local/lib/python3.12/site-packages/airflow/example_dags/example_datasets.py
[2026-07-22T13:16:34.960+0000] {processor.py:925} INFO - DAG(s) 'consume_1_or_2_with_dataset_expressions', 'dataset_consumes_unknown_never_scheduled', 'dataset_produces_2', 'consume_1_and_2_with_dataset_expressions', 'conditional_dataset_and_time_based_timetable', 'dataset_consumes_1_never_scheduled', 'consume_1_or_both_2_and_3_with_dataset_expressions', 'dataset_produces_1', 'dataset_consumes_1_and_2', 'dataset_consumes_1' retrieved from /home/airflow/.local/lib/python3.12/site-packages/airflow/example_dags/example_datasets.py
[2026-07-22T13:16:35.067+0000] {logging_mixin.py:190} INFO - [2026-07-22T13:16:35.066+0000] {dag.py:3239} INFO - Sync 10 DAGs
[2026-07-22T13:16:35.130+0000] {logging_mixin.py:190} INFO - [2026-07-22T13:16:35.130+0000] {dag.py:4180} INFO - Setting next_dagrun for conditional_dataset_and_time_based_timetable to 2026-07-22 01:00:00+00:00, run_after=2026-07-22 01:00:00+00:00
[2026-07-22T13:16:35.143+0000] {logging_mixin.py:190} INFO - [2026-07-22T13:16:35.143+0000] {dag.py:4180} INFO - Setting next_dagrun for consume_1_and_2_with_dataset_expressions to None, run_after=None
[2026-07-22T13:16:35.149+0000] {logging_mixin.py:190} INFO - [2026-07-22T13:16:35.148+0000] {dag.py:4180} INFO - Setting next_dagrun for consume_1_or_2_with_dataset_expressions to None, run_after=None
[2026-07-22T13:16:35.155+0000] {logging_mixin.py:190} INFO - [2026-07-22T13:16:35.154+0000] {dag.py:4180} INFO - Setting next_dagrun for consume_1_or_both_2_and_3_with_dataset_expressions to None, run_after=None
[2026-07-22T13:16:35.161+0000] {logging_mixin.py:190} INFO - [2026-07-22T13:16:35.160+0000] {dag.py:4180} INFO - Setting next_dagrun for dataset_consumes_1 to None, run_after=None
[2026-07-22T13:16:35.165+0000] {logging_mixin.py:190} INFO - [2026-07-22T13:16:35.165+0000] {dag.py:4180} INFO - Setting next_dagrun for dataset_consumes_1_and_2 to None, run_after=None
[2026-07-22T13:16:35.169+0000] {logging_mixin.py:190} INFO - [2026-07-22T13:16:35.169+0000] {dag.py:4180} INFO - Setting next_dagrun for dataset_consumes_1_never_scheduled to None, run_after=None
[2026-07-22T13:16:35.173+0000] {logging_mixin.py:190} INFO - [2026-07-22T13:16:35.173+0000] {dag.py:4180} INFO - Setting next_dagrun for dataset_consumes_unknown_never_scheduled to None, run_after=None
[2026-07-22T13:16:35.180+0000] {logging_mixin.py:190} INFO - [2026-07-22T13:16:35.179+0000] {dag.py:4180} INFO - Setting next_dagrun for dataset_produces_1 to 2026-07-21 00:00:00+00:00, run_after=2026-07-22 00:00:00+00:00
[2026-07-22T13:16:35.184+0000] {logging_mixin.py:190} INFO - [2026-07-22T13:16:35.184+0000] {dag.py:4180} INFO - Setting next_dagrun for dataset_produces_2 to None, run_after=None
[2026-07-22T13:16:35.267+0000] {processor.py:208} INFO - Processing /home/airflow/.local/lib/python3.12/site-packages/airflow/example_dags/example_datasets.py took 1.649 seconds
[2026-07-22T13:17:07.138+0000] {processor.py:186} INFO - Started process (PID=1269) to work on /home/airflow/.local/lib/python3.12/site-packages/airflow/example_dags/example_datasets.py
[2026-07-22T13:17:07.161+0000] {processor.py:914} INFO - Processing file /home/airflow/.local/lib/python3.12/site-packages/airflow/example_dags/example_datasets.py for tasks to queue
[2026-07-22T13:17:07.221+0000] {logging_mixin.py:190} INFO - [2026-07-22T13:17:07.183+0000] {dagbag.py:588} INFO - Filling up the DagBag from /home/airflow/.local/lib/python3.12/site-packages/airflow/example_dags/example_datasets.py
[2026-07-22T13:17:10.448+0000] {processor.py:925} INFO - DAG(s) 'dataset_consumes_unknown_never_scheduled', 'consume_1_or_2_with_dataset_expressions', 'dataset_consumes_1', 'dataset_consumes_1_and_2', 'consume_1_or_both_2_and_3_with_dataset_expressions', 'conditional_dataset_and_time_based_timetable', 'dataset_produces_1', 'consume_1_and_2_with_dataset_expressions', 'dataset_consumes_1_never_scheduled', 'dataset_produces_2' retrieved from /home/airflow/.local/lib/python3.12/site-packages/airflow/example_dags/example_datasets.py
[2026-07-22T13:17:10.655+0000] {logging_mixin.py:190} INFO - [2026-07-22T13:17:10.652+0000] {dag.py:3239} INFO - Sync 10 DAGs
[2026-07-22T13:17:10.772+0000] {logging_mixin.py:190} INFO - [2026-07-22T13:17:10.771+0000] {dag.py:4180} INFO - Setting next_dagrun for conditional_dataset_and_time_based_timetable to 2026-07-22 01:00:00+00:00, run_after=2026-07-22 01:00:00+00:00
[2026-07-22T13:17:10.796+0000] {logging_mixin.py:190} INFO - [2026-07-22T13:17:10.794+0000] {dag.py:4180} INFO - Setting next_dagrun for consume_1_and_2_with_dataset_expressions to None, run_after=None
[2026-07-22T13:17:10.807+0000] {logging_mixin.py:190} INFO - [2026-07-22T13:17:10.806+0000] {dag.py:4180} INFO - Setting next_dagrun for consume_1_or_2_with_dataset_expressions to None, run_after=None
[2026-07-22T13:17:10.816+0000] {logging_mixin.py:190} INFO - [2026-07-22T13:17:10.815+0000] {dag.py:4180} INFO - Setting next_dagrun for consume_1_or_both_2_and_3_with_dataset_expressions to None, run_after=None
[2026-07-22T13:17:10.825+0000] {logging_mixin.py:190} INFO - [2026-07-22T13:17:10.824+0000] {dag.py:4180} INFO - Setting next_dagrun for dataset_consumes_1 to None, run_after=None
[2026-07-22T13:17:10.834+0000] {logging_mixin.py:190} INFO - [2026-07-22T13:17:10.833+0000] {dag.py:4180} INFO - Setting next_dagrun for dataset_consumes_1_and_2 to None, run_after=None
[2026-07-22T13:17:10.844+0000] {logging_mixin.py:190} INFO - [2026-07-22T13:17:10.843+0000] {dag.py:4180} INFO - Setting next_dagrun for dataset_consumes_1_never_scheduled to None, run_after=None
[2026-07-22T13:17:10.859+0000] {logging_mixin.py:190} INFO - [2026-07-22T13:17:10.858+0000] {dag.py:4180} INFO - Setting next_dagrun for dataset_consumes_unknown_never_scheduled to None, run_after=None
[2026-07-22T13:17:10.885+0000] {logging_mixin.py:190} INFO - [2026-07-22T13:17:10.880+0000] {dag.py:4180} INFO - Setting next_dagrun for dataset_produces_1 to 2026-07-21 00:00:00+00:00, run_after=2026-07-22 00:00:00+00:00
[2026-07-22T13:17:10.891+0000] {logging_mixin.py:190} INFO - [2026-07-22T13:17:10.890+0000] {dag.py:4180} INFO - Setting next_dagrun for dataset_produces_2 to None, run_after=None
[2026-07-22T13:17:11.153+0000] {processor.py:208} INFO - Processing /home/airflow/.local/lib/python3.12/site-packages/airflow/example_dags/example_datasets.py took 4.105 seconds
[2026-07-22T13:17:42.115+0000] {processor.py:186} INFO - Started process (PID=1335) to work on /home/airflow/.local/lib/python3.12/site-packages/airflow/example_dags/example_datasets.py
[2026-07-22T13:17:42.118+0000] {processor.py:914} INFO - Processing file /home/airflow/.local/lib/python3.12/site-packages/airflow/example_dags/example_datasets.py for tasks to queue
[2026-07-22T13:17:42.127+0000] {logging_mixin.py:190} INFO - [2026-07-22T13:17:42.125+0000] {dagbag.py:588} INFO - Filling up the DagBag from /home/airflow/.local/lib/python3.12/site-packages/airflow/example_dags/example_datasets.py
[2026-07-22T13:17:43.657+0000] {processor.py:925} INFO - DAG(s) 'dataset_consumes_unknown_never_scheduled', 'consume_1_and_2_with_dataset_expressions', 'dataset_consumes_1_and_2', 'dataset_consumes_1_never_scheduled', 'dataset_produces_1', 'dataset_consumes_1', 'conditional_dataset_and_time_based_timetable', 'consume_1_or_both_2_and_3_with_dataset_expressions', 'dataset_produces_2', 'consume_1_or_2_with_dataset_expressions' retrieved from /home/airflow/.local/lib/python3.12/site-packages/airflow/example_dags/example_datasets.py
[2026-07-22T13:17:43.877+0000] {logging_mixin.py:190} INFO - [2026-07-22T13:17:43.876+0000] {dag.py:3239} INFO - Sync 10 DAGs
[2026-07-22T13:17:43.999+0000] {logging_mixin.py:190} INFO - [2026-07-22T13:17:43.998+0000] {dag.py:4180} INFO - Setting next_dagrun for conditional_dataset_and_time_based_timetable to 2026-07-22 01:00:00+00:00, run_after=2026-07-22 01:00:00+00:00
[2026-07-22T13:17:44.017+0000] {logging_mixin.py:190} INFO - [2026-07-22T13:17:44.016+0000] {dag.py:4180} INFO - Setting next_dagrun for consume_1_and_2_with_dataset_expressions to None, run_after=None
[2026-07-22T13:17:44.029+0000] {logging_mixin.py:190} INFO - [2026-07-22T13:17:44.028+0000] {dag.py:4180} INFO - Setting next_dagrun for consume_1_or_2_with_dataset_expressions to None, run_after=None
[2026-07-22T13:17:44.038+0000] {logging_mixin.py:190} INFO - [2026-07-22T13:17:44.037+0000] {dag.py:4180} INFO - Setting next_dagrun for consume_1_or_both_2_and_3_with_dataset_expressions to None, run_after=None
[2026-07-22T13:17:44.049+0000] {logging_mixin.py:190} INFO - [2026-07-22T13:17:44.048+0000] {dag.py:4180} INFO - Setting next_dagrun for dataset_consumes_1 to None, run_after=None
[2026-07-22T13:17:44.060+0000] {logging_mixin.py:190} INFO - [2026-07-22T13:17:44.058+0000] {dag.py:4180} INFO - Setting next_dagrun for dataset_consumes_1_and_2 to None, run_after=None
[2026-07-22T13:17:44.074+0000] {logging_mixin.py:190} INFO - [2026-07-22T13:17:44.073+0000] {dag.py:4180} INFO - Setting next_dagrun for dataset_consumes_1_never_scheduled to None, run_after=None
[2026-07-22T13:17:44.084+0000] {logging_mixin.py:190} INFO - [2026-07-22T13:17:44.082+0000] {dag.py:4180} INFO - Setting next_dagrun for dataset_consumes_unknown_never_scheduled to None, run_after=None
[2026-07-22T13:17:44.114+0000] {logging_mixin.py:190} INFO - [2026-07-22T13:17:44.113+0000] {dag.py:4180} INFO - Setting next_dagrun for dataset_produces_1 to 2026-07-21 00:00:00+00:00, run_after=2026-07-22 00:00:00+00:00
[2026-07-22T13:17:44.119+0000] {logging_mixin.py:190} INFO - [2026-07-22T13:17:44.119+0000] {dag.py:4180} INFO - Setting next_dagrun for dataset_produces_2 to None, run_after=None
[2026-07-22T13:17:44.248+0000] {processor.py:208} INFO - Processing /home/airflow/.local/lib/python3.12/site-packages/airflow/example_dags/example_datasets.py took 2.155 seconds
