[2026-07-22T13:07:23.071+0000] {processor.py:186} INFO - Started process (PID=101) to work on /home/airflow/.local/lib/python3.12/site-packages/airflow/example_dags/example_sla_dag.py
[2026-07-22T13:07:23.074+0000] {processor.py:914} INFO - Processing file /home/airflow/.local/lib/python3.12/site-packages/airflow/example_dags/example_sla_dag.py for tasks to queue
[2026-07-22T13:07:23.080+0000] {logging_mixin.py:190} INFO - [2026-07-22T13:07:23.079+0000] {dagbag.py:588} INFO - Filling up the DagBag from /home/airflow/.local/lib/python3.12/site-packages/airflow/example_dags/example_sla_dag.py
[2026-07-22T13:07:23.103+0000] {processor.py:925} INFO - DAG(s) 'example_sla_dag' retrieved from /home/airflow/.local/lib/python3.12/site-packages/airflow/example_dags/example_sla_dag.py
[2026-07-22T13:07:23.659+0000] {logging_mixin.py:190} INFO - [2026-07-22T13:07:23.657+0000] {override.py:1912} INFO - Created Permission View: can read on DAG:example_sla_dag
[2026-07-22T13:07:23.712+0000] {logging_mixin.py:190} INFO - [2026-07-22T13:07:23.712+0000] {override.py:1912} INFO - Created Permission View: can edit on DAG:example_sla_dag
[2026-07-22T13:07:23.734+0000] {logging_mixin.py:190} INFO - [2026-07-22T13:07:23.733+0000] {override.py:1912} INFO - Created Permission View: can delete on DAG:example_sla_dag
[2026-07-22T13:07:23.761+0000] {logging_mixin.py:190} INFO - [2026-07-22T13:07:23.760+0000] {override.py:1912} INFO - Created Permission View: can read on DAG Run:example_sla_dag
[2026-07-22T13:07:23.780+0000] {logging_mixin.py:190} INFO - [2026-07-22T13:07:23.780+0000] {override.py:1912} INFO - Created Permission View: menu access on DAG Run:example_sla_dag
[2026-07-22T13:07:23.800+0000] {logging_mixin.py:190} INFO - [2026-07-22T13:07:23.799+0000] {override.py:1912} INFO - Created Permission View: can create on DAG Run:example_sla_dag
[2026-07-22T13:07:23.820+0000] {logging_mixin.py:190} INFO - [2026-07-22T13:07:23.820+0000] {override.py:1912} INFO - Created Permission View: can delete on DAG Run:example_sla_dag
[2026-07-22T13:07:23.824+0000] {logging_mixin.py:190} INFO - [2026-07-22T13:07:23.823+0000] {dag.py:3239} INFO - Sync 1 DAGs
[2026-07-22T13:07:23.866+0000] {logging_mixin.py:190} INFO - [2026-07-22T13:07:23.865+0000] {dag.py:3262} INFO - Creating ORM DAG for example_sla_dag
[2026-07-22T13:07:23.899+0000] {logging_mixin.py:190} INFO - [2026-07-22T13:07:23.899+0000] {dag.py:4180} INFO - Setting next_dagrun for example_sla_dag to 2026-07-22 13:04:00+00:00, run_after=2026-07-22 13:06:00+00:00
[2026-07-22T13:07:23.940+0000] {processor.py:208} INFO - Processing /home/airflow/.local/lib/python3.12/site-packages/airflow/example_dags/example_sla_dag.py took 0.884 seconds
[2026-07-22T13:07:54.076+0000] {processor.py:186} INFO - Started process (PID=163) to work on /home/airflow/.local/lib/python3.12/site-packages/airflow/example_dags/example_sla_dag.py
[2026-07-22T13:07:54.081+0000] {processor.py:914} INFO - Processing file /home/airflow/.local/lib/python3.12/site-packages/airflow/example_dags/example_sla_dag.py for tasks to queue
[2026-07-22T13:07:54.090+0000] {logging_mixin.py:190} INFO - [2026-07-22T13:07:54.089+0000] {dagbag.py:588} INFO - Filling up the DagBag from /home/airflow/.local/lib/python3.12/site-packages/airflow/example_dags/example_sla_dag.py
[2026-07-22T13:07:54.119+0000] {processor.py:925} INFO - DAG(s) 'example_sla_dag' retrieved from /home/airflow/.local/lib/python3.12/site-packages/airflow/example_dags/example_sla_dag.py
[2026-07-22T13:07:54.185+0000] {logging_mixin.py:190} INFO - [2026-07-22T13:07:54.185+0000] {dag.py:3239} INFO - Sync 1 DAGs
[2026-07-22T13:07:54.258+0000] {logging_mixin.py:190} INFO - [2026-07-22T13:07:54.257+0000] {dag.py:4180} INFO - Setting next_dagrun for example_sla_dag to 2026-07-22 13:04:00+00:00, run_after=2026-07-22 13:06:00+00:00
[2026-07-22T13:07:54.403+0000] {processor.py:208} INFO - Processing /home/airflow/.local/lib/python3.12/site-packages/airflow/example_dags/example_sla_dag.py took 0.353 seconds
[2026-07-22T13:08:24.867+0000] {processor.py:186} INFO - Started process (PID=227) to work on /home/airflow/.local/lib/python3.12/site-packages/airflow/example_dags/example_sla_dag.py
[2026-07-22T13:08:24.869+0000] {processor.py:914} INFO - Processing file /home/airflow/.local/lib/python3.12/site-packages/airflow/example_dags/example_sla_dag.py for tasks to queue
[2026-07-22T13:08:24.874+0000] {logging_mixin.py:190} INFO - [2026-07-22T13:08:24.873+0000] {dagbag.py:588} INFO - Filling up the DagBag from /home/airflow/.local/lib/python3.12/site-packages/airflow/example_dags/example_sla_dag.py
[2026-07-22T13:08:24.890+0000] {processor.py:925} INFO - DAG(s) 'example_sla_dag' retrieved from /home/airflow/.local/lib/python3.12/site-packages/airflow/example_dags/example_sla_dag.py
[2026-07-22T13:08:24.930+0000] {logging_mixin.py:190} INFO - [2026-07-22T13:08:24.930+0000] {dag.py:3239} INFO - Sync 1 DAGs
[2026-07-22T13:08:24.968+0000] {logging_mixin.py:190} INFO - [2026-07-22T13:08:24.968+0000] {dag.py:4180} INFO - Setting next_dagrun for example_sla_dag to 2026-07-22 13:06:00+00:00, run_after=2026-07-22 13:08:00+00:00
[2026-07-22T13:08:25.000+0000] {processor.py:208} INFO - Processing /home/airflow/.local/lib/python3.12/site-packages/airflow/example_dags/example_sla_dag.py took 0.141 seconds
[2026-07-22T13:08:55.741+0000] {processor.py:186} INFO - Started process (PID=290) to work on /home/airflow/.local/lib/python3.12/site-packages/airflow/example_dags/example_sla_dag.py
[2026-07-22T13:08:55.742+0000] {processor.py:914} INFO - Processing file /home/airflow/.local/lib/python3.12/site-packages/airflow/example_dags/example_sla_dag.py for tasks to queue
[2026-07-22T13:08:55.748+0000] {logging_mixin.py:190} INFO - [2026-07-22T13:08:55.747+0000] {dagbag.py:588} INFO - Filling up the DagBag from /home/airflow/.local/lib/python3.12/site-packages/airflow/example_dags/example_sla_dag.py
[2026-07-22T13:08:55.764+0000] {processor.py:925} INFO - DAG(s) 'example_sla_dag' retrieved from /home/airflow/.local/lib/python3.12/site-packages/airflow/example_dags/example_sla_dag.py
[2026-07-22T13:08:55.801+0000] {logging_mixin.py:190} INFO - [2026-07-22T13:08:55.801+0000] {dag.py:3239} INFO - Sync 1 DAGs
[2026-07-22T13:08:55.841+0000] {logging_mixin.py:190} INFO - [2026-07-22T13:08:55.841+0000] {dag.py:4180} INFO - Setting next_dagrun for example_sla_dag to 2026-07-22 13:06:00+00:00, run_after=2026-07-22 13:08:00+00:00
[2026-07-22T13:08:55.878+0000] {processor.py:208} INFO - Processing /home/airflow/.local/lib/python3.12/site-packages/airflow/example_dags/example_sla_dag.py took 0.145 seconds
[2026-07-22T13:09:26.519+0000] {processor.py:186} INFO - Started process (PID=353) to work on /home/airflow/.local/lib/python3.12/site-packages/airflow/example_dags/example_sla_dag.py
[2026-07-22T13:09:26.521+0000] {processor.py:914} INFO - Processing file /home/airflow/.local/lib/python3.12/site-packages/airflow/example_dags/example_sla_dag.py for tasks to queue
[2026-07-22T13:09:26.525+0000] {logging_mixin.py:190} INFO - [2026-07-22T13:09:26.524+0000] {dagbag.py:588} INFO - Filling up the DagBag from /home/airflow/.local/lib/python3.12/site-packages/airflow/example_dags/example_sla_dag.py
[2026-07-22T13:09:26.537+0000] {processor.py:925} INFO - DAG(s) 'example_sla_dag' retrieved from /home/airflow/.local/lib/python3.12/site-packages/airflow/example_dags/example_sla_dag.py
[2026-07-22T13:09:26.562+0000] {logging_mixin.py:190} INFO - [2026-07-22T13:09:26.562+0000] {dag.py:3239} INFO - Sync 1 DAGs
[2026-07-22T13:09:26.591+0000] {logging_mixin.py:190} INFO - [2026-07-22T13:09:26.590+0000] {dag.py:4180} INFO - Setting next_dagrun for example_sla_dag to 2026-07-22 13:06:00+00:00, run_after=2026-07-22 13:08:00+00:00
[2026-07-22T13:09:26.622+0000] {processor.py:208} INFO - Processing /home/airflow/.local/lib/python3.12/site-packages/airflow/example_dags/example_sla_dag.py took 0.109 seconds
[2026-07-22T13:09:57.075+0000] {processor.py:186} INFO - Started process (PID=416) to work on /home/airflow/.local/lib/python3.12/site-packages/airflow/example_dags/example_sla_dag.py
[2026-07-22T13:09:57.078+0000] {processor.py:914} INFO - Processing file /home/airflow/.local/lib/python3.12/site-packages/airflow/example_dags/example_sla_dag.py for tasks to queue
[2026-07-22T13:09:57.087+0000] {logging_mixin.py:190} INFO - [2026-07-22T13:09:57.085+0000] {dagbag.py:588} INFO - Filling up the DagBag from /home/airflow/.local/lib/python3.12/site-packages/airflow/example_dags/example_sla_dag.py
[2026-07-22T13:09:57.101+0000] {processor.py:925} INFO - DAG(s) 'example_sla_dag' retrieved from /home/airflow/.local/lib/python3.12/site-packages/airflow/example_dags/example_sla_dag.py
[2026-07-22T13:09:57.130+0000] {logging_mixin.py:190} INFO - [2026-07-22T13:09:57.130+0000] {dag.py:3239} INFO - Sync 1 DAGs
[2026-07-22T13:09:57.166+0000] {logging_mixin.py:190} INFO - [2026-07-22T13:09:57.166+0000] {dag.py:4180} INFO - Setting next_dagrun for example_sla_dag to 2026-07-22 13:06:00+00:00, run_after=2026-07-22 13:08:00+00:00
[2026-07-22T13:09:57.195+0000] {processor.py:208} INFO - Processing /home/airflow/.local/lib/python3.12/site-packages/airflow/example_dags/example_sla_dag.py took 0.133 seconds
[2026-07-22T13:10:27.711+0000] {processor.py:186} INFO - Started process (PID=479) to work on /home/airflow/.local/lib/python3.12/site-packages/airflow/example_dags/example_sla_dag.py
[2026-07-22T13:10:27.714+0000] {processor.py:914} INFO - Processing file /home/airflow/.local/lib/python3.12/site-packages/airflow/example_dags/example_sla_dag.py for tasks to queue
[2026-07-22T13:10:27.719+0000] {logging_mixin.py:190} INFO - [2026-07-22T13:10:27.718+0000] {dagbag.py:588} INFO - Filling up the DagBag from /home/airflow/.local/lib/python3.12/site-packages/airflow/example_dags/example_sla_dag.py
[2026-07-22T13:10:27.736+0000] {processor.py:925} INFO - DAG(s) 'example_sla_dag' retrieved from /home/airflow/.local/lib/python3.12/site-packages/airflow/example_dags/example_sla_dag.py
[2026-07-22T13:10:27.774+0000] {logging_mixin.py:190} INFO - [2026-07-22T13:10:27.774+0000] {dag.py:3239} INFO - Sync 1 DAGs
[2026-07-22T13:10:27.811+0000] {logging_mixin.py:190} INFO - [2026-07-22T13:10:27.811+0000] {dag.py:4180} INFO - Setting next_dagrun for example_sla_dag to 2026-07-22 13:08:00+00:00, run_after=2026-07-22 13:10:00+00:00
[2026-07-22T13:10:27.843+0000] {processor.py:208} INFO - Processing /home/airflow/.local/lib/python3.12/site-packages/airflow/example_dags/example_sla_dag.py took 0.140 seconds
[2026-07-22T13:10:58.343+0000] {processor.py:186} INFO - Started process (PID=542) to work on /home/airflow/.local/lib/python3.12/site-packages/airflow/example_dags/example_sla_dag.py
[2026-07-22T13:10:58.346+0000] {processor.py:914} INFO - Processing file /home/airflow/.local/lib/python3.12/site-packages/airflow/example_dags/example_sla_dag.py for tasks to queue
[2026-07-22T13:10:58.352+0000] {logging_mixin.py:190} INFO - [2026-07-22T13:10:58.351+0000] {dagbag.py:588} INFO - Filling up the DagBag from /home/airflow/.local/lib/python3.12/site-packages/airflow/example_dags/example_sla_dag.py
[2026-07-22T13:10:58.371+0000] {processor.py:925} INFO - DAG(s) 'example_sla_dag' retrieved from /home/airflow/.local/lib/python3.12/site-packages/airflow/example_dags/example_sla_dag.py
[2026-07-22T13:10:58.410+0000] {logging_mixin.py:190} INFO - [2026-07-22T13:10:58.409+0000] {dag.py:3239} INFO - Sync 1 DAGs
[2026-07-22T13:10:58.476+0000] {logging_mixin.py:190} INFO - [2026-07-22T13:10:58.476+0000] {dag.py:4180} INFO - Setting next_dagrun for example_sla_dag to 2026-07-22 13:08:00+00:00, run_after=2026-07-22 13:10:00+00:00
[2026-07-22T13:10:58.519+0000] {processor.py:208} INFO - Processing /home/airflow/.local/lib/python3.12/site-packages/airflow/example_dags/example_sla_dag.py took 0.185 seconds
[2026-07-22T13:11:28.989+0000] {processor.py:186} INFO - Started process (PID=605) to work on /home/airflow/.local/lib/python3.12/site-packages/airflow/example_dags/example_sla_dag.py
[2026-07-22T13:11:28.992+0000] {processor.py:914} INFO - Processing file /home/airflow/.local/lib/python3.12/site-packages/airflow/example_dags/example_sla_dag.py for tasks to queue
[2026-07-22T13:11:28.996+0000] {logging_mixin.py:190} INFO - [2026-07-22T13:11:28.996+0000] {dagbag.py:588} INFO - Filling up the DagBag from /home/airflow/.local/lib/python3.12/site-packages/airflow/example_dags/example_sla_dag.py
[2026-07-22T13:11:29.016+0000] {processor.py:925} INFO - DAG(s) 'example_sla_dag' retrieved from /home/airflow/.local/lib/python3.12/site-packages/airflow/example_dags/example_sla_dag.py
[2026-07-22T13:11:29.051+0000] {logging_mixin.py:190} INFO - [2026-07-22T13:11:29.050+0000] {dag.py:3239} INFO - Sync 1 DAGs
[2026-07-22T13:11:29.084+0000] {logging_mixin.py:190} INFO - [2026-07-22T13:11:29.084+0000] {dag.py:4180} INFO - Setting next_dagrun for example_sla_dag to 2026-07-22 13:08:00+00:00, run_after=2026-07-22 13:10:00+00:00
[2026-07-22T13:11:29.116+0000] {processor.py:208} INFO - Processing /home/airflow/.local/lib/python3.12/site-packages/airflow/example_dags/example_sla_dag.py took 0.136 seconds
[2026-07-22T13:11:59.915+0000] {processor.py:186} INFO - Started process (PID=668) to work on /home/airflow/.local/lib/python3.12/site-packages/airflow/example_dags/example_sla_dag.py
[2026-07-22T13:11:59.917+0000] {processor.py:914} INFO - Processing file /home/airflow/.local/lib/python3.12/site-packages/airflow/example_dags/example_sla_dag.py for tasks to queue
[2026-07-22T13:11:59.921+0000] {logging_mixin.py:190} INFO - [2026-07-22T13:11:59.921+0000] {dagbag.py:588} INFO - Filling up the DagBag from /home/airflow/.local/lib/python3.12/site-packages/airflow/example_dags/example_sla_dag.py
[2026-07-22T13:11:59.935+0000] {processor.py:925} INFO - DAG(s) 'example_sla_dag' retrieved from /home/airflow/.local/lib/python3.12/site-packages/airflow/example_dags/example_sla_dag.py
[2026-07-22T13:11:59.959+0000] {logging_mixin.py:190} INFO - [2026-07-22T13:11:59.959+0000] {dag.py:3239} INFO - Sync 1 DAGs
[2026-07-22T13:11:59.989+0000] {logging_mixin.py:190} INFO - [2026-07-22T13:11:59.989+0000] {dag.py:4180} INFO - Setting next_dagrun for example_sla_dag to 2026-07-22 13:08:00+00:00, run_after=2026-07-22 13:10:00+00:00
[2026-07-22T13:12:00.028+0000] {processor.py:208} INFO - Processing /home/airflow/.local/lib/python3.12/site-packages/airflow/example_dags/example_sla_dag.py took 0.122 seconds
[2026-07-22T13:12:30.285+0000] {processor.py:186} INFO - Started process (PID=731) to work on /home/airflow/.local/lib/python3.12/site-packages/airflow/example_dags/example_sla_dag.py
[2026-07-22T13:12:30.287+0000] {processor.py:914} INFO - Processing file /home/airflow/.local/lib/python3.12/site-packages/airflow/example_dags/example_sla_dag.py for tasks to queue
[2026-07-22T13:12:30.291+0000] {logging_mixin.py:190} INFO - [2026-07-22T13:12:30.291+0000] {dagbag.py:588} INFO - Filling up the DagBag from /home/airflow/.local/lib/python3.12/site-packages/airflow/example_dags/example_sla_dag.py
[2026-07-22T13:12:30.303+0000] {processor.py:925} INFO - DAG(s) 'example_sla_dag' retrieved from /home/airflow/.local/lib/python3.12/site-packages/airflow/example_dags/example_sla_dag.py
[2026-07-22T13:12:30.330+0000] {logging_mixin.py:190} INFO - [2026-07-22T13:12:30.330+0000] {dag.py:3239} INFO - Sync 1 DAGs
[2026-07-22T13:12:30.361+0000] {logging_mixin.py:190} INFO - [2026-07-22T13:12:30.360+0000] {dag.py:4180} INFO - Setting next_dagrun for example_sla_dag to 2026-07-22 13:10:00+00:00, run_after=2026-07-22 13:12:00+00:00
[2026-07-22T13:12:30.390+0000] {processor.py:208} INFO - Processing /home/airflow/.local/lib/python3.12/site-packages/airflow/example_dags/example_sla_dag.py took 0.112 seconds
[2026-07-22T13:13:00.492+0000] {processor.py:186} INFO - Started process (PID=794) to work on /home/airflow/.local/lib/python3.12/site-packages/airflow/example_dags/example_sla_dag.py
[2026-07-22T13:13:00.494+0000] {processor.py:914} INFO - Processing file /home/airflow/.local/lib/python3.12/site-packages/airflow/example_dags/example_sla_dag.py for tasks to queue
[2026-07-22T13:13:00.497+0000] {logging_mixin.py:190} INFO - [2026-07-22T13:13:00.497+0000] {dagbag.py:588} INFO - Filling up the DagBag from /home/airflow/.local/lib/python3.12/site-packages/airflow/example_dags/example_sla_dag.py
[2026-07-22T13:13:00.510+0000] {processor.py:925} INFO - DAG(s) 'example_sla_dag' retrieved from /home/airflow/.local/lib/python3.12/site-packages/airflow/example_dags/example_sla_dag.py
[2026-07-22T13:13:00.533+0000] {logging_mixin.py:190} INFO - [2026-07-22T13:13:00.532+0000] {dag.py:3239} INFO - Sync 1 DAGs
[2026-07-22T13:13:00.563+0000] {logging_mixin.py:190} INFO - [2026-07-22T13:13:00.562+0000] {dag.py:4180} INFO - Setting next_dagrun for example_sla_dag to 2026-07-22 13:10:00+00:00, run_after=2026-07-22 13:12:00+00:00
[2026-07-22T13:13:00.592+0000] {processor.py:208} INFO - Processing /home/airflow/.local/lib/python3.12/site-packages/airflow/example_dags/example_sla_dag.py took 0.106 seconds
[2026-07-22T13:13:31.169+0000] {processor.py:186} INFO - Started process (PID=857) to work on /home/airflow/.local/lib/python3.12/site-packages/airflow/example_dags/example_sla_dag.py
[2026-07-22T13:13:31.173+0000] {processor.py:914} INFO - Processing file /home/airflow/.local/lib/python3.12/site-packages/airflow/example_dags/example_sla_dag.py for tasks to queue
[2026-07-22T13:13:31.184+0000] {logging_mixin.py:190} INFO - [2026-07-22T13:13:31.182+0000] {dagbag.py:588} INFO - Filling up the DagBag from /home/airflow/.local/lib/python3.12/site-packages/airflow/example_dags/example_sla_dag.py
[2026-07-22T13:13:31.235+0000] {processor.py:925} INFO - DAG(s) 'example_sla_dag' retrieved from /home/airflow/.local/lib/python3.12/site-packages/airflow/example_dags/example_sla_dag.py
[2026-07-22T13:13:31.395+0000] {logging_mixin.py:190} INFO - [2026-07-22T13:13:31.394+0000] {dag.py:3239} INFO - Sync 1 DAGs
[2026-07-22T13:13:31.491+0000] {logging_mixin.py:190} INFO - [2026-07-22T13:13:31.491+0000] {dag.py:4180} INFO - Setting next_dagrun for example_sla_dag to 2026-07-22 13:10:00+00:00, run_after=2026-07-22 13:12:00+00:00
[2026-07-22T13:13:31.532+0000] {processor.py:208} INFO - Processing /home/airflow/.local/lib/python3.12/site-packages/airflow/example_dags/example_sla_dag.py took 0.388 seconds
[2026-07-22T13:14:02.272+0000] {processor.py:186} INFO - Started process (PID=920) to work on /home/airflow/.local/lib/python3.12/site-packages/airflow/example_dags/example_sla_dag.py
[2026-07-22T13:14:02.274+0000] {processor.py:914} INFO - Processing file /home/airflow/.local/lib/python3.12/site-packages/airflow/example_dags/example_sla_dag.py for tasks to queue
[2026-07-22T13:14:02.278+0000] {logging_mixin.py:190} INFO - [2026-07-22T13:14:02.278+0000] {dagbag.py:588} INFO - Filling up the DagBag from /home/airflow/.local/lib/python3.12/site-packages/airflow/example_dags/example_sla_dag.py
[2026-07-22T13:14:02.295+0000] {processor.py:925} INFO - DAG(s) 'example_sla_dag' retrieved from /home/airflow/.local/lib/python3.12/site-packages/airflow/example_dags/example_sla_dag.py
[2026-07-22T13:14:02.332+0000] {logging_mixin.py:190} INFO - [2026-07-22T13:14:02.331+0000] {dag.py:3239} INFO - Sync 1 DAGs
[2026-07-22T13:14:02.373+0000] {logging_mixin.py:190} INFO - [2026-07-22T13:14:02.373+0000] {dag.py:4180} INFO - Setting next_dagrun for example_sla_dag to 2026-07-22 13:12:00+00:00, run_after=2026-07-22 13:14:00+00:00
[2026-07-22T13:14:02.411+0000] {processor.py:208} INFO - Processing /home/airflow/.local/lib/python3.12/site-packages/airflow/example_dags/example_sla_dag.py took 0.148 seconds
[2026-07-22T13:14:32.574+0000] {processor.py:186} INFO - Started process (PID=983) to work on /home/airflow/.local/lib/python3.12/site-packages/airflow/example_dags/example_sla_dag.py
[2026-07-22T13:14:32.576+0000] {processor.py:914} INFO - Processing file /home/airflow/.local/lib/python3.12/site-packages/airflow/example_dags/example_sla_dag.py for tasks to queue
[2026-07-22T13:14:32.580+0000] {logging_mixin.py:190} INFO - [2026-07-22T13:14:32.580+0000] {dagbag.py:588} INFO - Filling up the DagBag from /home/airflow/.local/lib/python3.12/site-packages/airflow/example_dags/example_sla_dag.py
[2026-07-22T13:14:32.596+0000] {processor.py:925} INFO - DAG(s) 'example_sla_dag' retrieved from /home/airflow/.local/lib/python3.12/site-packages/airflow/example_dags/example_sla_dag.py
[2026-07-22T13:14:32.625+0000] {logging_mixin.py:190} INFO - [2026-07-22T13:14:32.625+0000] {dag.py:3239} INFO - Sync 1 DAGs
[2026-07-22T13:14:32.663+0000] {logging_mixin.py:190} INFO - [2026-07-22T13:14:32.662+0000] {dag.py:4180} INFO - Setting next_dagrun for example_sla_dag to 2026-07-22 13:12:00+00:00, run_after=2026-07-22 13:14:00+00:00
[2026-07-22T13:14:32.696+0000] {processor.py:208} INFO - Processing /home/airflow/.local/lib/python3.12/site-packages/airflow/example_dags/example_sla_dag.py took 0.133 seconds
[2026-07-22T13:15:03.228+0000] {processor.py:186} INFO - Started process (PID=1046) to work on /home/airflow/.local/lib/python3.12/site-packages/airflow/example_dags/example_sla_dag.py
[2026-07-22T13:15:03.231+0000] {processor.py:914} INFO - Processing file /home/airflow/.local/lib/python3.12/site-packages/airflow/example_dags/example_sla_dag.py for tasks to queue
[2026-07-22T13:15:03.239+0000] {logging_mixin.py:190} INFO - [2026-07-22T13:15:03.238+0000] {dagbag.py:588} INFO - Filling up the DagBag from /home/airflow/.local/lib/python3.12/site-packages/airflow/example_dags/example_sla_dag.py
[2026-07-22T13:15:03.261+0000] {processor.py:925} INFO - DAG(s) 'example_sla_dag' retrieved from /home/airflow/.local/lib/python3.12/site-packages/airflow/example_dags/example_sla_dag.py
[2026-07-22T13:15:03.333+0000] {logging_mixin.py:190} INFO - [2026-07-22T13:15:03.333+0000] {dag.py:3239} INFO - Sync 1 DAGs
[2026-07-22T13:15:03.423+0000] {logging_mixin.py:190} INFO - [2026-07-22T13:15:03.423+0000] {dag.py:4180} INFO - Setting next_dagrun for example_sla_dag to 2026-07-22 13:12:00+00:00, run_after=2026-07-22 13:14:00+00:00
[2026-07-22T13:15:03.488+0000] {processor.py:208} INFO - Processing /home/airflow/.local/lib/python3.12/site-packages/airflow/example_dags/example_sla_dag.py took 0.278 seconds
[2026-07-22T13:15:36.734+0000] {processor.py:186} INFO - Started process (PID=1100) to work on /home/airflow/.local/lib/python3.12/site-packages/airflow/example_dags/example_sla_dag.py
[2026-07-22T13:15:36.738+0000] {processor.py:914} INFO - Processing file /home/airflow/.local/lib/python3.12/site-packages/airflow/example_dags/example_sla_dag.py for tasks to queue
[2026-07-22T13:15:36.749+0000] {logging_mixin.py:190} INFO - [2026-07-22T13:15:36.748+0000] {dagbag.py:588} INFO - Filling up the DagBag from /home/airflow/.local/lib/python3.12/site-packages/airflow/example_dags/example_sla_dag.py
[2026-07-22T13:15:36.784+0000] {processor.py:925} INFO - DAG(s) 'example_sla_dag' retrieved from /home/airflow/.local/lib/python3.12/site-packages/airflow/example_dags/example_sla_dag.py
[2026-07-22T13:15:36.847+0000] {logging_mixin.py:190} INFO - [2026-07-22T13:15:36.846+0000] {dag.py:3239} INFO - Sync 1 DAGs
[2026-07-22T13:15:36.943+0000] {logging_mixin.py:190} INFO - [2026-07-22T13:15:36.943+0000] {dag.py:4180} INFO - Setting next_dagrun for example_sla_dag to 2026-07-22 13:12:00+00:00, run_after=2026-07-22 13:14:00+00:00
[2026-07-22T13:15:36.998+0000] {processor.py:208} INFO - Processing /home/airflow/.local/lib/python3.12/site-packages/airflow/example_dags/example_sla_dag.py took 0.286 seconds
[2026-07-22T13:16:10.196+0000] {processor.py:186} INFO - Started process (PID=1163) to work on /home/airflow/.local/lib/python3.12/site-packages/airflow/example_dags/example_sla_dag.py
[2026-07-22T13:16:10.203+0000] {processor.py:914} INFO - Processing file /home/airflow/.local/lib/python3.12/site-packages/airflow/example_dags/example_sla_dag.py for tasks to queue
[2026-07-22T13:16:10.217+0000] {logging_mixin.py:190} INFO - [2026-07-22T13:16:10.215+0000] {dagbag.py:588} INFO - Filling up the DagBag from /home/airflow/.local/lib/python3.12/site-packages/airflow/example_dags/example_sla_dag.py
[2026-07-22T13:16:10.279+0000] {processor.py:925} INFO - DAG(s) 'example_sla_dag' retrieved from /home/airflow/.local/lib/python3.12/site-packages/airflow/example_dags/example_sla_dag.py
[2026-07-22T13:16:10.368+0000] {logging_mixin.py:190} INFO - [2026-07-22T13:16:10.368+0000] {dag.py:3239} INFO - Sync 1 DAGs
[2026-07-22T13:16:10.513+0000] {logging_mixin.py:190} INFO - [2026-07-22T13:16:10.512+0000] {dag.py:4180} INFO - Setting next_dagrun for example_sla_dag to 2026-07-22 13:14:00+00:00, run_after=2026-07-22 13:16:00+00:00
[2026-07-22T13:16:10.617+0000] {processor.py:208} INFO - Processing /home/airflow/.local/lib/python3.12/site-packages/airflow/example_dags/example_sla_dag.py took 0.450 seconds
[2026-07-22T13:16:40.752+0000] {processor.py:186} INFO - Started process (PID=1226) to work on /home/airflow/.local/lib/python3.12/site-packages/airflow/example_dags/example_sla_dag.py
[2026-07-22T13:16:40.755+0000] {processor.py:914} INFO - Processing file /home/airflow/.local/lib/python3.12/site-packages/airflow/example_dags/example_sla_dag.py for tasks to queue
[2026-07-22T13:16:40.762+0000] {logging_mixin.py:190} INFO - [2026-07-22T13:16:40.761+0000] {dagbag.py:588} INFO - Filling up the DagBag from /home/airflow/.local/lib/python3.12/site-packages/airflow/example_dags/example_sla_dag.py
[2026-07-22T13:16:40.783+0000] {processor.py:925} INFO - DAG(s) 'example_sla_dag' retrieved from /home/airflow/.local/lib/python3.12/site-packages/airflow/example_dags/example_sla_dag.py
[2026-07-22T13:16:40.824+0000] {logging_mixin.py:190} INFO - [2026-07-22T13:16:40.824+0000] {dag.py:3239} INFO - Sync 1 DAGs
[2026-07-22T13:16:40.882+0000] {logging_mixin.py:190} INFO - [2026-07-22T13:16:40.881+0000] {dag.py:4180} INFO - Setting next_dagrun for example_sla_dag to 2026-07-22 13:14:00+00:00, run_after=2026-07-22 13:16:00+00:00
[2026-07-22T13:16:40.914+0000] {processor.py:208} INFO - Processing /home/airflow/.local/lib/python3.12/site-packages/airflow/example_dags/example_sla_dag.py took 0.178 seconds
[2026-07-22T13:17:14.880+0000] {processor.py:186} INFO - Started process (PID=1284) to work on /home/airflow/.local/lib/python3.12/site-packages/airflow/example_dags/example_sla_dag.py
[2026-07-22T13:17:14.885+0000] {processor.py:914} INFO - Processing file /home/airflow/.local/lib/python3.12/site-packages/airflow/example_dags/example_sla_dag.py for tasks to queue
[2026-07-22T13:17:14.898+0000] {logging_mixin.py:190} INFO - [2026-07-22T13:17:14.896+0000] {dagbag.py:588} INFO - Filling up the DagBag from /home/airflow/.local/lib/python3.12/site-packages/airflow/example_dags/example_sla_dag.py
[2026-07-22T13:17:14.944+0000] {processor.py:925} INFO - DAG(s) 'example_sla_dag' retrieved from /home/airflow/.local/lib/python3.12/site-packages/airflow/example_dags/example_sla_dag.py
[2026-07-22T13:17:15.038+0000] {logging_mixin.py:190} INFO - [2026-07-22T13:17:15.037+0000] {dag.py:3239} INFO - Sync 1 DAGs
[2026-07-22T13:17:15.149+0000] {logging_mixin.py:190} INFO - [2026-07-22T13:17:15.149+0000] {dag.py:4180} INFO - Setting next_dagrun for example_sla_dag to 2026-07-22 13:14:00+00:00, run_after=2026-07-22 13:16:00+00:00
[2026-07-22T13:17:15.221+0000] {processor.py:208} INFO - Processing /home/airflow/.local/lib/python3.12/site-packages/airflow/example_dags/example_sla_dag.py took 0.371 seconds
[2026-07-22T13:17:45.562+0000] {processor.py:186} INFO - Started process (PID=1347) to work on /home/airflow/.local/lib/python3.12/site-packages/airflow/example_dags/example_sla_dag.py
[2026-07-22T13:17:45.566+0000] {processor.py:914} INFO - Processing file /home/airflow/.local/lib/python3.12/site-packages/airflow/example_dags/example_sla_dag.py for tasks to queue
[2026-07-22T13:17:45.574+0000] {logging_mixin.py:190} INFO - [2026-07-22T13:17:45.572+0000] {dagbag.py:588} INFO - Filling up the DagBag from /home/airflow/.local/lib/python3.12/site-packages/airflow/example_dags/example_sla_dag.py
[2026-07-22T13:17:45.603+0000] {processor.py:925} INFO - DAG(s) 'example_sla_dag' retrieved from /home/airflow/.local/lib/python3.12/site-packages/airflow/example_dags/example_sla_dag.py
[2026-07-22T13:17:45.664+0000] {logging_mixin.py:190} INFO - [2026-07-22T13:17:45.663+0000] {dag.py:3239} INFO - Sync 1 DAGs
[2026-07-22T13:17:45.715+0000] {logging_mixin.py:190} INFO - [2026-07-22T13:17:45.714+0000] {dag.py:4180} INFO - Setting next_dagrun for example_sla_dag to 2026-07-22 13:14:00+00:00, run_after=2026-07-22 13:16:00+00:00
[2026-07-22T13:17:45.760+0000] {processor.py:208} INFO - Processing /home/airflow/.local/lib/python3.12/site-packages/airflow/example_dags/example_sla_dag.py took 0.215 seconds
