[2026-07-22T13:07:15.383+0000] {processor.py:186} INFO - Started process (PID=84) to work on /home/airflow/.local/lib/python3.12/site-packages/airflow/example_dags/example_latest_only.py
[2026-07-22T13:07:15.386+0000] {processor.py:914} INFO - Processing file /home/airflow/.local/lib/python3.12/site-packages/airflow/example_dags/example_latest_only.py for tasks to queue
[2026-07-22T13:07:15.393+0000] {logging_mixin.py:190} INFO - [2026-07-22T13:07:15.392+0000] {dagbag.py:588} INFO - Filling up the DagBag from /home/airflow/.local/lib/python3.12/site-packages/airflow/example_dags/example_latest_only.py
[2026-07-22T13:07:15.421+0000] {processor.py:925} INFO - DAG(s) 'latest_only' retrieved from /home/airflow/.local/lib/python3.12/site-packages/airflow/example_dags/example_latest_only.py
[2026-07-22T13:07:15.838+0000] {logging_mixin.py:190} INFO - [2026-07-22T13:07:15.837+0000] {override.py:1912} INFO - Created Permission View: can read on DAG:latest_only
[2026-07-22T13:07:15.864+0000] {logging_mixin.py:190} INFO - [2026-07-22T13:07:15.863+0000] {override.py:1912} INFO - Created Permission View: can edit on DAG:latest_only
[2026-07-22T13:07:15.886+0000] {logging_mixin.py:190} INFO - [2026-07-22T13:07:15.885+0000] {override.py:1912} INFO - Created Permission View: can delete on DAG:latest_only
[2026-07-22T13:07:15.908+0000] {logging_mixin.py:190} INFO - [2026-07-22T13:07:15.907+0000] {override.py:1912} INFO - Created Permission View: can read on DAG Run:latest_only
[2026-07-22T13:07:15.925+0000] {logging_mixin.py:190} INFO - [2026-07-22T13:07:15.924+0000] {override.py:1912} INFO - Created Permission View: menu access on DAG Run:latest_only
[2026-07-22T13:07:15.940+0000] {logging_mixin.py:190} INFO - [2026-07-22T13:07:15.939+0000] {override.py:1912} INFO - Created Permission View: can create on DAG Run:latest_only
[2026-07-22T13:07:15.961+0000] {logging_mixin.py:190} INFO - [2026-07-22T13:07:15.960+0000] {override.py:1912} INFO - Created Permission View: can delete on DAG Run:latest_only
[2026-07-22T13:07:15.964+0000] {logging_mixin.py:190} INFO - [2026-07-22T13:07:15.963+0000] {dag.py:3239} INFO - Sync 1 DAGs
[2026-07-22T13:07:15.990+0000] {logging_mixin.py:190} INFO - [2026-07-22T13:07:15.990+0000] {dag.py:3262} INFO - Creating ORM DAG for latest_only
[2026-07-22T13:07:16.021+0000] {logging_mixin.py:190} INFO - [2026-07-22T13:07:16.020+0000] {dag.py:4180} INFO - Setting next_dagrun for latest_only to 2026-07-22 08:00:00+00:00, run_after=2026-07-22 12:00:00+00:00
[2026-07-22T13:07:16.099+0000] {processor.py:208} INFO - Processing /home/airflow/.local/lib/python3.12/site-packages/airflow/example_dags/example_latest_only.py took 0.729 seconds
[2026-07-22T13:07:46.289+0000] {processor.py:186} INFO - Started process (PID=148) to work on /home/airflow/.local/lib/python3.12/site-packages/airflow/example_dags/example_latest_only.py
[2026-07-22T13:07:46.295+0000] {processor.py:914} INFO - Processing file /home/airflow/.local/lib/python3.12/site-packages/airflow/example_dags/example_latest_only.py for tasks to queue
[2026-07-22T13:07:46.305+0000] {logging_mixin.py:190} INFO - [2026-07-22T13:07:46.304+0000] {dagbag.py:588} INFO - Filling up the DagBag from /home/airflow/.local/lib/python3.12/site-packages/airflow/example_dags/example_latest_only.py
[2026-07-22T13:07:46.338+0000] {processor.py:925} INFO - DAG(s) 'latest_only' retrieved from /home/airflow/.local/lib/python3.12/site-packages/airflow/example_dags/example_latest_only.py
[2026-07-22T13:07:46.391+0000] {logging_mixin.py:190} INFO - [2026-07-22T13:07:46.391+0000] {dag.py:3239} INFO - Sync 1 DAGs
[2026-07-22T13:07:46.464+0000] {logging_mixin.py:190} INFO - [2026-07-22T13:07:46.463+0000] {dag.py:4180} INFO - Setting next_dagrun for latest_only to 2026-07-22 08:00:00+00:00, run_after=2026-07-22 12:00:00+00:00
[2026-07-22T13:07:46.530+0000] {processor.py:208} INFO - Processing /home/airflow/.local/lib/python3.12/site-packages/airflow/example_dags/example_latest_only.py took 0.266 seconds
[2026-07-22T13:08:16.822+0000] {processor.py:186} INFO - Started process (PID=218) to work on /home/airflow/.local/lib/python3.12/site-packages/airflow/example_dags/example_latest_only.py
[2026-07-22T13:08:16.825+0000] {processor.py:914} INFO - Processing file /home/airflow/.local/lib/python3.12/site-packages/airflow/example_dags/example_latest_only.py for tasks to queue
[2026-07-22T13:08:16.832+0000] {logging_mixin.py:190} INFO - [2026-07-22T13:08:16.832+0000] {dagbag.py:588} INFO - Filling up the DagBag from /home/airflow/.local/lib/python3.12/site-packages/airflow/example_dags/example_latest_only.py
[2026-07-22T13:08:16.846+0000] {processor.py:925} INFO - DAG(s) 'latest_only' retrieved from /home/airflow/.local/lib/python3.12/site-packages/airflow/example_dags/example_latest_only.py
[2026-07-22T13:08:16.887+0000] {logging_mixin.py:190} INFO - [2026-07-22T13:08:16.887+0000] {dag.py:3239} INFO - Sync 1 DAGs
[2026-07-22T13:08:16.951+0000] {logging_mixin.py:190} INFO - [2026-07-22T13:08:16.950+0000] {dag.py:4180} INFO - Setting next_dagrun for latest_only to 2026-07-22 08:00:00+00:00, run_after=2026-07-22 12:00:00+00:00
[2026-07-22T13:08:17.005+0000] {processor.py:208} INFO - Processing /home/airflow/.local/lib/python3.12/site-packages/airflow/example_dags/example_latest_only.py took 0.195 seconds
[2026-07-22T13:08:47.198+0000] {processor.py:186} INFO - Started process (PID=281) to work on /home/airflow/.local/lib/python3.12/site-packages/airflow/example_dags/example_latest_only.py
[2026-07-22T13:08:47.201+0000] {processor.py:914} INFO - Processing file /home/airflow/.local/lib/python3.12/site-packages/airflow/example_dags/example_latest_only.py for tasks to queue
[2026-07-22T13:08:47.206+0000] {logging_mixin.py:190} INFO - [2026-07-22T13:08:47.205+0000] {dagbag.py:588} INFO - Filling up the DagBag from /home/airflow/.local/lib/python3.12/site-packages/airflow/example_dags/example_latest_only.py
[2026-07-22T13:08:47.216+0000] {processor.py:925} INFO - DAG(s) 'latest_only' retrieved from /home/airflow/.local/lib/python3.12/site-packages/airflow/example_dags/example_latest_only.py
[2026-07-22T13:08:47.242+0000] {logging_mixin.py:190} INFO - [2026-07-22T13:08:47.242+0000] {dag.py:3239} INFO - Sync 1 DAGs
[2026-07-22T13:08:47.273+0000] {logging_mixin.py:190} INFO - [2026-07-22T13:08:47.272+0000] {dag.py:4180} INFO - Setting next_dagrun for latest_only to 2026-07-22 08:00:00+00:00, run_after=2026-07-22 12:00:00+00:00
[2026-07-22T13:08:47.308+0000] {processor.py:208} INFO - Processing /home/airflow/.local/lib/python3.12/site-packages/airflow/example_dags/example_latest_only.py took 0.119 seconds
[2026-07-22T13:09:17.988+0000] {processor.py:186} INFO - Started process (PID=345) to work on /home/airflow/.local/lib/python3.12/site-packages/airflow/example_dags/example_latest_only.py
[2026-07-22T13:09:17.990+0000] {processor.py:914} INFO - Processing file /home/airflow/.local/lib/python3.12/site-packages/airflow/example_dags/example_latest_only.py for tasks to queue
[2026-07-22T13:09:17.995+0000] {logging_mixin.py:190} INFO - [2026-07-22T13:09:17.994+0000] {dagbag.py:588} INFO - Filling up the DagBag from /home/airflow/.local/lib/python3.12/site-packages/airflow/example_dags/example_latest_only.py
[2026-07-22T13:09:18.012+0000] {processor.py:925} INFO - DAG(s) 'latest_only' retrieved from /home/airflow/.local/lib/python3.12/site-packages/airflow/example_dags/example_latest_only.py
[2026-07-22T13:09:18.042+0000] {logging_mixin.py:190} INFO - [2026-07-22T13:09:18.042+0000] {dag.py:3239} INFO - Sync 1 DAGs
[2026-07-22T13:09:18.075+0000] {logging_mixin.py:190} INFO - [2026-07-22T13:09:18.075+0000] {dag.py:4180} INFO - Setting next_dagrun for latest_only to 2026-07-22 08:00:00+00:00, run_after=2026-07-22 12:00:00+00:00
[2026-07-22T13:09:18.102+0000] {processor.py:208} INFO - Processing /home/airflow/.local/lib/python3.12/site-packages/airflow/example_dags/example_latest_only.py took 0.124 seconds
[2026-07-22T13:09:48.898+0000] {processor.py:186} INFO - Started process (PID=408) to work on /home/airflow/.local/lib/python3.12/site-packages/airflow/example_dags/example_latest_only.py
[2026-07-22T13:09:48.909+0000] {processor.py:914} INFO - Processing file /home/airflow/.local/lib/python3.12/site-packages/airflow/example_dags/example_latest_only.py for tasks to queue
[2026-07-22T13:09:48.923+0000] {logging_mixin.py:190} INFO - [2026-07-22T13:09:48.921+0000] {dagbag.py:588} INFO - Filling up the DagBag from /home/airflow/.local/lib/python3.12/site-packages/airflow/example_dags/example_latest_only.py
[2026-07-22T13:09:48.945+0000] {processor.py:925} INFO - DAG(s) 'latest_only' retrieved from /home/airflow/.local/lib/python3.12/site-packages/airflow/example_dags/example_latest_only.py
[2026-07-22T13:09:48.984+0000] {logging_mixin.py:190} INFO - [2026-07-22T13:09:48.984+0000] {dag.py:3239} INFO - Sync 1 DAGs
[2026-07-22T13:09:49.032+0000] {logging_mixin.py:190} INFO - [2026-07-22T13:09:49.032+0000] {dag.py:4180} INFO - Setting next_dagrun for latest_only to 2026-07-22 08:00:00+00:00, run_after=2026-07-22 12:00:00+00:00
[2026-07-22T13:09:49.076+0000] {processor.py:208} INFO - Processing /home/airflow/.local/lib/python3.12/site-packages/airflow/example_dags/example_latest_only.py took 0.205 seconds
[2026-07-22T13:10:19.345+0000] {processor.py:186} INFO - Started process (PID=471) to work on /home/airflow/.local/lib/python3.12/site-packages/airflow/example_dags/example_latest_only.py
[2026-07-22T13:10:19.349+0000] {processor.py:914} INFO - Processing file /home/airflow/.local/lib/python3.12/site-packages/airflow/example_dags/example_latest_only.py for tasks to queue
[2026-07-22T13:10:19.360+0000] {logging_mixin.py:190} INFO - [2026-07-22T13:10:19.359+0000] {dagbag.py:588} INFO - Filling up the DagBag from /home/airflow/.local/lib/python3.12/site-packages/airflow/example_dags/example_latest_only.py
[2026-07-22T13:10:19.382+0000] {processor.py:925} INFO - DAG(s) 'latest_only' retrieved from /home/airflow/.local/lib/python3.12/site-packages/airflow/example_dags/example_latest_only.py
[2026-07-22T13:10:19.426+0000] {logging_mixin.py:190} INFO - [2026-07-22T13:10:19.426+0000] {dag.py:3239} INFO - Sync 1 DAGs
[2026-07-22T13:10:19.496+0000] {logging_mixin.py:190} INFO - [2026-07-22T13:10:19.496+0000] {dag.py:4180} INFO - Setting next_dagrun for latest_only to 2026-07-22 08:00:00+00:00, run_after=2026-07-22 12:00:00+00:00
[2026-07-22T13:10:19.541+0000] {processor.py:208} INFO - Processing /home/airflow/.local/lib/python3.12/site-packages/airflow/example_dags/example_latest_only.py took 0.213 seconds
[2026-07-22T13:10:49.591+0000] {processor.py:186} INFO - Started process (PID=534) to work on /home/airflow/.local/lib/python3.12/site-packages/airflow/example_dags/example_latest_only.py
[2026-07-22T13:10:49.593+0000] {processor.py:914} INFO - Processing file /home/airflow/.local/lib/python3.12/site-packages/airflow/example_dags/example_latest_only.py for tasks to queue
[2026-07-22T13:10:49.597+0000] {logging_mixin.py:190} INFO - [2026-07-22T13:10:49.596+0000] {dagbag.py:588} INFO - Filling up the DagBag from /home/airflow/.local/lib/python3.12/site-packages/airflow/example_dags/example_latest_only.py
[2026-07-22T13:10:49.606+0000] {processor.py:925} INFO - DAG(s) 'latest_only' retrieved from /home/airflow/.local/lib/python3.12/site-packages/airflow/example_dags/example_latest_only.py
[2026-07-22T13:10:49.634+0000] {logging_mixin.py:190} INFO - [2026-07-22T13:10:49.634+0000] {dag.py:3239} INFO - Sync 1 DAGs
[2026-07-22T13:10:49.662+0000] {logging_mixin.py:190} INFO - [2026-07-22T13:10:49.661+0000] {dag.py:4180} INFO - Setting next_dagrun for latest_only to 2026-07-22 08:00:00+00:00, run_after=2026-07-22 12:00:00+00:00
[2026-07-22T13:10:49.693+0000] {processor.py:208} INFO - Processing /home/airflow/.local/lib/python3.12/site-packages/airflow/example_dags/example_latest_only.py took 0.108 seconds
[2026-07-22T13:11:20.156+0000] {processor.py:186} INFO - Started process (PID=597) to work on /home/airflow/.local/lib/python3.12/site-packages/airflow/example_dags/example_latest_only.py
[2026-07-22T13:11:20.159+0000] {processor.py:914} INFO - Processing file /home/airflow/.local/lib/python3.12/site-packages/airflow/example_dags/example_latest_only.py for tasks to queue
[2026-07-22T13:11:20.166+0000] {logging_mixin.py:190} INFO - [2026-07-22T13:11:20.165+0000] {dagbag.py:588} INFO - Filling up the DagBag from /home/airflow/.local/lib/python3.12/site-packages/airflow/example_dags/example_latest_only.py
[2026-07-22T13:11:20.193+0000] {processor.py:925} INFO - DAG(s) 'latest_only' retrieved from /home/airflow/.local/lib/python3.12/site-packages/airflow/example_dags/example_latest_only.py
[2026-07-22T13:11:20.253+0000] {logging_mixin.py:190} INFO - [2026-07-22T13:11:20.252+0000] {dag.py:3239} INFO - Sync 1 DAGs
[2026-07-22T13:11:20.292+0000] {logging_mixin.py:190} INFO - [2026-07-22T13:11:20.292+0000] {dag.py:4180} INFO - Setting next_dagrun for latest_only to 2026-07-22 08:00:00+00:00, run_after=2026-07-22 12:00:00+00:00
[2026-07-22T13:11:20.323+0000] {processor.py:208} INFO - Processing /home/airflow/.local/lib/python3.12/site-packages/airflow/example_dags/example_latest_only.py took 0.187 seconds
[2026-07-22T13:11:51.199+0000] {processor.py:186} INFO - Started process (PID=660) to work on /home/airflow/.local/lib/python3.12/site-packages/airflow/example_dags/example_latest_only.py
[2026-07-22T13:11:51.204+0000] {processor.py:914} INFO - Processing file /home/airflow/.local/lib/python3.12/site-packages/airflow/example_dags/example_latest_only.py for tasks to queue
[2026-07-22T13:11:51.210+0000] {logging_mixin.py:190} INFO - [2026-07-22T13:11:51.209+0000] {dagbag.py:588} INFO - Filling up the DagBag from /home/airflow/.local/lib/python3.12/site-packages/airflow/example_dags/example_latest_only.py
[2026-07-22T13:11:51.227+0000] {processor.py:925} INFO - DAG(s) 'latest_only' retrieved from /home/airflow/.local/lib/python3.12/site-packages/airflow/example_dags/example_latest_only.py
[2026-07-22T13:11:51.255+0000] {logging_mixin.py:190} INFO - [2026-07-22T13:11:51.255+0000] {dag.py:3239} INFO - Sync 1 DAGs
[2026-07-22T13:11:51.290+0000] {logging_mixin.py:190} INFO - [2026-07-22T13:11:51.290+0000] {dag.py:4180} INFO - Setting next_dagrun for latest_only to 2026-07-22 08:00:00+00:00, run_after=2026-07-22 12:00:00+00:00
[2026-07-22T13:11:51.324+0000] {processor.py:208} INFO - Processing /home/airflow/.local/lib/python3.12/site-packages/airflow/example_dags/example_latest_only.py took 0.155 seconds
[2026-07-22T13:12:21.422+0000] {processor.py:186} INFO - Started process (PID=723) to work on /home/airflow/.local/lib/python3.12/site-packages/airflow/example_dags/example_latest_only.py
[2026-07-22T13:12:21.425+0000] {processor.py:914} INFO - Processing file /home/airflow/.local/lib/python3.12/site-packages/airflow/example_dags/example_latest_only.py for tasks to queue
[2026-07-22T13:12:21.430+0000] {logging_mixin.py:190} INFO - [2026-07-22T13:12:21.429+0000] {dagbag.py:588} INFO - Filling up the DagBag from /home/airflow/.local/lib/python3.12/site-packages/airflow/example_dags/example_latest_only.py
[2026-07-22T13:12:21.445+0000] {processor.py:925} INFO - DAG(s) 'latest_only' retrieved from /home/airflow/.local/lib/python3.12/site-packages/airflow/example_dags/example_latest_only.py
[2026-07-22T13:12:21.484+0000] {logging_mixin.py:190} INFO - [2026-07-22T13:12:21.484+0000] {dag.py:3239} INFO - Sync 1 DAGs
[2026-07-22T13:12:21.533+0000] {logging_mixin.py:190} INFO - [2026-07-22T13:12:21.532+0000] {dag.py:4180} INFO - Setting next_dagrun for latest_only to 2026-07-22 08:00:00+00:00, run_after=2026-07-22 12:00:00+00:00
[2026-07-22T13:12:21.574+0000] {processor.py:208} INFO - Processing /home/airflow/.local/lib/python3.12/site-packages/airflow/example_dags/example_latest_only.py took 0.163 seconds
[2026-07-22T13:12:52.501+0000] {processor.py:186} INFO - Started process (PID=785) to work on /home/airflow/.local/lib/python3.12/site-packages/airflow/example_dags/example_latest_only.py
[2026-07-22T13:12:52.503+0000] {processor.py:914} INFO - Processing file /home/airflow/.local/lib/python3.12/site-packages/airflow/example_dags/example_latest_only.py for tasks to queue
[2026-07-22T13:12:52.509+0000] {logging_mixin.py:190} INFO - [2026-07-22T13:12:52.508+0000] {dagbag.py:588} INFO - Filling up the DagBag from /home/airflow/.local/lib/python3.12/site-packages/airflow/example_dags/example_latest_only.py
[2026-07-22T13:12:52.522+0000] {processor.py:925} INFO - DAG(s) 'latest_only' retrieved from /home/airflow/.local/lib/python3.12/site-packages/airflow/example_dags/example_latest_only.py
[2026-07-22T13:12:52.554+0000] {logging_mixin.py:190} INFO - [2026-07-22T13:12:52.553+0000] {dag.py:3239} INFO - Sync 1 DAGs
[2026-07-22T13:12:52.591+0000] {logging_mixin.py:190} INFO - [2026-07-22T13:12:52.590+0000] {dag.py:4180} INFO - Setting next_dagrun for latest_only to 2026-07-22 08:00:00+00:00, run_after=2026-07-22 12:00:00+00:00
[2026-07-22T13:12:52.622+0000] {processor.py:208} INFO - Processing /home/airflow/.local/lib/python3.12/site-packages/airflow/example_dags/example_latest_only.py took 0.133 seconds
[2026-07-22T13:13:25.018+0000] {processor.py:186} INFO - Started process (PID=839) to work on /home/airflow/.local/lib/python3.12/site-packages/airflow/example_dags/example_latest_only.py
[2026-07-22T13:13:25.021+0000] {processor.py:914} INFO - Processing file /home/airflow/.local/lib/python3.12/site-packages/airflow/example_dags/example_latest_only.py for tasks to queue
[2026-07-22T13:13:25.028+0000] {logging_mixin.py:190} INFO - [2026-07-22T13:13:25.027+0000] {dagbag.py:588} INFO - Filling up the DagBag from /home/airflow/.local/lib/python3.12/site-packages/airflow/example_dags/example_latest_only.py
[2026-07-22T13:13:25.055+0000] {processor.py:925} INFO - DAG(s) 'latest_only' retrieved from /home/airflow/.local/lib/python3.12/site-packages/airflow/example_dags/example_latest_only.py
[2026-07-22T13:13:25.111+0000] {logging_mixin.py:190} INFO - [2026-07-22T13:13:25.110+0000] {dag.py:3239} INFO - Sync 1 DAGs
[2026-07-22T13:13:25.187+0000] {logging_mixin.py:190} INFO - [2026-07-22T13:13:25.186+0000] {dag.py:4180} INFO - Setting next_dagrun for latest_only to 2026-07-22 08:00:00+00:00, run_after=2026-07-22 12:00:00+00:00
[2026-07-22T13:13:25.281+0000] {processor.py:208} INFO - Processing /home/airflow/.local/lib/python3.12/site-packages/airflow/example_dags/example_latest_only.py took 0.277 seconds
[2026-07-22T13:13:56.318+0000] {processor.py:186} INFO - Started process (PID=902) to work on /home/airflow/.local/lib/python3.12/site-packages/airflow/example_dags/example_latest_only.py
[2026-07-22T13:13:56.321+0000] {processor.py:914} INFO - Processing file /home/airflow/.local/lib/python3.12/site-packages/airflow/example_dags/example_latest_only.py for tasks to queue
[2026-07-22T13:13:56.327+0000] {logging_mixin.py:190} INFO - [2026-07-22T13:13:56.326+0000] {dagbag.py:588} INFO - Filling up the DagBag from /home/airflow/.local/lib/python3.12/site-packages/airflow/example_dags/example_latest_only.py
[2026-07-22T13:13:56.341+0000] {processor.py:925} INFO - DAG(s) 'latest_only' retrieved from /home/airflow/.local/lib/python3.12/site-packages/airflow/example_dags/example_latest_only.py
[2026-07-22T13:13:56.380+0000] {logging_mixin.py:190} INFO - [2026-07-22T13:13:56.380+0000] {dag.py:3239} INFO - Sync 1 DAGs
[2026-07-22T13:13:56.428+0000] {logging_mixin.py:190} INFO - [2026-07-22T13:13:56.428+0000] {dag.py:4180} INFO - Setting next_dagrun for latest_only to 2026-07-22 08:00:00+00:00, run_after=2026-07-22 12:00:00+00:00
[2026-07-22T13:13:56.471+0000] {processor.py:208} INFO - Processing /home/airflow/.local/lib/python3.12/site-packages/airflow/example_dags/example_latest_only.py took 0.167 seconds
[2026-07-22T13:14:27.684+0000] {processor.py:186} INFO - Started process (PID=965) to work on /home/airflow/.local/lib/python3.12/site-packages/airflow/example_dags/example_latest_only.py
[2026-07-22T13:14:27.686+0000] {processor.py:914} INFO - Processing file /home/airflow/.local/lib/python3.12/site-packages/airflow/example_dags/example_latest_only.py for tasks to queue
[2026-07-22T13:14:27.691+0000] {logging_mixin.py:190} INFO - [2026-07-22T13:14:27.691+0000] {dagbag.py:588} INFO - Filling up the DagBag from /home/airflow/.local/lib/python3.12/site-packages/airflow/example_dags/example_latest_only.py
[2026-07-22T13:14:27.702+0000] {processor.py:925} INFO - DAG(s) 'latest_only' retrieved from /home/airflow/.local/lib/python3.12/site-packages/airflow/example_dags/example_latest_only.py
[2026-07-22T13:14:27.738+0000] {logging_mixin.py:190} INFO - [2026-07-22T13:14:27.738+0000] {dag.py:3239} INFO - Sync 1 DAGs
[2026-07-22T13:14:27.776+0000] {logging_mixin.py:190} INFO - [2026-07-22T13:14:27.775+0000] {dag.py:4180} INFO - Setting next_dagrun for latest_only to 2026-07-22 08:00:00+00:00, run_after=2026-07-22 12:00:00+00:00
[2026-07-22T13:14:27.817+0000] {processor.py:208} INFO - Processing /home/airflow/.local/lib/python3.12/site-packages/airflow/example_dags/example_latest_only.py took 0.140 seconds
[2026-07-22T13:14:58.645+0000] {processor.py:186} INFO - Started process (PID=1022) to work on /home/airflow/.local/lib/python3.12/site-packages/airflow/example_dags/example_latest_only.py
[2026-07-22T13:14:58.648+0000] {processor.py:914} INFO - Processing file /home/airflow/.local/lib/python3.12/site-packages/airflow/example_dags/example_latest_only.py for tasks to queue
[2026-07-22T13:14:58.656+0000] {logging_mixin.py:190} INFO - [2026-07-22T13:14:58.654+0000] {dagbag.py:588} INFO - Filling up the DagBag from /home/airflow/.local/lib/python3.12/site-packages/airflow/example_dags/example_latest_only.py
[2026-07-22T13:14:58.674+0000] {processor.py:925} INFO - DAG(s) 'latest_only' retrieved from /home/airflow/.local/lib/python3.12/site-packages/airflow/example_dags/example_latest_only.py
[2026-07-22T13:14:58.715+0000] {logging_mixin.py:190} INFO - [2026-07-22T13:14:58.714+0000] {dag.py:3239} INFO - Sync 1 DAGs
[2026-07-22T13:14:58.768+0000] {logging_mixin.py:190} INFO - [2026-07-22T13:14:58.767+0000] {dag.py:4180} INFO - Setting next_dagrun for latest_only to 2026-07-22 08:00:00+00:00, run_after=2026-07-22 12:00:00+00:00
[2026-07-22T13:14:58.811+0000] {processor.py:208} INFO - Processing /home/airflow/.local/lib/python3.12/site-packages/airflow/example_dags/example_latest_only.py took 0.182 seconds
[2026-07-22T13:15:31.712+0000] {processor.py:186} INFO - Started process (PID=1080) to work on /home/airflow/.local/lib/python3.12/site-packages/airflow/example_dags/example_latest_only.py
[2026-07-22T13:15:31.714+0000] {processor.py:914} INFO - Processing file /home/airflow/.local/lib/python3.12/site-packages/airflow/example_dags/example_latest_only.py for tasks to queue
[2026-07-22T13:15:31.721+0000] {logging_mixin.py:190} INFO - [2026-07-22T13:15:31.720+0000] {dagbag.py:588} INFO - Filling up the DagBag from /home/airflow/.local/lib/python3.12/site-packages/airflow/example_dags/example_latest_only.py
[2026-07-22T13:15:31.743+0000] {processor.py:925} INFO - DAG(s) 'latest_only' retrieved from /home/airflow/.local/lib/python3.12/site-packages/airflow/example_dags/example_latest_only.py
[2026-07-22T13:15:31.793+0000] {logging_mixin.py:190} INFO - [2026-07-22T13:15:31.793+0000] {dag.py:3239} INFO - Sync 1 DAGs
[2026-07-22T13:15:31.854+0000] {logging_mixin.py:190} INFO - [2026-07-22T13:15:31.853+0000] {dag.py:4180} INFO - Setting next_dagrun for latest_only to 2026-07-22 08:00:00+00:00, run_after=2026-07-22 12:00:00+00:00
[2026-07-22T13:15:31.902+0000] {processor.py:208} INFO - Processing /home/airflow/.local/lib/python3.12/site-packages/airflow/example_dags/example_latest_only.py took 0.204 seconds
[2026-07-22T13:16:03.294+0000] {processor.py:186} INFO - Started process (PID=1143) to work on /home/airflow/.local/lib/python3.12/site-packages/airflow/example_dags/example_latest_only.py
[2026-07-22T13:16:03.297+0000] {processor.py:914} INFO - Processing file /home/airflow/.local/lib/python3.12/site-packages/airflow/example_dags/example_latest_only.py for tasks to queue
[2026-07-22T13:16:03.303+0000] {logging_mixin.py:190} INFO - [2026-07-22T13:16:03.302+0000] {dagbag.py:588} INFO - Filling up the DagBag from /home/airflow/.local/lib/python3.12/site-packages/airflow/example_dags/example_latest_only.py
[2026-07-22T13:16:03.319+0000] {processor.py:925} INFO - DAG(s) 'latest_only' retrieved from /home/airflow/.local/lib/python3.12/site-packages/airflow/example_dags/example_latest_only.py
[2026-07-22T13:16:03.370+0000] {logging_mixin.py:190} INFO - [2026-07-22T13:16:03.369+0000] {dag.py:3239} INFO - Sync 1 DAGs
[2026-07-22T13:16:03.426+0000] {logging_mixin.py:190} INFO - [2026-07-22T13:16:03.426+0000] {dag.py:4180} INFO - Setting next_dagrun for latest_only to 2026-07-22 08:00:00+00:00, run_after=2026-07-22 12:00:00+00:00
[2026-07-22T13:16:03.508+0000] {processor.py:208} INFO - Processing /home/airflow/.local/lib/python3.12/site-packages/airflow/example_dags/example_latest_only.py took 0.227 seconds
[2026-07-22T13:16:34.187+0000] {processor.py:186} INFO - Started process (PID=1206) to work on /home/airflow/.local/lib/python3.12/site-packages/airflow/example_dags/example_latest_only.py
[2026-07-22T13:16:34.190+0000] {processor.py:914} INFO - Processing file /home/airflow/.local/lib/python3.12/site-packages/airflow/example_dags/example_latest_only.py for tasks to queue
[2026-07-22T13:16:34.196+0000] {logging_mixin.py:190} INFO - [2026-07-22T13:16:34.195+0000] {dagbag.py:588} INFO - Filling up the DagBag from /home/airflow/.local/lib/python3.12/site-packages/airflow/example_dags/example_latest_only.py
[2026-07-22T13:16:34.215+0000] {processor.py:925} INFO - DAG(s) 'latest_only' retrieved from /home/airflow/.local/lib/python3.12/site-packages/airflow/example_dags/example_latest_only.py
[2026-07-22T13:16:34.264+0000] {logging_mixin.py:190} INFO - [2026-07-22T13:16:34.263+0000] {dag.py:3239} INFO - Sync 1 DAGs
[2026-07-22T13:16:34.316+0000] {logging_mixin.py:190} INFO - [2026-07-22T13:16:34.315+0000] {dag.py:4180} INFO - Setting next_dagrun for latest_only to 2026-07-22 08:00:00+00:00, run_after=2026-07-22 12:00:00+00:00
[2026-07-22T13:16:34.374+0000] {processor.py:208} INFO - Processing /home/airflow/.local/lib/python3.12/site-packages/airflow/example_dags/example_latest_only.py took 0.196 seconds
[2026-07-22T13:17:06.009+0000] {processor.py:186} INFO - Started process (PID=1268) to work on /home/airflow/.local/lib/python3.12/site-packages/airflow/example_dags/example_latest_only.py
[2026-07-22T13:17:06.014+0000] {processor.py:914} INFO - Processing file /home/airflow/.local/lib/python3.12/site-packages/airflow/example_dags/example_latest_only.py for tasks to queue
[2026-07-22T13:17:06.044+0000] {logging_mixin.py:190} INFO - [2026-07-22T13:17:06.040+0000] {dagbag.py:588} INFO - Filling up the DagBag from /home/airflow/.local/lib/python3.12/site-packages/airflow/example_dags/example_latest_only.py
[2026-07-22T13:17:06.085+0000] {processor.py:925} INFO - DAG(s) 'latest_only' retrieved from /home/airflow/.local/lib/python3.12/site-packages/airflow/example_dags/example_latest_only.py
[2026-07-22T13:17:06.257+0000] {logging_mixin.py:190} INFO - [2026-07-22T13:17:06.256+0000] {dag.py:3239} INFO - Sync 1 DAGs
[2026-07-22T13:17:06.682+0000] {logging_mixin.py:190} INFO - [2026-07-22T13:17:06.681+0000] {dag.py:4180} INFO - Setting next_dagrun for latest_only to 2026-07-22 08:00:00+00:00, run_after=2026-07-22 12:00:00+00:00
[2026-07-22T13:17:06.842+0000] {processor.py:208} INFO - Processing /home/airflow/.local/lib/python3.12/site-packages/airflow/example_dags/example_latest_only.py took 0.863 seconds
[2026-07-22T13:17:37.424+0000] {processor.py:186} INFO - Started process (PID=1330) to work on /home/airflow/.local/lib/python3.12/site-packages/airflow/example_dags/example_latest_only.py
[2026-07-22T13:17:37.428+0000] {processor.py:914} INFO - Processing file /home/airflow/.local/lib/python3.12/site-packages/airflow/example_dags/example_latest_only.py for tasks to queue
[2026-07-22T13:17:37.436+0000] {logging_mixin.py:190} INFO - [2026-07-22T13:17:37.435+0000] {dagbag.py:588} INFO - Filling up the DagBag from /home/airflow/.local/lib/python3.12/site-packages/airflow/example_dags/example_latest_only.py
[2026-07-22T13:17:37.454+0000] {processor.py:925} INFO - DAG(s) 'latest_only' retrieved from /home/airflow/.local/lib/python3.12/site-packages/airflow/example_dags/example_latest_only.py
[2026-07-22T13:17:37.502+0000] {logging_mixin.py:190} INFO - [2026-07-22T13:17:37.502+0000] {dag.py:3239} INFO - Sync 1 DAGs
[2026-07-22T13:17:37.564+0000] {logging_mixin.py:190} INFO - [2026-07-22T13:17:37.563+0000] {dag.py:4180} INFO - Setting next_dagrun for latest_only to 2026-07-22 08:00:00+00:00, run_after=2026-07-22 12:00:00+00:00
[2026-07-22T13:17:37.620+0000] {processor.py:208} INFO - Processing /home/airflow/.local/lib/python3.12/site-packages/airflow/example_dags/example_latest_only.py took 0.212 seconds
