[2026-07-22T13:07:28.434+0000] {processor.py:186} INFO - Started process (PID=111) to work on /home/airflow/.local/lib/python3.12/site-packages/airflow/example_dags/example_trigger_controller_dag.py
[2026-07-22T13:07:28.437+0000] {processor.py:914} INFO - Processing file /home/airflow/.local/lib/python3.12/site-packages/airflow/example_dags/example_trigger_controller_dag.py for tasks to queue
[2026-07-22T13:07:28.444+0000] {logging_mixin.py:190} INFO - [2026-07-22T13:07:28.443+0000] {dagbag.py:588} INFO - Filling up the DagBag from /home/airflow/.local/lib/python3.12/site-packages/airflow/example_dags/example_trigger_controller_dag.py
[2026-07-22T13:07:28.461+0000] {processor.py:925} INFO - DAG(s) 'example_trigger_controller_dag' retrieved from /home/airflow/.local/lib/python3.12/site-packages/airflow/example_dags/example_trigger_controller_dag.py
[2026-07-22T13:07:28.698+0000] {logging_mixin.py:190} INFO - [2026-07-22T13:07:28.696+0000] {override.py:1912} INFO - Created Permission View: can read on DAG:example_trigger_controller_dag
[2026-07-22T13:07:28.723+0000] {logging_mixin.py:190} INFO - [2026-07-22T13:07:28.722+0000] {override.py:1912} INFO - Created Permission View: can edit on DAG:example_trigger_controller_dag
[2026-07-22T13:07:28.740+0000] {logging_mixin.py:190} INFO - [2026-07-22T13:07:28.740+0000] {override.py:1912} INFO - Created Permission View: can delete on DAG:example_trigger_controller_dag
[2026-07-22T13:07:28.758+0000] {logging_mixin.py:190} INFO - [2026-07-22T13:07:28.757+0000] {override.py:1912} INFO - Created Permission View: can read on DAG Run:example_trigger_controller_dag
[2026-07-22T13:07:28.772+0000] {logging_mixin.py:190} INFO - [2026-07-22T13:07:28.771+0000] {override.py:1912} INFO - Created Permission View: menu access on DAG Run:example_trigger_controller_dag
[2026-07-22T13:07:28.786+0000] {logging_mixin.py:190} INFO - [2026-07-22T13:07:28.786+0000] {override.py:1912} INFO - Created Permission View: can create on DAG Run:example_trigger_controller_dag
[2026-07-22T13:07:28.801+0000] {logging_mixin.py:190} INFO - [2026-07-22T13:07:28.800+0000] {override.py:1912} INFO - Created Permission View: can delete on DAG Run:example_trigger_controller_dag
[2026-07-22T13:07:28.803+0000] {logging_mixin.py:190} INFO - [2026-07-22T13:07:28.802+0000] {dag.py:3239} INFO - Sync 1 DAGs
[2026-07-22T13:07:28.828+0000] {logging_mixin.py:190} INFO - [2026-07-22T13:07:28.827+0000] {dag.py:3262} INFO - Creating ORM DAG for example_trigger_controller_dag
[2026-07-22T13:07:28.847+0000] {logging_mixin.py:190} INFO - [2026-07-22T13:07:28.846+0000] {dag.py:4180} INFO - Setting next_dagrun for example_trigger_controller_dag to 2021-01-01 00:00:00+00:00, run_after=2021-01-01 00:00:00+00:00
[2026-07-22T13:07:28.880+0000] {processor.py:208} INFO - Processing /home/airflow/.local/lib/python3.12/site-packages/airflow/example_dags/example_trigger_controller_dag.py took 0.459 seconds
[2026-07-22T13:07:59.878+0000] {processor.py:186} INFO - Started process (PID=174) to work on /home/airflow/.local/lib/python3.12/site-packages/airflow/example_dags/example_trigger_controller_dag.py
[2026-07-22T13:07:59.882+0000] {processor.py:914} INFO - Processing file /home/airflow/.local/lib/python3.12/site-packages/airflow/example_dags/example_trigger_controller_dag.py for tasks to queue
[2026-07-22T13:07:59.891+0000] {logging_mixin.py:190} INFO - [2026-07-22T13:07:59.890+0000] {dagbag.py:588} INFO - Filling up the DagBag from /home/airflow/.local/lib/python3.12/site-packages/airflow/example_dags/example_trigger_controller_dag.py
[2026-07-22T13:07:59.909+0000] {processor.py:925} INFO - DAG(s) 'example_trigger_controller_dag' retrieved from /home/airflow/.local/lib/python3.12/site-packages/airflow/example_dags/example_trigger_controller_dag.py
[2026-07-22T13:07:59.967+0000] {logging_mixin.py:190} INFO - [2026-07-22T13:07:59.966+0000] {dag.py:3239} INFO - Sync 1 DAGs
[2026-07-22T13:08:00.044+0000] {logging_mixin.py:190} INFO - [2026-07-22T13:08:00.043+0000] {dag.py:4180} INFO - Setting next_dagrun for example_trigger_controller_dag to 2021-01-01 00:00:00+00:00, run_after=2021-01-01 00:00:00+00:00
[2026-07-22T13:08:00.100+0000] {processor.py:208} INFO - Processing /home/airflow/.local/lib/python3.12/site-packages/airflow/example_dags/example_trigger_controller_dag.py took 0.242 seconds
[2026-07-22T13:08:34.327+0000] {processor.py:186} INFO - Started process (PID=238) to work on /home/airflow/.local/lib/python3.12/site-packages/airflow/example_dags/example_trigger_controller_dag.py
[2026-07-22T13:08:34.332+0000] {processor.py:914} INFO - Processing file /home/airflow/.local/lib/python3.12/site-packages/airflow/example_dags/example_trigger_controller_dag.py for tasks to queue
[2026-07-22T13:08:34.342+0000] {logging_mixin.py:190} INFO - [2026-07-22T13:08:34.340+0000] {dagbag.py:588} INFO - Filling up the DagBag from /home/airflow/.local/lib/python3.12/site-packages/airflow/example_dags/example_trigger_controller_dag.py
[2026-07-22T13:08:34.370+0000] {processor.py:925} INFO - DAG(s) 'example_trigger_controller_dag' retrieved from /home/airflow/.local/lib/python3.12/site-packages/airflow/example_dags/example_trigger_controller_dag.py
[2026-07-22T13:08:34.456+0000] {logging_mixin.py:190} INFO - [2026-07-22T13:08:34.455+0000] {dag.py:3239} INFO - Sync 1 DAGs
[2026-07-22T13:08:34.549+0000] {logging_mixin.py:190} INFO - [2026-07-22T13:08:34.548+0000] {dag.py:4180} INFO - Setting next_dagrun for example_trigger_controller_dag to 2021-01-01 00:00:00+00:00, run_after=2021-01-01 00:00:00+00:00
[2026-07-22T13:08:34.606+0000] {processor.py:208} INFO - Processing /home/airflow/.local/lib/python3.12/site-packages/airflow/example_dags/example_trigger_controller_dag.py took 0.300 seconds
[2026-07-22T13:09:04.960+0000] {processor.py:186} INFO - Started process (PID=301) to work on /home/airflow/.local/lib/python3.12/site-packages/airflow/example_dags/example_trigger_controller_dag.py
[2026-07-22T13:09:04.962+0000] {processor.py:914} INFO - Processing file /home/airflow/.local/lib/python3.12/site-packages/airflow/example_dags/example_trigger_controller_dag.py for tasks to queue
[2026-07-22T13:09:04.966+0000] {logging_mixin.py:190} INFO - [2026-07-22T13:09:04.966+0000] {dagbag.py:588} INFO - Filling up the DagBag from /home/airflow/.local/lib/python3.12/site-packages/airflow/example_dags/example_trigger_controller_dag.py
[2026-07-22T13:09:04.978+0000] {processor.py:925} INFO - DAG(s) 'example_trigger_controller_dag' retrieved from /home/airflow/.local/lib/python3.12/site-packages/airflow/example_dags/example_trigger_controller_dag.py
[2026-07-22T13:09:05.009+0000] {logging_mixin.py:190} INFO - [2026-07-22T13:09:05.008+0000] {dag.py:3239} INFO - Sync 1 DAGs
[2026-07-22T13:09:05.038+0000] {logging_mixin.py:190} INFO - [2026-07-22T13:09:05.038+0000] {dag.py:4180} INFO - Setting next_dagrun for example_trigger_controller_dag to 2021-01-01 00:00:00+00:00, run_after=2021-01-01 00:00:00+00:00
[2026-07-22T13:09:05.067+0000] {processor.py:208} INFO - Processing /home/airflow/.local/lib/python3.12/site-packages/airflow/example_dags/example_trigger_controller_dag.py took 0.115 seconds
[2026-07-22T13:09:36.033+0000] {processor.py:186} INFO - Started process (PID=365) to work on /home/airflow/.local/lib/python3.12/site-packages/airflow/example_dags/example_trigger_controller_dag.py
[2026-07-22T13:09:36.035+0000] {processor.py:914} INFO - Processing file /home/airflow/.local/lib/python3.12/site-packages/airflow/example_dags/example_trigger_controller_dag.py for tasks to queue
[2026-07-22T13:09:36.039+0000] {logging_mixin.py:190} INFO - [2026-07-22T13:09:36.039+0000] {dagbag.py:588} INFO - Filling up the DagBag from /home/airflow/.local/lib/python3.12/site-packages/airflow/example_dags/example_trigger_controller_dag.py
[2026-07-22T13:09:36.049+0000] {processor.py:925} INFO - DAG(s) 'example_trigger_controller_dag' retrieved from /home/airflow/.local/lib/python3.12/site-packages/airflow/example_dags/example_trigger_controller_dag.py
[2026-07-22T13:09:36.075+0000] {logging_mixin.py:190} INFO - [2026-07-22T13:09:36.075+0000] {dag.py:3239} INFO - Sync 1 DAGs
[2026-07-22T13:09:36.103+0000] {logging_mixin.py:190} INFO - [2026-07-22T13:09:36.103+0000] {dag.py:4180} INFO - Setting next_dagrun for example_trigger_controller_dag to 2021-01-01 00:00:00+00:00, run_after=2021-01-01 00:00:00+00:00
[2026-07-22T13:09:36.135+0000] {processor.py:208} INFO - Processing /home/airflow/.local/lib/python3.12/site-packages/airflow/example_dags/example_trigger_controller_dag.py took 0.111 seconds
[2026-07-22T13:10:07.740+0000] {processor.py:186} INFO - Started process (PID=428) to work on /home/airflow/.local/lib/python3.12/site-packages/airflow/example_dags/example_trigger_controller_dag.py
[2026-07-22T13:10:07.743+0000] {processor.py:914} INFO - Processing file /home/airflow/.local/lib/python3.12/site-packages/airflow/example_dags/example_trigger_controller_dag.py for tasks to queue
[2026-07-22T13:10:07.751+0000] {logging_mixin.py:190} INFO - [2026-07-22T13:10:07.750+0000] {dagbag.py:588} INFO - Filling up the DagBag from /home/airflow/.local/lib/python3.12/site-packages/airflow/example_dags/example_trigger_controller_dag.py
[2026-07-22T13:10:07.770+0000] {processor.py:925} INFO - DAG(s) 'example_trigger_controller_dag' retrieved from /home/airflow/.local/lib/python3.12/site-packages/airflow/example_dags/example_trigger_controller_dag.py
[2026-07-22T13:10:07.816+0000] {logging_mixin.py:190} INFO - [2026-07-22T13:10:07.815+0000] {dag.py:3239} INFO - Sync 1 DAGs
[2026-07-22T13:10:07.875+0000] {logging_mixin.py:190} INFO - [2026-07-22T13:10:07.875+0000] {dag.py:4180} INFO - Setting next_dagrun for example_trigger_controller_dag to 2021-01-01 00:00:00+00:00, run_after=2021-01-01 00:00:00+00:00
[2026-07-22T13:10:07.923+0000] {processor.py:208} INFO - Processing /home/airflow/.local/lib/python3.12/site-packages/airflow/example_dags/example_trigger_controller_dag.py took 0.197 seconds
[2026-07-22T13:10:39.162+0000] {processor.py:186} INFO - Started process (PID=491) to work on /home/airflow/.local/lib/python3.12/site-packages/airflow/example_dags/example_trigger_controller_dag.py
[2026-07-22T13:10:39.165+0000] {processor.py:914} INFO - Processing file /home/airflow/.local/lib/python3.12/site-packages/airflow/example_dags/example_trigger_controller_dag.py for tasks to queue
[2026-07-22T13:10:39.170+0000] {logging_mixin.py:190} INFO - [2026-07-22T13:10:39.170+0000] {dagbag.py:588} INFO - Filling up the DagBag from /home/airflow/.local/lib/python3.12/site-packages/airflow/example_dags/example_trigger_controller_dag.py
[2026-07-22T13:10:39.181+0000] {processor.py:925} INFO - DAG(s) 'example_trigger_controller_dag' retrieved from /home/airflow/.local/lib/python3.12/site-packages/airflow/example_dags/example_trigger_controller_dag.py
[2026-07-22T13:10:39.218+0000] {logging_mixin.py:190} INFO - [2026-07-22T13:10:39.217+0000] {dag.py:3239} INFO - Sync 1 DAGs
[2026-07-22T13:10:39.253+0000] {logging_mixin.py:190} INFO - [2026-07-22T13:10:39.253+0000] {dag.py:4180} INFO - Setting next_dagrun for example_trigger_controller_dag to 2021-01-01 00:00:00+00:00, run_after=2021-01-01 00:00:00+00:00
[2026-07-22T13:10:39.288+0000] {processor.py:208} INFO - Processing /home/airflow/.local/lib/python3.12/site-packages/airflow/example_dags/example_trigger_controller_dag.py took 0.134 seconds
[2026-07-22T13:11:09.344+0000] {processor.py:186} INFO - Started process (PID=553) to work on /home/airflow/.local/lib/python3.12/site-packages/airflow/example_dags/example_trigger_controller_dag.py
[2026-07-22T13:11:09.345+0000] {processor.py:914} INFO - Processing file /home/airflow/.local/lib/python3.12/site-packages/airflow/example_dags/example_trigger_controller_dag.py for tasks to queue
[2026-07-22T13:11:09.350+0000] {logging_mixin.py:190} INFO - [2026-07-22T13:11:09.349+0000] {dagbag.py:588} INFO - Filling up the DagBag from /home/airflow/.local/lib/python3.12/site-packages/airflow/example_dags/example_trigger_controller_dag.py
[2026-07-22T13:11:09.361+0000] {processor.py:925} INFO - DAG(s) 'example_trigger_controller_dag' retrieved from /home/airflow/.local/lib/python3.12/site-packages/airflow/example_dags/example_trigger_controller_dag.py
[2026-07-22T13:11:09.402+0000] {logging_mixin.py:190} INFO - [2026-07-22T13:11:09.401+0000] {dag.py:3239} INFO - Sync 1 DAGs
[2026-07-22T13:11:09.438+0000] {logging_mixin.py:190} INFO - [2026-07-22T13:11:09.438+0000] {dag.py:4180} INFO - Setting next_dagrun for example_trigger_controller_dag to 2021-01-01 00:00:00+00:00, run_after=2021-01-01 00:00:00+00:00
[2026-07-22T13:11:09.475+0000] {processor.py:208} INFO - Processing /home/airflow/.local/lib/python3.12/site-packages/airflow/example_dags/example_trigger_controller_dag.py took 0.140 seconds
[2026-07-22T13:11:39.609+0000] {processor.py:186} INFO - Started process (PID=615) to work on /home/airflow/.local/lib/python3.12/site-packages/airflow/example_dags/example_trigger_controller_dag.py
[2026-07-22T13:11:39.612+0000] {processor.py:914} INFO - Processing file /home/airflow/.local/lib/python3.12/site-packages/airflow/example_dags/example_trigger_controller_dag.py for tasks to queue
[2026-07-22T13:11:39.620+0000] {logging_mixin.py:190} INFO - [2026-07-22T13:11:39.620+0000] {dagbag.py:588} INFO - Filling up the DagBag from /home/airflow/.local/lib/python3.12/site-packages/airflow/example_dags/example_trigger_controller_dag.py
[2026-07-22T13:11:39.641+0000] {processor.py:925} INFO - DAG(s) 'example_trigger_controller_dag' retrieved from /home/airflow/.local/lib/python3.12/site-packages/airflow/example_dags/example_trigger_controller_dag.py
[2026-07-22T13:11:39.678+0000] {logging_mixin.py:190} INFO - [2026-07-22T13:11:39.677+0000] {dag.py:3239} INFO - Sync 1 DAGs
[2026-07-22T13:11:39.717+0000] {logging_mixin.py:190} INFO - [2026-07-22T13:11:39.716+0000] {dag.py:4180} INFO - Setting next_dagrun for example_trigger_controller_dag to 2021-01-01 00:00:00+00:00, run_after=2021-01-01 00:00:00+00:00
[2026-07-22T13:11:39.754+0000] {processor.py:208} INFO - Processing /home/airflow/.local/lib/python3.12/site-packages/airflow/example_dags/example_trigger_controller_dag.py took 0.162 seconds
[2026-07-22T13:12:10.115+0000] {processor.py:186} INFO - Started process (PID=678) to work on /home/airflow/.local/lib/python3.12/site-packages/airflow/example_dags/example_trigger_controller_dag.py
[2026-07-22T13:12:10.119+0000] {processor.py:914} INFO - Processing file /home/airflow/.local/lib/python3.12/site-packages/airflow/example_dags/example_trigger_controller_dag.py for tasks to queue
[2026-07-22T13:12:10.128+0000] {logging_mixin.py:190} INFO - [2026-07-22T13:12:10.127+0000] {dagbag.py:588} INFO - Filling up the DagBag from /home/airflow/.local/lib/python3.12/site-packages/airflow/example_dags/example_trigger_controller_dag.py
[2026-07-22T13:12:10.150+0000] {processor.py:925} INFO - DAG(s) 'example_trigger_controller_dag' retrieved from /home/airflow/.local/lib/python3.12/site-packages/airflow/example_dags/example_trigger_controller_dag.py
[2026-07-22T13:12:10.209+0000] {logging_mixin.py:190} INFO - [2026-07-22T13:12:10.208+0000] {dag.py:3239} INFO - Sync 1 DAGs
[2026-07-22T13:12:10.271+0000] {logging_mixin.py:190} INFO - [2026-07-22T13:12:10.271+0000] {dag.py:4180} INFO - Setting next_dagrun for example_trigger_controller_dag to 2021-01-01 00:00:00+00:00, run_after=2021-01-01 00:00:00+00:00
[2026-07-22T13:12:10.329+0000] {processor.py:208} INFO - Processing /home/airflow/.local/lib/python3.12/site-packages/airflow/example_dags/example_trigger_controller_dag.py took 0.232 seconds
[2026-07-22T13:12:41.153+0000] {processor.py:186} INFO - Started process (PID=741) to work on /home/airflow/.local/lib/python3.12/site-packages/airflow/example_dags/example_trigger_controller_dag.py
[2026-07-22T13:12:41.155+0000] {processor.py:914} INFO - Processing file /home/airflow/.local/lib/python3.12/site-packages/airflow/example_dags/example_trigger_controller_dag.py for tasks to queue
[2026-07-22T13:12:41.160+0000] {logging_mixin.py:190} INFO - [2026-07-22T13:12:41.159+0000] {dagbag.py:588} INFO - Filling up the DagBag from /home/airflow/.local/lib/python3.12/site-packages/airflow/example_dags/example_trigger_controller_dag.py
[2026-07-22T13:12:41.177+0000] {processor.py:925} INFO - DAG(s) 'example_trigger_controller_dag' retrieved from /home/airflow/.local/lib/python3.12/site-packages/airflow/example_dags/example_trigger_controller_dag.py
[2026-07-22T13:12:41.210+0000] {logging_mixin.py:190} INFO - [2026-07-22T13:12:41.209+0000] {dag.py:3239} INFO - Sync 1 DAGs
[2026-07-22T13:12:41.243+0000] {logging_mixin.py:190} INFO - [2026-07-22T13:12:41.243+0000] {dag.py:4180} INFO - Setting next_dagrun for example_trigger_controller_dag to 2021-01-01 00:00:00+00:00, run_after=2021-01-01 00:00:00+00:00
[2026-07-22T13:12:41.278+0000] {processor.py:208} INFO - Processing /home/airflow/.local/lib/python3.12/site-packages/airflow/example_dags/example_trigger_controller_dag.py took 0.139 seconds
[2026-07-22T13:13:12.000+0000] {processor.py:186} INFO - Started process (PID=804) to work on /home/airflow/.local/lib/python3.12/site-packages/airflow/example_dags/example_trigger_controller_dag.py
[2026-07-22T13:13:12.004+0000] {processor.py:914} INFO - Processing file /home/airflow/.local/lib/python3.12/site-packages/airflow/example_dags/example_trigger_controller_dag.py for tasks to queue
[2026-07-22T13:13:12.015+0000] {logging_mixin.py:190} INFO - [2026-07-22T13:13:12.014+0000] {dagbag.py:588} INFO - Filling up the DagBag from /home/airflow/.local/lib/python3.12/site-packages/airflow/example_dags/example_trigger_controller_dag.py
[2026-07-22T13:13:12.036+0000] {processor.py:925} INFO - DAG(s) 'example_trigger_controller_dag' retrieved from /home/airflow/.local/lib/python3.12/site-packages/airflow/example_dags/example_trigger_controller_dag.py
[2026-07-22T13:13:12.074+0000] {logging_mixin.py:190} INFO - [2026-07-22T13:13:12.074+0000] {dag.py:3239} INFO - Sync 1 DAGs
[2026-07-22T13:13:12.130+0000] {logging_mixin.py:190} INFO - [2026-07-22T13:13:12.130+0000] {dag.py:4180} INFO - Setting next_dagrun for example_trigger_controller_dag to 2021-01-01 00:00:00+00:00, run_after=2021-01-01 00:00:00+00:00
[2026-07-22T13:13:12.168+0000] {processor.py:208} INFO - Processing /home/airflow/.local/lib/python3.12/site-packages/airflow/example_dags/example_trigger_controller_dag.py took 0.183 seconds
[2026-07-22T13:13:42.910+0000] {processor.py:186} INFO - Started process (PID=867) to work on /home/airflow/.local/lib/python3.12/site-packages/airflow/example_dags/example_trigger_controller_dag.py
[2026-07-22T13:13:42.912+0000] {processor.py:914} INFO - Processing file /home/airflow/.local/lib/python3.12/site-packages/airflow/example_dags/example_trigger_controller_dag.py for tasks to queue
[2026-07-22T13:13:42.918+0000] {logging_mixin.py:190} INFO - [2026-07-22T13:13:42.918+0000] {dagbag.py:588} INFO - Filling up the DagBag from /home/airflow/.local/lib/python3.12/site-packages/airflow/example_dags/example_trigger_controller_dag.py
[2026-07-22T13:13:42.930+0000] {processor.py:925} INFO - DAG(s) 'example_trigger_controller_dag' retrieved from /home/airflow/.local/lib/python3.12/site-packages/airflow/example_dags/example_trigger_controller_dag.py
[2026-07-22T13:13:42.964+0000] {logging_mixin.py:190} INFO - [2026-07-22T13:13:42.964+0000] {dag.py:3239} INFO - Sync 1 DAGs
[2026-07-22T13:13:43.002+0000] {logging_mixin.py:190} INFO - [2026-07-22T13:13:43.001+0000] {dag.py:4180} INFO - Setting next_dagrun for example_trigger_controller_dag to 2021-01-01 00:00:00+00:00, run_after=2021-01-01 00:00:00+00:00
[2026-07-22T13:13:43.037+0000] {processor.py:208} INFO - Processing /home/airflow/.local/lib/python3.12/site-packages/airflow/example_dags/example_trigger_controller_dag.py took 0.136 seconds
[2026-07-22T13:14:13.101+0000] {processor.py:186} INFO - Started process (PID=929) to work on /home/airflow/.local/lib/python3.12/site-packages/airflow/example_dags/example_trigger_controller_dag.py
[2026-07-22T13:14:13.103+0000] {processor.py:914} INFO - Processing file /home/airflow/.local/lib/python3.12/site-packages/airflow/example_dags/example_trigger_controller_dag.py for tasks to queue
[2026-07-22T13:14:13.110+0000] {logging_mixin.py:190} INFO - [2026-07-22T13:14:13.109+0000] {dagbag.py:588} INFO - Filling up the DagBag from /home/airflow/.local/lib/python3.12/site-packages/airflow/example_dags/example_trigger_controller_dag.py
[2026-07-22T13:14:13.120+0000] {processor.py:925} INFO - DAG(s) 'example_trigger_controller_dag' retrieved from /home/airflow/.local/lib/python3.12/site-packages/airflow/example_dags/example_trigger_controller_dag.py
[2026-07-22T13:14:13.144+0000] {logging_mixin.py:190} INFO - [2026-07-22T13:14:13.144+0000] {dag.py:3239} INFO - Sync 1 DAGs
[2026-07-22T13:14:13.176+0000] {logging_mixin.py:190} INFO - [2026-07-22T13:14:13.176+0000] {dag.py:4180} INFO - Setting next_dagrun for example_trigger_controller_dag to 2021-01-01 00:00:00+00:00, run_after=2021-01-01 00:00:00+00:00
[2026-07-22T13:14:13.206+0000] {processor.py:208} INFO - Processing /home/airflow/.local/lib/python3.12/site-packages/airflow/example_dags/example_trigger_controller_dag.py took 0.113 seconds
[2026-07-22T13:14:43.812+0000] {processor.py:186} INFO - Started process (PID=993) to work on /home/airflow/.local/lib/python3.12/site-packages/airflow/example_dags/example_trigger_controller_dag.py
[2026-07-22T13:14:43.814+0000] {processor.py:914} INFO - Processing file /home/airflow/.local/lib/python3.12/site-packages/airflow/example_dags/example_trigger_controller_dag.py for tasks to queue
[2026-07-22T13:14:43.818+0000] {logging_mixin.py:190} INFO - [2026-07-22T13:14:43.818+0000] {dagbag.py:588} INFO - Filling up the DagBag from /home/airflow/.local/lib/python3.12/site-packages/airflow/example_dags/example_trigger_controller_dag.py
[2026-07-22T13:14:43.829+0000] {processor.py:925} INFO - DAG(s) 'example_trigger_controller_dag' retrieved from /home/airflow/.local/lib/python3.12/site-packages/airflow/example_dags/example_trigger_controller_dag.py
[2026-07-22T13:14:43.870+0000] {logging_mixin.py:190} INFO - [2026-07-22T13:14:43.870+0000] {dag.py:3239} INFO - Sync 1 DAGs
[2026-07-22T13:14:43.913+0000] {logging_mixin.py:190} INFO - [2026-07-22T13:14:43.913+0000] {dag.py:4180} INFO - Setting next_dagrun for example_trigger_controller_dag to 2021-01-01 00:00:00+00:00, run_after=2021-01-01 00:00:00+00:00
[2026-07-22T13:14:43.952+0000] {processor.py:208} INFO - Processing /home/airflow/.local/lib/python3.12/site-packages/airflow/example_dags/example_trigger_controller_dag.py took 0.149 seconds
[2026-07-22T13:15:14.827+0000] {processor.py:186} INFO - Started process (PID=1056) to work on /home/airflow/.local/lib/python3.12/site-packages/airflow/example_dags/example_trigger_controller_dag.py
[2026-07-22T13:15:14.830+0000] {processor.py:914} INFO - Processing file /home/airflow/.local/lib/python3.12/site-packages/airflow/example_dags/example_trigger_controller_dag.py for tasks to queue
[2026-07-22T13:15:14.835+0000] {logging_mixin.py:190} INFO - [2026-07-22T13:15:14.835+0000] {dagbag.py:588} INFO - Filling up the DagBag from /home/airflow/.local/lib/python3.12/site-packages/airflow/example_dags/example_trigger_controller_dag.py
[2026-07-22T13:15:14.850+0000] {processor.py:925} INFO - DAG(s) 'example_trigger_controller_dag' retrieved from /home/airflow/.local/lib/python3.12/site-packages/airflow/example_dags/example_trigger_controller_dag.py
[2026-07-22T13:15:14.902+0000] {logging_mixin.py:190} INFO - [2026-07-22T13:15:14.902+0000] {dag.py:3239} INFO - Sync 1 DAGs
[2026-07-22T13:15:14.953+0000] {logging_mixin.py:190} INFO - [2026-07-22T13:15:14.953+0000] {dag.py:4180} INFO - Setting next_dagrun for example_trigger_controller_dag to 2021-01-01 00:00:00+00:00, run_after=2021-01-01 00:00:00+00:00
[2026-07-22T13:15:15.023+0000] {processor.py:208} INFO - Processing /home/airflow/.local/lib/python3.12/site-packages/airflow/example_dags/example_trigger_controller_dag.py took 0.206 seconds
[2026-07-22T13:15:45.288+0000] {processor.py:186} INFO - Started process (PID=1119) to work on /home/airflow/.local/lib/python3.12/site-packages/airflow/example_dags/example_trigger_controller_dag.py
[2026-07-22T13:15:45.290+0000] {processor.py:914} INFO - Processing file /home/airflow/.local/lib/python3.12/site-packages/airflow/example_dags/example_trigger_controller_dag.py for tasks to queue
[2026-07-22T13:15:45.298+0000] {logging_mixin.py:190} INFO - [2026-07-22T13:15:45.297+0000] {dagbag.py:588} INFO - Filling up the DagBag from /home/airflow/.local/lib/python3.12/site-packages/airflow/example_dags/example_trigger_controller_dag.py
[2026-07-22T13:15:45.318+0000] {processor.py:925} INFO - DAG(s) 'example_trigger_controller_dag' retrieved from /home/airflow/.local/lib/python3.12/site-packages/airflow/example_dags/example_trigger_controller_dag.py
[2026-07-22T13:15:45.368+0000] {logging_mixin.py:190} INFO - [2026-07-22T13:15:45.368+0000] {dag.py:3239} INFO - Sync 1 DAGs
[2026-07-22T13:15:45.426+0000] {logging_mixin.py:190} INFO - [2026-07-22T13:15:45.425+0000] {dag.py:4180} INFO - Setting next_dagrun for example_trigger_controller_dag to 2021-01-01 00:00:00+00:00, run_after=2021-01-01 00:00:00+00:00
[2026-07-22T13:15:45.477+0000] {processor.py:208} INFO - Processing /home/airflow/.local/lib/python3.12/site-packages/airflow/example_dags/example_trigger_controller_dag.py took 0.206 seconds
[2026-07-22T13:16:16.226+0000] {processor.py:186} INFO - Started process (PID=1182) to work on /home/airflow/.local/lib/python3.12/site-packages/airflow/example_dags/example_trigger_controller_dag.py
[2026-07-22T13:16:16.229+0000] {processor.py:914} INFO - Processing file /home/airflow/.local/lib/python3.12/site-packages/airflow/example_dags/example_trigger_controller_dag.py for tasks to queue
[2026-07-22T13:16:16.235+0000] {logging_mixin.py:190} INFO - [2026-07-22T13:16:16.234+0000] {dagbag.py:588} INFO - Filling up the DagBag from /home/airflow/.local/lib/python3.12/site-packages/airflow/example_dags/example_trigger_controller_dag.py
[2026-07-22T13:16:16.256+0000] {processor.py:925} INFO - DAG(s) 'example_trigger_controller_dag' retrieved from /home/airflow/.local/lib/python3.12/site-packages/airflow/example_dags/example_trigger_controller_dag.py
[2026-07-22T13:16:16.310+0000] {logging_mixin.py:190} INFO - [2026-07-22T13:16:16.310+0000] {dag.py:3239} INFO - Sync 1 DAGs
[2026-07-22T13:16:16.408+0000] {logging_mixin.py:190} INFO - [2026-07-22T13:16:16.408+0000] {dag.py:4180} INFO - Setting next_dagrun for example_trigger_controller_dag to 2021-01-01 00:00:00+00:00, run_after=2021-01-01 00:00:00+00:00
[2026-07-22T13:16:16.456+0000] {processor.py:208} INFO - Processing /home/airflow/.local/lib/python3.12/site-packages/airflow/example_dags/example_trigger_controller_dag.py took 0.247 seconds
[2026-07-22T13:16:47.689+0000] {processor.py:186} INFO - Started process (PID=1245) to work on /home/airflow/.local/lib/python3.12/site-packages/airflow/example_dags/example_trigger_controller_dag.py
[2026-07-22T13:16:47.692+0000] {processor.py:914} INFO - Processing file /home/airflow/.local/lib/python3.12/site-packages/airflow/example_dags/example_trigger_controller_dag.py for tasks to queue
[2026-07-22T13:16:47.701+0000] {logging_mixin.py:190} INFO - [2026-07-22T13:16:47.700+0000] {dagbag.py:588} INFO - Filling up the DagBag from /home/airflow/.local/lib/python3.12/site-packages/airflow/example_dags/example_trigger_controller_dag.py
[2026-07-22T13:16:47.756+0000] {processor.py:925} INFO - DAG(s) 'example_trigger_controller_dag' retrieved from /home/airflow/.local/lib/python3.12/site-packages/airflow/example_dags/example_trigger_controller_dag.py
[2026-07-22T13:16:47.838+0000] {logging_mixin.py:190} INFO - [2026-07-22T13:16:47.837+0000] {dag.py:3239} INFO - Sync 1 DAGs
[2026-07-22T13:16:47.885+0000] {logging_mixin.py:190} INFO - [2026-07-22T13:16:47.884+0000] {dag.py:4180} INFO - Setting next_dagrun for example_trigger_controller_dag to 2021-01-01 00:00:00+00:00, run_after=2021-01-01 00:00:00+00:00
[2026-07-22T13:16:47.924+0000] {processor.py:208} INFO - Processing /home/airflow/.local/lib/python3.12/site-packages/airflow/example_dags/example_trigger_controller_dag.py took 0.277 seconds
[2026-07-22T13:17:21.502+0000] {processor.py:186} INFO - Started process (PID=1307) to work on /home/airflow/.local/lib/python3.12/site-packages/airflow/example_dags/example_trigger_controller_dag.py
[2026-07-22T13:17:21.515+0000] {processor.py:914} INFO - Processing file /home/airflow/.local/lib/python3.12/site-packages/airflow/example_dags/example_trigger_controller_dag.py for tasks to queue
[2026-07-22T13:17:21.543+0000] {logging_mixin.py:190} INFO - [2026-07-22T13:17:21.541+0000] {dagbag.py:588} INFO - Filling up the DagBag from /home/airflow/.local/lib/python3.12/site-packages/airflow/example_dags/example_trigger_controller_dag.py
[2026-07-22T13:17:21.619+0000] {processor.py:925} INFO - DAG(s) 'example_trigger_controller_dag' retrieved from /home/airflow/.local/lib/python3.12/site-packages/airflow/example_dags/example_trigger_controller_dag.py
[2026-07-22T13:17:21.719+0000] {logging_mixin.py:190} INFO - [2026-07-22T13:17:21.718+0000] {dag.py:3239} INFO - Sync 1 DAGs
[2026-07-22T13:17:21.880+0000] {logging_mixin.py:190} INFO - [2026-07-22T13:17:21.878+0000] {dag.py:4180} INFO - Setting next_dagrun for example_trigger_controller_dag to 2021-01-01 00:00:00+00:00, run_after=2021-01-01 00:00:00+00:00
[2026-07-22T13:17:22.065+0000] {processor.py:208} INFO - Processing /home/airflow/.local/lib/python3.12/site-packages/airflow/example_dags/example_trigger_controller_dag.py took 0.640 seconds
