[2026-07-22T13:07:16.244+0000] {processor.py:186} INFO - Started process (PID=93) to work on /home/airflow/.local/lib/python3.12/site-packages/airflow/example_dags/example_dynamic_task_mapping.py
[2026-07-22T13:07:16.250+0000] {processor.py:914} INFO - Processing file /home/airflow/.local/lib/python3.12/site-packages/airflow/example_dags/example_dynamic_task_mapping.py for tasks to queue
[2026-07-22T13:07:16.260+0000] {logging_mixin.py:190} INFO - [2026-07-22T13:07:16.259+0000] {dagbag.py:588} INFO - Filling up the DagBag from /home/airflow/.local/lib/python3.12/site-packages/airflow/example_dags/example_dynamic_task_mapping.py
[2026-07-22T13:07:16.305+0000] {processor.py:925} INFO - DAG(s) 'example_dynamic_task_mapping' retrieved from /home/airflow/.local/lib/python3.12/site-packages/airflow/example_dags/example_dynamic_task_mapping.py
[2026-07-22T13:07:16.728+0000] {logging_mixin.py:190} INFO - [2026-07-22T13:07:16.726+0000] {override.py:1912} INFO - Created Permission View: can read on DAG:example_dynamic_task_mapping
[2026-07-22T13:07:16.764+0000] {logging_mixin.py:190} INFO - [2026-07-22T13:07:16.764+0000] {override.py:1912} INFO - Created Permission View: can edit on DAG:example_dynamic_task_mapping
[2026-07-22T13:07:16.785+0000] {logging_mixin.py:190} INFO - [2026-07-22T13:07:16.784+0000] {override.py:1912} INFO - Created Permission View: can delete on DAG:example_dynamic_task_mapping
[2026-07-22T13:07:16.807+0000] {logging_mixin.py:190} INFO - [2026-07-22T13:07:16.806+0000] {override.py:1912} INFO - Created Permission View: can read on DAG Run:example_dynamic_task_mapping
[2026-07-22T13:07:16.827+0000] {logging_mixin.py:190} INFO - [2026-07-22T13:07:16.827+0000] {override.py:1912} INFO - Created Permission View: menu access on DAG Run:example_dynamic_task_mapping
[2026-07-22T13:07:16.846+0000] {logging_mixin.py:190} INFO - [2026-07-22T13:07:16.846+0000] {override.py:1912} INFO - Created Permission View: can create on DAG Run:example_dynamic_task_mapping
[2026-07-22T13:07:16.866+0000] {logging_mixin.py:190} INFO - [2026-07-22T13:07:16.866+0000] {override.py:1912} INFO - Created Permission View: can delete on DAG Run:example_dynamic_task_mapping
[2026-07-22T13:07:16.869+0000] {logging_mixin.py:190} INFO - [2026-07-22T13:07:16.869+0000] {dag.py:3239} INFO - Sync 1 DAGs
[2026-07-22T13:07:16.928+0000] {logging_mixin.py:190} INFO - [2026-07-22T13:07:16.928+0000] {dag.py:3262} INFO - Creating ORM DAG for example_dynamic_task_mapping
[2026-07-22T13:07:16.935+0000] {logging_mixin.py:190} INFO - [2026-07-22T13:07:16.934+0000] {dag.py:4180} INFO - Setting next_dagrun for example_dynamic_task_mapping to None, run_after=None
[2026-07-22T13:07:16.975+0000] {processor.py:208} INFO - Processing /home/airflow/.local/lib/python3.12/site-packages/airflow/example_dags/example_dynamic_task_mapping.py took 0.748 seconds
[2026-07-22T13:07:47.372+0000] {processor.py:186} INFO - Started process (PID=156) to work on /home/airflow/.local/lib/python3.12/site-packages/airflow/example_dags/example_dynamic_task_mapping.py
[2026-07-22T13:07:47.376+0000] {processor.py:914} INFO - Processing file /home/airflow/.local/lib/python3.12/site-packages/airflow/example_dags/example_dynamic_task_mapping.py for tasks to queue
[2026-07-22T13:07:47.384+0000] {logging_mixin.py:190} INFO - [2026-07-22T13:07:47.383+0000] {dagbag.py:588} INFO - Filling up the DagBag from /home/airflow/.local/lib/python3.12/site-packages/airflow/example_dags/example_dynamic_task_mapping.py
[2026-07-22T13:07:47.409+0000] {processor.py:925} INFO - DAG(s) 'example_dynamic_task_mapping' retrieved from /home/airflow/.local/lib/python3.12/site-packages/airflow/example_dags/example_dynamic_task_mapping.py
[2026-07-22T13:07:47.457+0000] {logging_mixin.py:190} INFO - [2026-07-22T13:07:47.457+0000] {dag.py:3239} INFO - Sync 1 DAGs
[2026-07-22T13:07:47.496+0000] {logging_mixin.py:190} INFO - [2026-07-22T13:07:47.496+0000] {dag.py:4180} INFO - Setting next_dagrun for example_dynamic_task_mapping to None, run_after=None
[2026-07-22T13:07:47.543+0000] {processor.py:208} INFO - Processing /home/airflow/.local/lib/python3.12/site-packages/airflow/example_dags/example_dynamic_task_mapping.py took 0.184 seconds
[2026-07-22T13:08:17.890+0000] {processor.py:186} INFO - Started process (PID=220) to work on /home/airflow/.local/lib/python3.12/site-packages/airflow/example_dags/example_dynamic_task_mapping.py
[2026-07-22T13:08:17.892+0000] {processor.py:914} INFO - Processing file /home/airflow/.local/lib/python3.12/site-packages/airflow/example_dags/example_dynamic_task_mapping.py for tasks to queue
[2026-07-22T13:08:17.898+0000] {logging_mixin.py:190} INFO - [2026-07-22T13:08:17.898+0000] {dagbag.py:588} INFO - Filling up the DagBag from /home/airflow/.local/lib/python3.12/site-packages/airflow/example_dags/example_dynamic_task_mapping.py
[2026-07-22T13:08:17.921+0000] {processor.py:925} INFO - DAG(s) 'example_dynamic_task_mapping' retrieved from /home/airflow/.local/lib/python3.12/site-packages/airflow/example_dags/example_dynamic_task_mapping.py
[2026-07-22T13:08:17.969+0000] {logging_mixin.py:190} INFO - [2026-07-22T13:08:17.969+0000] {dag.py:3239} INFO - Sync 1 DAGs
[2026-07-22T13:08:18.002+0000] {logging_mixin.py:190} INFO - [2026-07-22T13:08:18.002+0000] {dag.py:4180} INFO - Setting next_dagrun for example_dynamic_task_mapping to None, run_after=None
[2026-07-22T13:08:18.044+0000] {processor.py:208} INFO - Processing /home/airflow/.local/lib/python3.12/site-packages/airflow/example_dags/example_dynamic_task_mapping.py took 0.163 seconds
[2026-07-22T13:08:48.258+0000] {processor.py:186} INFO - Started process (PID=283) to work on /home/airflow/.local/lib/python3.12/site-packages/airflow/example_dags/example_dynamic_task_mapping.py
[2026-07-22T13:08:48.260+0000] {processor.py:914} INFO - Processing file /home/airflow/.local/lib/python3.12/site-packages/airflow/example_dags/example_dynamic_task_mapping.py for tasks to queue
[2026-07-22T13:08:48.266+0000] {logging_mixin.py:190} INFO - [2026-07-22T13:08:48.265+0000] {dagbag.py:588} INFO - Filling up the DagBag from /home/airflow/.local/lib/python3.12/site-packages/airflow/example_dags/example_dynamic_task_mapping.py
[2026-07-22T13:08:48.282+0000] {processor.py:925} INFO - DAG(s) 'example_dynamic_task_mapping' retrieved from /home/airflow/.local/lib/python3.12/site-packages/airflow/example_dags/example_dynamic_task_mapping.py
[2026-07-22T13:08:48.314+0000] {logging_mixin.py:190} INFO - [2026-07-22T13:08:48.314+0000] {dag.py:3239} INFO - Sync 1 DAGs
[2026-07-22T13:08:48.339+0000] {logging_mixin.py:190} INFO - [2026-07-22T13:08:48.339+0000] {dag.py:4180} INFO - Setting next_dagrun for example_dynamic_task_mapping to None, run_after=None
[2026-07-22T13:08:48.372+0000] {processor.py:208} INFO - Processing /home/airflow/.local/lib/python3.12/site-packages/airflow/example_dags/example_dynamic_task_mapping.py took 0.122 seconds
[2026-07-22T13:09:19.057+0000] {processor.py:186} INFO - Started process (PID=347) to work on /home/airflow/.local/lib/python3.12/site-packages/airflow/example_dags/example_dynamic_task_mapping.py
[2026-07-22T13:09:19.059+0000] {processor.py:914} INFO - Processing file /home/airflow/.local/lib/python3.12/site-packages/airflow/example_dags/example_dynamic_task_mapping.py for tasks to queue
[2026-07-22T13:09:19.063+0000] {logging_mixin.py:190} INFO - [2026-07-22T13:09:19.062+0000] {dagbag.py:588} INFO - Filling up the DagBag from /home/airflow/.local/lib/python3.12/site-packages/airflow/example_dags/example_dynamic_task_mapping.py
[2026-07-22T13:09:19.074+0000] {processor.py:925} INFO - DAG(s) 'example_dynamic_task_mapping' retrieved from /home/airflow/.local/lib/python3.12/site-packages/airflow/example_dags/example_dynamic_task_mapping.py
[2026-07-22T13:09:19.105+0000] {logging_mixin.py:190} INFO - [2026-07-22T13:09:19.104+0000] {dag.py:3239} INFO - Sync 1 DAGs
[2026-07-22T13:09:19.126+0000] {logging_mixin.py:190} INFO - [2026-07-22T13:09:19.125+0000] {dag.py:4180} INFO - Setting next_dagrun for example_dynamic_task_mapping to None, run_after=None
[2026-07-22T13:09:19.158+0000] {processor.py:208} INFO - Processing /home/airflow/.local/lib/python3.12/site-packages/airflow/example_dags/example_dynamic_task_mapping.py took 0.108 seconds
[2026-07-22T13:09:49.993+0000] {processor.py:186} INFO - Started process (PID=410) to work on /home/airflow/.local/lib/python3.12/site-packages/airflow/example_dags/example_dynamic_task_mapping.py
[2026-07-22T13:09:49.998+0000] {processor.py:914} INFO - Processing file /home/airflow/.local/lib/python3.12/site-packages/airflow/example_dags/example_dynamic_task_mapping.py for tasks to queue
[2026-07-22T13:09:50.006+0000] {logging_mixin.py:190} INFO - [2026-07-22T13:09:50.005+0000] {dagbag.py:588} INFO - Filling up the DagBag from /home/airflow/.local/lib/python3.12/site-packages/airflow/example_dags/example_dynamic_task_mapping.py
[2026-07-22T13:09:50.034+0000] {processor.py:925} INFO - DAG(s) 'example_dynamic_task_mapping' retrieved from /home/airflow/.local/lib/python3.12/site-packages/airflow/example_dags/example_dynamic_task_mapping.py
[2026-07-22T13:09:50.087+0000] {logging_mixin.py:190} INFO - [2026-07-22T13:09:50.087+0000] {dag.py:3239} INFO - Sync 1 DAGs
[2026-07-22T13:09:50.114+0000] {logging_mixin.py:190} INFO - [2026-07-22T13:09:50.114+0000] {dag.py:4180} INFO - Setting next_dagrun for example_dynamic_task_mapping to None, run_after=None
[2026-07-22T13:09:50.153+0000] {processor.py:208} INFO - Processing /home/airflow/.local/lib/python3.12/site-packages/airflow/example_dags/example_dynamic_task_mapping.py took 0.182 seconds
[2026-07-22T13:10:20.413+0000] {processor.py:186} INFO - Started process (PID=473) to work on /home/airflow/.local/lib/python3.12/site-packages/airflow/example_dags/example_dynamic_task_mapping.py
[2026-07-22T13:10:20.416+0000] {processor.py:914} INFO - Processing file /home/airflow/.local/lib/python3.12/site-packages/airflow/example_dags/example_dynamic_task_mapping.py for tasks to queue
[2026-07-22T13:10:20.424+0000] {logging_mixin.py:190} INFO - [2026-07-22T13:10:20.423+0000] {dagbag.py:588} INFO - Filling up the DagBag from /home/airflow/.local/lib/python3.12/site-packages/airflow/example_dags/example_dynamic_task_mapping.py
[2026-07-22T13:10:20.447+0000] {processor.py:925} INFO - DAG(s) 'example_dynamic_task_mapping' retrieved from /home/airflow/.local/lib/python3.12/site-packages/airflow/example_dags/example_dynamic_task_mapping.py
[2026-07-22T13:10:20.496+0000] {logging_mixin.py:190} INFO - [2026-07-22T13:10:20.495+0000] {dag.py:3239} INFO - Sync 1 DAGs
[2026-07-22T13:10:20.615+0000] {logging_mixin.py:190} INFO - [2026-07-22T13:10:20.614+0000] {dag.py:4180} INFO - Setting next_dagrun for example_dynamic_task_mapping to None, run_after=None
[2026-07-22T13:10:20.736+0000] {processor.py:208} INFO - Processing /home/airflow/.local/lib/python3.12/site-packages/airflow/example_dags/example_dynamic_task_mapping.py took 0.337 seconds
[2026-07-22T13:10:51.635+0000] {processor.py:186} INFO - Started process (PID=536) to work on /home/airflow/.local/lib/python3.12/site-packages/airflow/example_dags/example_dynamic_task_mapping.py
[2026-07-22T13:10:51.638+0000] {processor.py:914} INFO - Processing file /home/airflow/.local/lib/python3.12/site-packages/airflow/example_dags/example_dynamic_task_mapping.py for tasks to queue
[2026-07-22T13:10:51.643+0000] {logging_mixin.py:190} INFO - [2026-07-22T13:10:51.642+0000] {dagbag.py:588} INFO - Filling up the DagBag from /home/airflow/.local/lib/python3.12/site-packages/airflow/example_dags/example_dynamic_task_mapping.py
[2026-07-22T13:10:51.659+0000] {processor.py:925} INFO - DAG(s) 'example_dynamic_task_mapping' retrieved from /home/airflow/.local/lib/python3.12/site-packages/airflow/example_dags/example_dynamic_task_mapping.py
[2026-07-22T13:10:51.692+0000] {logging_mixin.py:190} INFO - [2026-07-22T13:10:51.692+0000] {dag.py:3239} INFO - Sync 1 DAGs
[2026-07-22T13:10:51.717+0000] {logging_mixin.py:190} INFO - [2026-07-22T13:10:51.716+0000] {dag.py:4180} INFO - Setting next_dagrun for example_dynamic_task_mapping to None, run_after=None
[2026-07-22T13:10:51.754+0000] {processor.py:208} INFO - Processing /home/airflow/.local/lib/python3.12/site-packages/airflow/example_dags/example_dynamic_task_mapping.py took 0.133 seconds
[2026-07-22T13:11:22.273+0000] {processor.py:186} INFO - Started process (PID=599) to work on /home/airflow/.local/lib/python3.12/site-packages/airflow/example_dags/example_dynamic_task_mapping.py
[2026-07-22T13:11:22.277+0000] {processor.py:914} INFO - Processing file /home/airflow/.local/lib/python3.12/site-packages/airflow/example_dags/example_dynamic_task_mapping.py for tasks to queue
[2026-07-22T13:11:22.287+0000] {logging_mixin.py:190} INFO - [2026-07-22T13:11:22.286+0000] {dagbag.py:588} INFO - Filling up the DagBag from /home/airflow/.local/lib/python3.12/site-packages/airflow/example_dags/example_dynamic_task_mapping.py
[2026-07-22T13:11:22.312+0000] {processor.py:925} INFO - DAG(s) 'example_dynamic_task_mapping' retrieved from /home/airflow/.local/lib/python3.12/site-packages/airflow/example_dags/example_dynamic_task_mapping.py
[2026-07-22T13:11:22.367+0000] {logging_mixin.py:190} INFO - [2026-07-22T13:11:22.367+0000] {dag.py:3239} INFO - Sync 1 DAGs
[2026-07-22T13:11:22.395+0000] {logging_mixin.py:190} INFO - [2026-07-22T13:11:22.394+0000] {dag.py:4180} INFO - Setting next_dagrun for example_dynamic_task_mapping to None, run_after=None
[2026-07-22T13:11:22.441+0000] {processor.py:208} INFO - Processing /home/airflow/.local/lib/python3.12/site-packages/airflow/example_dags/example_dynamic_task_mapping.py took 0.179 seconds
[2026-07-22T13:11:53.308+0000] {processor.py:186} INFO - Started process (PID=662) to work on /home/airflow/.local/lib/python3.12/site-packages/airflow/example_dags/example_dynamic_task_mapping.py
[2026-07-22T13:11:53.311+0000] {processor.py:914} INFO - Processing file /home/airflow/.local/lib/python3.12/site-packages/airflow/example_dags/example_dynamic_task_mapping.py for tasks to queue
[2026-07-22T13:11:53.321+0000] {logging_mixin.py:190} INFO - [2026-07-22T13:11:53.320+0000] {dagbag.py:588} INFO - Filling up the DagBag from /home/airflow/.local/lib/python3.12/site-packages/airflow/example_dags/example_dynamic_task_mapping.py
[2026-07-22T13:11:53.364+0000] {processor.py:925} INFO - DAG(s) 'example_dynamic_task_mapping' retrieved from /home/airflow/.local/lib/python3.12/site-packages/airflow/example_dags/example_dynamic_task_mapping.py
[2026-07-22T13:11:53.444+0000] {logging_mixin.py:190} INFO - [2026-07-22T13:11:53.443+0000] {dag.py:3239} INFO - Sync 1 DAGs
[2026-07-22T13:11:53.505+0000] {logging_mixin.py:190} INFO - [2026-07-22T13:11:53.504+0000] {dag.py:4180} INFO - Setting next_dagrun for example_dynamic_task_mapping to None, run_after=None
[2026-07-22T13:11:53.561+0000] {processor.py:208} INFO - Processing /home/airflow/.local/lib/python3.12/site-packages/airflow/example_dags/example_dynamic_task_mapping.py took 0.274 seconds
[2026-07-22T13:12:23.672+0000] {processor.py:186} INFO - Started process (PID=725) to work on /home/airflow/.local/lib/python3.12/site-packages/airflow/example_dags/example_dynamic_task_mapping.py
[2026-07-22T13:12:23.675+0000] {processor.py:914} INFO - Processing file /home/airflow/.local/lib/python3.12/site-packages/airflow/example_dags/example_dynamic_task_mapping.py for tasks to queue
[2026-07-22T13:12:23.680+0000] {logging_mixin.py:190} INFO - [2026-07-22T13:12:23.680+0000] {dagbag.py:588} INFO - Filling up the DagBag from /home/airflow/.local/lib/python3.12/site-packages/airflow/example_dags/example_dynamic_task_mapping.py
[2026-07-22T13:12:23.703+0000] {processor.py:925} INFO - DAG(s) 'example_dynamic_task_mapping' retrieved from /home/airflow/.local/lib/python3.12/site-packages/airflow/example_dags/example_dynamic_task_mapping.py
[2026-07-22T13:12:23.744+0000] {logging_mixin.py:190} INFO - [2026-07-22T13:12:23.743+0000] {dag.py:3239} INFO - Sync 1 DAGs
[2026-07-22T13:12:23.777+0000] {logging_mixin.py:190} INFO - [2026-07-22T13:12:23.776+0000] {dag.py:4180} INFO - Setting next_dagrun for example_dynamic_task_mapping to None, run_after=None
[2026-07-22T13:12:23.836+0000] {processor.py:208} INFO - Processing /home/airflow/.local/lib/python3.12/site-packages/airflow/example_dags/example_dynamic_task_mapping.py took 0.177 seconds
[2026-07-22T13:12:53.900+0000] {processor.py:186} INFO - Started process (PID=787) to work on /home/airflow/.local/lib/python3.12/site-packages/airflow/example_dags/example_dynamic_task_mapping.py
[2026-07-22T13:12:53.902+0000] {processor.py:914} INFO - Processing file /home/airflow/.local/lib/python3.12/site-packages/airflow/example_dags/example_dynamic_task_mapping.py for tasks to queue
[2026-07-22T13:12:53.906+0000] {logging_mixin.py:190} INFO - [2026-07-22T13:12:53.905+0000] {dagbag.py:588} INFO - Filling up the DagBag from /home/airflow/.local/lib/python3.12/site-packages/airflow/example_dags/example_dynamic_task_mapping.py
[2026-07-22T13:12:53.920+0000] {processor.py:925} INFO - DAG(s) 'example_dynamic_task_mapping' retrieved from /home/airflow/.local/lib/python3.12/site-packages/airflow/example_dags/example_dynamic_task_mapping.py
[2026-07-22T13:12:53.946+0000] {logging_mixin.py:190} INFO - [2026-07-22T13:12:53.946+0000] {dag.py:3239} INFO - Sync 1 DAGs
[2026-07-22T13:12:53.964+0000] {logging_mixin.py:190} INFO - [2026-07-22T13:12:53.964+0000] {dag.py:4180} INFO - Setting next_dagrun for example_dynamic_task_mapping to None, run_after=None
[2026-07-22T13:12:53.993+0000] {processor.py:208} INFO - Processing /home/airflow/.local/lib/python3.12/site-packages/airflow/example_dags/example_dynamic_task_mapping.py took 0.101 seconds
[2026-07-22T13:13:26.338+0000] {processor.py:186} INFO - Started process (PID=850) to work on /home/airflow/.local/lib/python3.12/site-packages/airflow/example_dags/example_dynamic_task_mapping.py
[2026-07-22T13:13:26.341+0000] {processor.py:914} INFO - Processing file /home/airflow/.local/lib/python3.12/site-packages/airflow/example_dags/example_dynamic_task_mapping.py for tasks to queue
[2026-07-22T13:13:26.347+0000] {logging_mixin.py:190} INFO - [2026-07-22T13:13:26.346+0000] {dagbag.py:588} INFO - Filling up the DagBag from /home/airflow/.local/lib/python3.12/site-packages/airflow/example_dags/example_dynamic_task_mapping.py
[2026-07-22T13:13:26.368+0000] {processor.py:925} INFO - DAG(s) 'example_dynamic_task_mapping' retrieved from /home/airflow/.local/lib/python3.12/site-packages/airflow/example_dags/example_dynamic_task_mapping.py
[2026-07-22T13:13:26.415+0000] {logging_mixin.py:190} INFO - [2026-07-22T13:13:26.415+0000] {dag.py:3239} INFO - Sync 1 DAGs
[2026-07-22T13:13:26.455+0000] {logging_mixin.py:190} INFO - [2026-07-22T13:13:26.455+0000] {dag.py:4180} INFO - Setting next_dagrun for example_dynamic_task_mapping to None, run_after=None
[2026-07-22T13:13:26.497+0000] {processor.py:208} INFO - Processing /home/airflow/.local/lib/python3.12/site-packages/airflow/example_dags/example_dynamic_task_mapping.py took 0.170 seconds
[2026-07-22T13:13:57.311+0000] {processor.py:186} INFO - Started process (PID=912) to work on /home/airflow/.local/lib/python3.12/site-packages/airflow/example_dags/example_dynamic_task_mapping.py
[2026-07-22T13:13:57.315+0000] {processor.py:914} INFO - Processing file /home/airflow/.local/lib/python3.12/site-packages/airflow/example_dags/example_dynamic_task_mapping.py for tasks to queue
[2026-07-22T13:13:57.321+0000] {logging_mixin.py:190} INFO - [2026-07-22T13:13:57.320+0000] {dagbag.py:588} INFO - Filling up the DagBag from /home/airflow/.local/lib/python3.12/site-packages/airflow/example_dags/example_dynamic_task_mapping.py
[2026-07-22T13:13:57.336+0000] {processor.py:925} INFO - DAG(s) 'example_dynamic_task_mapping' retrieved from /home/airflow/.local/lib/python3.12/site-packages/airflow/example_dags/example_dynamic_task_mapping.py
[2026-07-22T13:13:57.374+0000] {logging_mixin.py:190} INFO - [2026-07-22T13:13:57.374+0000] {dag.py:3239} INFO - Sync 1 DAGs
[2026-07-22T13:13:57.400+0000] {logging_mixin.py:190} INFO - [2026-07-22T13:13:57.400+0000] {dag.py:4180} INFO - Setting next_dagrun for example_dynamic_task_mapping to None, run_after=None
[2026-07-22T13:13:57.439+0000] {processor.py:208} INFO - Processing /home/airflow/.local/lib/python3.12/site-packages/airflow/example_dags/example_dynamic_task_mapping.py took 0.136 seconds
[2026-07-22T13:14:28.525+0000] {processor.py:186} INFO - Started process (PID=974) to work on /home/airflow/.local/lib/python3.12/site-packages/airflow/example_dags/example_dynamic_task_mapping.py
[2026-07-22T13:14:28.528+0000] {processor.py:914} INFO - Processing file /home/airflow/.local/lib/python3.12/site-packages/airflow/example_dags/example_dynamic_task_mapping.py for tasks to queue
[2026-07-22T13:14:28.533+0000] {logging_mixin.py:190} INFO - [2026-07-22T13:14:28.532+0000] {dagbag.py:588} INFO - Filling up the DagBag from /home/airflow/.local/lib/python3.12/site-packages/airflow/example_dags/example_dynamic_task_mapping.py
[2026-07-22T13:14:28.556+0000] {processor.py:925} INFO - DAG(s) 'example_dynamic_task_mapping' retrieved from /home/airflow/.local/lib/python3.12/site-packages/airflow/example_dags/example_dynamic_task_mapping.py
[2026-07-22T13:14:28.599+0000] {logging_mixin.py:190} INFO - [2026-07-22T13:14:28.599+0000] {dag.py:3239} INFO - Sync 1 DAGs
[2026-07-22T13:14:28.634+0000] {logging_mixin.py:190} INFO - [2026-07-22T13:14:28.633+0000] {dag.py:4180} INFO - Setting next_dagrun for example_dynamic_task_mapping to None, run_after=None
[2026-07-22T13:14:28.689+0000] {processor.py:208} INFO - Processing /home/airflow/.local/lib/python3.12/site-packages/airflow/example_dags/example_dynamic_task_mapping.py took 0.177 seconds
[2026-07-22T13:15:00.093+0000] {processor.py:186} INFO - Started process (PID=1030) to work on /home/airflow/.local/lib/python3.12/site-packages/airflow/example_dags/example_dynamic_task_mapping.py
[2026-07-22T13:15:00.095+0000] {processor.py:914} INFO - Processing file /home/airflow/.local/lib/python3.12/site-packages/airflow/example_dags/example_dynamic_task_mapping.py for tasks to queue
[2026-07-22T13:15:00.100+0000] {logging_mixin.py:190} INFO - [2026-07-22T13:15:00.100+0000] {dagbag.py:588} INFO - Filling up the DagBag from /home/airflow/.local/lib/python3.12/site-packages/airflow/example_dags/example_dynamic_task_mapping.py
[2026-07-22T13:15:00.120+0000] {processor.py:925} INFO - DAG(s) 'example_dynamic_task_mapping' retrieved from /home/airflow/.local/lib/python3.12/site-packages/airflow/example_dags/example_dynamic_task_mapping.py
[2026-07-22T13:15:00.164+0000] {logging_mixin.py:190} INFO - [2026-07-22T13:15:00.164+0000] {dag.py:3239} INFO - Sync 1 DAGs
[2026-07-22T13:15:00.189+0000] {logging_mixin.py:190} INFO - [2026-07-22T13:15:00.188+0000] {dag.py:4180} INFO - Setting next_dagrun for example_dynamic_task_mapping to None, run_after=None
[2026-07-22T13:15:00.241+0000] {processor.py:208} INFO - Processing /home/airflow/.local/lib/python3.12/site-packages/airflow/example_dags/example_dynamic_task_mapping.py took 0.158 seconds
[2026-07-22T13:15:35.606+0000] {processor.py:186} INFO - Started process (PID=1094) to work on /home/airflow/.local/lib/python3.12/site-packages/airflow/example_dags/example_dynamic_task_mapping.py
[2026-07-22T13:15:35.612+0000] {processor.py:914} INFO - Processing file /home/airflow/.local/lib/python3.12/site-packages/airflow/example_dags/example_dynamic_task_mapping.py for tasks to queue
[2026-07-22T13:15:35.619+0000] {logging_mixin.py:190} INFO - [2026-07-22T13:15:35.619+0000] {dagbag.py:588} INFO - Filling up the DagBag from /home/airflow/.local/lib/python3.12/site-packages/airflow/example_dags/example_dynamic_task_mapping.py
[2026-07-22T13:15:35.647+0000] {processor.py:925} INFO - DAG(s) 'example_dynamic_task_mapping' retrieved from /home/airflow/.local/lib/python3.12/site-packages/airflow/example_dags/example_dynamic_task_mapping.py
[2026-07-22T13:15:35.717+0000] {logging_mixin.py:190} INFO - [2026-07-22T13:15:35.716+0000] {dag.py:3239} INFO - Sync 1 DAGs
[2026-07-22T13:15:35.797+0000] {logging_mixin.py:190} INFO - [2026-07-22T13:15:35.796+0000] {dag.py:4180} INFO - Setting next_dagrun for example_dynamic_task_mapping to None, run_after=None
[2026-07-22T13:15:35.874+0000] {processor.py:208} INFO - Processing /home/airflow/.local/lib/python3.12/site-packages/airflow/example_dags/example_dynamic_task_mapping.py took 0.292 seconds
[2026-07-22T13:16:06.449+0000] {processor.py:186} INFO - Started process (PID=1154) to work on /home/airflow/.local/lib/python3.12/site-packages/airflow/example_dags/example_dynamic_task_mapping.py
[2026-07-22T13:16:06.454+0000] {processor.py:914} INFO - Processing file /home/airflow/.local/lib/python3.12/site-packages/airflow/example_dags/example_dynamic_task_mapping.py for tasks to queue
[2026-07-22T13:16:06.466+0000] {logging_mixin.py:190} INFO - [2026-07-22T13:16:06.465+0000] {dagbag.py:588} INFO - Filling up the DagBag from /home/airflow/.local/lib/python3.12/site-packages/airflow/example_dags/example_dynamic_task_mapping.py
[2026-07-22T13:16:06.504+0000] {processor.py:925} INFO - DAG(s) 'example_dynamic_task_mapping' retrieved from /home/airflow/.local/lib/python3.12/site-packages/airflow/example_dags/example_dynamic_task_mapping.py
[2026-07-22T13:16:06.605+0000] {logging_mixin.py:190} INFO - [2026-07-22T13:16:06.603+0000] {dag.py:3239} INFO - Sync 1 DAGs
[2026-07-22T13:16:06.748+0000] {logging_mixin.py:190} INFO - [2026-07-22T13:16:06.737+0000] {dag.py:4180} INFO - Setting next_dagrun for example_dynamic_task_mapping to None, run_after=None
[2026-07-22T13:16:06.942+0000] {processor.py:208} INFO - Processing /home/airflow/.local/lib/python3.12/site-packages/airflow/example_dags/example_dynamic_task_mapping.py took 0.508 seconds
[2026-07-22T13:16:37.861+0000] {processor.py:186} INFO - Started process (PID=1216) to work on /home/airflow/.local/lib/python3.12/site-packages/airflow/example_dags/example_dynamic_task_mapping.py
[2026-07-22T13:16:37.864+0000] {processor.py:914} INFO - Processing file /home/airflow/.local/lib/python3.12/site-packages/airflow/example_dags/example_dynamic_task_mapping.py for tasks to queue
[2026-07-22T13:16:37.871+0000] {logging_mixin.py:190} INFO - [2026-07-22T13:16:37.869+0000] {dagbag.py:588} INFO - Filling up the DagBag from /home/airflow/.local/lib/python3.12/site-packages/airflow/example_dags/example_dynamic_task_mapping.py
[2026-07-22T13:16:37.889+0000] {processor.py:925} INFO - DAG(s) 'example_dynamic_task_mapping' retrieved from /home/airflow/.local/lib/python3.12/site-packages/airflow/example_dags/example_dynamic_task_mapping.py
[2026-07-22T13:16:37.927+0000] {logging_mixin.py:190} INFO - [2026-07-22T13:16:37.927+0000] {dag.py:3239} INFO - Sync 1 DAGs
[2026-07-22T13:16:37.971+0000] {logging_mixin.py:190} INFO - [2026-07-22T13:16:37.970+0000] {dag.py:4180} INFO - Setting next_dagrun for example_dynamic_task_mapping to None, run_after=None
[2026-07-22T13:16:38.016+0000] {processor.py:208} INFO - Processing /home/airflow/.local/lib/python3.12/site-packages/airflow/example_dags/example_dynamic_task_mapping.py took 0.169 seconds
[2026-07-22T13:17:13.068+0000] {processor.py:186} INFO - Started process (PID=1278) to work on /home/airflow/.local/lib/python3.12/site-packages/airflow/example_dags/example_dynamic_task_mapping.py
[2026-07-22T13:17:13.075+0000] {processor.py:914} INFO - Processing file /home/airflow/.local/lib/python3.12/site-packages/airflow/example_dags/example_dynamic_task_mapping.py for tasks to queue
[2026-07-22T13:17:13.091+0000] {logging_mixin.py:190} INFO - [2026-07-22T13:17:13.088+0000] {dagbag.py:588} INFO - Filling up the DagBag from /home/airflow/.local/lib/python3.12/site-packages/airflow/example_dags/example_dynamic_task_mapping.py
[2026-07-22T13:17:13.132+0000] {processor.py:925} INFO - DAG(s) 'example_dynamic_task_mapping' retrieved from /home/airflow/.local/lib/python3.12/site-packages/airflow/example_dags/example_dynamic_task_mapping.py
[2026-07-22T13:17:13.230+0000] {logging_mixin.py:190} INFO - [2026-07-22T13:17:13.229+0000] {dag.py:3239} INFO - Sync 1 DAGs
[2026-07-22T13:17:13.301+0000] {logging_mixin.py:190} INFO - [2026-07-22T13:17:13.301+0000] {dag.py:4180} INFO - Setting next_dagrun for example_dynamic_task_mapping to None, run_after=None
[2026-07-22T13:17:13.406+0000] {processor.py:208} INFO - Processing /home/airflow/.local/lib/python3.12/site-packages/airflow/example_dags/example_dynamic_task_mapping.py took 0.385 seconds
[2026-07-22T13:17:44.303+0000] {processor.py:186} INFO - Started process (PID=1340) to work on /home/airflow/.local/lib/python3.12/site-packages/airflow/example_dags/example_dynamic_task_mapping.py
[2026-07-22T13:17:44.307+0000] {processor.py:914} INFO - Processing file /home/airflow/.local/lib/python3.12/site-packages/airflow/example_dags/example_dynamic_task_mapping.py for tasks to queue
[2026-07-22T13:17:44.317+0000] {logging_mixin.py:190} INFO - [2026-07-22T13:17:44.316+0000] {dagbag.py:588} INFO - Filling up the DagBag from /home/airflow/.local/lib/python3.12/site-packages/airflow/example_dags/example_dynamic_task_mapping.py
[2026-07-22T13:17:44.346+0000] {processor.py:925} INFO - DAG(s) 'example_dynamic_task_mapping' retrieved from /home/airflow/.local/lib/python3.12/site-packages/airflow/example_dags/example_dynamic_task_mapping.py
[2026-07-22T13:17:44.402+0000] {logging_mixin.py:190} INFO - [2026-07-22T13:17:44.401+0000] {dag.py:3239} INFO - Sync 1 DAGs
[2026-07-22T13:17:44.439+0000] {logging_mixin.py:190} INFO - [2026-07-22T13:17:44.438+0000] {dag.py:4180} INFO - Setting next_dagrun for example_dynamic_task_mapping to None, run_after=None
[2026-07-22T13:17:44.503+0000] {processor.py:208} INFO - Processing /home/airflow/.local/lib/python3.12/site-packages/airflow/example_dags/example_dynamic_task_mapping.py took 0.218 seconds
