[2026-07-22T13:07:28.057+0000] {processor.py:186} INFO - Started process (PID=110) to work on /home/airflow/.local/lib/python3.12/site-packages/airflow/example_dags/tutorial_taskflow_templates.py
[2026-07-22T13:07:28.060+0000] {processor.py:914} INFO - Processing file /home/airflow/.local/lib/python3.12/site-packages/airflow/example_dags/tutorial_taskflow_templates.py for tasks to queue
[2026-07-22T13:07:28.066+0000] {logging_mixin.py:190} INFO - [2026-07-22T13:07:28.065+0000] {dagbag.py:588} INFO - Filling up the DagBag from /home/airflow/.local/lib/python3.12/site-packages/airflow/example_dags/tutorial_taskflow_templates.py
[2026-07-22T13:07:28.089+0000] {processor.py:925} INFO - DAG(s) 'tutorial_taskflow_templates' retrieved from /home/airflow/.local/lib/python3.12/site-packages/airflow/example_dags/tutorial_taskflow_templates.py
[2026-07-22T13:07:28.282+0000] {logging_mixin.py:190} INFO - [2026-07-22T13:07:28.281+0000] {override.py:1912} INFO - Created Permission View: can read on DAG:tutorial_taskflow_templates
[2026-07-22T13:07:28.302+0000] {logging_mixin.py:190} INFO - [2026-07-22T13:07:28.302+0000] {override.py:1912} INFO - Created Permission View: can edit on DAG:tutorial_taskflow_templates
[2026-07-22T13:07:28.316+0000] {logging_mixin.py:190} INFO - [2026-07-22T13:07:28.316+0000] {override.py:1912} INFO - Created Permission View: can delete on DAG:tutorial_taskflow_templates
[2026-07-22T13:07:28.334+0000] {logging_mixin.py:190} INFO - [2026-07-22T13:07:28.334+0000] {override.py:1912} INFO - Created Permission View: can read on DAG Run:tutorial_taskflow_templates
[2026-07-22T13:07:28.350+0000] {logging_mixin.py:190} INFO - [2026-07-22T13:07:28.349+0000] {override.py:1912} INFO - Created Permission View: menu access on DAG Run:tutorial_taskflow_templates
[2026-07-22T13:07:28.364+0000] {logging_mixin.py:190} INFO - [2026-07-22T13:07:28.364+0000] {override.py:1912} INFO - Created Permission View: can create on DAG Run:tutorial_taskflow_templates
[2026-07-22T13:07:28.383+0000] {logging_mixin.py:190} INFO - [2026-07-22T13:07:28.383+0000] {override.py:1912} INFO - Created Permission View: can delete on DAG Run:tutorial_taskflow_templates
[2026-07-22T13:07:28.386+0000] {logging_mixin.py:190} INFO - [2026-07-22T13:07:28.385+0000] {dag.py:3239} INFO - Sync 1 DAGs
[2026-07-22T13:07:28.412+0000] {logging_mixin.py:190} INFO - [2026-07-22T13:07:28.412+0000] {dag.py:3262} INFO - Creating ORM DAG for tutorial_taskflow_templates
[2026-07-22T13:07:28.436+0000] {logging_mixin.py:190} INFO - [2026-07-22T13:07:28.435+0000] {dag.py:4180} INFO - Setting next_dagrun for tutorial_taskflow_templates to 2026-07-21 00:00:00+00:00, run_after=2026-07-22 00:00:00+00:00
[2026-07-22T13:07:28.478+0000] {processor.py:208} INFO - Processing /home/airflow/.local/lib/python3.12/site-packages/airflow/example_dags/tutorial_taskflow_templates.py took 0.431 seconds
[2026-07-22T13:07:59.674+0000] {processor.py:186} INFO - Started process (PID=173) to work on /home/airflow/.local/lib/python3.12/site-packages/airflow/example_dags/tutorial_taskflow_templates.py
[2026-07-22T13:07:59.678+0000] {processor.py:914} INFO - Processing file /home/airflow/.local/lib/python3.12/site-packages/airflow/example_dags/tutorial_taskflow_templates.py for tasks to queue
[2026-07-22T13:07:59.685+0000] {logging_mixin.py:190} INFO - [2026-07-22T13:07:59.684+0000] {dagbag.py:588} INFO - Filling up the DagBag from /home/airflow/.local/lib/python3.12/site-packages/airflow/example_dags/tutorial_taskflow_templates.py
[2026-07-22T13:07:59.722+0000] {processor.py:925} INFO - DAG(s) 'tutorial_taskflow_templates' retrieved from /home/airflow/.local/lib/python3.12/site-packages/airflow/example_dags/tutorial_taskflow_templates.py
[2026-07-22T13:07:59.783+0000] {logging_mixin.py:190} INFO - [2026-07-22T13:07:59.782+0000] {dag.py:3239} INFO - Sync 1 DAGs
[2026-07-22T13:07:59.856+0000] {logging_mixin.py:190} INFO - [2026-07-22T13:07:59.856+0000] {dag.py:4180} INFO - Setting next_dagrun for tutorial_taskflow_templates to 2026-07-21 00:00:00+00:00, run_after=2026-07-22 00:00:00+00:00
[2026-07-22T13:07:59.914+0000] {processor.py:208} INFO - Processing /home/airflow/.local/lib/python3.12/site-packages/airflow/example_dags/tutorial_taskflow_templates.py took 0.257 seconds
[2026-07-22T13:08:34.124+0000] {processor.py:186} INFO - Started process (PID=237) to work on /home/airflow/.local/lib/python3.12/site-packages/airflow/example_dags/tutorial_taskflow_templates.py
[2026-07-22T13:08:34.134+0000] {processor.py:914} INFO - Processing file /home/airflow/.local/lib/python3.12/site-packages/airflow/example_dags/tutorial_taskflow_templates.py for tasks to queue
[2026-07-22T13:08:34.153+0000] {logging_mixin.py:190} INFO - [2026-07-22T13:08:34.151+0000] {dagbag.py:588} INFO - Filling up the DagBag from /home/airflow/.local/lib/python3.12/site-packages/airflow/example_dags/tutorial_taskflow_templates.py
[2026-07-22T13:08:34.242+0000] {processor.py:925} INFO - DAG(s) 'tutorial_taskflow_templates' retrieved from /home/airflow/.local/lib/python3.12/site-packages/airflow/example_dags/tutorial_taskflow_templates.py
[2026-07-22T13:08:34.326+0000] {logging_mixin.py:190} INFO - [2026-07-22T13:08:34.325+0000] {dag.py:3239} INFO - Sync 1 DAGs
[2026-07-22T13:08:34.433+0000] {logging_mixin.py:190} INFO - [2026-07-22T13:08:34.432+0000] {dag.py:4180} INFO - Setting next_dagrun for tutorial_taskflow_templates to 2026-07-21 00:00:00+00:00, run_after=2026-07-22 00:00:00+00:00
[2026-07-22T13:08:34.500+0000] {processor.py:208} INFO - Processing /home/airflow/.local/lib/python3.12/site-packages/airflow/example_dags/tutorial_taskflow_templates.py took 0.426 seconds
[2026-07-22T13:09:04.730+0000] {processor.py:186} INFO - Started process (PID=300) to work on /home/airflow/.local/lib/python3.12/site-packages/airflow/example_dags/tutorial_taskflow_templates.py
[2026-07-22T13:09:04.732+0000] {processor.py:914} INFO - Processing file /home/airflow/.local/lib/python3.12/site-packages/airflow/example_dags/tutorial_taskflow_templates.py for tasks to queue
[2026-07-22T13:09:04.738+0000] {logging_mixin.py:190} INFO - [2026-07-22T13:09:04.738+0000] {dagbag.py:588} INFO - Filling up the DagBag from /home/airflow/.local/lib/python3.12/site-packages/airflow/example_dags/tutorial_taskflow_templates.py
[2026-07-22T13:09:04.774+0000] {processor.py:925} INFO - DAG(s) 'tutorial_taskflow_templates' retrieved from /home/airflow/.local/lib/python3.12/site-packages/airflow/example_dags/tutorial_taskflow_templates.py
[2026-07-22T13:09:04.822+0000] {logging_mixin.py:190} INFO - [2026-07-22T13:09:04.821+0000] {dag.py:3239} INFO - Sync 1 DAGs
[2026-07-22T13:09:04.875+0000] {logging_mixin.py:190} INFO - [2026-07-22T13:09:04.875+0000] {dag.py:4180} INFO - Setting next_dagrun for tutorial_taskflow_templates to 2026-07-21 00:00:00+00:00, run_after=2026-07-22 00:00:00+00:00
[2026-07-22T13:09:04.910+0000] {processor.py:208} INFO - Processing /home/airflow/.local/lib/python3.12/site-packages/airflow/example_dags/tutorial_taskflow_templates.py took 0.197 seconds
[2026-07-22T13:09:35.834+0000] {processor.py:186} INFO - Started process (PID=364) to work on /home/airflow/.local/lib/python3.12/site-packages/airflow/example_dags/tutorial_taskflow_templates.py
[2026-07-22T13:09:35.836+0000] {processor.py:914} INFO - Processing file /home/airflow/.local/lib/python3.12/site-packages/airflow/example_dags/tutorial_taskflow_templates.py for tasks to queue
[2026-07-22T13:09:35.841+0000] {logging_mixin.py:190} INFO - [2026-07-22T13:09:35.840+0000] {dagbag.py:588} INFO - Filling up the DagBag from /home/airflow/.local/lib/python3.12/site-packages/airflow/example_dags/tutorial_taskflow_templates.py
[2026-07-22T13:09:35.863+0000] {processor.py:925} INFO - DAG(s) 'tutorial_taskflow_templates' retrieved from /home/airflow/.local/lib/python3.12/site-packages/airflow/example_dags/tutorial_taskflow_templates.py
[2026-07-22T13:09:35.901+0000] {logging_mixin.py:190} INFO - [2026-07-22T13:09:35.901+0000] {dag.py:3239} INFO - Sync 1 DAGs
[2026-07-22T13:09:35.938+0000] {logging_mixin.py:190} INFO - [2026-07-22T13:09:35.937+0000] {dag.py:4180} INFO - Setting next_dagrun for tutorial_taskflow_templates to 2026-07-21 00:00:00+00:00, run_after=2026-07-22 00:00:00+00:00
[2026-07-22T13:09:35.980+0000] {processor.py:208} INFO - Processing /home/airflow/.local/lib/python3.12/site-packages/airflow/example_dags/tutorial_taskflow_templates.py took 0.154 seconds
[2026-07-22T13:10:07.486+0000] {processor.py:186} INFO - Started process (PID=427) to work on /home/airflow/.local/lib/python3.12/site-packages/airflow/example_dags/tutorial_taskflow_templates.py
[2026-07-22T13:10:07.489+0000] {processor.py:914} INFO - Processing file /home/airflow/.local/lib/python3.12/site-packages/airflow/example_dags/tutorial_taskflow_templates.py for tasks to queue
[2026-07-22T13:10:07.494+0000] {logging_mixin.py:190} INFO - [2026-07-22T13:10:07.493+0000] {dagbag.py:588} INFO - Filling up the DagBag from /home/airflow/.local/lib/python3.12/site-packages/airflow/example_dags/tutorial_taskflow_templates.py
[2026-07-22T13:10:07.524+0000] {processor.py:925} INFO - DAG(s) 'tutorial_taskflow_templates' retrieved from /home/airflow/.local/lib/python3.12/site-packages/airflow/example_dags/tutorial_taskflow_templates.py
[2026-07-22T13:10:07.568+0000] {logging_mixin.py:190} INFO - [2026-07-22T13:10:07.567+0000] {dag.py:3239} INFO - Sync 1 DAGs
[2026-07-22T13:10:07.622+0000] {logging_mixin.py:190} INFO - [2026-07-22T13:10:07.622+0000] {dag.py:4180} INFO - Setting next_dagrun for tutorial_taskflow_templates to 2026-07-21 00:00:00+00:00, run_after=2026-07-22 00:00:00+00:00
[2026-07-22T13:10:07.670+0000] {processor.py:208} INFO - Processing /home/airflow/.local/lib/python3.12/site-packages/airflow/example_dags/tutorial_taskflow_templates.py took 0.197 seconds
[2026-07-22T13:10:38.917+0000] {processor.py:186} INFO - Started process (PID=490) to work on /home/airflow/.local/lib/python3.12/site-packages/airflow/example_dags/tutorial_taskflow_templates.py
[2026-07-22T13:10:38.920+0000] {processor.py:914} INFO - Processing file /home/airflow/.local/lib/python3.12/site-packages/airflow/example_dags/tutorial_taskflow_templates.py for tasks to queue
[2026-07-22T13:10:38.926+0000] {logging_mixin.py:190} INFO - [2026-07-22T13:10:38.925+0000] {dagbag.py:588} INFO - Filling up the DagBag from /home/airflow/.local/lib/python3.12/site-packages/airflow/example_dags/tutorial_taskflow_templates.py
[2026-07-22T13:10:38.955+0000] {processor.py:925} INFO - DAG(s) 'tutorial_taskflow_templates' retrieved from /home/airflow/.local/lib/python3.12/site-packages/airflow/example_dags/tutorial_taskflow_templates.py
[2026-07-22T13:10:39.008+0000] {logging_mixin.py:190} INFO - [2026-07-22T13:10:39.008+0000] {dag.py:3239} INFO - Sync 1 DAGs
[2026-07-22T13:10:39.072+0000] {logging_mixin.py:190} INFO - [2026-07-22T13:10:39.071+0000] {dag.py:4180} INFO - Setting next_dagrun for tutorial_taskflow_templates to 2026-07-21 00:00:00+00:00, run_after=2026-07-22 00:00:00+00:00
[2026-07-22T13:10:39.107+0000] {processor.py:208} INFO - Processing /home/airflow/.local/lib/python3.12/site-packages/airflow/example_dags/tutorial_taskflow_templates.py took 0.202 seconds
[2026-07-22T13:11:09.163+0000] {processor.py:186} INFO - Started process (PID=552) to work on /home/airflow/.local/lib/python3.12/site-packages/airflow/example_dags/tutorial_taskflow_templates.py
[2026-07-22T13:11:09.165+0000] {processor.py:914} INFO - Processing file /home/airflow/.local/lib/python3.12/site-packages/airflow/example_dags/tutorial_taskflow_templates.py for tasks to queue
[2026-07-22T13:11:09.171+0000] {logging_mixin.py:190} INFO - [2026-07-22T13:11:09.171+0000] {dagbag.py:588} INFO - Filling up the DagBag from /home/airflow/.local/lib/python3.12/site-packages/airflow/example_dags/tutorial_taskflow_templates.py
[2026-07-22T13:11:09.194+0000] {processor.py:925} INFO - DAG(s) 'tutorial_taskflow_templates' retrieved from /home/airflow/.local/lib/python3.12/site-packages/airflow/example_dags/tutorial_taskflow_templates.py
[2026-07-22T13:11:09.225+0000] {logging_mixin.py:190} INFO - [2026-07-22T13:11:09.225+0000] {dag.py:3239} INFO - Sync 1 DAGs
[2026-07-22T13:11:09.262+0000] {logging_mixin.py:190} INFO - [2026-07-22T13:11:09.262+0000] {dag.py:4180} INFO - Setting next_dagrun for tutorial_taskflow_templates to 2026-07-21 00:00:00+00:00, run_after=2026-07-22 00:00:00+00:00
[2026-07-22T13:11:09.294+0000] {processor.py:208} INFO - Processing /home/airflow/.local/lib/python3.12/site-packages/airflow/example_dags/tutorial_taskflow_templates.py took 0.141 seconds
[2026-07-22T13:11:39.607+0000] {processor.py:186} INFO - Started process (PID=614) to work on /home/airflow/.local/lib/python3.12/site-packages/airflow/example_dags/tutorial_taskflow_templates.py
[2026-07-22T13:11:39.611+0000] {processor.py:914} INFO - Processing file /home/airflow/.local/lib/python3.12/site-packages/airflow/example_dags/tutorial_taskflow_templates.py for tasks to queue
[2026-07-22T13:11:39.620+0000] {logging_mixin.py:190} INFO - [2026-07-22T13:11:39.619+0000] {dagbag.py:588} INFO - Filling up the DagBag from /home/airflow/.local/lib/python3.12/site-packages/airflow/example_dags/tutorial_taskflow_templates.py
[2026-07-22T13:11:39.656+0000] {processor.py:925} INFO - DAG(s) 'tutorial_taskflow_templates' retrieved from /home/airflow/.local/lib/python3.12/site-packages/airflow/example_dags/tutorial_taskflow_templates.py
[2026-07-22T13:11:39.692+0000] {logging_mixin.py:190} INFO - [2026-07-22T13:11:39.692+0000] {dag.py:3239} INFO - Sync 1 DAGs
[2026-07-22T13:11:39.734+0000] {logging_mixin.py:190} INFO - [2026-07-22T13:11:39.733+0000] {dag.py:4180} INFO - Setting next_dagrun for tutorial_taskflow_templates to 2026-07-21 00:00:00+00:00, run_after=2026-07-22 00:00:00+00:00
[2026-07-22T13:11:39.767+0000] {processor.py:208} INFO - Processing /home/airflow/.local/lib/python3.12/site-packages/airflow/example_dags/tutorial_taskflow_templates.py took 0.178 seconds
[2026-07-22T13:12:10.106+0000] {processor.py:186} INFO - Started process (PID=677) to work on /home/airflow/.local/lib/python3.12/site-packages/airflow/example_dags/tutorial_taskflow_templates.py
[2026-07-22T13:12:10.111+0000] {processor.py:914} INFO - Processing file /home/airflow/.local/lib/python3.12/site-packages/airflow/example_dags/tutorial_taskflow_templates.py for tasks to queue
[2026-07-22T13:12:10.120+0000] {logging_mixin.py:190} INFO - [2026-07-22T13:12:10.119+0000] {dagbag.py:588} INFO - Filling up the DagBag from /home/airflow/.local/lib/python3.12/site-packages/airflow/example_dags/tutorial_taskflow_templates.py
[2026-07-22T13:12:10.167+0000] {processor.py:925} INFO - DAG(s) 'tutorial_taskflow_templates' retrieved from /home/airflow/.local/lib/python3.12/site-packages/airflow/example_dags/tutorial_taskflow_templates.py
[2026-07-22T13:12:10.232+0000] {logging_mixin.py:190} INFO - [2026-07-22T13:12:10.231+0000] {dag.py:3239} INFO - Sync 1 DAGs
[2026-07-22T13:12:10.304+0000] {logging_mixin.py:190} INFO - [2026-07-22T13:12:10.303+0000] {dag.py:4180} INFO - Setting next_dagrun for tutorial_taskflow_templates to 2026-07-21 00:00:00+00:00, run_after=2026-07-22 00:00:00+00:00
[2026-07-22T13:12:10.373+0000] {processor.py:208} INFO - Processing /home/airflow/.local/lib/python3.12/site-packages/airflow/example_dags/tutorial_taskflow_templates.py took 0.284 seconds
[2026-07-22T13:12:41.151+0000] {processor.py:186} INFO - Started process (PID=740) to work on /home/airflow/.local/lib/python3.12/site-packages/airflow/example_dags/tutorial_taskflow_templates.py
[2026-07-22T13:12:41.153+0000] {processor.py:914} INFO - Processing file /home/airflow/.local/lib/python3.12/site-packages/airflow/example_dags/tutorial_taskflow_templates.py for tasks to queue
[2026-07-22T13:12:41.157+0000] {logging_mixin.py:190} INFO - [2026-07-22T13:12:41.157+0000] {dagbag.py:588} INFO - Filling up the DagBag from /home/airflow/.local/lib/python3.12/site-packages/airflow/example_dags/tutorial_taskflow_templates.py
[2026-07-22T13:12:41.181+0000] {processor.py:925} INFO - DAG(s) 'tutorial_taskflow_templates' retrieved from /home/airflow/.local/lib/python3.12/site-packages/airflow/example_dags/tutorial_taskflow_templates.py
[2026-07-22T13:12:41.211+0000] {logging_mixin.py:190} INFO - [2026-07-22T13:12:41.211+0000] {dag.py:3239} INFO - Sync 1 DAGs
[2026-07-22T13:12:41.245+0000] {logging_mixin.py:190} INFO - [2026-07-22T13:12:41.244+0000] {dag.py:4180} INFO - Setting next_dagrun for tutorial_taskflow_templates to 2026-07-21 00:00:00+00:00, run_after=2026-07-22 00:00:00+00:00
[2026-07-22T13:12:41.278+0000] {processor.py:208} INFO - Processing /home/airflow/.local/lib/python3.12/site-packages/airflow/example_dags/tutorial_taskflow_templates.py took 0.141 seconds
[2026-07-22T13:13:11.993+0000] {processor.py:186} INFO - Started process (PID=803) to work on /home/airflow/.local/lib/python3.12/site-packages/airflow/example_dags/tutorial_taskflow_templates.py
[2026-07-22T13:13:11.998+0000] {processor.py:914} INFO - Processing file /home/airflow/.local/lib/python3.12/site-packages/airflow/example_dags/tutorial_taskflow_templates.py for tasks to queue
[2026-07-22T13:13:12.012+0000] {logging_mixin.py:190} INFO - [2026-07-22T13:13:12.011+0000] {dagbag.py:588} INFO - Filling up the DagBag from /home/airflow/.local/lib/python3.12/site-packages/airflow/example_dags/tutorial_taskflow_templates.py
[2026-07-22T13:13:12.051+0000] {processor.py:925} INFO - DAG(s) 'tutorial_taskflow_templates' retrieved from /home/airflow/.local/lib/python3.12/site-packages/airflow/example_dags/tutorial_taskflow_templates.py
[2026-07-22T13:13:12.097+0000] {logging_mixin.py:190} INFO - [2026-07-22T13:13:12.097+0000] {dag.py:3239} INFO - Sync 1 DAGs
[2026-07-22T13:13:12.145+0000] {logging_mixin.py:190} INFO - [2026-07-22T13:13:12.144+0000] {dag.py:4180} INFO - Setting next_dagrun for tutorial_taskflow_templates to 2026-07-21 00:00:00+00:00, run_after=2026-07-22 00:00:00+00:00
[2026-07-22T13:13:12.190+0000] {processor.py:208} INFO - Processing /home/airflow/.local/lib/python3.12/site-packages/airflow/example_dags/tutorial_taskflow_templates.py took 0.218 seconds
[2026-07-22T13:13:42.910+0000] {processor.py:186} INFO - Started process (PID=866) to work on /home/airflow/.local/lib/python3.12/site-packages/airflow/example_dags/tutorial_taskflow_templates.py
[2026-07-22T13:13:42.912+0000] {processor.py:914} INFO - Processing file /home/airflow/.local/lib/python3.12/site-packages/airflow/example_dags/tutorial_taskflow_templates.py for tasks to queue
[2026-07-22T13:13:42.918+0000] {logging_mixin.py:190} INFO - [2026-07-22T13:13:42.918+0000] {dagbag.py:588} INFO - Filling up the DagBag from /home/airflow/.local/lib/python3.12/site-packages/airflow/example_dags/tutorial_taskflow_templates.py
[2026-07-22T13:13:42.943+0000] {processor.py:925} INFO - DAG(s) 'tutorial_taskflow_templates' retrieved from /home/airflow/.local/lib/python3.12/site-packages/airflow/example_dags/tutorial_taskflow_templates.py
[2026-07-22T13:13:42.979+0000] {logging_mixin.py:190} INFO - [2026-07-22T13:13:42.978+0000] {dag.py:3239} INFO - Sync 1 DAGs
[2026-07-22T13:13:43.019+0000] {logging_mixin.py:190} INFO - [2026-07-22T13:13:43.018+0000] {dag.py:4180} INFO - Setting next_dagrun for tutorial_taskflow_templates to 2026-07-21 00:00:00+00:00, run_after=2026-07-22 00:00:00+00:00
[2026-07-22T13:13:43.056+0000] {processor.py:208} INFO - Processing /home/airflow/.local/lib/python3.12/site-packages/airflow/example_dags/tutorial_taskflow_templates.py took 0.156 seconds
[2026-07-22T13:14:13.328+0000] {processor.py:186} INFO - Started process (PID=930) to work on /home/airflow/.local/lib/python3.12/site-packages/airflow/example_dags/tutorial_taskflow_templates.py
[2026-07-22T13:14:13.331+0000] {processor.py:914} INFO - Processing file /home/airflow/.local/lib/python3.12/site-packages/airflow/example_dags/tutorial_taskflow_templates.py for tasks to queue
[2026-07-22T13:14:13.338+0000] {logging_mixin.py:190} INFO - [2026-07-22T13:14:13.337+0000] {dagbag.py:588} INFO - Filling up the DagBag from /home/airflow/.local/lib/python3.12/site-packages/airflow/example_dags/tutorial_taskflow_templates.py
[2026-07-22T13:14:13.358+0000] {processor.py:925} INFO - DAG(s) 'tutorial_taskflow_templates' retrieved from /home/airflow/.local/lib/python3.12/site-packages/airflow/example_dags/tutorial_taskflow_templates.py
[2026-07-22T13:14:13.389+0000] {logging_mixin.py:190} INFO - [2026-07-22T13:14:13.389+0000] {dag.py:3239} INFO - Sync 1 DAGs
[2026-07-22T13:14:13.430+0000] {logging_mixin.py:190} INFO - [2026-07-22T13:14:13.430+0000] {dag.py:4180} INFO - Setting next_dagrun for tutorial_taskflow_templates to 2026-07-21 00:00:00+00:00, run_after=2026-07-22 00:00:00+00:00
[2026-07-22T13:14:13.465+0000] {processor.py:208} INFO - Processing /home/airflow/.local/lib/python3.12/site-packages/airflow/example_dags/tutorial_taskflow_templates.py took 0.151 seconds
[2026-07-22T13:14:43.813+0000] {processor.py:186} INFO - Started process (PID=992) to work on /home/airflow/.local/lib/python3.12/site-packages/airflow/example_dags/tutorial_taskflow_templates.py
[2026-07-22T13:14:43.815+0000] {processor.py:914} INFO - Processing file /home/airflow/.local/lib/python3.12/site-packages/airflow/example_dags/tutorial_taskflow_templates.py for tasks to queue
[2026-07-22T13:14:43.820+0000] {logging_mixin.py:190} INFO - [2026-07-22T13:14:43.820+0000] {dagbag.py:588} INFO - Filling up the DagBag from /home/airflow/.local/lib/python3.12/site-packages/airflow/example_dags/tutorial_taskflow_templates.py
[2026-07-22T13:14:43.845+0000] {processor.py:925} INFO - DAG(s) 'tutorial_taskflow_templates' retrieved from /home/airflow/.local/lib/python3.12/site-packages/airflow/example_dags/tutorial_taskflow_templates.py
[2026-07-22T13:14:43.891+0000] {logging_mixin.py:190} INFO - [2026-07-22T13:14:43.891+0000] {dag.py:3239} INFO - Sync 1 DAGs
[2026-07-22T13:14:43.933+0000] {logging_mixin.py:190} INFO - [2026-07-22T13:14:43.933+0000] {dag.py:4180} INFO - Setting next_dagrun for tutorial_taskflow_templates to 2026-07-21 00:00:00+00:00, run_after=2026-07-22 00:00:00+00:00
[2026-07-22T13:14:43.971+0000] {processor.py:208} INFO - Processing /home/airflow/.local/lib/python3.12/site-packages/airflow/example_dags/tutorial_taskflow_templates.py took 0.167 seconds
[2026-07-22T13:15:14.613+0000] {processor.py:186} INFO - Started process (PID=1055) to work on /home/airflow/.local/lib/python3.12/site-packages/airflow/example_dags/tutorial_taskflow_templates.py
[2026-07-22T13:15:14.615+0000] {processor.py:914} INFO - Processing file /home/airflow/.local/lib/python3.12/site-packages/airflow/example_dags/tutorial_taskflow_templates.py for tasks to queue
[2026-07-22T13:15:14.622+0000] {logging_mixin.py:190} INFO - [2026-07-22T13:15:14.621+0000] {dagbag.py:588} INFO - Filling up the DagBag from /home/airflow/.local/lib/python3.12/site-packages/airflow/example_dags/tutorial_taskflow_templates.py
[2026-07-22T13:15:14.648+0000] {processor.py:925} INFO - DAG(s) 'tutorial_taskflow_templates' retrieved from /home/airflow/.local/lib/python3.12/site-packages/airflow/example_dags/tutorial_taskflow_templates.py
[2026-07-22T13:15:14.686+0000] {logging_mixin.py:190} INFO - [2026-07-22T13:15:14.686+0000] {dag.py:3239} INFO - Sync 1 DAGs
[2026-07-22T13:15:14.730+0000] {logging_mixin.py:190} INFO - [2026-07-22T13:15:14.730+0000] {dag.py:4180} INFO - Setting next_dagrun for tutorial_taskflow_templates to 2026-07-21 00:00:00+00:00, run_after=2026-07-22 00:00:00+00:00
[2026-07-22T13:15:14.766+0000] {processor.py:208} INFO - Processing /home/airflow/.local/lib/python3.12/site-packages/airflow/example_dags/tutorial_taskflow_templates.py took 0.165 seconds
[2026-07-22T13:15:45.284+0000] {processor.py:186} INFO - Started process (PID=1118) to work on /home/airflow/.local/lib/python3.12/site-packages/airflow/example_dags/tutorial_taskflow_templates.py
[2026-07-22T13:15:45.287+0000] {processor.py:914} INFO - Processing file /home/airflow/.local/lib/python3.12/site-packages/airflow/example_dags/tutorial_taskflow_templates.py for tasks to queue
[2026-07-22T13:15:45.294+0000] {logging_mixin.py:190} INFO - [2026-07-22T13:15:45.294+0000] {dagbag.py:588} INFO - Filling up the DagBag from /home/airflow/.local/lib/python3.12/site-packages/airflow/example_dags/tutorial_taskflow_templates.py
[2026-07-22T13:15:45.334+0000] {processor.py:925} INFO - DAG(s) 'tutorial_taskflow_templates' retrieved from /home/airflow/.local/lib/python3.12/site-packages/airflow/example_dags/tutorial_taskflow_templates.py
[2026-07-22T13:15:45.385+0000] {logging_mixin.py:190} INFO - [2026-07-22T13:15:45.384+0000] {dag.py:3239} INFO - Sync 1 DAGs
[2026-07-22T13:15:45.443+0000] {logging_mixin.py:190} INFO - [2026-07-22T13:15:45.443+0000] {dag.py:4180} INFO - Setting next_dagrun for tutorial_taskflow_templates to 2026-07-21 00:00:00+00:00, run_after=2026-07-22 00:00:00+00:00
[2026-07-22T13:15:45.496+0000] {processor.py:208} INFO - Processing /home/airflow/.local/lib/python3.12/site-packages/airflow/example_dags/tutorial_taskflow_templates.py took 0.230 seconds
[2026-07-22T13:16:16.225+0000] {processor.py:186} INFO - Started process (PID=1181) to work on /home/airflow/.local/lib/python3.12/site-packages/airflow/example_dags/tutorial_taskflow_templates.py
[2026-07-22T13:16:16.229+0000] {processor.py:914} INFO - Processing file /home/airflow/.local/lib/python3.12/site-packages/airflow/example_dags/tutorial_taskflow_templates.py for tasks to queue
[2026-07-22T13:16:16.238+0000] {logging_mixin.py:190} INFO - [2026-07-22T13:16:16.236+0000] {dagbag.py:588} INFO - Filling up the DagBag from /home/airflow/.local/lib/python3.12/site-packages/airflow/example_dags/tutorial_taskflow_templates.py
[2026-07-22T13:16:16.283+0000] {processor.py:925} INFO - DAG(s) 'tutorial_taskflow_templates' retrieved from /home/airflow/.local/lib/python3.12/site-packages/airflow/example_dags/tutorial_taskflow_templates.py
[2026-07-22T13:16:16.346+0000] {logging_mixin.py:190} INFO - [2026-07-22T13:16:16.346+0000] {dag.py:3239} INFO - Sync 1 DAGs
[2026-07-22T13:16:16.445+0000] {logging_mixin.py:190} INFO - [2026-07-22T13:16:16.444+0000] {dag.py:4180} INFO - Setting next_dagrun for tutorial_taskflow_templates to 2026-07-21 00:00:00+00:00, run_after=2026-07-22 00:00:00+00:00
[2026-07-22T13:16:16.495+0000] {processor.py:208} INFO - Processing /home/airflow/.local/lib/python3.12/site-packages/airflow/example_dags/tutorial_taskflow_templates.py took 0.289 seconds
[2026-07-22T13:16:47.250+0000] {processor.py:186} INFO - Started process (PID=1244) to work on /home/airflow/.local/lib/python3.12/site-packages/airflow/example_dags/tutorial_taskflow_templates.py
[2026-07-22T13:16:47.259+0000] {processor.py:914} INFO - Processing file /home/airflow/.local/lib/python3.12/site-packages/airflow/example_dags/tutorial_taskflow_templates.py for tasks to queue
[2026-07-22T13:16:47.269+0000] {logging_mixin.py:190} INFO - [2026-07-22T13:16:47.268+0000] {dagbag.py:588} INFO - Filling up the DagBag from /home/airflow/.local/lib/python3.12/site-packages/airflow/example_dags/tutorial_taskflow_templates.py
[2026-07-22T13:16:47.355+0000] {processor.py:925} INFO - DAG(s) 'tutorial_taskflow_templates' retrieved from /home/airflow/.local/lib/python3.12/site-packages/airflow/example_dags/tutorial_taskflow_templates.py
[2026-07-22T13:16:47.412+0000] {logging_mixin.py:190} INFO - [2026-07-22T13:16:47.412+0000] {dag.py:3239} INFO - Sync 1 DAGs
[2026-07-22T13:16:47.492+0000] {logging_mixin.py:190} INFO - [2026-07-22T13:16:47.491+0000] {dag.py:4180} INFO - Setting next_dagrun for tutorial_taskflow_templates to 2026-07-21 00:00:00+00:00, run_after=2026-07-22 00:00:00+00:00
[2026-07-22T13:16:47.558+0000] {processor.py:208} INFO - Processing /home/airflow/.local/lib/python3.12/site-packages/airflow/example_dags/tutorial_taskflow_templates.py took 0.326 seconds
[2026-07-22T13:17:21.219+0000] {processor.py:186} INFO - Started process (PID=1306) to work on /home/airflow/.local/lib/python3.12/site-packages/airflow/example_dags/tutorial_taskflow_templates.py
[2026-07-22T13:17:21.229+0000] {processor.py:914} INFO - Processing file /home/airflow/.local/lib/python3.12/site-packages/airflow/example_dags/tutorial_taskflow_templates.py for tasks to queue
[2026-07-22T13:17:21.250+0000] {logging_mixin.py:190} INFO - [2026-07-22T13:17:21.248+0000] {dagbag.py:588} INFO - Filling up the DagBag from /home/airflow/.local/lib/python3.12/site-packages/airflow/example_dags/tutorial_taskflow_templates.py
[2026-07-22T13:17:21.319+0000] {processor.py:925} INFO - DAG(s) 'tutorial_taskflow_templates' retrieved from /home/airflow/.local/lib/python3.12/site-packages/airflow/example_dags/tutorial_taskflow_templates.py
[2026-07-22T13:17:21.425+0000] {logging_mixin.py:190} INFO - [2026-07-22T13:17:21.425+0000] {dag.py:3239} INFO - Sync 1 DAGs
[2026-07-22T13:17:21.557+0000] {logging_mixin.py:190} INFO - [2026-07-22T13:17:21.556+0000] {dag.py:4180} INFO - Setting next_dagrun for tutorial_taskflow_templates to 2026-07-21 00:00:00+00:00, run_after=2026-07-22 00:00:00+00:00
[2026-07-22T13:17:21.656+0000] {processor.py:208} INFO - Processing /home/airflow/.local/lib/python3.12/site-packages/airflow/example_dags/tutorial_taskflow_templates.py took 0.468 seconds
