[2026-07-22T13:07:27.042+0000] {processor.py:186} INFO - Started process (PID=106) to work on /home/airflow/.local/lib/python3.12/site-packages/airflow/example_dags/tutorial.py
[2026-07-22T13:07:27.045+0000] {processor.py:914} INFO - Processing file /home/airflow/.local/lib/python3.12/site-packages/airflow/example_dags/tutorial.py for tasks to queue
[2026-07-22T13:07:27.050+0000] {logging_mixin.py:190} INFO - [2026-07-22T13:07:27.049+0000] {dagbag.py:588} INFO - Filling up the DagBag from /home/airflow/.local/lib/python3.12/site-packages/airflow/example_dags/tutorial.py
[2026-07-22T13:07:27.067+0000] {processor.py:925} INFO - DAG(s) 'tutorial' retrieved from /home/airflow/.local/lib/python3.12/site-packages/airflow/example_dags/tutorial.py
[2026-07-22T13:07:27.251+0000] {logging_mixin.py:190} INFO - [2026-07-22T13:07:27.250+0000] {override.py:1912} INFO - Created Permission View: can read on DAG:tutorial
[2026-07-22T13:07:27.274+0000] {logging_mixin.py:190} INFO - [2026-07-22T13:07:27.274+0000] {override.py:1912} INFO - Created Permission View: can edit on DAG:tutorial
[2026-07-22T13:07:27.291+0000] {logging_mixin.py:190} INFO - [2026-07-22T13:07:27.290+0000] {override.py:1912} INFO - Created Permission View: can delete on DAG:tutorial
[2026-07-22T13:07:27.312+0000] {logging_mixin.py:190} INFO - [2026-07-22T13:07:27.311+0000] {override.py:1912} INFO - Created Permission View: can read on DAG Run:tutorial
[2026-07-22T13:07:27.327+0000] {logging_mixin.py:190} INFO - [2026-07-22T13:07:27.327+0000] {override.py:1912} INFO - Created Permission View: menu access on DAG Run:tutorial
[2026-07-22T13:07:27.345+0000] {logging_mixin.py:190} INFO - [2026-07-22T13:07:27.344+0000] {override.py:1912} INFO - Created Permission View: can create on DAG Run:tutorial
[2026-07-22T13:07:27.364+0000] {logging_mixin.py:190} INFO - [2026-07-22T13:07:27.363+0000] {override.py:1912} INFO - Created Permission View: can delete on DAG Run:tutorial
[2026-07-22T13:07:27.366+0000] {logging_mixin.py:190} INFO - [2026-07-22T13:07:27.366+0000] {dag.py:3239} INFO - Sync 1 DAGs
[2026-07-22T13:07:27.396+0000] {logging_mixin.py:190} INFO - [2026-07-22T13:07:27.396+0000] {dag.py:3262} INFO - Creating ORM DAG for tutorial
[2026-07-22T13:07:27.416+0000] {logging_mixin.py:190} INFO - [2026-07-22T13:07:27.416+0000] {dag.py:4180} INFO - Setting next_dagrun for tutorial to 2026-07-21 00:00:00+00:00, run_after=2026-07-22 00:00:00+00:00
[2026-07-22T13:07:27.450+0000] {processor.py:208} INFO - Processing /home/airflow/.local/lib/python3.12/site-packages/airflow/example_dags/tutorial.py took 0.418 seconds
[2026-07-22T13:07:58.488+0000] {processor.py:186} INFO - Started process (PID=169) to work on /home/airflow/.local/lib/python3.12/site-packages/airflow/example_dags/tutorial.py
[2026-07-22T13:07:58.492+0000] {processor.py:914} INFO - Processing file /home/airflow/.local/lib/python3.12/site-packages/airflow/example_dags/tutorial.py for tasks to queue
[2026-07-22T13:07:58.498+0000] {logging_mixin.py:190} INFO - [2026-07-22T13:07:58.498+0000] {dagbag.py:588} INFO - Filling up the DagBag from /home/airflow/.local/lib/python3.12/site-packages/airflow/example_dags/tutorial.py
[2026-07-22T13:07:58.518+0000] {processor.py:925} INFO - DAG(s) 'tutorial' retrieved from /home/airflow/.local/lib/python3.12/site-packages/airflow/example_dags/tutorial.py
[2026-07-22T13:07:58.587+0000] {logging_mixin.py:190} INFO - [2026-07-22T13:07:58.587+0000] {dag.py:3239} INFO - Sync 1 DAGs
[2026-07-22T13:07:58.653+0000] {logging_mixin.py:190} INFO - [2026-07-22T13:07:58.653+0000] {dag.py:4180} INFO - Setting next_dagrun for tutorial to 2026-07-21 00:00:00+00:00, run_after=2026-07-22 00:00:00+00:00
[2026-07-22T13:07:58.703+0000] {processor.py:208} INFO - Processing /home/airflow/.local/lib/python3.12/site-packages/airflow/example_dags/tutorial.py took 0.226 seconds
[2026-07-22T13:08:29.437+0000] {processor.py:186} INFO - Started process (PID=232) to work on /home/airflow/.local/lib/python3.12/site-packages/airflow/example_dags/tutorial.py
[2026-07-22T13:08:29.442+0000] {processor.py:914} INFO - Processing file /home/airflow/.local/lib/python3.12/site-packages/airflow/example_dags/tutorial.py for tasks to queue
[2026-07-22T13:08:29.457+0000] {logging_mixin.py:190} INFO - [2026-07-22T13:08:29.456+0000] {dagbag.py:588} INFO - Filling up the DagBag from /home/airflow/.local/lib/python3.12/site-packages/airflow/example_dags/tutorial.py
[2026-07-22T13:08:29.499+0000] {processor.py:925} INFO - DAG(s) 'tutorial' retrieved from /home/airflow/.local/lib/python3.12/site-packages/airflow/example_dags/tutorial.py
[2026-07-22T13:08:29.639+0000] {logging_mixin.py:190} INFO - [2026-07-22T13:08:29.638+0000] {dag.py:3239} INFO - Sync 1 DAGs
[2026-07-22T13:08:29.782+0000] {logging_mixin.py:190} INFO - [2026-07-22T13:08:29.781+0000] {dag.py:4180} INFO - Setting next_dagrun for tutorial to 2026-07-21 00:00:00+00:00, run_after=2026-07-22 00:00:00+00:00
[2026-07-22T13:08:29.878+0000] {processor.py:208} INFO - Processing /home/airflow/.local/lib/python3.12/site-packages/airflow/example_dags/tutorial.py took 0.485 seconds
[2026-07-22T13:08:59.960+0000] {processor.py:186} INFO - Started process (PID=294) to work on /home/airflow/.local/lib/python3.12/site-packages/airflow/example_dags/tutorial.py
[2026-07-22T13:08:59.962+0000] {processor.py:914} INFO - Processing file /home/airflow/.local/lib/python3.12/site-packages/airflow/example_dags/tutorial.py for tasks to queue
[2026-07-22T13:08:59.965+0000] {logging_mixin.py:190} INFO - [2026-07-22T13:08:59.965+0000] {dagbag.py:588} INFO - Filling up the DagBag from /home/airflow/.local/lib/python3.12/site-packages/airflow/example_dags/tutorial.py
[2026-07-22T13:08:59.975+0000] {processor.py:925} INFO - DAG(s) 'tutorial' retrieved from /home/airflow/.local/lib/python3.12/site-packages/airflow/example_dags/tutorial.py
[2026-07-22T13:09:00.000+0000] {logging_mixin.py:190} INFO - [2026-07-22T13:09:00.000+0000] {dag.py:3239} INFO - Sync 1 DAGs
[2026-07-22T13:09:00.034+0000] {logging_mixin.py:190} INFO - [2026-07-22T13:09:00.034+0000] {dag.py:4180} INFO - Setting next_dagrun for tutorial to 2026-07-21 00:00:00+00:00, run_after=2026-07-22 00:00:00+00:00
[2026-07-22T13:09:00.087+0000] {processor.py:208} INFO - Processing /home/airflow/.local/lib/python3.12/site-packages/airflow/example_dags/tutorial.py took 0.133 seconds
[2026-07-22T13:09:30.989+0000] {processor.py:186} INFO - Started process (PID=358) to work on /home/airflow/.local/lib/python3.12/site-packages/airflow/example_dags/tutorial.py
[2026-07-22T13:09:30.991+0000] {processor.py:914} INFO - Processing file /home/airflow/.local/lib/python3.12/site-packages/airflow/example_dags/tutorial.py for tasks to queue
[2026-07-22T13:09:30.997+0000] {logging_mixin.py:190} INFO - [2026-07-22T13:09:30.997+0000] {dagbag.py:588} INFO - Filling up the DagBag from /home/airflow/.local/lib/python3.12/site-packages/airflow/example_dags/tutorial.py
[2026-07-22T13:09:31.013+0000] {processor.py:925} INFO - DAG(s) 'tutorial' retrieved from /home/airflow/.local/lib/python3.12/site-packages/airflow/example_dags/tutorial.py
[2026-07-22T13:09:31.045+0000] {logging_mixin.py:190} INFO - [2026-07-22T13:09:31.045+0000] {dag.py:3239} INFO - Sync 1 DAGs
[2026-07-22T13:09:31.082+0000] {logging_mixin.py:190} INFO - [2026-07-22T13:09:31.082+0000] {dag.py:4180} INFO - Setting next_dagrun for tutorial to 2026-07-21 00:00:00+00:00, run_after=2026-07-22 00:00:00+00:00
[2026-07-22T13:09:31.121+0000] {processor.py:208} INFO - Processing /home/airflow/.local/lib/python3.12/site-packages/airflow/example_dags/tutorial.py took 0.142 seconds
[2026-07-22T13:10:01.785+0000] {processor.py:186} INFO - Started process (PID=421) to work on /home/airflow/.local/lib/python3.12/site-packages/airflow/example_dags/tutorial.py
[2026-07-22T13:10:01.787+0000] {processor.py:914} INFO - Processing file /home/airflow/.local/lib/python3.12/site-packages/airflow/example_dags/tutorial.py for tasks to queue
[2026-07-22T13:10:01.793+0000] {logging_mixin.py:190} INFO - [2026-07-22T13:10:01.793+0000] {dagbag.py:588} INFO - Filling up the DagBag from /home/airflow/.local/lib/python3.12/site-packages/airflow/example_dags/tutorial.py
[2026-07-22T13:10:01.818+0000] {processor.py:925} INFO - DAG(s) 'tutorial' retrieved from /home/airflow/.local/lib/python3.12/site-packages/airflow/example_dags/tutorial.py
[2026-07-22T13:10:01.857+0000] {logging_mixin.py:190} INFO - [2026-07-22T13:10:01.857+0000] {dag.py:3239} INFO - Sync 1 DAGs
[2026-07-22T13:10:01.897+0000] {logging_mixin.py:190} INFO - [2026-07-22T13:10:01.897+0000] {dag.py:4180} INFO - Setting next_dagrun for tutorial to 2026-07-21 00:00:00+00:00, run_after=2026-07-22 00:00:00+00:00
[2026-07-22T13:10:01.944+0000] {processor.py:208} INFO - Processing /home/airflow/.local/lib/python3.12/site-packages/airflow/example_dags/tutorial.py took 0.169 seconds
[2026-07-22T13:10:32.242+0000] {processor.py:186} INFO - Started process (PID=484) to work on /home/airflow/.local/lib/python3.12/site-packages/airflow/example_dags/tutorial.py
[2026-07-22T13:10:32.245+0000] {processor.py:914} INFO - Processing file /home/airflow/.local/lib/python3.12/site-packages/airflow/example_dags/tutorial.py for tasks to queue
[2026-07-22T13:10:32.251+0000] {logging_mixin.py:190} INFO - [2026-07-22T13:10:32.251+0000] {dagbag.py:588} INFO - Filling up the DagBag from /home/airflow/.local/lib/python3.12/site-packages/airflow/example_dags/tutorial.py
[2026-07-22T13:10:32.267+0000] {processor.py:925} INFO - DAG(s) 'tutorial' retrieved from /home/airflow/.local/lib/python3.12/site-packages/airflow/example_dags/tutorial.py
[2026-07-22T13:10:32.304+0000] {logging_mixin.py:190} INFO - [2026-07-22T13:10:32.303+0000] {dag.py:3239} INFO - Sync 1 DAGs
[2026-07-22T13:10:32.347+0000] {logging_mixin.py:190} INFO - [2026-07-22T13:10:32.347+0000] {dag.py:4180} INFO - Setting next_dagrun for tutorial to 2026-07-21 00:00:00+00:00, run_after=2026-07-22 00:00:00+00:00
[2026-07-22T13:10:32.385+0000] {processor.py:208} INFO - Processing /home/airflow/.local/lib/python3.12/site-packages/airflow/example_dags/tutorial.py took 0.156 seconds
[2026-07-22T13:11:02.816+0000] {processor.py:186} INFO - Started process (PID=547) to work on /home/airflow/.local/lib/python3.12/site-packages/airflow/example_dags/tutorial.py
[2026-07-22T13:11:02.818+0000] {processor.py:914} INFO - Processing file /home/airflow/.local/lib/python3.12/site-packages/airflow/example_dags/tutorial.py for tasks to queue
[2026-07-22T13:11:02.823+0000] {logging_mixin.py:190} INFO - [2026-07-22T13:11:02.822+0000] {dagbag.py:588} INFO - Filling up the DagBag from /home/airflow/.local/lib/python3.12/site-packages/airflow/example_dags/tutorial.py
[2026-07-22T13:11:02.835+0000] {processor.py:925} INFO - DAG(s) 'tutorial' retrieved from /home/airflow/.local/lib/python3.12/site-packages/airflow/example_dags/tutorial.py
[2026-07-22T13:11:02.874+0000] {logging_mixin.py:190} INFO - [2026-07-22T13:11:02.873+0000] {dag.py:3239} INFO - Sync 1 DAGs
[2026-07-22T13:11:02.911+0000] {logging_mixin.py:190} INFO - [2026-07-22T13:11:02.910+0000] {dag.py:4180} INFO - Setting next_dagrun for tutorial to 2026-07-21 00:00:00+00:00, run_after=2026-07-22 00:00:00+00:00
[2026-07-22T13:11:02.947+0000] {processor.py:208} INFO - Processing /home/airflow/.local/lib/python3.12/site-packages/airflow/example_dags/tutorial.py took 0.139 seconds
[2026-07-22T13:11:33.378+0000] {processor.py:186} INFO - Started process (PID=610) to work on /home/airflow/.local/lib/python3.12/site-packages/airflow/example_dags/tutorial.py
[2026-07-22T13:11:33.382+0000] {processor.py:914} INFO - Processing file /home/airflow/.local/lib/python3.12/site-packages/airflow/example_dags/tutorial.py for tasks to queue
[2026-07-22T13:11:33.392+0000] {logging_mixin.py:190} INFO - [2026-07-22T13:11:33.389+0000] {dagbag.py:588} INFO - Filling up the DagBag from /home/airflow/.local/lib/python3.12/site-packages/airflow/example_dags/tutorial.py
[2026-07-22T13:11:33.418+0000] {processor.py:925} INFO - DAG(s) 'tutorial' retrieved from /home/airflow/.local/lib/python3.12/site-packages/airflow/example_dags/tutorial.py
[2026-07-22T13:11:33.500+0000] {logging_mixin.py:190} INFO - [2026-07-22T13:11:33.499+0000] {dag.py:3239} INFO - Sync 1 DAGs
[2026-07-22T13:11:33.613+0000] {logging_mixin.py:190} INFO - [2026-07-22T13:11:33.612+0000] {dag.py:4180} INFO - Setting next_dagrun for tutorial to 2026-07-21 00:00:00+00:00, run_after=2026-07-22 00:00:00+00:00
[2026-07-22T13:11:33.676+0000] {processor.py:208} INFO - Processing /home/airflow/.local/lib/python3.12/site-packages/airflow/example_dags/tutorial.py took 0.318 seconds
[2026-07-22T13:12:03.966+0000] {processor.py:186} INFO - Started process (PID=672) to work on /home/airflow/.local/lib/python3.12/site-packages/airflow/example_dags/tutorial.py
[2026-07-22T13:12:03.968+0000] {processor.py:914} INFO - Processing file /home/airflow/.local/lib/python3.12/site-packages/airflow/example_dags/tutorial.py for tasks to queue
[2026-07-22T13:12:03.973+0000] {logging_mixin.py:190} INFO - [2026-07-22T13:12:03.972+0000] {dagbag.py:588} INFO - Filling up the DagBag from /home/airflow/.local/lib/python3.12/site-packages/airflow/example_dags/tutorial.py
[2026-07-22T13:12:03.989+0000] {processor.py:925} INFO - DAG(s) 'tutorial' retrieved from /home/airflow/.local/lib/python3.12/site-packages/airflow/example_dags/tutorial.py
[2026-07-22T13:12:04.029+0000] {logging_mixin.py:190} INFO - [2026-07-22T13:12:04.028+0000] {dag.py:3239} INFO - Sync 1 DAGs
[2026-07-22T13:12:04.079+0000] {logging_mixin.py:190} INFO - [2026-07-22T13:12:04.078+0000] {dag.py:4180} INFO - Setting next_dagrun for tutorial to 2026-07-21 00:00:00+00:00, run_after=2026-07-22 00:00:00+00:00
[2026-07-22T13:12:04.131+0000] {processor.py:208} INFO - Processing /home/airflow/.local/lib/python3.12/site-packages/airflow/example_dags/tutorial.py took 0.173 seconds
[2026-07-22T13:12:34.539+0000] {processor.py:186} INFO - Started process (PID=735) to work on /home/airflow/.local/lib/python3.12/site-packages/airflow/example_dags/tutorial.py
[2026-07-22T13:12:34.541+0000] {processor.py:914} INFO - Processing file /home/airflow/.local/lib/python3.12/site-packages/airflow/example_dags/tutorial.py for tasks to queue
[2026-07-22T13:12:34.545+0000] {logging_mixin.py:190} INFO - [2026-07-22T13:12:34.544+0000] {dagbag.py:588} INFO - Filling up the DagBag from /home/airflow/.local/lib/python3.12/site-packages/airflow/example_dags/tutorial.py
[2026-07-22T13:12:34.558+0000] {processor.py:925} INFO - DAG(s) 'tutorial' retrieved from /home/airflow/.local/lib/python3.12/site-packages/airflow/example_dags/tutorial.py
[2026-07-22T13:12:34.612+0000] {logging_mixin.py:190} INFO - [2026-07-22T13:12:34.612+0000] {dag.py:3239} INFO - Sync 1 DAGs
[2026-07-22T13:12:34.661+0000] {logging_mixin.py:190} INFO - [2026-07-22T13:12:34.660+0000] {dag.py:4180} INFO - Setting next_dagrun for tutorial to 2026-07-21 00:00:00+00:00, run_after=2026-07-22 00:00:00+00:00
[2026-07-22T13:12:34.704+0000] {processor.py:208} INFO - Processing /home/airflow/.local/lib/python3.12/site-packages/airflow/example_dags/tutorial.py took 0.173 seconds
[2026-07-22T13:13:04.841+0000] {processor.py:186} INFO - Started process (PID=797) to work on /home/airflow/.local/lib/python3.12/site-packages/airflow/example_dags/tutorial.py
[2026-07-22T13:13:04.843+0000] {processor.py:914} INFO - Processing file /home/airflow/.local/lib/python3.12/site-packages/airflow/example_dags/tutorial.py for tasks to queue
[2026-07-22T13:13:04.847+0000] {logging_mixin.py:190} INFO - [2026-07-22T13:13:04.847+0000] {dagbag.py:588} INFO - Filling up the DagBag from /home/airflow/.local/lib/python3.12/site-packages/airflow/example_dags/tutorial.py
[2026-07-22T13:13:04.857+0000] {processor.py:925} INFO - DAG(s) 'tutorial' retrieved from /home/airflow/.local/lib/python3.12/site-packages/airflow/example_dags/tutorial.py
[2026-07-22T13:13:04.882+0000] {logging_mixin.py:190} INFO - [2026-07-22T13:13:04.881+0000] {dag.py:3239} INFO - Sync 1 DAGs
[2026-07-22T13:13:04.910+0000] {logging_mixin.py:190} INFO - [2026-07-22T13:13:04.909+0000] {dag.py:4180} INFO - Setting next_dagrun for tutorial to 2026-07-21 00:00:00+00:00, run_after=2026-07-22 00:00:00+00:00
[2026-07-22T13:13:04.946+0000] {processor.py:208} INFO - Processing /home/airflow/.local/lib/python3.12/site-packages/airflow/example_dags/tutorial.py took 0.112 seconds
[2026-07-22T13:13:35.614+0000] {processor.py:186} INFO - Started process (PID=861) to work on /home/airflow/.local/lib/python3.12/site-packages/airflow/example_dags/tutorial.py
[2026-07-22T13:13:35.633+0000] {processor.py:914} INFO - Processing file /home/airflow/.local/lib/python3.12/site-packages/airflow/example_dags/tutorial.py for tasks to queue
[2026-07-22T13:13:35.678+0000] {logging_mixin.py:190} INFO - [2026-07-22T13:13:35.676+0000] {dagbag.py:588} INFO - Filling up the DagBag from /home/airflow/.local/lib/python3.12/site-packages/airflow/example_dags/tutorial.py
[2026-07-22T13:13:35.752+0000] {processor.py:925} INFO - DAG(s) 'tutorial' retrieved from /home/airflow/.local/lib/python3.12/site-packages/airflow/example_dags/tutorial.py
[2026-07-22T13:13:35.874+0000] {logging_mixin.py:190} INFO - [2026-07-22T13:13:35.872+0000] {dag.py:3239} INFO - Sync 1 DAGs
[2026-07-22T13:13:36.043+0000] {logging_mixin.py:190} INFO - [2026-07-22T13:13:36.042+0000] {dag.py:4180} INFO - Setting next_dagrun for tutorial to 2026-07-21 00:00:00+00:00, run_after=2026-07-22 00:00:00+00:00
[2026-07-22T13:13:36.190+0000] {processor.py:208} INFO - Processing /home/airflow/.local/lib/python3.12/site-packages/airflow/example_dags/tutorial.py took 0.628 seconds
[2026-07-22T13:14:06.785+0000] {processor.py:186} INFO - Started process (PID=923) to work on /home/airflow/.local/lib/python3.12/site-packages/airflow/example_dags/tutorial.py
[2026-07-22T13:14:06.790+0000] {processor.py:914} INFO - Processing file /home/airflow/.local/lib/python3.12/site-packages/airflow/example_dags/tutorial.py for tasks to queue
[2026-07-22T13:14:06.796+0000] {logging_mixin.py:190} INFO - [2026-07-22T13:14:06.796+0000] {dagbag.py:588} INFO - Filling up the DagBag from /home/airflow/.local/lib/python3.12/site-packages/airflow/example_dags/tutorial.py
[2026-07-22T13:14:06.812+0000] {processor.py:925} INFO - DAG(s) 'tutorial' retrieved from /home/airflow/.local/lib/python3.12/site-packages/airflow/example_dags/tutorial.py
[2026-07-22T13:14:06.858+0000] {logging_mixin.py:190} INFO - [2026-07-22T13:14:06.858+0000] {dag.py:3239} INFO - Sync 1 DAGs
[2026-07-22T13:14:06.927+0000] {logging_mixin.py:190} INFO - [2026-07-22T13:14:06.926+0000] {dag.py:4180} INFO - Setting next_dagrun for tutorial to 2026-07-21 00:00:00+00:00, run_after=2026-07-22 00:00:00+00:00
[2026-07-22T13:14:06.978+0000] {processor.py:208} INFO - Processing /home/airflow/.local/lib/python3.12/site-packages/airflow/example_dags/tutorial.py took 0.203 seconds
[2026-07-22T13:14:37.074+0000] {processor.py:186} INFO - Started process (PID=986) to work on /home/airflow/.local/lib/python3.12/site-packages/airflow/example_dags/tutorial.py
[2026-07-22T13:14:37.077+0000] {processor.py:914} INFO - Processing file /home/airflow/.local/lib/python3.12/site-packages/airflow/example_dags/tutorial.py for tasks to queue
[2026-07-22T13:14:37.083+0000] {logging_mixin.py:190} INFO - [2026-07-22T13:14:37.082+0000] {dagbag.py:588} INFO - Filling up the DagBag from /home/airflow/.local/lib/python3.12/site-packages/airflow/example_dags/tutorial.py
[2026-07-22T13:14:37.102+0000] {processor.py:925} INFO - DAG(s) 'tutorial' retrieved from /home/airflow/.local/lib/python3.12/site-packages/airflow/example_dags/tutorial.py
[2026-07-22T13:14:37.138+0000] {logging_mixin.py:190} INFO - [2026-07-22T13:14:37.138+0000] {dag.py:3239} INFO - Sync 1 DAGs
[2026-07-22T13:14:37.178+0000] {logging_mixin.py:190} INFO - [2026-07-22T13:14:37.177+0000] {dag.py:4180} INFO - Setting next_dagrun for tutorial to 2026-07-21 00:00:00+00:00, run_after=2026-07-22 00:00:00+00:00
[2026-07-22T13:14:37.216+0000] {processor.py:208} INFO - Processing /home/airflow/.local/lib/python3.12/site-packages/airflow/example_dags/tutorial.py took 0.153 seconds
[2026-07-22T13:15:07.876+0000] {processor.py:186} INFO - Started process (PID=1049) to work on /home/airflow/.local/lib/python3.12/site-packages/airflow/example_dags/tutorial.py
[2026-07-22T13:15:07.881+0000] {processor.py:914} INFO - Processing file /home/airflow/.local/lib/python3.12/site-packages/airflow/example_dags/tutorial.py for tasks to queue
[2026-07-22T13:15:07.892+0000] {logging_mixin.py:190} INFO - [2026-07-22T13:15:07.891+0000] {dagbag.py:588} INFO - Filling up the DagBag from /home/airflow/.local/lib/python3.12/site-packages/airflow/example_dags/tutorial.py
[2026-07-22T13:15:07.927+0000] {processor.py:925} INFO - DAG(s) 'tutorial' retrieved from /home/airflow/.local/lib/python3.12/site-packages/airflow/example_dags/tutorial.py
[2026-07-22T13:15:08.033+0000] {logging_mixin.py:190} INFO - [2026-07-22T13:15:08.032+0000] {dag.py:3239} INFO - Sync 1 DAGs
[2026-07-22T13:15:08.087+0000] {logging_mixin.py:190} INFO - [2026-07-22T13:15:08.087+0000] {dag.py:4180} INFO - Setting next_dagrun for tutorial to 2026-07-21 00:00:00+00:00, run_after=2026-07-22 00:00:00+00:00
[2026-07-22T13:15:08.186+0000] {processor.py:208} INFO - Processing /home/airflow/.local/lib/python3.12/site-packages/airflow/example_dags/tutorial.py took 0.328 seconds
[2026-07-22T13:15:39.252+0000] {processor.py:186} INFO - Started process (PID=1113) to work on /home/airflow/.local/lib/python3.12/site-packages/airflow/example_dags/tutorial.py
[2026-07-22T13:15:39.254+0000] {processor.py:914} INFO - Processing file /home/airflow/.local/lib/python3.12/site-packages/airflow/example_dags/tutorial.py for tasks to queue
[2026-07-22T13:15:39.258+0000] {logging_mixin.py:190} INFO - [2026-07-22T13:15:39.258+0000] {dagbag.py:588} INFO - Filling up the DagBag from /home/airflow/.local/lib/python3.12/site-packages/airflow/example_dags/tutorial.py
[2026-07-22T13:15:39.271+0000] {processor.py:925} INFO - DAG(s) 'tutorial' retrieved from /home/airflow/.local/lib/python3.12/site-packages/airflow/example_dags/tutorial.py
[2026-07-22T13:15:39.304+0000] {logging_mixin.py:190} INFO - [2026-07-22T13:15:39.304+0000] {dag.py:3239} INFO - Sync 1 DAGs
[2026-07-22T13:15:39.354+0000] {logging_mixin.py:190} INFO - [2026-07-22T13:15:39.354+0000] {dag.py:4180} INFO - Setting next_dagrun for tutorial to 2026-07-21 00:00:00+00:00, run_after=2026-07-22 00:00:00+00:00
[2026-07-22T13:15:39.408+0000] {processor.py:208} INFO - Processing /home/airflow/.local/lib/python3.12/site-packages/airflow/example_dags/tutorial.py took 0.165 seconds
[2026-07-22T13:16:12.789+0000] {processor.py:186} INFO - Started process (PID=1170) to work on /home/airflow/.local/lib/python3.12/site-packages/airflow/example_dags/tutorial.py
[2026-07-22T13:16:12.792+0000] {processor.py:914} INFO - Processing file /home/airflow/.local/lib/python3.12/site-packages/airflow/example_dags/tutorial.py for tasks to queue
[2026-07-22T13:16:12.797+0000] {logging_mixin.py:190} INFO - [2026-07-22T13:16:12.796+0000] {dagbag.py:588} INFO - Filling up the DagBag from /home/airflow/.local/lib/python3.12/site-packages/airflow/example_dags/tutorial.py
[2026-07-22T13:16:12.813+0000] {processor.py:925} INFO - DAG(s) 'tutorial' retrieved from /home/airflow/.local/lib/python3.12/site-packages/airflow/example_dags/tutorial.py
[2026-07-22T13:16:12.857+0000] {logging_mixin.py:190} INFO - [2026-07-22T13:16:12.857+0000] {dag.py:3239} INFO - Sync 1 DAGs
[2026-07-22T13:16:12.929+0000] {logging_mixin.py:190} INFO - [2026-07-22T13:16:12.929+0000] {dag.py:4180} INFO - Setting next_dagrun for tutorial to 2026-07-21 00:00:00+00:00, run_after=2026-07-22 00:00:00+00:00
[2026-07-22T13:16:12.967+0000] {processor.py:208} INFO - Processing /home/airflow/.local/lib/python3.12/site-packages/airflow/example_dags/tutorial.py took 0.189 seconds
[2026-07-22T13:16:43.846+0000] {processor.py:186} INFO - Started process (PID=1233) to work on /home/airflow/.local/lib/python3.12/site-packages/airflow/example_dags/tutorial.py
[2026-07-22T13:16:43.851+0000] {processor.py:914} INFO - Processing file /home/airflow/.local/lib/python3.12/site-packages/airflow/example_dags/tutorial.py for tasks to queue
[2026-07-22T13:16:43.859+0000] {logging_mixin.py:190} INFO - [2026-07-22T13:16:43.857+0000] {dagbag.py:588} INFO - Filling up the DagBag from /home/airflow/.local/lib/python3.12/site-packages/airflow/example_dags/tutorial.py
[2026-07-22T13:16:43.892+0000] {processor.py:925} INFO - DAG(s) 'tutorial' retrieved from /home/airflow/.local/lib/python3.12/site-packages/airflow/example_dags/tutorial.py
[2026-07-22T13:16:43.945+0000] {logging_mixin.py:190} INFO - [2026-07-22T13:16:43.944+0000] {dag.py:3239} INFO - Sync 1 DAGs
[2026-07-22T13:16:43.997+0000] {logging_mixin.py:190} INFO - [2026-07-22T13:16:43.996+0000] {dag.py:4180} INFO - Setting next_dagrun for tutorial to 2026-07-21 00:00:00+00:00, run_after=2026-07-22 00:00:00+00:00
[2026-07-22T13:16:44.033+0000] {processor.py:208} INFO - Processing /home/airflow/.local/lib/python3.12/site-packages/airflow/example_dags/tutorial.py took 0.204 seconds
[2026-07-22T13:17:20.328+0000] {processor.py:186} INFO - Started process (PID=1302) to work on /home/airflow/.local/lib/python3.12/site-packages/airflow/example_dags/tutorial.py
[2026-07-22T13:17:20.333+0000] {processor.py:914} INFO - Processing file /home/airflow/.local/lib/python3.12/site-packages/airflow/example_dags/tutorial.py for tasks to queue
[2026-07-22T13:17:20.340+0000] {logging_mixin.py:190} INFO - [2026-07-22T13:17:20.339+0000] {dagbag.py:588} INFO - Filling up the DagBag from /home/airflow/.local/lib/python3.12/site-packages/airflow/example_dags/tutorial.py
[2026-07-22T13:17:20.368+0000] {processor.py:925} INFO - DAG(s) 'tutorial' retrieved from /home/airflow/.local/lib/python3.12/site-packages/airflow/example_dags/tutorial.py
[2026-07-22T13:17:20.439+0000] {logging_mixin.py:190} INFO - [2026-07-22T13:17:20.439+0000] {dag.py:3239} INFO - Sync 1 DAGs
[2026-07-22T13:17:20.524+0000] {logging_mixin.py:190} INFO - [2026-07-22T13:17:20.523+0000] {dag.py:4180} INFO - Setting next_dagrun for tutorial to 2026-07-21 00:00:00+00:00, run_after=2026-07-22 00:00:00+00:00
[2026-07-22T13:17:20.581+0000] {processor.py:208} INFO - Processing /home/airflow/.local/lib/python3.12/site-packages/airflow/example_dags/tutorial.py took 0.270 seconds
