[2026-07-22T13:07:33.087+0000] {processor.py:186} INFO - Started process (PID=121) to work on /home/airflow/.local/lib/python3.12/site-packages/airflow/example_dags/tutorial_objectstorage.py
[2026-07-22T13:07:33.090+0000] {processor.py:914} INFO - Processing file /home/airflow/.local/lib/python3.12/site-packages/airflow/example_dags/tutorial_objectstorage.py for tasks to queue
[2026-07-22T13:07:33.104+0000] {logging_mixin.py:190} INFO - [2026-07-22T13:07:33.100+0000] {dagbag.py:588} INFO - Filling up the DagBag from /home/airflow/.local/lib/python3.12/site-packages/airflow/example_dags/tutorial_objectstorage.py
[2026-07-22T13:07:33.136+0000] {processor.py:925} INFO - DAG(s) 'tutorial_objectstorage' retrieved from /home/airflow/.local/lib/python3.12/site-packages/airflow/example_dags/tutorial_objectstorage.py
[2026-07-22T13:07:33.418+0000] {logging_mixin.py:190} INFO - [2026-07-22T13:07:33.416+0000] {override.py:1912} INFO - Created Permission View: can read on DAG:tutorial_objectstorage
[2026-07-22T13:07:33.459+0000] {logging_mixin.py:190} INFO - [2026-07-22T13:07:33.458+0000] {override.py:1912} INFO - Created Permission View: can edit on DAG:tutorial_objectstorage
[2026-07-22T13:07:33.483+0000] {logging_mixin.py:190} INFO - [2026-07-22T13:07:33.482+0000] {override.py:1912} INFO - Created Permission View: can delete on DAG:tutorial_objectstorage
[2026-07-22T13:07:33.505+0000] {logging_mixin.py:190} INFO - [2026-07-22T13:07:33.504+0000] {override.py:1912} INFO - Created Permission View: can read on DAG Run:tutorial_objectstorage
[2026-07-22T13:07:33.525+0000] {logging_mixin.py:190} INFO - [2026-07-22T13:07:33.525+0000] {override.py:1912} INFO - Created Permission View: menu access on DAG Run:tutorial_objectstorage
[2026-07-22T13:07:33.542+0000] {logging_mixin.py:190} INFO - [2026-07-22T13:07:33.541+0000] {override.py:1912} INFO - Created Permission View: can create on DAG Run:tutorial_objectstorage
[2026-07-22T13:07:33.565+0000] {logging_mixin.py:190} INFO - [2026-07-22T13:07:33.565+0000] {override.py:1912} INFO - Created Permission View: can delete on DAG Run:tutorial_objectstorage
[2026-07-22T13:07:33.567+0000] {logging_mixin.py:190} INFO - [2026-07-22T13:07:33.567+0000] {dag.py:3239} INFO - Sync 1 DAGs
[2026-07-22T13:07:33.595+0000] {logging_mixin.py:190} INFO - [2026-07-22T13:07:33.595+0000] {dag.py:3262} INFO - Creating ORM DAG for tutorial_objectstorage
[2026-07-22T13:07:33.598+0000] {logging_mixin.py:190} INFO - [2026-07-22T13:07:33.598+0000] {dag.py:4180} INFO - Setting next_dagrun for tutorial_objectstorage to None, run_after=None
[2026-07-22T13:07:33.644+0000] {processor.py:208} INFO - Processing /home/airflow/.local/lib/python3.12/site-packages/airflow/example_dags/tutorial_objectstorage.py took 0.582 seconds
[2026-07-22T13:08:03.769+0000] {processor.py:186} INFO - Started process (PID=184) to work on /home/airflow/.local/lib/python3.12/site-packages/airflow/example_dags/tutorial_objectstorage.py
[2026-07-22T13:08:03.773+0000] {processor.py:914} INFO - Processing file /home/airflow/.local/lib/python3.12/site-packages/airflow/example_dags/tutorial_objectstorage.py for tasks to queue
[2026-07-22T13:08:03.778+0000] {logging_mixin.py:190} INFO - [2026-07-22T13:08:03.778+0000] {dagbag.py:588} INFO - Filling up the DagBag from /home/airflow/.local/lib/python3.12/site-packages/airflow/example_dags/tutorial_objectstorage.py
[2026-07-22T13:08:03.793+0000] {processor.py:925} INFO - DAG(s) 'tutorial_objectstorage' retrieved from /home/airflow/.local/lib/python3.12/site-packages/airflow/example_dags/tutorial_objectstorage.py
[2026-07-22T13:08:03.825+0000] {logging_mixin.py:190} INFO - [2026-07-22T13:08:03.825+0000] {dag.py:3239} INFO - Sync 1 DAGs
[2026-07-22T13:08:03.852+0000] {logging_mixin.py:190} INFO - [2026-07-22T13:08:03.852+0000] {dag.py:4180} INFO - Setting next_dagrun for tutorial_objectstorage to None, run_after=None
[2026-07-22T13:08:03.893+0000] {processor.py:208} INFO - Processing /home/airflow/.local/lib/python3.12/site-packages/airflow/example_dags/tutorial_objectstorage.py took 0.142 seconds
[2026-07-22T13:08:37.234+0000] {processor.py:186} INFO - Started process (PID=248) to work on /home/airflow/.local/lib/python3.12/site-packages/airflow/example_dags/tutorial_objectstorage.py
[2026-07-22T13:08:37.238+0000] {processor.py:914} INFO - Processing file /home/airflow/.local/lib/python3.12/site-packages/airflow/example_dags/tutorial_objectstorage.py for tasks to queue
[2026-07-22T13:08:37.247+0000] {logging_mixin.py:190} INFO - [2026-07-22T13:08:37.246+0000] {dagbag.py:588} INFO - Filling up the DagBag from /home/airflow/.local/lib/python3.12/site-packages/airflow/example_dags/tutorial_objectstorage.py
[2026-07-22T13:08:37.285+0000] {processor.py:925} INFO - DAG(s) 'tutorial_objectstorage' retrieved from /home/airflow/.local/lib/python3.12/site-packages/airflow/example_dags/tutorial_objectstorage.py
[2026-07-22T13:08:37.354+0000] {logging_mixin.py:190} INFO - [2026-07-22T13:08:37.353+0000] {dag.py:3239} INFO - Sync 1 DAGs
[2026-07-22T13:08:37.405+0000] {logging_mixin.py:190} INFO - [2026-07-22T13:08:37.404+0000] {dag.py:4180} INFO - Setting next_dagrun for tutorial_objectstorage to None, run_after=None
[2026-07-22T13:08:37.456+0000] {processor.py:208} INFO - Processing /home/airflow/.local/lib/python3.12/site-packages/airflow/example_dags/tutorial_objectstorage.py took 0.239 seconds
[2026-07-22T13:09:08.138+0000] {processor.py:186} INFO - Started process (PID=311) to work on /home/airflow/.local/lib/python3.12/site-packages/airflow/example_dags/tutorial_objectstorage.py
[2026-07-22T13:09:08.141+0000] {processor.py:914} INFO - Processing file /home/airflow/.local/lib/python3.12/site-packages/airflow/example_dags/tutorial_objectstorage.py for tasks to queue
[2026-07-22T13:09:08.148+0000] {logging_mixin.py:190} INFO - [2026-07-22T13:09:08.147+0000] {dagbag.py:588} INFO - Filling up the DagBag from /home/airflow/.local/lib/python3.12/site-packages/airflow/example_dags/tutorial_objectstorage.py
[2026-07-22T13:09:08.167+0000] {processor.py:925} INFO - DAG(s) 'tutorial_objectstorage' retrieved from /home/airflow/.local/lib/python3.12/site-packages/airflow/example_dags/tutorial_objectstorage.py
[2026-07-22T13:09:08.212+0000] {logging_mixin.py:190} INFO - [2026-07-22T13:09:08.212+0000] {dag.py:3239} INFO - Sync 1 DAGs
[2026-07-22T13:09:08.248+0000] {logging_mixin.py:190} INFO - [2026-07-22T13:09:08.247+0000] {dag.py:4180} INFO - Setting next_dagrun for tutorial_objectstorage to None, run_after=None
[2026-07-22T13:09:08.309+0000] {processor.py:208} INFO - Processing /home/airflow/.local/lib/python3.12/site-packages/airflow/example_dags/tutorial_objectstorage.py took 0.186 seconds
[2026-07-22T13:09:38.709+0000] {processor.py:186} INFO - Started process (PID=374) to work on /home/airflow/.local/lib/python3.12/site-packages/airflow/example_dags/tutorial_objectstorage.py
[2026-07-22T13:09:38.711+0000] {processor.py:914} INFO - Processing file /home/airflow/.local/lib/python3.12/site-packages/airflow/example_dags/tutorial_objectstorage.py for tasks to queue
[2026-07-22T13:09:38.715+0000] {logging_mixin.py:190} INFO - [2026-07-22T13:09:38.714+0000] {dagbag.py:588} INFO - Filling up the DagBag from /home/airflow/.local/lib/python3.12/site-packages/airflow/example_dags/tutorial_objectstorage.py
[2026-07-22T13:09:38.730+0000] {processor.py:925} INFO - DAG(s) 'tutorial_objectstorage' retrieved from /home/airflow/.local/lib/python3.12/site-packages/airflow/example_dags/tutorial_objectstorage.py
[2026-07-22T13:09:38.758+0000] {logging_mixin.py:190} INFO - [2026-07-22T13:09:38.758+0000] {dag.py:3239} INFO - Sync 1 DAGs
[2026-07-22T13:09:38.781+0000] {logging_mixin.py:190} INFO - [2026-07-22T13:09:38.781+0000] {dag.py:4180} INFO - Setting next_dagrun for tutorial_objectstorage to None, run_after=None
[2026-07-22T13:09:38.815+0000] {processor.py:208} INFO - Processing /home/airflow/.local/lib/python3.12/site-packages/airflow/example_dags/tutorial_objectstorage.py took 0.113 seconds
[2026-07-22T13:10:09.618+0000] {processor.py:186} INFO - Started process (PID=437) to work on /home/airflow/.local/lib/python3.12/site-packages/airflow/example_dags/tutorial_objectstorage.py
[2026-07-22T13:10:09.621+0000] {processor.py:914} INFO - Processing file /home/airflow/.local/lib/python3.12/site-packages/airflow/example_dags/tutorial_objectstorage.py for tasks to queue
[2026-07-22T13:10:09.625+0000] {logging_mixin.py:190} INFO - [2026-07-22T13:10:09.624+0000] {dagbag.py:588} INFO - Filling up the DagBag from /home/airflow/.local/lib/python3.12/site-packages/airflow/example_dags/tutorial_objectstorage.py
[2026-07-22T13:10:09.642+0000] {processor.py:925} INFO - DAG(s) 'tutorial_objectstorage' retrieved from /home/airflow/.local/lib/python3.12/site-packages/airflow/example_dags/tutorial_objectstorage.py
[2026-07-22T13:10:09.676+0000] {logging_mixin.py:190} INFO - [2026-07-22T13:10:09.676+0000] {dag.py:3239} INFO - Sync 1 DAGs
[2026-07-22T13:10:09.705+0000] {logging_mixin.py:190} INFO - [2026-07-22T13:10:09.704+0000] {dag.py:4180} INFO - Setting next_dagrun for tutorial_objectstorage to None, run_after=None
[2026-07-22T13:10:09.745+0000] {processor.py:208} INFO - Processing /home/airflow/.local/lib/python3.12/site-packages/airflow/example_dags/tutorial_objectstorage.py took 0.136 seconds
[2026-07-22T13:10:41.207+0000] {processor.py:186} INFO - Started process (PID=500) to work on /home/airflow/.local/lib/python3.12/site-packages/airflow/example_dags/tutorial_objectstorage.py
[2026-07-22T13:10:41.209+0000] {processor.py:914} INFO - Processing file /home/airflow/.local/lib/python3.12/site-packages/airflow/example_dags/tutorial_objectstorage.py for tasks to queue
[2026-07-22T13:10:41.214+0000] {logging_mixin.py:190} INFO - [2026-07-22T13:10:41.213+0000] {dagbag.py:588} INFO - Filling up the DagBag from /home/airflow/.local/lib/python3.12/site-packages/airflow/example_dags/tutorial_objectstorage.py
[2026-07-22T13:10:41.229+0000] {processor.py:925} INFO - DAG(s) 'tutorial_objectstorage' retrieved from /home/airflow/.local/lib/python3.12/site-packages/airflow/example_dags/tutorial_objectstorage.py
[2026-07-22T13:10:41.261+0000] {logging_mixin.py:190} INFO - [2026-07-22T13:10:41.260+0000] {dag.py:3239} INFO - Sync 1 DAGs
[2026-07-22T13:10:41.288+0000] {logging_mixin.py:190} INFO - [2026-07-22T13:10:41.288+0000] {dag.py:4180} INFO - Setting next_dagrun for tutorial_objectstorage to None, run_after=None
[2026-07-22T13:10:41.330+0000] {processor.py:208} INFO - Processing /home/airflow/.local/lib/python3.12/site-packages/airflow/example_dags/tutorial_objectstorage.py took 0.133 seconds
[2026-07-22T13:11:11.804+0000] {processor.py:186} INFO - Started process (PID=562) to work on /home/airflow/.local/lib/python3.12/site-packages/airflow/example_dags/tutorial_objectstorage.py
[2026-07-22T13:11:11.807+0000] {processor.py:914} INFO - Processing file /home/airflow/.local/lib/python3.12/site-packages/airflow/example_dags/tutorial_objectstorage.py for tasks to queue
[2026-07-22T13:11:11.814+0000] {logging_mixin.py:190} INFO - [2026-07-22T13:11:11.813+0000] {dagbag.py:588} INFO - Filling up the DagBag from /home/airflow/.local/lib/python3.12/site-packages/airflow/example_dags/tutorial_objectstorage.py
[2026-07-22T13:11:11.840+0000] {processor.py:925} INFO - DAG(s) 'tutorial_objectstorage' retrieved from /home/airflow/.local/lib/python3.12/site-packages/airflow/example_dags/tutorial_objectstorage.py
[2026-07-22T13:11:11.879+0000] {logging_mixin.py:190} INFO - [2026-07-22T13:11:11.878+0000] {dag.py:3239} INFO - Sync 1 DAGs
[2026-07-22T13:11:11.905+0000] {logging_mixin.py:190} INFO - [2026-07-22T13:11:11.905+0000] {dag.py:4180} INFO - Setting next_dagrun for tutorial_objectstorage to None, run_after=None
[2026-07-22T13:11:11.943+0000] {processor.py:208} INFO - Processing /home/airflow/.local/lib/python3.12/site-packages/airflow/example_dags/tutorial_objectstorage.py took 0.154 seconds
[2026-07-22T13:11:42.835+0000] {processor.py:186} INFO - Started process (PID=625) to work on /home/airflow/.local/lib/python3.12/site-packages/airflow/example_dags/tutorial_objectstorage.py
[2026-07-22T13:11:42.837+0000] {processor.py:914} INFO - Processing file /home/airflow/.local/lib/python3.12/site-packages/airflow/example_dags/tutorial_objectstorage.py for tasks to queue
[2026-07-22T13:11:42.842+0000] {logging_mixin.py:190} INFO - [2026-07-22T13:11:42.841+0000] {dagbag.py:588} INFO - Filling up the DagBag from /home/airflow/.local/lib/python3.12/site-packages/airflow/example_dags/tutorial_objectstorage.py
[2026-07-22T13:11:42.857+0000] {processor.py:925} INFO - DAG(s) 'tutorial_objectstorage' retrieved from /home/airflow/.local/lib/python3.12/site-packages/airflow/example_dags/tutorial_objectstorage.py
[2026-07-22T13:11:42.889+0000] {logging_mixin.py:190} INFO - [2026-07-22T13:11:42.889+0000] {dag.py:3239} INFO - Sync 1 DAGs
[2026-07-22T13:11:42.912+0000] {logging_mixin.py:190} INFO - [2026-07-22T13:11:42.911+0000] {dag.py:4180} INFO - Setting next_dagrun for tutorial_objectstorage to None, run_after=None
[2026-07-22T13:11:42.952+0000] {processor.py:208} INFO - Processing /home/airflow/.local/lib/python3.12/site-packages/airflow/example_dags/tutorial_objectstorage.py took 0.127 seconds
[2026-07-22T13:12:15.795+0000] {processor.py:186} INFO - Started process (PID=689) to work on /home/airflow/.local/lib/python3.12/site-packages/airflow/example_dags/tutorial_objectstorage.py
[2026-07-22T13:12:15.798+0000] {processor.py:914} INFO - Processing file /home/airflow/.local/lib/python3.12/site-packages/airflow/example_dags/tutorial_objectstorage.py for tasks to queue
[2026-07-22T13:12:15.810+0000] {logging_mixin.py:190} INFO - [2026-07-22T13:12:15.809+0000] {dagbag.py:588} INFO - Filling up the DagBag from /home/airflow/.local/lib/python3.12/site-packages/airflow/example_dags/tutorial_objectstorage.py
[2026-07-22T13:12:15.833+0000] {processor.py:925} INFO - DAG(s) 'tutorial_objectstorage' retrieved from /home/airflow/.local/lib/python3.12/site-packages/airflow/example_dags/tutorial_objectstorage.py
[2026-07-22T13:12:15.880+0000] {logging_mixin.py:190} INFO - [2026-07-22T13:12:15.880+0000] {dag.py:3239} INFO - Sync 1 DAGs
[2026-07-22T13:12:15.915+0000] {logging_mixin.py:190} INFO - [2026-07-22T13:12:15.915+0000] {dag.py:4180} INFO - Setting next_dagrun for tutorial_objectstorage to None, run_after=None
[2026-07-22T13:12:15.970+0000] {processor.py:208} INFO - Processing /home/airflow/.local/lib/python3.12/site-packages/airflow/example_dags/tutorial_objectstorage.py took 0.194 seconds
[2026-07-22T13:12:48.339+0000] {processor.py:186} INFO - Started process (PID=758) to work on /home/airflow/.local/lib/python3.12/site-packages/airflow/example_dags/tutorial_objectstorage.py
[2026-07-22T13:12:48.342+0000] {processor.py:914} INFO - Processing file /home/airflow/.local/lib/python3.12/site-packages/airflow/example_dags/tutorial_objectstorage.py for tasks to queue
[2026-07-22T13:12:48.347+0000] {logging_mixin.py:190} INFO - [2026-07-22T13:12:48.347+0000] {dagbag.py:588} INFO - Filling up the DagBag from /home/airflow/.local/lib/python3.12/site-packages/airflow/example_dags/tutorial_objectstorage.py
[2026-07-22T13:12:48.365+0000] {processor.py:925} INFO - DAG(s) 'tutorial_objectstorage' retrieved from /home/airflow/.local/lib/python3.12/site-packages/airflow/example_dags/tutorial_objectstorage.py
[2026-07-22T13:12:48.400+0000] {logging_mixin.py:190} INFO - [2026-07-22T13:12:48.399+0000] {dag.py:3239} INFO - Sync 1 DAGs
[2026-07-22T13:12:48.427+0000] {logging_mixin.py:190} INFO - [2026-07-22T13:12:48.427+0000] {dag.py:4180} INFO - Setting next_dagrun for tutorial_objectstorage to None, run_after=None
[2026-07-22T13:12:48.467+0000] {processor.py:208} INFO - Processing /home/airflow/.local/lib/python3.12/site-packages/airflow/example_dags/tutorial_objectstorage.py took 0.138 seconds
[2026-07-22T13:13:21.330+0000] {processor.py:186} INFO - Started process (PID=821) to work on /home/airflow/.local/lib/python3.12/site-packages/airflow/example_dags/tutorial_objectstorage.py
[2026-07-22T13:13:21.339+0000] {processor.py:914} INFO - Processing file /home/airflow/.local/lib/python3.12/site-packages/airflow/example_dags/tutorial_objectstorage.py for tasks to queue
[2026-07-22T13:13:21.355+0000] {logging_mixin.py:190} INFO - [2026-07-22T13:13:21.351+0000] {dagbag.py:588} INFO - Filling up the DagBag from /home/airflow/.local/lib/python3.12/site-packages/airflow/example_dags/tutorial_objectstorage.py
[2026-07-22T13:13:21.424+0000] {processor.py:925} INFO - DAG(s) 'tutorial_objectstorage' retrieved from /home/airflow/.local/lib/python3.12/site-packages/airflow/example_dags/tutorial_objectstorage.py
[2026-07-22T13:13:21.567+0000] {logging_mixin.py:190} INFO - [2026-07-22T13:13:21.566+0000] {dag.py:3239} INFO - Sync 1 DAGs
[2026-07-22T13:13:21.668+0000] {logging_mixin.py:190} INFO - [2026-07-22T13:13:21.668+0000] {dag.py:4180} INFO - Setting next_dagrun for tutorial_objectstorage to None, run_after=None
[2026-07-22T13:13:21.731+0000] {processor.py:208} INFO - Processing /home/airflow/.local/lib/python3.12/site-packages/airflow/example_dags/tutorial_objectstorage.py took 0.446 seconds
[2026-07-22T13:13:52.302+0000] {processor.py:186} INFO - Started process (PID=883) to work on /home/airflow/.local/lib/python3.12/site-packages/airflow/example_dags/tutorial_objectstorage.py
[2026-07-22T13:13:52.304+0000] {processor.py:914} INFO - Processing file /home/airflow/.local/lib/python3.12/site-packages/airflow/example_dags/tutorial_objectstorage.py for tasks to queue
[2026-07-22T13:13:52.309+0000] {logging_mixin.py:190} INFO - [2026-07-22T13:13:52.309+0000] {dagbag.py:588} INFO - Filling up the DagBag from /home/airflow/.local/lib/python3.12/site-packages/airflow/example_dags/tutorial_objectstorage.py
[2026-07-22T13:13:52.330+0000] {processor.py:925} INFO - DAG(s) 'tutorial_objectstorage' retrieved from /home/airflow/.local/lib/python3.12/site-packages/airflow/example_dags/tutorial_objectstorage.py
[2026-07-22T13:13:52.370+0000] {logging_mixin.py:190} INFO - [2026-07-22T13:13:52.369+0000] {dag.py:3239} INFO - Sync 1 DAGs
[2026-07-22T13:13:52.394+0000] {logging_mixin.py:190} INFO - [2026-07-22T13:13:52.394+0000] {dag.py:4180} INFO - Setting next_dagrun for tutorial_objectstorage to None, run_after=None
[2026-07-22T13:13:52.439+0000] {processor.py:208} INFO - Processing /home/airflow/.local/lib/python3.12/site-packages/airflow/example_dags/tutorial_objectstorage.py took 0.147 seconds
[2026-07-22T13:14:24.700+0000] {processor.py:186} INFO - Started process (PID=946) to work on /home/airflow/.local/lib/python3.12/site-packages/airflow/example_dags/tutorial_objectstorage.py
[2026-07-22T13:14:24.703+0000] {processor.py:914} INFO - Processing file /home/airflow/.local/lib/python3.12/site-packages/airflow/example_dags/tutorial_objectstorage.py for tasks to queue
[2026-07-22T13:14:24.708+0000] {logging_mixin.py:190} INFO - [2026-07-22T13:14:24.707+0000] {dagbag.py:588} INFO - Filling up the DagBag from /home/airflow/.local/lib/python3.12/site-packages/airflow/example_dags/tutorial_objectstorage.py
[2026-07-22T13:14:24.727+0000] {processor.py:925} INFO - DAG(s) 'tutorial_objectstorage' retrieved from /home/airflow/.local/lib/python3.12/site-packages/airflow/example_dags/tutorial_objectstorage.py
[2026-07-22T13:14:24.788+0000] {logging_mixin.py:190} INFO - [2026-07-22T13:14:24.787+0000] {dag.py:3239} INFO - Sync 1 DAGs
[2026-07-22T13:14:24.825+0000] {logging_mixin.py:190} INFO - [2026-07-22T13:14:24.825+0000] {dag.py:4180} INFO - Setting next_dagrun for tutorial_objectstorage to None, run_after=None
[2026-07-22T13:14:24.878+0000] {processor.py:208} INFO - Processing /home/airflow/.local/lib/python3.12/site-packages/airflow/example_dags/tutorial_objectstorage.py took 0.188 seconds
[2026-07-22T13:14:57.626+0000] {processor.py:186} INFO - Started process (PID=1015) to work on /home/airflow/.local/lib/python3.12/site-packages/airflow/example_dags/tutorial_objectstorage.py
[2026-07-22T13:14:57.630+0000] {processor.py:914} INFO - Processing file /home/airflow/.local/lib/python3.12/site-packages/airflow/example_dags/tutorial_objectstorage.py for tasks to queue
[2026-07-22T13:14:57.638+0000] {logging_mixin.py:190} INFO - [2026-07-22T13:14:57.636+0000] {dagbag.py:588} INFO - Filling up the DagBag from /home/airflow/.local/lib/python3.12/site-packages/airflow/example_dags/tutorial_objectstorage.py
[2026-07-22T13:14:57.664+0000] {processor.py:925} INFO - DAG(s) 'tutorial_objectstorage' retrieved from /home/airflow/.local/lib/python3.12/site-packages/airflow/example_dags/tutorial_objectstorage.py
[2026-07-22T13:14:57.708+0000] {logging_mixin.py:190} INFO - [2026-07-22T13:14:57.708+0000] {dag.py:3239} INFO - Sync 1 DAGs
[2026-07-22T13:14:57.738+0000] {logging_mixin.py:190} INFO - [2026-07-22T13:14:57.738+0000] {dag.py:4180} INFO - Setting next_dagrun for tutorial_objectstorage to None, run_after=None
[2026-07-22T13:14:57.798+0000] {processor.py:208} INFO - Processing /home/airflow/.local/lib/python3.12/site-packages/airflow/example_dags/tutorial_objectstorage.py took 0.184 seconds
[2026-07-22T13:15:33.652+0000] {processor.py:186} INFO - Started process (PID=1086) to work on /home/airflow/.local/lib/python3.12/site-packages/airflow/example_dags/tutorial_objectstorage.py
[2026-07-22T13:15:33.657+0000] {processor.py:914} INFO - Processing file /home/airflow/.local/lib/python3.12/site-packages/airflow/example_dags/tutorial_objectstorage.py for tasks to queue
[2026-07-22T13:15:33.669+0000] {logging_mixin.py:190} INFO - [2026-07-22T13:15:33.668+0000] {dagbag.py:588} INFO - Filling up the DagBag from /home/airflow/.local/lib/python3.12/site-packages/airflow/example_dags/tutorial_objectstorage.py
[2026-07-22T13:15:33.704+0000] {processor.py:925} INFO - DAG(s) 'tutorial_objectstorage' retrieved from /home/airflow/.local/lib/python3.12/site-packages/airflow/example_dags/tutorial_objectstorage.py
[2026-07-22T13:15:33.769+0000] {logging_mixin.py:190} INFO - [2026-07-22T13:15:33.768+0000] {dag.py:3239} INFO - Sync 1 DAGs
[2026-07-22T13:15:33.828+0000] {logging_mixin.py:190} INFO - [2026-07-22T13:15:33.828+0000] {dag.py:4180} INFO - Setting next_dagrun for tutorial_objectstorage to None, run_after=None
[2026-07-22T13:15:33.911+0000] {processor.py:208} INFO - Processing /home/airflow/.local/lib/python3.12/site-packages/airflow/example_dags/tutorial_objectstorage.py took 0.278 seconds
[2026-07-22T13:16:04.085+0000] {processor.py:186} INFO - Started process (PID=1148) to work on /home/airflow/.local/lib/python3.12/site-packages/airflow/example_dags/tutorial_objectstorage.py
[2026-07-22T13:16:04.087+0000] {processor.py:914} INFO - Processing file /home/airflow/.local/lib/python3.12/site-packages/airflow/example_dags/tutorial_objectstorage.py for tasks to queue
[2026-07-22T13:16:04.093+0000] {logging_mixin.py:190} INFO - [2026-07-22T13:16:04.092+0000] {dagbag.py:588} INFO - Filling up the DagBag from /home/airflow/.local/lib/python3.12/site-packages/airflow/example_dags/tutorial_objectstorage.py
[2026-07-22T13:16:04.111+0000] {processor.py:925} INFO - DAG(s) 'tutorial_objectstorage' retrieved from /home/airflow/.local/lib/python3.12/site-packages/airflow/example_dags/tutorial_objectstorage.py
[2026-07-22T13:16:04.145+0000] {logging_mixin.py:190} INFO - [2026-07-22T13:16:04.144+0000] {dag.py:3239} INFO - Sync 1 DAGs
[2026-07-22T13:16:04.169+0000] {logging_mixin.py:190} INFO - [2026-07-22T13:16:04.169+0000] {dag.py:4180} INFO - Setting next_dagrun for tutorial_objectstorage to None, run_after=None
[2026-07-22T13:16:04.205+0000] {processor.py:208} INFO - Processing /home/airflow/.local/lib/python3.12/site-packages/airflow/example_dags/tutorial_objectstorage.py took 0.132 seconds
[2026-07-22T13:16:35.352+0000] {processor.py:186} INFO - Started process (PID=1211) to work on /home/airflow/.local/lib/python3.12/site-packages/airflow/example_dags/tutorial_objectstorage.py
[2026-07-22T13:16:35.357+0000] {processor.py:914} INFO - Processing file /home/airflow/.local/lib/python3.12/site-packages/airflow/example_dags/tutorial_objectstorage.py for tasks to queue
[2026-07-22T13:16:35.365+0000] {logging_mixin.py:190} INFO - [2026-07-22T13:16:35.364+0000] {dagbag.py:588} INFO - Filling up the DagBag from /home/airflow/.local/lib/python3.12/site-packages/airflow/example_dags/tutorial_objectstorage.py
[2026-07-22T13:16:35.390+0000] {processor.py:925} INFO - DAG(s) 'tutorial_objectstorage' retrieved from /home/airflow/.local/lib/python3.12/site-packages/airflow/example_dags/tutorial_objectstorage.py
[2026-07-22T13:16:35.445+0000] {logging_mixin.py:190} INFO - [2026-07-22T13:16:35.444+0000] {dag.py:3239} INFO - Sync 1 DAGs
[2026-07-22T13:16:35.490+0000] {logging_mixin.py:190} INFO - [2026-07-22T13:16:35.489+0000] {dag.py:4180} INFO - Setting next_dagrun for tutorial_objectstorage to None, run_after=None
[2026-07-22T13:16:35.536+0000] {processor.py:208} INFO - Processing /home/airflow/.local/lib/python3.12/site-packages/airflow/example_dags/tutorial_objectstorage.py took 0.198 seconds
[2026-07-22T13:17:11.487+0000] {processor.py:186} INFO - Started process (PID=1274) to work on /home/airflow/.local/lib/python3.12/site-packages/airflow/example_dags/tutorial_objectstorage.py
[2026-07-22T13:17:11.505+0000] {processor.py:914} INFO - Processing file /home/airflow/.local/lib/python3.12/site-packages/airflow/example_dags/tutorial_objectstorage.py for tasks to queue
[2026-07-22T13:17:11.528+0000] {logging_mixin.py:190} INFO - [2026-07-22T13:17:11.526+0000] {dagbag.py:588} INFO - Filling up the DagBag from /home/airflow/.local/lib/python3.12/site-packages/airflow/example_dags/tutorial_objectstorage.py
[2026-07-22T13:17:11.601+0000] {processor.py:925} INFO - DAG(s) 'tutorial_objectstorage' retrieved from /home/airflow/.local/lib/python3.12/site-packages/airflow/example_dags/tutorial_objectstorage.py
[2026-07-22T13:17:11.724+0000] {logging_mixin.py:190} INFO - [2026-07-22T13:17:11.723+0000] {dag.py:3239} INFO - Sync 1 DAGs
[2026-07-22T13:17:11.851+0000] {logging_mixin.py:190} INFO - [2026-07-22T13:17:11.850+0000] {dag.py:4180} INFO - Setting next_dagrun for tutorial_objectstorage to None, run_after=None
[2026-07-22T13:17:11.947+0000] {processor.py:208} INFO - Processing /home/airflow/.local/lib/python3.12/site-packages/airflow/example_dags/tutorial_objectstorage.py took 0.540 seconds
[2026-07-22T13:17:42.423+0000] {processor.py:186} INFO - Started process (PID=1337) to work on /home/airflow/.local/lib/python3.12/site-packages/airflow/example_dags/tutorial_objectstorage.py
[2026-07-22T13:17:42.427+0000] {processor.py:914} INFO - Processing file /home/airflow/.local/lib/python3.12/site-packages/airflow/example_dags/tutorial_objectstorage.py for tasks to queue
[2026-07-22T13:17:42.435+0000] {logging_mixin.py:190} INFO - [2026-07-22T13:17:42.434+0000] {dagbag.py:588} INFO - Filling up the DagBag from /home/airflow/.local/lib/python3.12/site-packages/airflow/example_dags/tutorial_objectstorage.py
[2026-07-22T13:17:42.461+0000] {processor.py:925} INFO - DAG(s) 'tutorial_objectstorage' retrieved from /home/airflow/.local/lib/python3.12/site-packages/airflow/example_dags/tutorial_objectstorage.py
[2026-07-22T13:17:42.512+0000] {logging_mixin.py:190} INFO - [2026-07-22T13:17:42.511+0000] {dag.py:3239} INFO - Sync 1 DAGs
[2026-07-22T13:17:42.553+0000] {logging_mixin.py:190} INFO - [2026-07-22T13:17:42.552+0000] {dag.py:4180} INFO - Setting next_dagrun for tutorial_objectstorage to None, run_after=None
[2026-07-22T13:17:42.607+0000] {processor.py:208} INFO - Processing /home/airflow/.local/lib/python3.12/site-packages/airflow/example_dags/tutorial_objectstorage.py took 0.202 seconds
