[2026-07-22T13:07:18.835+0000] {processor.py:186} INFO - Started process (PID=97) to work on /home/airflow/.local/lib/python3.12/site-packages/airflow/example_dags/tutorial_dag.py
[2026-07-22T13:07:18.838+0000] {processor.py:914} INFO - Processing file /home/airflow/.local/lib/python3.12/site-packages/airflow/example_dags/tutorial_dag.py for tasks to queue
[2026-07-22T13:07:18.846+0000] {logging_mixin.py:190} INFO - [2026-07-22T13:07:18.845+0000] {dagbag.py:588} INFO - Filling up the DagBag from /home/airflow/.local/lib/python3.12/site-packages/airflow/example_dags/tutorial_dag.py
[2026-07-22T13:07:18.864+0000] {processor.py:925} INFO - DAG(s) 'tutorial_dag' retrieved from /home/airflow/.local/lib/python3.12/site-packages/airflow/example_dags/tutorial_dag.py
[2026-07-22T13:07:19.150+0000] {logging_mixin.py:190} INFO - [2026-07-22T13:07:19.149+0000] {override.py:1912} INFO - Created Permission View: can read on DAG:tutorial_dag
[2026-07-22T13:07:19.185+0000] {logging_mixin.py:190} INFO - [2026-07-22T13:07:19.184+0000] {override.py:1912} INFO - Created Permission View: can edit on DAG:tutorial_dag
[2026-07-22T13:07:19.204+0000] {logging_mixin.py:190} INFO - [2026-07-22T13:07:19.203+0000] {override.py:1912} INFO - Created Permission View: can delete on DAG:tutorial_dag
[2026-07-22T13:07:19.224+0000] {logging_mixin.py:190} INFO - [2026-07-22T13:07:19.224+0000] {override.py:1912} INFO - Created Permission View: can read on DAG Run:tutorial_dag
[2026-07-22T13:07:19.242+0000] {logging_mixin.py:190} INFO - [2026-07-22T13:07:19.242+0000] {override.py:1912} INFO - Created Permission View: menu access on DAG Run:tutorial_dag
[2026-07-22T13:07:19.260+0000] {logging_mixin.py:190} INFO - [2026-07-22T13:07:19.260+0000] {override.py:1912} INFO - Created Permission View: can create on DAG Run:tutorial_dag
[2026-07-22T13:07:19.283+0000] {logging_mixin.py:190} INFO - [2026-07-22T13:07:19.282+0000] {override.py:1912} INFO - Created Permission View: can delete on DAG Run:tutorial_dag
[2026-07-22T13:07:19.285+0000] {logging_mixin.py:190} INFO - [2026-07-22T13:07:19.285+0000] {dag.py:3239} INFO - Sync 1 DAGs
[2026-07-22T13:07:19.330+0000] {logging_mixin.py:190} INFO - [2026-07-22T13:07:19.330+0000] {dag.py:3262} INFO - Creating ORM DAG for tutorial_dag
[2026-07-22T13:07:19.334+0000] {logging_mixin.py:190} INFO - [2026-07-22T13:07:19.334+0000] {dag.py:4180} INFO - Setting next_dagrun for tutorial_dag to None, run_after=None
[2026-07-22T13:07:19.387+0000] {processor.py:208} INFO - Processing /home/airflow/.local/lib/python3.12/site-packages/airflow/example_dags/tutorial_dag.py took 0.566 seconds
[2026-07-22T13:07:49.666+0000] {processor.py:186} INFO - Started process (PID=159) to work on /home/airflow/.local/lib/python3.12/site-packages/airflow/example_dags/tutorial_dag.py
[2026-07-22T13:07:49.669+0000] {processor.py:914} INFO - Processing file /home/airflow/.local/lib/python3.12/site-packages/airflow/example_dags/tutorial_dag.py for tasks to queue
[2026-07-22T13:07:49.673+0000] {logging_mixin.py:190} INFO - [2026-07-22T13:07:49.673+0000] {dagbag.py:588} INFO - Filling up the DagBag from /home/airflow/.local/lib/python3.12/site-packages/airflow/example_dags/tutorial_dag.py
[2026-07-22T13:07:49.685+0000] {processor.py:925} INFO - DAG(s) 'tutorial_dag' retrieved from /home/airflow/.local/lib/python3.12/site-packages/airflow/example_dags/tutorial_dag.py
[2026-07-22T13:07:49.721+0000] {logging_mixin.py:190} INFO - [2026-07-22T13:07:49.720+0000] {dag.py:3239} INFO - Sync 1 DAGs
[2026-07-22T13:07:49.751+0000] {logging_mixin.py:190} INFO - [2026-07-22T13:07:49.751+0000] {dag.py:4180} INFO - Setting next_dagrun for tutorial_dag to None, run_after=None
[2026-07-22T13:07:49.806+0000] {processor.py:208} INFO - Processing /home/airflow/.local/lib/python3.12/site-packages/airflow/example_dags/tutorial_dag.py took 0.151 seconds
[2026-07-22T13:08:20.272+0000] {processor.py:186} INFO - Started process (PID=223) to work on /home/airflow/.local/lib/python3.12/site-packages/airflow/example_dags/tutorial_dag.py
[2026-07-22T13:08:20.285+0000] {processor.py:914} INFO - Processing file /home/airflow/.local/lib/python3.12/site-packages/airflow/example_dags/tutorial_dag.py for tasks to queue
[2026-07-22T13:08:20.293+0000] {logging_mixin.py:190} INFO - [2026-07-22T13:08:20.293+0000] {dagbag.py:588} INFO - Filling up the DagBag from /home/airflow/.local/lib/python3.12/site-packages/airflow/example_dags/tutorial_dag.py
[2026-07-22T13:08:20.324+0000] {processor.py:925} INFO - DAG(s) 'tutorial_dag' retrieved from /home/airflow/.local/lib/python3.12/site-packages/airflow/example_dags/tutorial_dag.py
[2026-07-22T13:08:20.399+0000] {logging_mixin.py:190} INFO - [2026-07-22T13:08:20.398+0000] {dag.py:3239} INFO - Sync 1 DAGs
[2026-07-22T13:08:20.488+0000] {logging_mixin.py:190} INFO - [2026-07-22T13:08:20.486+0000] {dag.py:4180} INFO - Setting next_dagrun for tutorial_dag to None, run_after=None
[2026-07-22T13:08:20.617+0000] {processor.py:208} INFO - Processing /home/airflow/.local/lib/python3.12/site-packages/airflow/example_dags/tutorial_dag.py took 0.374 seconds
[2026-07-22T13:08:51.476+0000] {processor.py:186} INFO - Started process (PID=286) to work on /home/airflow/.local/lib/python3.12/site-packages/airflow/example_dags/tutorial_dag.py
[2026-07-22T13:08:51.478+0000] {processor.py:914} INFO - Processing file /home/airflow/.local/lib/python3.12/site-packages/airflow/example_dags/tutorial_dag.py for tasks to queue
[2026-07-22T13:08:51.483+0000] {logging_mixin.py:190} INFO - [2026-07-22T13:08:51.483+0000] {dagbag.py:588} INFO - Filling up the DagBag from /home/airflow/.local/lib/python3.12/site-packages/airflow/example_dags/tutorial_dag.py
[2026-07-22T13:08:51.495+0000] {processor.py:925} INFO - DAG(s) 'tutorial_dag' retrieved from /home/airflow/.local/lib/python3.12/site-packages/airflow/example_dags/tutorial_dag.py
[2026-07-22T13:08:51.540+0000] {logging_mixin.py:190} INFO - [2026-07-22T13:08:51.540+0000] {dag.py:3239} INFO - Sync 1 DAGs
[2026-07-22T13:08:51.569+0000] {logging_mixin.py:190} INFO - [2026-07-22T13:08:51.569+0000] {dag.py:4180} INFO - Setting next_dagrun for tutorial_dag to None, run_after=None
[2026-07-22T13:08:51.606+0000] {processor.py:208} INFO - Processing /home/airflow/.local/lib/python3.12/site-packages/airflow/example_dags/tutorial_dag.py took 0.138 seconds
[2026-07-22T13:09:22.285+0000] {processor.py:186} INFO - Started process (PID=350) to work on /home/airflow/.local/lib/python3.12/site-packages/airflow/example_dags/tutorial_dag.py
[2026-07-22T13:09:22.287+0000] {processor.py:914} INFO - Processing file /home/airflow/.local/lib/python3.12/site-packages/airflow/example_dags/tutorial_dag.py for tasks to queue
[2026-07-22T13:09:22.292+0000] {logging_mixin.py:190} INFO - [2026-07-22T13:09:22.291+0000] {dagbag.py:588} INFO - Filling up the DagBag from /home/airflow/.local/lib/python3.12/site-packages/airflow/example_dags/tutorial_dag.py
[2026-07-22T13:09:22.307+0000] {processor.py:925} INFO - DAG(s) 'tutorial_dag' retrieved from /home/airflow/.local/lib/python3.12/site-packages/airflow/example_dags/tutorial_dag.py
[2026-07-22T13:09:22.339+0000] {logging_mixin.py:190} INFO - [2026-07-22T13:09:22.339+0000] {dag.py:3239} INFO - Sync 1 DAGs
[2026-07-22T13:09:22.364+0000] {logging_mixin.py:190} INFO - [2026-07-22T13:09:22.364+0000] {dag.py:4180} INFO - Setting next_dagrun for tutorial_dag to None, run_after=None
[2026-07-22T13:09:22.396+0000] {processor.py:208} INFO - Processing /home/airflow/.local/lib/python3.12/site-packages/airflow/example_dags/tutorial_dag.py took 0.120 seconds
[2026-07-22T13:09:52.470+0000] {processor.py:186} INFO - Started process (PID=412) to work on /home/airflow/.local/lib/python3.12/site-packages/airflow/example_dags/tutorial_dag.py
[2026-07-22T13:09:52.473+0000] {processor.py:914} INFO - Processing file /home/airflow/.local/lib/python3.12/site-packages/airflow/example_dags/tutorial_dag.py for tasks to queue
[2026-07-22T13:09:52.477+0000] {logging_mixin.py:190} INFO - [2026-07-22T13:09:52.476+0000] {dagbag.py:588} INFO - Filling up the DagBag from /home/airflow/.local/lib/python3.12/site-packages/airflow/example_dags/tutorial_dag.py
[2026-07-22T13:09:52.490+0000] {processor.py:925} INFO - DAG(s) 'tutorial_dag' retrieved from /home/airflow/.local/lib/python3.12/site-packages/airflow/example_dags/tutorial_dag.py
[2026-07-22T13:09:52.524+0000] {logging_mixin.py:190} INFO - [2026-07-22T13:09:52.524+0000] {dag.py:3239} INFO - Sync 1 DAGs
[2026-07-22T13:09:52.545+0000] {logging_mixin.py:190} INFO - [2026-07-22T13:09:52.545+0000] {dag.py:4180} INFO - Setting next_dagrun for tutorial_dag to None, run_after=None
[2026-07-22T13:09:52.578+0000] {processor.py:208} INFO - Processing /home/airflow/.local/lib/python3.12/site-packages/airflow/example_dags/tutorial_dag.py took 0.115 seconds
[2026-07-22T13:10:22.938+0000] {processor.py:186} INFO - Started process (PID=476) to work on /home/airflow/.local/lib/python3.12/site-packages/airflow/example_dags/tutorial_dag.py
[2026-07-22T13:10:22.941+0000] {processor.py:914} INFO - Processing file /home/airflow/.local/lib/python3.12/site-packages/airflow/example_dags/tutorial_dag.py for tasks to queue
[2026-07-22T13:10:22.949+0000] {logging_mixin.py:190} INFO - [2026-07-22T13:10:22.948+0000] {dagbag.py:588} INFO - Filling up the DagBag from /home/airflow/.local/lib/python3.12/site-packages/airflow/example_dags/tutorial_dag.py
[2026-07-22T13:10:22.976+0000] {processor.py:925} INFO - DAG(s) 'tutorial_dag' retrieved from /home/airflow/.local/lib/python3.12/site-packages/airflow/example_dags/tutorial_dag.py
[2026-07-22T13:10:23.055+0000] {logging_mixin.py:190} INFO - [2026-07-22T13:10:23.054+0000] {dag.py:3239} INFO - Sync 1 DAGs
[2026-07-22T13:10:23.143+0000] {logging_mixin.py:190} INFO - [2026-07-22T13:10:23.131+0000] {dag.py:4180} INFO - Setting next_dagrun for tutorial_dag to None, run_after=None
[2026-07-22T13:10:23.282+0000] {processor.py:208} INFO - Processing /home/airflow/.local/lib/python3.12/site-packages/airflow/example_dags/tutorial_dag.py took 0.361 seconds
[2026-07-22T13:10:53.840+0000] {processor.py:186} INFO - Started process (PID=539) to work on /home/airflow/.local/lib/python3.12/site-packages/airflow/example_dags/tutorial_dag.py
[2026-07-22T13:10:53.842+0000] {processor.py:914} INFO - Processing file /home/airflow/.local/lib/python3.12/site-packages/airflow/example_dags/tutorial_dag.py for tasks to queue
[2026-07-22T13:10:53.847+0000] {logging_mixin.py:190} INFO - [2026-07-22T13:10:53.847+0000] {dagbag.py:588} INFO - Filling up the DagBag from /home/airflow/.local/lib/python3.12/site-packages/airflow/example_dags/tutorial_dag.py
[2026-07-22T13:10:53.859+0000] {processor.py:925} INFO - DAG(s) 'tutorial_dag' retrieved from /home/airflow/.local/lib/python3.12/site-packages/airflow/example_dags/tutorial_dag.py
[2026-07-22T13:10:53.895+0000] {logging_mixin.py:190} INFO - [2026-07-22T13:10:53.894+0000] {dag.py:3239} INFO - Sync 1 DAGs
[2026-07-22T13:10:53.919+0000] {logging_mixin.py:190} INFO - [2026-07-22T13:10:53.918+0000] {dag.py:4180} INFO - Setting next_dagrun for tutorial_dag to None, run_after=None
[2026-07-22T13:10:53.954+0000] {processor.py:208} INFO - Processing /home/airflow/.local/lib/python3.12/site-packages/airflow/example_dags/tutorial_dag.py took 0.122 seconds
[2026-07-22T13:11:24.604+0000] {processor.py:186} INFO - Started process (PID=602) to work on /home/airflow/.local/lib/python3.12/site-packages/airflow/example_dags/tutorial_dag.py
[2026-07-22T13:11:24.607+0000] {processor.py:914} INFO - Processing file /home/airflow/.local/lib/python3.12/site-packages/airflow/example_dags/tutorial_dag.py for tasks to queue
[2026-07-22T13:11:24.615+0000] {logging_mixin.py:190} INFO - [2026-07-22T13:11:24.614+0000] {dagbag.py:588} INFO - Filling up the DagBag from /home/airflow/.local/lib/python3.12/site-packages/airflow/example_dags/tutorial_dag.py
[2026-07-22T13:11:24.635+0000] {processor.py:925} INFO - DAG(s) 'tutorial_dag' retrieved from /home/airflow/.local/lib/python3.12/site-packages/airflow/example_dags/tutorial_dag.py
[2026-07-22T13:11:24.687+0000] {logging_mixin.py:190} INFO - [2026-07-22T13:11:24.687+0000] {dag.py:3239} INFO - Sync 1 DAGs
[2026-07-22T13:11:24.729+0000] {logging_mixin.py:190} INFO - [2026-07-22T13:11:24.729+0000] {dag.py:4180} INFO - Setting next_dagrun for tutorial_dag to None, run_after=None
[2026-07-22T13:11:24.782+0000] {processor.py:208} INFO - Processing /home/airflow/.local/lib/python3.12/site-packages/airflow/example_dags/tutorial_dag.py took 0.193 seconds
[2026-07-22T13:11:55.675+0000] {processor.py:186} INFO - Started process (PID=665) to work on /home/airflow/.local/lib/python3.12/site-packages/airflow/example_dags/tutorial_dag.py
[2026-07-22T13:11:55.677+0000] {processor.py:914} INFO - Processing file /home/airflow/.local/lib/python3.12/site-packages/airflow/example_dags/tutorial_dag.py for tasks to queue
[2026-07-22T13:11:55.683+0000] {logging_mixin.py:190} INFO - [2026-07-22T13:11:55.683+0000] {dagbag.py:588} INFO - Filling up the DagBag from /home/airflow/.local/lib/python3.12/site-packages/airflow/example_dags/tutorial_dag.py
[2026-07-22T13:11:55.693+0000] {processor.py:925} INFO - DAG(s) 'tutorial_dag' retrieved from /home/airflow/.local/lib/python3.12/site-packages/airflow/example_dags/tutorial_dag.py
[2026-07-22T13:11:55.725+0000] {logging_mixin.py:190} INFO - [2026-07-22T13:11:55.725+0000] {dag.py:3239} INFO - Sync 1 DAGs
[2026-07-22T13:11:55.748+0000] {logging_mixin.py:190} INFO - [2026-07-22T13:11:55.747+0000] {dag.py:4180} INFO - Setting next_dagrun for tutorial_dag to None, run_after=None
[2026-07-22T13:11:55.783+0000] {processor.py:208} INFO - Processing /home/airflow/.local/lib/python3.12/site-packages/airflow/example_dags/tutorial_dag.py took 0.116 seconds
[2026-07-22T13:12:25.975+0000] {processor.py:186} INFO - Started process (PID=728) to work on /home/airflow/.local/lib/python3.12/site-packages/airflow/example_dags/tutorial_dag.py
[2026-07-22T13:12:25.978+0000] {processor.py:914} INFO - Processing file /home/airflow/.local/lib/python3.12/site-packages/airflow/example_dags/tutorial_dag.py for tasks to queue
[2026-07-22T13:12:25.983+0000] {logging_mixin.py:190} INFO - [2026-07-22T13:12:25.982+0000] {dagbag.py:588} INFO - Filling up the DagBag from /home/airflow/.local/lib/python3.12/site-packages/airflow/example_dags/tutorial_dag.py
[2026-07-22T13:12:25.998+0000] {processor.py:925} INFO - DAG(s) 'tutorial_dag' retrieved from /home/airflow/.local/lib/python3.12/site-packages/airflow/example_dags/tutorial_dag.py
[2026-07-22T13:12:26.060+0000] {logging_mixin.py:190} INFO - [2026-07-22T13:12:26.059+0000] {dag.py:3239} INFO - Sync 1 DAGs
[2026-07-22T13:12:26.091+0000] {logging_mixin.py:190} INFO - [2026-07-22T13:12:26.090+0000] {dag.py:4180} INFO - Setting next_dagrun for tutorial_dag to None, run_after=None
[2026-07-22T13:12:26.129+0000] {processor.py:208} INFO - Processing /home/airflow/.local/lib/python3.12/site-packages/airflow/example_dags/tutorial_dag.py took 0.166 seconds
[2026-07-22T13:12:56.255+0000] {processor.py:186} INFO - Started process (PID=791) to work on /home/airflow/.local/lib/python3.12/site-packages/airflow/example_dags/tutorial_dag.py
[2026-07-22T13:12:56.258+0000] {processor.py:914} INFO - Processing file /home/airflow/.local/lib/python3.12/site-packages/airflow/example_dags/tutorial_dag.py for tasks to queue
[2026-07-22T13:12:56.262+0000] {logging_mixin.py:190} INFO - [2026-07-22T13:12:56.262+0000] {dagbag.py:588} INFO - Filling up the DagBag from /home/airflow/.local/lib/python3.12/site-packages/airflow/example_dags/tutorial_dag.py
[2026-07-22T13:12:56.275+0000] {processor.py:925} INFO - DAG(s) 'tutorial_dag' retrieved from /home/airflow/.local/lib/python3.12/site-packages/airflow/example_dags/tutorial_dag.py
[2026-07-22T13:12:56.309+0000] {logging_mixin.py:190} INFO - [2026-07-22T13:12:56.309+0000] {dag.py:3239} INFO - Sync 1 DAGs
[2026-07-22T13:12:56.333+0000] {logging_mixin.py:190} INFO - [2026-07-22T13:12:56.333+0000] {dag.py:4180} INFO - Setting next_dagrun for tutorial_dag to None, run_after=None
[2026-07-22T13:12:56.369+0000] {processor.py:208} INFO - Processing /home/airflow/.local/lib/python3.12/site-packages/airflow/example_dags/tutorial_dag.py took 0.124 seconds
[2026-07-22T13:13:27.026+0000] {processor.py:186} INFO - Started process (PID=854) to work on /home/airflow/.local/lib/python3.12/site-packages/airflow/example_dags/tutorial_dag.py
[2026-07-22T13:13:27.029+0000] {processor.py:914} INFO - Processing file /home/airflow/.local/lib/python3.12/site-packages/airflow/example_dags/tutorial_dag.py for tasks to queue
[2026-07-22T13:13:27.036+0000] {logging_mixin.py:190} INFO - [2026-07-22T13:13:27.035+0000] {dagbag.py:588} INFO - Filling up the DagBag from /home/airflow/.local/lib/python3.12/site-packages/airflow/example_dags/tutorial_dag.py
[2026-07-22T13:13:27.049+0000] {processor.py:925} INFO - DAG(s) 'tutorial_dag' retrieved from /home/airflow/.local/lib/python3.12/site-packages/airflow/example_dags/tutorial_dag.py
[2026-07-22T13:13:27.083+0000] {logging_mixin.py:190} INFO - [2026-07-22T13:13:27.083+0000] {dag.py:3239} INFO - Sync 1 DAGs
[2026-07-22T13:13:27.108+0000] {logging_mixin.py:190} INFO - [2026-07-22T13:13:27.108+0000] {dag.py:4180} INFO - Setting next_dagrun for tutorial_dag to None, run_after=None
[2026-07-22T13:13:27.147+0000] {processor.py:208} INFO - Processing /home/airflow/.local/lib/python3.12/site-packages/airflow/example_dags/tutorial_dag.py took 0.136 seconds
[2026-07-22T13:13:57.793+0000] {processor.py:186} INFO - Started process (PID=915) to work on /home/airflow/.local/lib/python3.12/site-packages/airflow/example_dags/tutorial_dag.py
[2026-07-22T13:13:57.795+0000] {processor.py:914} INFO - Processing file /home/airflow/.local/lib/python3.12/site-packages/airflow/example_dags/tutorial_dag.py for tasks to queue
[2026-07-22T13:13:57.801+0000] {logging_mixin.py:190} INFO - [2026-07-22T13:13:57.800+0000] {dagbag.py:588} INFO - Filling up the DagBag from /home/airflow/.local/lib/python3.12/site-packages/airflow/example_dags/tutorial_dag.py
[2026-07-22T13:13:57.819+0000] {processor.py:925} INFO - DAG(s) 'tutorial_dag' retrieved from /home/airflow/.local/lib/python3.12/site-packages/airflow/example_dags/tutorial_dag.py
[2026-07-22T13:13:57.873+0000] {logging_mixin.py:190} INFO - [2026-07-22T13:13:57.872+0000] {dag.py:3239} INFO - Sync 1 DAGs
[2026-07-22T13:13:57.908+0000] {logging_mixin.py:190} INFO - [2026-07-22T13:13:57.908+0000] {dag.py:4180} INFO - Setting next_dagrun for tutorial_dag to None, run_after=None
[2026-07-22T13:13:57.953+0000] {processor.py:208} INFO - Processing /home/airflow/.local/lib/python3.12/site-packages/airflow/example_dags/tutorial_dag.py took 0.171 seconds
[2026-07-22T13:14:28.895+0000] {processor.py:186} INFO - Started process (PID=977) to work on /home/airflow/.local/lib/python3.12/site-packages/airflow/example_dags/tutorial_dag.py
[2026-07-22T13:14:28.898+0000] {processor.py:914} INFO - Processing file /home/airflow/.local/lib/python3.12/site-packages/airflow/example_dags/tutorial_dag.py for tasks to queue
[2026-07-22T13:14:28.902+0000] {logging_mixin.py:190} INFO - [2026-07-22T13:14:28.901+0000] {dagbag.py:588} INFO - Filling up the DagBag from /home/airflow/.local/lib/python3.12/site-packages/airflow/example_dags/tutorial_dag.py
[2026-07-22T13:14:28.917+0000] {processor.py:925} INFO - DAG(s) 'tutorial_dag' retrieved from /home/airflow/.local/lib/python3.12/site-packages/airflow/example_dags/tutorial_dag.py
[2026-07-22T13:14:28.961+0000] {logging_mixin.py:190} INFO - [2026-07-22T13:14:28.961+0000] {dag.py:3239} INFO - Sync 1 DAGs
[2026-07-22T13:14:28.991+0000] {logging_mixin.py:190} INFO - [2026-07-22T13:14:28.991+0000] {dag.py:4180} INFO - Setting next_dagrun for tutorial_dag to None, run_after=None
[2026-07-22T13:14:29.032+0000] {processor.py:208} INFO - Processing /home/airflow/.local/lib/python3.12/site-packages/airflow/example_dags/tutorial_dag.py took 0.147 seconds
[2026-07-22T13:15:00.505+0000] {processor.py:186} INFO - Started process (PID=1033) to work on /home/airflow/.local/lib/python3.12/site-packages/airflow/example_dags/tutorial_dag.py
[2026-07-22T13:15:00.508+0000] {processor.py:914} INFO - Processing file /home/airflow/.local/lib/python3.12/site-packages/airflow/example_dags/tutorial_dag.py for tasks to queue
[2026-07-22T13:15:00.514+0000] {logging_mixin.py:190} INFO - [2026-07-22T13:15:00.513+0000] {dagbag.py:588} INFO - Filling up the DagBag from /home/airflow/.local/lib/python3.12/site-packages/airflow/example_dags/tutorial_dag.py
[2026-07-22T13:15:00.532+0000] {processor.py:925} INFO - DAG(s) 'tutorial_dag' retrieved from /home/airflow/.local/lib/python3.12/site-packages/airflow/example_dags/tutorial_dag.py
[2026-07-22T13:15:00.576+0000] {logging_mixin.py:190} INFO - [2026-07-22T13:15:00.575+0000] {dag.py:3239} INFO - Sync 1 DAGs
[2026-07-22T13:15:00.606+0000] {logging_mixin.py:190} INFO - [2026-07-22T13:15:00.605+0000] {dag.py:4180} INFO - Setting next_dagrun for tutorial_dag to None, run_after=None
[2026-07-22T13:15:00.647+0000] {processor.py:208} INFO - Processing /home/airflow/.local/lib/python3.12/site-packages/airflow/example_dags/tutorial_dag.py took 0.152 seconds
[2026-07-22T13:15:36.102+0000] {processor.py:186} INFO - Started process (PID=1097) to work on /home/airflow/.local/lib/python3.12/site-packages/airflow/example_dags/tutorial_dag.py
[2026-07-22T13:15:36.109+0000] {processor.py:914} INFO - Processing file /home/airflow/.local/lib/python3.12/site-packages/airflow/example_dags/tutorial_dag.py for tasks to queue
[2026-07-22T13:15:36.120+0000] {logging_mixin.py:190} INFO - [2026-07-22T13:15:36.119+0000] {dagbag.py:588} INFO - Filling up the DagBag from /home/airflow/.local/lib/python3.12/site-packages/airflow/example_dags/tutorial_dag.py
[2026-07-22T13:15:36.147+0000] {processor.py:925} INFO - DAG(s) 'tutorial_dag' retrieved from /home/airflow/.local/lib/python3.12/site-packages/airflow/example_dags/tutorial_dag.py
[2026-07-22T13:15:36.197+0000] {logging_mixin.py:190} INFO - [2026-07-22T13:15:36.196+0000] {dag.py:3239} INFO - Sync 1 DAGs
[2026-07-22T13:15:36.235+0000] {logging_mixin.py:190} INFO - [2026-07-22T13:15:36.234+0000] {dag.py:4180} INFO - Setting next_dagrun for tutorial_dag to None, run_after=None
[2026-07-22T13:15:36.297+0000] {processor.py:208} INFO - Processing /home/airflow/.local/lib/python3.12/site-packages/airflow/example_dags/tutorial_dag.py took 0.218 seconds
[2026-07-22T13:16:09.076+0000] {processor.py:186} INFO - Started process (PID=1160) to work on /home/airflow/.local/lib/python3.12/site-packages/airflow/example_dags/tutorial_dag.py
[2026-07-22T13:16:09.084+0000] {processor.py:914} INFO - Processing file /home/airflow/.local/lib/python3.12/site-packages/airflow/example_dags/tutorial_dag.py for tasks to queue
[2026-07-22T13:16:09.099+0000] {logging_mixin.py:190} INFO - [2026-07-22T13:16:09.098+0000] {dagbag.py:588} INFO - Filling up the DagBag from /home/airflow/.local/lib/python3.12/site-packages/airflow/example_dags/tutorial_dag.py
[2026-07-22T13:16:09.140+0000] {processor.py:925} INFO - DAG(s) 'tutorial_dag' retrieved from /home/airflow/.local/lib/python3.12/site-packages/airflow/example_dags/tutorial_dag.py
[2026-07-22T13:16:09.263+0000] {logging_mixin.py:190} INFO - [2026-07-22T13:16:09.261+0000] {dag.py:3239} INFO - Sync 1 DAGs
[2026-07-22T13:16:09.376+0000] {logging_mixin.py:190} INFO - [2026-07-22T13:16:09.375+0000] {dag.py:4180} INFO - Setting next_dagrun for tutorial_dag to None, run_after=None
[2026-07-22T13:16:09.480+0000] {processor.py:208} INFO - Processing /home/airflow/.local/lib/python3.12/site-packages/airflow/example_dags/tutorial_dag.py took 0.459 seconds
[2026-07-22T13:16:40.453+0000] {processor.py:186} INFO - Started process (PID=1223) to work on /home/airflow/.local/lib/python3.12/site-packages/airflow/example_dags/tutorial_dag.py
[2026-07-22T13:16:40.456+0000] {processor.py:914} INFO - Processing file /home/airflow/.local/lib/python3.12/site-packages/airflow/example_dags/tutorial_dag.py for tasks to queue
[2026-07-22T13:16:40.463+0000] {logging_mixin.py:190} INFO - [2026-07-22T13:16:40.463+0000] {dagbag.py:588} INFO - Filling up the DagBag from /home/airflow/.local/lib/python3.12/site-packages/airflow/example_dags/tutorial_dag.py
[2026-07-22T13:16:40.480+0000] {processor.py:925} INFO - DAG(s) 'tutorial_dag' retrieved from /home/airflow/.local/lib/python3.12/site-packages/airflow/example_dags/tutorial_dag.py
[2026-07-22T13:16:40.519+0000] {logging_mixin.py:190} INFO - [2026-07-22T13:16:40.519+0000] {dag.py:3239} INFO - Sync 1 DAGs
[2026-07-22T13:16:40.548+0000] {logging_mixin.py:190} INFO - [2026-07-22T13:16:40.547+0000] {dag.py:4180} INFO - Setting next_dagrun for tutorial_dag to None, run_after=None
[2026-07-22T13:16:40.587+0000] {processor.py:208} INFO - Processing /home/airflow/.local/lib/python3.12/site-packages/airflow/example_dags/tutorial_dag.py took 0.151 seconds
[2026-07-22T13:17:13.952+0000] {processor.py:186} INFO - Started process (PID=1281) to work on /home/airflow/.local/lib/python3.12/site-packages/airflow/example_dags/tutorial_dag.py
[2026-07-22T13:17:13.965+0000] {processor.py:914} INFO - Processing file /home/airflow/.local/lib/python3.12/site-packages/airflow/example_dags/tutorial_dag.py for tasks to queue
[2026-07-22T13:17:13.989+0000] {logging_mixin.py:190} INFO - [2026-07-22T13:17:13.986+0000] {dagbag.py:588} INFO - Filling up the DagBag from /home/airflow/.local/lib/python3.12/site-packages/airflow/example_dags/tutorial_dag.py
[2026-07-22T13:17:14.030+0000] {processor.py:925} INFO - DAG(s) 'tutorial_dag' retrieved from /home/airflow/.local/lib/python3.12/site-packages/airflow/example_dags/tutorial_dag.py
[2026-07-22T13:17:14.116+0000] {logging_mixin.py:190} INFO - [2026-07-22T13:17:14.115+0000] {dag.py:3239} INFO - Sync 1 DAGs
[2026-07-22T13:17:14.191+0000] {logging_mixin.py:190} INFO - [2026-07-22T13:17:14.190+0000] {dag.py:4180} INFO - Setting next_dagrun for tutorial_dag to None, run_after=None
[2026-07-22T13:17:14.343+0000] {processor.py:208} INFO - Processing /home/airflow/.local/lib/python3.12/site-packages/airflow/example_dags/tutorial_dag.py took 0.444 seconds
[2026-07-22T13:17:44.986+0000] {processor.py:186} INFO - Started process (PID=1344) to work on /home/airflow/.local/lib/python3.12/site-packages/airflow/example_dags/tutorial_dag.py
[2026-07-22T13:17:44.991+0000] {processor.py:914} INFO - Processing file /home/airflow/.local/lib/python3.12/site-packages/airflow/example_dags/tutorial_dag.py for tasks to queue
[2026-07-22T13:17:45.000+0000] {logging_mixin.py:190} INFO - [2026-07-22T13:17:44.999+0000] {dagbag.py:588} INFO - Filling up the DagBag from /home/airflow/.local/lib/python3.12/site-packages/airflow/example_dags/tutorial_dag.py
[2026-07-22T13:17:45.029+0000] {processor.py:925} INFO - DAG(s) 'tutorial_dag' retrieved from /home/airflow/.local/lib/python3.12/site-packages/airflow/example_dags/tutorial_dag.py
[2026-07-22T13:17:45.092+0000] {logging_mixin.py:190} INFO - [2026-07-22T13:17:45.092+0000] {dag.py:3239} INFO - Sync 1 DAGs
[2026-07-22T13:17:45.132+0000] {logging_mixin.py:190} INFO - [2026-07-22T13:17:45.132+0000] {dag.py:4180} INFO - Setting next_dagrun for tutorial_dag to None, run_after=None
[2026-07-22T13:17:45.177+0000] {processor.py:208} INFO - Processing /home/airflow/.local/lib/python3.12/site-packages/airflow/example_dags/tutorial_dag.py took 0.207 seconds
