[2026-07-22T13:07:31.343+0000] {processor.py:186} INFO - Started process (PID=117) to work on /home/airflow/.local/lib/python3.12/site-packages/airflow/example_dags/tutorial_taskflow_api.py
[2026-07-22T13:07:31.347+0000] {processor.py:914} INFO - Processing file /home/airflow/.local/lib/python3.12/site-packages/airflow/example_dags/tutorial_taskflow_api.py for tasks to queue
[2026-07-22T13:07:31.354+0000] {logging_mixin.py:190} INFO - [2026-07-22T13:07:31.353+0000] {dagbag.py:588} INFO - Filling up the DagBag from /home/airflow/.local/lib/python3.12/site-packages/airflow/example_dags/tutorial_taskflow_api.py
[2026-07-22T13:07:31.371+0000] {processor.py:925} INFO - DAG(s) 'tutorial_taskflow_api' retrieved from /home/airflow/.local/lib/python3.12/site-packages/airflow/example_dags/tutorial_taskflow_api.py
[2026-07-22T13:07:31.632+0000] {logging_mixin.py:190} INFO - [2026-07-22T13:07:31.631+0000] {override.py:1912} INFO - Created Permission View: can read on DAG:tutorial_taskflow_api
[2026-07-22T13:07:31.655+0000] {logging_mixin.py:190} INFO - [2026-07-22T13:07:31.654+0000] {override.py:1912} INFO - Created Permission View: can edit on DAG:tutorial_taskflow_api
[2026-07-22T13:07:31.672+0000] {logging_mixin.py:190} INFO - [2026-07-22T13:07:31.671+0000] {override.py:1912} INFO - Created Permission View: can delete on DAG:tutorial_taskflow_api
[2026-07-22T13:07:31.691+0000] {logging_mixin.py:190} INFO - [2026-07-22T13:07:31.691+0000] {override.py:1912} INFO - Created Permission View: can read on DAG Run:tutorial_taskflow_api
[2026-07-22T13:07:31.705+0000] {logging_mixin.py:190} INFO - [2026-07-22T13:07:31.705+0000] {override.py:1912} INFO - Created Permission View: menu access on DAG Run:tutorial_taskflow_api
[2026-07-22T13:07:31.721+0000] {logging_mixin.py:190} INFO - [2026-07-22T13:07:31.720+0000] {override.py:1912} INFO - Created Permission View: can create on DAG Run:tutorial_taskflow_api
[2026-07-22T13:07:31.739+0000] {logging_mixin.py:190} INFO - [2026-07-22T13:07:31.738+0000] {override.py:1912} INFO - Created Permission View: can delete on DAG Run:tutorial_taskflow_api
[2026-07-22T13:07:31.742+0000] {logging_mixin.py:190} INFO - [2026-07-22T13:07:31.741+0000] {dag.py:3239} INFO - Sync 1 DAGs
[2026-07-22T13:07:31.774+0000] {logging_mixin.py:190} INFO - [2026-07-22T13:07:31.773+0000] {dag.py:3262} INFO - Creating ORM DAG for tutorial_taskflow_api
[2026-07-22T13:07:31.778+0000] {logging_mixin.py:190} INFO - [2026-07-22T13:07:31.777+0000] {dag.py:4180} INFO - Setting next_dagrun for tutorial_taskflow_api to None, run_after=None
[2026-07-22T13:07:31.821+0000] {processor.py:208} INFO - Processing /home/airflow/.local/lib/python3.12/site-packages/airflow/example_dags/tutorial_taskflow_api.py took 0.487 seconds
[2026-07-22T13:08:02.126+0000] {processor.py:186} INFO - Started process (PID=179) to work on /home/airflow/.local/lib/python3.12/site-packages/airflow/example_dags/tutorial_taskflow_api.py
[2026-07-22T13:08:02.129+0000] {processor.py:914} INFO - Processing file /home/airflow/.local/lib/python3.12/site-packages/airflow/example_dags/tutorial_taskflow_api.py for tasks to queue
[2026-07-22T13:08:02.133+0000] {logging_mixin.py:190} INFO - [2026-07-22T13:08:02.133+0000] {dagbag.py:588} INFO - Filling up the DagBag from /home/airflow/.local/lib/python3.12/site-packages/airflow/example_dags/tutorial_taskflow_api.py
[2026-07-22T13:08:02.148+0000] {processor.py:925} INFO - DAG(s) 'tutorial_taskflow_api' retrieved from /home/airflow/.local/lib/python3.12/site-packages/airflow/example_dags/tutorial_taskflow_api.py
[2026-07-22T13:08:02.183+0000] {logging_mixin.py:190} INFO - [2026-07-22T13:08:02.182+0000] {dag.py:3239} INFO - Sync 1 DAGs
[2026-07-22T13:08:02.213+0000] {logging_mixin.py:190} INFO - [2026-07-22T13:08:02.212+0000] {dag.py:4180} INFO - Setting next_dagrun for tutorial_taskflow_api to None, run_after=None
[2026-07-22T13:08:02.272+0000] {processor.py:208} INFO - Processing /home/airflow/.local/lib/python3.12/site-packages/airflow/example_dags/tutorial_taskflow_api.py took 0.168 seconds
[2026-07-22T13:08:36.234+0000] {processor.py:186} INFO - Started process (PID=244) to work on /home/airflow/.local/lib/python3.12/site-packages/airflow/example_dags/tutorial_taskflow_api.py
[2026-07-22T13:08:36.237+0000] {processor.py:914} INFO - Processing file /home/airflow/.local/lib/python3.12/site-packages/airflow/example_dags/tutorial_taskflow_api.py for tasks to queue
[2026-07-22T13:08:36.248+0000] {logging_mixin.py:190} INFO - [2026-07-22T13:08:36.246+0000] {dagbag.py:588} INFO - Filling up the DagBag from /home/airflow/.local/lib/python3.12/site-packages/airflow/example_dags/tutorial_taskflow_api.py
[2026-07-22T13:08:36.273+0000] {processor.py:925} INFO - DAG(s) 'tutorial_taskflow_api' retrieved from /home/airflow/.local/lib/python3.12/site-packages/airflow/example_dags/tutorial_taskflow_api.py
[2026-07-22T13:08:36.325+0000] {logging_mixin.py:190} INFO - [2026-07-22T13:08:36.325+0000] {dag.py:3239} INFO - Sync 1 DAGs
[2026-07-22T13:08:36.359+0000] {logging_mixin.py:190} INFO - [2026-07-22T13:08:36.359+0000] {dag.py:4180} INFO - Setting next_dagrun for tutorial_taskflow_api to None, run_after=None
[2026-07-22T13:08:36.401+0000] {processor.py:208} INFO - Processing /home/airflow/.local/lib/python3.12/site-packages/airflow/example_dags/tutorial_taskflow_api.py took 0.183 seconds
[2026-07-22T13:09:06.551+0000] {processor.py:186} INFO - Started process (PID=306) to work on /home/airflow/.local/lib/python3.12/site-packages/airflow/example_dags/tutorial_taskflow_api.py
[2026-07-22T13:09:06.554+0000] {processor.py:914} INFO - Processing file /home/airflow/.local/lib/python3.12/site-packages/airflow/example_dags/tutorial_taskflow_api.py for tasks to queue
[2026-07-22T13:09:06.558+0000] {logging_mixin.py:190} INFO - [2026-07-22T13:09:06.557+0000] {dagbag.py:588} INFO - Filling up the DagBag from /home/airflow/.local/lib/python3.12/site-packages/airflow/example_dags/tutorial_taskflow_api.py
[2026-07-22T13:09:06.572+0000] {processor.py:925} INFO - DAG(s) 'tutorial_taskflow_api' retrieved from /home/airflow/.local/lib/python3.12/site-packages/airflow/example_dags/tutorial_taskflow_api.py
[2026-07-22T13:09:06.608+0000] {logging_mixin.py:190} INFO - [2026-07-22T13:09:06.607+0000] {dag.py:3239} INFO - Sync 1 DAGs
[2026-07-22T13:09:06.636+0000] {logging_mixin.py:190} INFO - [2026-07-22T13:09:06.636+0000] {dag.py:4180} INFO - Setting next_dagrun for tutorial_taskflow_api to None, run_after=None
[2026-07-22T13:09:06.672+0000] {processor.py:208} INFO - Processing /home/airflow/.local/lib/python3.12/site-packages/airflow/example_dags/tutorial_taskflow_api.py took 0.132 seconds
[2026-07-22T13:09:37.610+0000] {processor.py:186} INFO - Started process (PID=370) to work on /home/airflow/.local/lib/python3.12/site-packages/airflow/example_dags/tutorial_taskflow_api.py
[2026-07-22T13:09:37.613+0000] {processor.py:914} INFO - Processing file /home/airflow/.local/lib/python3.12/site-packages/airflow/example_dags/tutorial_taskflow_api.py for tasks to queue
[2026-07-22T13:09:37.620+0000] {logging_mixin.py:190} INFO - [2026-07-22T13:09:37.619+0000] {dagbag.py:588} INFO - Filling up the DagBag from /home/airflow/.local/lib/python3.12/site-packages/airflow/example_dags/tutorial_taskflow_api.py
[2026-07-22T13:09:37.640+0000] {processor.py:925} INFO - DAG(s) 'tutorial_taskflow_api' retrieved from /home/airflow/.local/lib/python3.12/site-packages/airflow/example_dags/tutorial_taskflow_api.py
[2026-07-22T13:09:37.671+0000] {logging_mixin.py:190} INFO - [2026-07-22T13:09:37.670+0000] {dag.py:3239} INFO - Sync 1 DAGs
[2026-07-22T13:09:37.691+0000] {logging_mixin.py:190} INFO - [2026-07-22T13:09:37.691+0000] {dag.py:4180} INFO - Setting next_dagrun for tutorial_taskflow_api to None, run_after=None
[2026-07-22T13:09:37.726+0000] {processor.py:208} INFO - Processing /home/airflow/.local/lib/python3.12/site-packages/airflow/example_dags/tutorial_taskflow_api.py took 0.131 seconds
[2026-07-22T13:10:08.389+0000] {processor.py:186} INFO - Started process (PID=432) to work on /home/airflow/.local/lib/python3.12/site-packages/airflow/example_dags/tutorial_taskflow_api.py
[2026-07-22T13:10:08.392+0000] {processor.py:914} INFO - Processing file /home/airflow/.local/lib/python3.12/site-packages/airflow/example_dags/tutorial_taskflow_api.py for tasks to queue
[2026-07-22T13:10:08.397+0000] {logging_mixin.py:190} INFO - [2026-07-22T13:10:08.396+0000] {dagbag.py:588} INFO - Filling up the DagBag from /home/airflow/.local/lib/python3.12/site-packages/airflow/example_dags/tutorial_taskflow_api.py
[2026-07-22T13:10:08.412+0000] {processor.py:925} INFO - DAG(s) 'tutorial_taskflow_api' retrieved from /home/airflow/.local/lib/python3.12/site-packages/airflow/example_dags/tutorial_taskflow_api.py
[2026-07-22T13:10:08.448+0000] {logging_mixin.py:190} INFO - [2026-07-22T13:10:08.447+0000] {dag.py:3239} INFO - Sync 1 DAGs
[2026-07-22T13:10:08.469+0000] {logging_mixin.py:190} INFO - [2026-07-22T13:10:08.469+0000] {dag.py:4180} INFO - Setting next_dagrun for tutorial_taskflow_api to None, run_after=None
[2026-07-22T13:10:08.503+0000] {processor.py:208} INFO - Processing /home/airflow/.local/lib/python3.12/site-packages/airflow/example_dags/tutorial_taskflow_api.py took 0.122 seconds
[2026-07-22T13:10:40.045+0000] {processor.py:186} INFO - Started process (PID=495) to work on /home/airflow/.local/lib/python3.12/site-packages/airflow/example_dags/tutorial_taskflow_api.py
[2026-07-22T13:10:40.048+0000] {processor.py:914} INFO - Processing file /home/airflow/.local/lib/python3.12/site-packages/airflow/example_dags/tutorial_taskflow_api.py for tasks to queue
[2026-07-22T13:10:40.054+0000] {logging_mixin.py:190} INFO - [2026-07-22T13:10:40.054+0000] {dagbag.py:588} INFO - Filling up the DagBag from /home/airflow/.local/lib/python3.12/site-packages/airflow/example_dags/tutorial_taskflow_api.py
[2026-07-22T13:10:40.071+0000] {processor.py:925} INFO - DAG(s) 'tutorial_taskflow_api' retrieved from /home/airflow/.local/lib/python3.12/site-packages/airflow/example_dags/tutorial_taskflow_api.py
[2026-07-22T13:10:40.112+0000] {logging_mixin.py:190} INFO - [2026-07-22T13:10:40.112+0000] {dag.py:3239} INFO - Sync 1 DAGs
[2026-07-22T13:10:40.141+0000] {logging_mixin.py:190} INFO - [2026-07-22T13:10:40.140+0000] {dag.py:4180} INFO - Setting next_dagrun for tutorial_taskflow_api to None, run_after=None
[2026-07-22T13:10:40.180+0000] {processor.py:208} INFO - Processing /home/airflow/.local/lib/python3.12/site-packages/airflow/example_dags/tutorial_taskflow_api.py took 0.143 seconds
[2026-07-22T13:11:10.961+0000] {processor.py:186} INFO - Started process (PID=558) to work on /home/airflow/.local/lib/python3.12/site-packages/airflow/example_dags/tutorial_taskflow_api.py
[2026-07-22T13:11:10.967+0000] {processor.py:914} INFO - Processing file /home/airflow/.local/lib/python3.12/site-packages/airflow/example_dags/tutorial_taskflow_api.py for tasks to queue
[2026-07-22T13:11:10.981+0000] {logging_mixin.py:190} INFO - [2026-07-22T13:11:10.979+0000] {dagbag.py:588} INFO - Filling up the DagBag from /home/airflow/.local/lib/python3.12/site-packages/airflow/example_dags/tutorial_taskflow_api.py
[2026-07-22T13:11:11.046+0000] {processor.py:925} INFO - DAG(s) 'tutorial_taskflow_api' retrieved from /home/airflow/.local/lib/python3.12/site-packages/airflow/example_dags/tutorial_taskflow_api.py
[2026-07-22T13:11:11.097+0000] {logging_mixin.py:190} INFO - [2026-07-22T13:11:11.097+0000] {dag.py:3239} INFO - Sync 1 DAGs
[2026-07-22T13:11:11.123+0000] {logging_mixin.py:190} INFO - [2026-07-22T13:11:11.122+0000] {dag.py:4180} INFO - Setting next_dagrun for tutorial_taskflow_api to None, run_after=None
[2026-07-22T13:11:11.159+0000] {processor.py:208} INFO - Processing /home/airflow/.local/lib/python3.12/site-packages/airflow/example_dags/tutorial_taskflow_api.py took 0.225 seconds
[2026-07-22T13:11:42.475+0000] {processor.py:186} INFO - Started process (PID=621) to work on /home/airflow/.local/lib/python3.12/site-packages/airflow/example_dags/tutorial_taskflow_api.py
[2026-07-22T13:11:42.477+0000] {processor.py:914} INFO - Processing file /home/airflow/.local/lib/python3.12/site-packages/airflow/example_dags/tutorial_taskflow_api.py for tasks to queue
[2026-07-22T13:11:42.482+0000] {logging_mixin.py:190} INFO - [2026-07-22T13:11:42.481+0000] {dagbag.py:588} INFO - Filling up the DagBag from /home/airflow/.local/lib/python3.12/site-packages/airflow/example_dags/tutorial_taskflow_api.py
[2026-07-22T13:11:42.494+0000] {processor.py:925} INFO - DAG(s) 'tutorial_taskflow_api' retrieved from /home/airflow/.local/lib/python3.12/site-packages/airflow/example_dags/tutorial_taskflow_api.py
[2026-07-22T13:11:42.530+0000] {logging_mixin.py:190} INFO - [2026-07-22T13:11:42.529+0000] {dag.py:3239} INFO - Sync 1 DAGs
[2026-07-22T13:11:42.555+0000] {logging_mixin.py:190} INFO - [2026-07-22T13:11:42.555+0000] {dag.py:4180} INFO - Setting next_dagrun for tutorial_taskflow_api to None, run_after=None
[2026-07-22T13:11:42.594+0000] {processor.py:208} INFO - Processing /home/airflow/.local/lib/python3.12/site-packages/airflow/example_dags/tutorial_taskflow_api.py took 0.127 seconds
[2026-07-22T13:12:15.066+0000] {processor.py:186} INFO - Started process (PID=684) to work on /home/airflow/.local/lib/python3.12/site-packages/airflow/example_dags/tutorial_taskflow_api.py
[2026-07-22T13:12:15.070+0000] {processor.py:914} INFO - Processing file /home/airflow/.local/lib/python3.12/site-packages/airflow/example_dags/tutorial_taskflow_api.py for tasks to queue
[2026-07-22T13:12:15.077+0000] {logging_mixin.py:190} INFO - [2026-07-22T13:12:15.076+0000] {dagbag.py:588} INFO - Filling up the DagBag from /home/airflow/.local/lib/python3.12/site-packages/airflow/example_dags/tutorial_taskflow_api.py
[2026-07-22T13:12:15.098+0000] {processor.py:925} INFO - DAG(s) 'tutorial_taskflow_api' retrieved from /home/airflow/.local/lib/python3.12/site-packages/airflow/example_dags/tutorial_taskflow_api.py
[2026-07-22T13:12:15.142+0000] {logging_mixin.py:190} INFO - [2026-07-22T13:12:15.142+0000] {dag.py:3239} INFO - Sync 1 DAGs
[2026-07-22T13:12:15.185+0000] {logging_mixin.py:190} INFO - [2026-07-22T13:12:15.185+0000] {dag.py:4180} INFO - Setting next_dagrun for tutorial_taskflow_api to None, run_after=None
[2026-07-22T13:12:15.236+0000] {processor.py:208} INFO - Processing /home/airflow/.local/lib/python3.12/site-packages/airflow/example_dags/tutorial_taskflow_api.py took 0.183 seconds
[2026-07-22T13:12:47.558+0000] {processor.py:186} INFO - Started process (PID=747) to work on /home/airflow/.local/lib/python3.12/site-packages/airflow/example_dags/tutorial_taskflow_api.py
[2026-07-22T13:12:47.561+0000] {processor.py:914} INFO - Processing file /home/airflow/.local/lib/python3.12/site-packages/airflow/example_dags/tutorial_taskflow_api.py for tasks to queue
[2026-07-22T13:12:47.567+0000] {logging_mixin.py:190} INFO - [2026-07-22T13:12:47.567+0000] {dagbag.py:588} INFO - Filling up the DagBag from /home/airflow/.local/lib/python3.12/site-packages/airflow/example_dags/tutorial_taskflow_api.py
[2026-07-22T13:12:47.596+0000] {processor.py:925} INFO - DAG(s) 'tutorial_taskflow_api' retrieved from /home/airflow/.local/lib/python3.12/site-packages/airflow/example_dags/tutorial_taskflow_api.py
[2026-07-22T13:12:47.661+0000] {logging_mixin.py:190} INFO - [2026-07-22T13:12:47.661+0000] {dag.py:3239} INFO - Sync 1 DAGs
[2026-07-22T13:12:47.710+0000] {logging_mixin.py:190} INFO - [2026-07-22T13:12:47.709+0000] {dag.py:4180} INFO - Setting next_dagrun for tutorial_taskflow_api to None, run_after=None
[2026-07-22T13:12:47.760+0000] {processor.py:208} INFO - Processing /home/airflow/.local/lib/python3.12/site-packages/airflow/example_dags/tutorial_taskflow_api.py took 0.221 seconds
[2026-07-22T13:13:20.054+0000] {processor.py:186} INFO - Started process (PID=817) to work on /home/airflow/.local/lib/python3.12/site-packages/airflow/example_dags/tutorial_taskflow_api.py
[2026-07-22T13:13:20.059+0000] {processor.py:914} INFO - Processing file /home/airflow/.local/lib/python3.12/site-packages/airflow/example_dags/tutorial_taskflow_api.py for tasks to queue
[2026-07-22T13:13:20.065+0000] {logging_mixin.py:190} INFO - [2026-07-22T13:13:20.064+0000] {dagbag.py:588} INFO - Filling up the DagBag from /home/airflow/.local/lib/python3.12/site-packages/airflow/example_dags/tutorial_taskflow_api.py
[2026-07-22T13:13:20.086+0000] {processor.py:925} INFO - DAG(s) 'tutorial_taskflow_api' retrieved from /home/airflow/.local/lib/python3.12/site-packages/airflow/example_dags/tutorial_taskflow_api.py
[2026-07-22T13:13:20.148+0000] {logging_mixin.py:190} INFO - [2026-07-22T13:13:20.148+0000] {dag.py:3239} INFO - Sync 1 DAGs
[2026-07-22T13:13:20.190+0000] {logging_mixin.py:190} INFO - [2026-07-22T13:13:20.190+0000] {dag.py:4180} INFO - Setting next_dagrun for tutorial_taskflow_api to None, run_after=None
[2026-07-22T13:13:20.234+0000] {processor.py:208} INFO - Processing /home/airflow/.local/lib/python3.12/site-packages/airflow/example_dags/tutorial_taskflow_api.py took 0.202 seconds
[2026-07-22T13:13:51.886+0000] {processor.py:186} INFO - Started process (PID=879) to work on /home/airflow/.local/lib/python3.12/site-packages/airflow/example_dags/tutorial_taskflow_api.py
[2026-07-22T13:13:51.890+0000] {processor.py:914} INFO - Processing file /home/airflow/.local/lib/python3.12/site-packages/airflow/example_dags/tutorial_taskflow_api.py for tasks to queue
[2026-07-22T13:13:51.896+0000] {logging_mixin.py:190} INFO - [2026-07-22T13:13:51.896+0000] {dagbag.py:588} INFO - Filling up the DagBag from /home/airflow/.local/lib/python3.12/site-packages/airflow/example_dags/tutorial_taskflow_api.py
[2026-07-22T13:13:51.922+0000] {processor.py:925} INFO - DAG(s) 'tutorial_taskflow_api' retrieved from /home/airflow/.local/lib/python3.12/site-packages/airflow/example_dags/tutorial_taskflow_api.py
[2026-07-22T13:13:51.974+0000] {logging_mixin.py:190} INFO - [2026-07-22T13:13:51.973+0000] {dag.py:3239} INFO - Sync 1 DAGs
[2026-07-22T13:13:52.013+0000] {logging_mixin.py:190} INFO - [2026-07-22T13:13:52.013+0000] {dag.py:4180} INFO - Setting next_dagrun for tutorial_taskflow_api to None, run_after=None
[2026-07-22T13:13:52.048+0000] {processor.py:208} INFO - Processing /home/airflow/.local/lib/python3.12/site-packages/airflow/example_dags/tutorial_taskflow_api.py took 0.173 seconds
[2026-07-22T13:14:24.143+0000] {processor.py:186} INFO - Started process (PID=942) to work on /home/airflow/.local/lib/python3.12/site-packages/airflow/example_dags/tutorial_taskflow_api.py
[2026-07-22T13:14:24.145+0000] {processor.py:914} INFO - Processing file /home/airflow/.local/lib/python3.12/site-packages/airflow/example_dags/tutorial_taskflow_api.py for tasks to queue
[2026-07-22T13:14:24.151+0000] {logging_mixin.py:190} INFO - [2026-07-22T13:14:24.150+0000] {dagbag.py:588} INFO - Filling up the DagBag from /home/airflow/.local/lib/python3.12/site-packages/airflow/example_dags/tutorial_taskflow_api.py
[2026-07-22T13:14:24.167+0000] {processor.py:925} INFO - DAG(s) 'tutorial_taskflow_api' retrieved from /home/airflow/.local/lib/python3.12/site-packages/airflow/example_dags/tutorial_taskflow_api.py
[2026-07-22T13:14:24.210+0000] {logging_mixin.py:190} INFO - [2026-07-22T13:14:24.209+0000] {dag.py:3239} INFO - Sync 1 DAGs
[2026-07-22T13:14:24.254+0000] {logging_mixin.py:190} INFO - [2026-07-22T13:14:24.254+0000] {dag.py:4180} INFO - Setting next_dagrun for tutorial_taskflow_api to None, run_after=None
[2026-07-22T13:14:24.296+0000] {processor.py:208} INFO - Processing /home/airflow/.local/lib/python3.12/site-packages/airflow/example_dags/tutorial_taskflow_api.py took 0.164 seconds
[2026-07-22T13:14:56.846+0000] {processor.py:186} INFO - Started process (PID=1011) to work on /home/airflow/.local/lib/python3.12/site-packages/airflow/example_dags/tutorial_taskflow_api.py
[2026-07-22T13:14:56.849+0000] {processor.py:914} INFO - Processing file /home/airflow/.local/lib/python3.12/site-packages/airflow/example_dags/tutorial_taskflow_api.py for tasks to queue
[2026-07-22T13:14:56.858+0000] {logging_mixin.py:190} INFO - [2026-07-22T13:14:56.857+0000] {dagbag.py:588} INFO - Filling up the DagBag from /home/airflow/.local/lib/python3.12/site-packages/airflow/example_dags/tutorial_taskflow_api.py
[2026-07-22T13:14:56.902+0000] {processor.py:925} INFO - DAG(s) 'tutorial_taskflow_api' retrieved from /home/airflow/.local/lib/python3.12/site-packages/airflow/example_dags/tutorial_taskflow_api.py
[2026-07-22T13:14:56.989+0000] {logging_mixin.py:190} INFO - [2026-07-22T13:14:56.988+0000] {dag.py:3239} INFO - Sync 1 DAGs
[2026-07-22T13:14:57.068+0000] {logging_mixin.py:190} INFO - [2026-07-22T13:14:57.067+0000] {dag.py:4180} INFO - Setting next_dagrun for tutorial_taskflow_api to None, run_after=None
[2026-07-22T13:14:57.141+0000] {processor.py:208} INFO - Processing /home/airflow/.local/lib/python3.12/site-packages/airflow/example_dags/tutorial_taskflow_api.py took 0.314 seconds
[2026-07-22T13:15:32.017+0000] {processor.py:186} INFO - Started process (PID=1082) to work on /home/airflow/.local/lib/python3.12/site-packages/airflow/example_dags/tutorial_taskflow_api.py
[2026-07-22T13:15:32.020+0000] {processor.py:914} INFO - Processing file /home/airflow/.local/lib/python3.12/site-packages/airflow/example_dags/tutorial_taskflow_api.py for tasks to queue
[2026-07-22T13:15:32.029+0000] {logging_mixin.py:190} INFO - [2026-07-22T13:15:32.027+0000] {dagbag.py:588} INFO - Filling up the DagBag from /home/airflow/.local/lib/python3.12/site-packages/airflow/example_dags/tutorial_taskflow_api.py
[2026-07-22T13:15:32.057+0000] {processor.py:925} INFO - DAG(s) 'tutorial_taskflow_api' retrieved from /home/airflow/.local/lib/python3.12/site-packages/airflow/example_dags/tutorial_taskflow_api.py
[2026-07-22T13:15:32.115+0000] {logging_mixin.py:190} INFO - [2026-07-22T13:15:32.114+0000] {dag.py:3239} INFO - Sync 1 DAGs
[2026-07-22T13:15:32.163+0000] {logging_mixin.py:190} INFO - [2026-07-22T13:15:32.162+0000] {dag.py:4180} INFO - Setting next_dagrun for tutorial_taskflow_api to None, run_after=None
[2026-07-22T13:15:32.235+0000] {processor.py:208} INFO - Processing /home/airflow/.local/lib/python3.12/site-packages/airflow/example_dags/tutorial_taskflow_api.py took 0.236 seconds
[2026-07-22T13:16:03.391+0000] {processor.py:186} INFO - Started process (PID=1144) to work on /home/airflow/.local/lib/python3.12/site-packages/airflow/example_dags/tutorial_taskflow_api.py
[2026-07-22T13:16:03.394+0000] {processor.py:914} INFO - Processing file /home/airflow/.local/lib/python3.12/site-packages/airflow/example_dags/tutorial_taskflow_api.py for tasks to queue
[2026-07-22T13:16:03.400+0000] {logging_mixin.py:190} INFO - [2026-07-22T13:16:03.400+0000] {dagbag.py:588} INFO - Filling up the DagBag from /home/airflow/.local/lib/python3.12/site-packages/airflow/example_dags/tutorial_taskflow_api.py
[2026-07-22T13:16:03.418+0000] {processor.py:925} INFO - DAG(s) 'tutorial_taskflow_api' retrieved from /home/airflow/.local/lib/python3.12/site-packages/airflow/example_dags/tutorial_taskflow_api.py
[2026-07-22T13:16:03.492+0000] {logging_mixin.py:190} INFO - [2026-07-22T13:16:03.490+0000] {dag.py:3239} INFO - Sync 1 DAGs
[2026-07-22T13:16:03.559+0000] {logging_mixin.py:190} INFO - [2026-07-22T13:16:03.558+0000] {dag.py:4180} INFO - Setting next_dagrun for tutorial_taskflow_api to None, run_after=None
[2026-07-22T13:16:03.627+0000] {processor.py:208} INFO - Processing /home/airflow/.local/lib/python3.12/site-packages/airflow/example_dags/tutorial_taskflow_api.py took 0.247 seconds
[2026-07-22T13:16:34.460+0000] {processor.py:186} INFO - Started process (PID=1207) to work on /home/airflow/.local/lib/python3.12/site-packages/airflow/example_dags/tutorial_taskflow_api.py
[2026-07-22T13:16:34.464+0000] {processor.py:914} INFO - Processing file /home/airflow/.local/lib/python3.12/site-packages/airflow/example_dags/tutorial_taskflow_api.py for tasks to queue
[2026-07-22T13:16:34.473+0000] {logging_mixin.py:190} INFO - [2026-07-22T13:16:34.472+0000] {dagbag.py:588} INFO - Filling up the DagBag from /home/airflow/.local/lib/python3.12/site-packages/airflow/example_dags/tutorial_taskflow_api.py
[2026-07-22T13:16:34.499+0000] {processor.py:925} INFO - DAG(s) 'tutorial_taskflow_api' retrieved from /home/airflow/.local/lib/python3.12/site-packages/airflow/example_dags/tutorial_taskflow_api.py
[2026-07-22T13:16:34.546+0000] {logging_mixin.py:190} INFO - [2026-07-22T13:16:34.545+0000] {dag.py:3239} INFO - Sync 1 DAGs
[2026-07-22T13:16:34.614+0000] {logging_mixin.py:190} INFO - [2026-07-22T13:16:34.613+0000] {dag.py:4180} INFO - Setting next_dagrun for tutorial_taskflow_api to None, run_after=None
[2026-07-22T13:16:34.675+0000] {processor.py:208} INFO - Processing /home/airflow/.local/lib/python3.12/site-packages/airflow/example_dags/tutorial_taskflow_api.py took 0.232 seconds
[2026-07-22T13:17:09.165+0000] {processor.py:186} INFO - Started process (PID=1270) to work on /home/airflow/.local/lib/python3.12/site-packages/airflow/example_dags/tutorial_taskflow_api.py
[2026-07-22T13:17:09.170+0000] {processor.py:914} INFO - Processing file /home/airflow/.local/lib/python3.12/site-packages/airflow/example_dags/tutorial_taskflow_api.py for tasks to queue
[2026-07-22T13:17:09.184+0000] {logging_mixin.py:190} INFO - [2026-07-22T13:17:09.183+0000] {dagbag.py:588} INFO - Filling up the DagBag from /home/airflow/.local/lib/python3.12/site-packages/airflow/example_dags/tutorial_taskflow_api.py
[2026-07-22T13:17:09.228+0000] {processor.py:925} INFO - DAG(s) 'tutorial_taskflow_api' retrieved from /home/airflow/.local/lib/python3.12/site-packages/airflow/example_dags/tutorial_taskflow_api.py
[2026-07-22T13:17:09.298+0000] {logging_mixin.py:190} INFO - [2026-07-22T13:17:09.297+0000] {dag.py:3239} INFO - Sync 1 DAGs
[2026-07-22T13:17:09.363+0000] {logging_mixin.py:190} INFO - [2026-07-22T13:17:09.362+0000] {dag.py:4180} INFO - Setting next_dagrun for tutorial_taskflow_api to None, run_after=None
[2026-07-22T13:17:09.535+0000] {processor.py:208} INFO - Processing /home/airflow/.local/lib/python3.12/site-packages/airflow/example_dags/tutorial_taskflow_api.py took 0.420 seconds
[2026-07-22T13:17:39.740+0000] {processor.py:186} INFO - Started process (PID=1332) to work on /home/airflow/.local/lib/python3.12/site-packages/airflow/example_dags/tutorial_taskflow_api.py
[2026-07-22T13:17:39.743+0000] {processor.py:914} INFO - Processing file /home/airflow/.local/lib/python3.12/site-packages/airflow/example_dags/tutorial_taskflow_api.py for tasks to queue
[2026-07-22T13:17:39.752+0000] {logging_mixin.py:190} INFO - [2026-07-22T13:17:39.751+0000] {dagbag.py:588} INFO - Filling up the DagBag from /home/airflow/.local/lib/python3.12/site-packages/airflow/example_dags/tutorial_taskflow_api.py
[2026-07-22T13:17:39.777+0000] {processor.py:925} INFO - DAG(s) 'tutorial_taskflow_api' retrieved from /home/airflow/.local/lib/python3.12/site-packages/airflow/example_dags/tutorial_taskflow_api.py
[2026-07-22T13:17:39.835+0000] {logging_mixin.py:190} INFO - [2026-07-22T13:17:39.834+0000] {dag.py:3239} INFO - Sync 1 DAGs
[2026-07-22T13:17:39.885+0000] {logging_mixin.py:190} INFO - [2026-07-22T13:17:39.885+0000] {dag.py:4180} INFO - Setting next_dagrun for tutorial_taskflow_api to None, run_after=None
[2026-07-22T13:17:39.945+0000] {processor.py:208} INFO - Processing /home/airflow/.local/lib/python3.12/site-packages/airflow/example_dags/tutorial_taskflow_api.py took 0.222 seconds
