[2026-07-24T13:37:24.195+0000] {local_task_job_runner.py:123} INFO - ::group::Pre task execution logs
[2026-07-24T13:37:24.232+0000] {taskinstance.py:2614} INFO - Dependencies all met for dep_context=non-requeueable deps ti=<TaskInstance: football_world_cup_pipeline.load_matches manual__2026-07-24T13:37:12.111139+00:00 [queued]>
[2026-07-24T13:37:24.254+0000] {taskinstance.py:2614} INFO - Dependencies all met for dep_context=requeueable deps ti=<TaskInstance: football_world_cup_pipeline.load_matches manual__2026-07-24T13:37:12.111139+00:00 [queued]>
[2026-07-24T13:37:24.257+0000] {taskinstance.py:2867} INFO - Starting attempt 1 of 2
[2026-07-24T13:37:24.287+0000] {taskinstance.py:2890} INFO - Executing <Task(PythonOperator): load_matches> on 2026-07-24 13:37:12.111139+00:00
[2026-07-24T13:37:24.302+0000] {warnings.py:112} WARNING - /home/***/.local/lib/python3.12/site-packages/***/task/task_runner/standard_task_runner.py:70: DeprecationWarning: This process (pid=565) is multi-threaded, use of fork() may lead to deadlocks in the child.
  pid = os.fork()

[2026-07-24T13:37:24.309+0000] {standard_task_runner.py:72} INFO - Started process 567 to run task
[2026-07-24T13:37:24.307+0000] {standard_task_runner.py:104} INFO - Running: ['***', 'tasks', 'run', 'football_world_cup_pipeline', 'load_matches', 'manual__2026-07-24T13:37:12.111139+00:00', '--job-id', '32', '--raw', '--subdir', 'DAGS_FOLDER/football_dag.py', '--cfg-path', '/tmp/tmpi0fro8eq']
[2026-07-24T13:37:24.315+0000] {standard_task_runner.py:105} INFO - Job 32: Subtask load_matches
[2026-07-24T13:37:24.447+0000] {task_command.py:467} INFO - Running <TaskInstance: football_world_cup_pipeline.load_matches manual__2026-07-24T13:37:12.111139+00:00 [running]> on host fabcfe6cc82e
[2026-07-24T13:37:25.215+0000] {taskinstance.py:3134} INFO - Exporting env vars: AIRFLOW_CTX_DAG_OWNER='gonzalo' AIRFLOW_CTX_DAG_ID='football_world_cup_pipeline' AIRFLOW_CTX_TASK_ID='load_matches' AIRFLOW_CTX_EXECUTION_DATE='2026-07-24T13:37:12.111139+00:00' AIRFLOW_CTX_TRY_NUMBER='1' AIRFLOW_CTX_DAG_RUN_ID='manual__2026-07-24T13:37:12.111139+00:00'
[2026-07-24T13:37:25.218+0000] {taskinstance.py:732} INFO - ::endgroup::
[2026-07-24T13:37:25.794+0000] {logging_mixin.py:190} INFO - Carga completa: 104 filas procesadas (insertadas/actualizadas)
[2026-07-24T13:37:25.797+0000] {python.py:240} INFO - Done. Returned value was: None
[2026-07-24T13:37:25.818+0000] {taskinstance.py:341} INFO - ::group::Post task execution logs
[2026-07-24T13:37:25.821+0000] {taskinstance.py:353} INFO - Marking task as SUCCESS. dag_id=football_world_cup_pipeline, task_id=load_matches, run_id=manual__2026-07-24T13:37:12.111139+00:00, execution_date=20260724T133712, start_date=20260724T133724, end_date=20260724T133725
[2026-07-24T13:37:25.900+0000] {local_task_job_runner.py:266} INFO - Task exited with return code 0
[2026-07-24T13:37:25.930+0000] {taskinstance.py:3901} INFO - 0 downstream tasks scheduled from follow-on schedule check
[2026-07-24T13:37:25.936+0000] {local_task_job_runner.py:245} INFO - ::endgroup::
