[2026-07-24T13:02:54.639+0000] {local_task_job_runner.py:123} INFO - ::group::Pre task execution logs
[2026-07-24T13:02:54.694+0000] {taskinstance.py:2614} INFO - Dependencies all met for dep_context=non-requeueable deps ti=<TaskInstance: football_world_cup_pipeline.extract_matches scheduled__2026-07-24T06:00:00+00:00 [queued]>
[2026-07-24T13:02:54.718+0000] {taskinstance.py:2614} INFO - Dependencies all met for dep_context=requeueable deps ti=<TaskInstance: football_world_cup_pipeline.extract_matches scheduled__2026-07-24T06:00:00+00:00 [queued]>
[2026-07-24T13:02:54.721+0000] {taskinstance.py:2867} INFO - Starting attempt 1 of 2
[2026-07-24T13:02:54.754+0000] {taskinstance.py:2890} INFO - Executing <Task(PythonOperator): extract_matches> on 2026-07-24 06:00:00+00:00
[2026-07-24T13:02:54.776+0000] {warnings.py:112} WARNING - /home/***/.local/lib/python3.12/site-packages/***/task/task_runner/standard_task_runner.py:70: DeprecationWarning: This process (pid=91) is multi-threaded, use of fork() may lead to deadlocks in the child.
  pid = os.fork()

[2026-07-24T13:02:54.786+0000] {standard_task_runner.py:72} INFO - Started process 95 to run task
[2026-07-24T13:02:54.786+0000] {standard_task_runner.py:104} INFO - Running: ['***', 'tasks', 'run', 'football_world_cup_pipeline', 'extract_matches', 'scheduled__2026-07-24T06:00:00+00:00', '--job-id', '22', '--raw', '--subdir', 'DAGS_FOLDER/football_dag.py', '--cfg-path', '/tmp/tmpagy7hzwi']
[2026-07-24T13:02:54.797+0000] {standard_task_runner.py:105} INFO - Job 22: Subtask extract_matches
[2026-07-24T13:02:54.954+0000] {task_command.py:467} INFO - Running <TaskInstance: football_world_cup_pipeline.extract_matches scheduled__2026-07-24T06:00:00+00:00 [running]> on host fabcfe6cc82e
[2026-07-24T13:02:58.068+0000] {taskinstance.py:3134} INFO - Exporting env vars: AIRFLOW_CTX_DAG_OWNER='gonzalo' AIRFLOW_CTX_DAG_ID='football_world_cup_pipeline' AIRFLOW_CTX_TASK_ID='extract_matches' AIRFLOW_CTX_EXECUTION_DATE='2026-07-24T06:00:00+00:00' AIRFLOW_CTX_TRY_NUMBER='1' AIRFLOW_CTX_DAG_RUN_ID='scheduled__2026-07-24T06:00:00+00:00'
[2026-07-24T13:02:58.084+0000] {taskinstance.py:732} INFO - ::endgroup::
[2026-07-24T13:02:59.649+0000] {logging_mixin.py:190} INFO - Extracción completa: data/raw/WC_20260724_130259.json
[2026-07-24T13:02:59.652+0000] {python.py:240} INFO - Done. Returned value was: None
[2026-07-24T13:02:59.686+0000] {taskinstance.py:341} INFO - ::group::Post task execution logs
[2026-07-24T13:02:59.689+0000] {taskinstance.py:353} INFO - Marking task as SUCCESS. dag_id=football_world_cup_pipeline, task_id=extract_matches, run_id=scheduled__2026-07-24T06:00:00+00:00, execution_date=20260724T060000, start_date=20260724T130254, end_date=20260724T130259
[2026-07-24T13:02:59.934+0000] {local_task_job_runner.py:266} INFO - Task exited with return code 0
[2026-07-24T13:03:00.451+0000] {taskinstance.py:3901} INFO - 1 downstream tasks scheduled from follow-on schedule check
[2026-07-24T13:03:00.458+0000] {local_task_job_runner.py:245} INFO - ::endgroup::
