[2026-07-24T13:02:39.121+0000] {processor.py:186} INFO - Started process (PID=88) to work on /opt/airflow/dags/football_dag.py
[2026-07-24T13:02:39.126+0000] {processor.py:914} INFO - Processing file /opt/airflow/dags/football_dag.py for tasks to queue
[2026-07-24T13:02:39.144+0000] {logging_mixin.py:190} INFO - [2026-07-24T13:02:39.143+0000] {dagbag.py:588} INFO - Filling up the DagBag from /opt/airflow/dags/football_dag.py
[2026-07-24T13:02:44.686+0000] {processor.py:925} INFO - DAG(s) 'football_world_cup_pipeline' retrieved from /opt/airflow/dags/football_dag.py
[2026-07-24T13:02:44.781+0000] {logging_mixin.py:190} INFO - [2026-07-24T13:02:44.780+0000] {dag.py:3239} INFO - Sync 1 DAGs
[2026-07-24T13:02:44.848+0000] {logging_mixin.py:190} INFO - [2026-07-24T13:02:44.848+0000] {dag.py:4180} INFO - Setting next_dagrun for football_world_cup_pipeline to 2026-07-24 12:00:00+00:00, run_after=2026-07-24 18:00:00+00:00
[2026-07-24T13:02:44.922+0000] {processor.py:208} INFO - Processing /opt/airflow/dags/football_dag.py took 5.872 seconds
[2026-07-24T13:03:15.461+0000] {processor.py:186} INFO - Started process (PID=104) to work on /opt/airflow/dags/football_dag.py
[2026-07-24T13:03:15.467+0000] {processor.py:914} INFO - Processing file /opt/airflow/dags/football_dag.py for tasks to queue
[2026-07-24T13:03:15.473+0000] {logging_mixin.py:190} INFO - [2026-07-24T13:03:15.472+0000] {dagbag.py:588} INFO - Filling up the DagBag from /opt/airflow/dags/football_dag.py
[2026-07-24T13:03:17.058+0000] {processor.py:925} INFO - DAG(s) 'football_world_cup_pipeline' retrieved from /opt/airflow/dags/football_dag.py
[2026-07-24T13:03:17.133+0000] {logging_mixin.py:190} INFO - [2026-07-24T13:03:17.133+0000] {dag.py:3239} INFO - Sync 1 DAGs
[2026-07-24T13:03:17.175+0000] {logging_mixin.py:190} INFO - [2026-07-24T13:03:17.174+0000] {dag.py:4180} INFO - Setting next_dagrun for football_world_cup_pipeline to 2026-07-24 12:00:00+00:00, run_after=2026-07-24 18:00:00+00:00
[2026-07-24T13:03:17.225+0000] {processor.py:208} INFO - Processing /opt/airflow/dags/football_dag.py took 1.775 seconds
[2026-07-24T13:03:47.664+0000] {processor.py:186} INFO - Started process (PID=113) to work on /opt/airflow/dags/football_dag.py
[2026-07-24T13:03:47.669+0000] {processor.py:914} INFO - Processing file /opt/airflow/dags/football_dag.py for tasks to queue
[2026-07-24T13:03:47.678+0000] {logging_mixin.py:190} INFO - [2026-07-24T13:03:47.677+0000] {dagbag.py:588} INFO - Filling up the DagBag from /opt/airflow/dags/football_dag.py
[2026-07-24T13:03:49.118+0000] {processor.py:925} INFO - DAG(s) 'football_world_cup_pipeline' retrieved from /opt/airflow/dags/football_dag.py
[2026-07-24T13:03:49.169+0000] {logging_mixin.py:190} INFO - [2026-07-24T13:03:49.168+0000] {dag.py:3239} INFO - Sync 1 DAGs
[2026-07-24T13:03:49.235+0000] {logging_mixin.py:190} INFO - [2026-07-24T13:03:49.234+0000] {dag.py:4180} INFO - Setting next_dagrun for football_world_cup_pipeline to 2026-07-24 12:00:00+00:00, run_after=2026-07-24 18:00:00+00:00
[2026-07-24T13:03:49.276+0000] {processor.py:208} INFO - Processing /opt/airflow/dags/football_dag.py took 1.623 seconds
[2026-07-24T13:04:19.652+0000] {processor.py:186} INFO - Started process (PID=121) to work on /opt/airflow/dags/football_dag.py
[2026-07-24T13:04:19.656+0000] {processor.py:914} INFO - Processing file /opt/airflow/dags/football_dag.py for tasks to queue
[2026-07-24T13:04:19.669+0000] {logging_mixin.py:190} INFO - [2026-07-24T13:04:19.668+0000] {dagbag.py:588} INFO - Filling up the DagBag from /opt/airflow/dags/football_dag.py
[2026-07-24T13:04:20.891+0000] {processor.py:925} INFO - DAG(s) 'football_world_cup_pipeline' retrieved from /opt/airflow/dags/football_dag.py
[2026-07-24T13:04:20.926+0000] {logging_mixin.py:190} INFO - [2026-07-24T13:04:20.925+0000] {dag.py:3239} INFO - Sync 1 DAGs
[2026-07-24T13:04:20.966+0000] {logging_mixin.py:190} INFO - [2026-07-24T13:04:20.966+0000] {dag.py:4180} INFO - Setting next_dagrun for football_world_cup_pipeline to 2026-07-24 12:00:00+00:00, run_after=2026-07-24 18:00:00+00:00
[2026-07-24T13:04:21.013+0000] {processor.py:208} INFO - Processing /opt/airflow/dags/football_dag.py took 1.385 seconds
[2026-07-24T13:04:51.217+0000] {processor.py:186} INFO - Started process (PID=129) to work on /opt/airflow/dags/football_dag.py
[2026-07-24T13:04:51.223+0000] {processor.py:914} INFO - Processing file /opt/airflow/dags/football_dag.py for tasks to queue
[2026-07-24T13:04:51.232+0000] {logging_mixin.py:190} INFO - [2026-07-24T13:04:51.231+0000] {dagbag.py:588} INFO - Filling up the DagBag from /opt/airflow/dags/football_dag.py
[2026-07-24T13:04:53.196+0000] {processor.py:925} INFO - DAG(s) 'football_world_cup_pipeline' retrieved from /opt/airflow/dags/football_dag.py
[2026-07-24T13:04:53.262+0000] {logging_mixin.py:190} INFO - [2026-07-24T13:04:53.261+0000] {dag.py:3239} INFO - Sync 1 DAGs
[2026-07-24T13:04:53.336+0000] {logging_mixin.py:190} INFO - [2026-07-24T13:04:53.336+0000] {dag.py:4180} INFO - Setting next_dagrun for football_world_cup_pipeline to 2026-07-24 12:00:00+00:00, run_after=2026-07-24 18:00:00+00:00
[2026-07-24T13:04:53.376+0000] {processor.py:208} INFO - Processing /opt/airflow/dags/football_dag.py took 2.188 seconds
[2026-07-24T13:05:23.656+0000] {processor.py:186} INFO - Started process (PID=137) to work on /opt/airflow/dags/football_dag.py
[2026-07-24T13:05:23.658+0000] {processor.py:914} INFO - Processing file /opt/airflow/dags/football_dag.py for tasks to queue
[2026-07-24T13:05:23.662+0000] {logging_mixin.py:190} INFO - [2026-07-24T13:05:23.662+0000] {dagbag.py:588} INFO - Filling up the DagBag from /opt/airflow/dags/football_dag.py
[2026-07-24T13:05:24.606+0000] {processor.py:925} INFO - DAG(s) 'football_world_cup_pipeline' retrieved from /opt/airflow/dags/football_dag.py
[2026-07-24T13:05:24.643+0000] {logging_mixin.py:190} INFO - [2026-07-24T13:05:24.642+0000] {dag.py:3239} INFO - Sync 1 DAGs
[2026-07-24T13:05:24.675+0000] {logging_mixin.py:190} INFO - [2026-07-24T13:05:24.675+0000] {dag.py:4180} INFO - Setting next_dagrun for football_world_cup_pipeline to 2026-07-24 12:00:00+00:00, run_after=2026-07-24 18:00:00+00:00
[2026-07-24T13:05:24.703+0000] {processor.py:208} INFO - Processing /opt/airflow/dags/football_dag.py took 1.057 seconds
[2026-07-24T13:05:55.027+0000] {processor.py:186} INFO - Started process (PID=145) to work on /opt/airflow/dags/football_dag.py
[2026-07-24T13:05:55.030+0000] {processor.py:914} INFO - Processing file /opt/airflow/dags/football_dag.py for tasks to queue
[2026-07-24T13:05:55.035+0000] {logging_mixin.py:190} INFO - [2026-07-24T13:05:55.035+0000] {dagbag.py:588} INFO - Filling up the DagBag from /opt/airflow/dags/football_dag.py
[2026-07-24T13:05:55.848+0000] {processor.py:925} INFO - DAG(s) 'football_world_cup_pipeline' retrieved from /opt/airflow/dags/football_dag.py
[2026-07-24T13:05:55.878+0000] {logging_mixin.py:190} INFO - [2026-07-24T13:05:55.878+0000] {dag.py:3239} INFO - Sync 1 DAGs
[2026-07-24T13:05:55.906+0000] {logging_mixin.py:190} INFO - [2026-07-24T13:05:55.906+0000] {dag.py:4180} INFO - Setting next_dagrun for football_world_cup_pipeline to 2026-07-24 12:00:00+00:00, run_after=2026-07-24 18:00:00+00:00
[2026-07-24T13:05:55.934+0000] {processor.py:208} INFO - Processing /opt/airflow/dags/football_dag.py took 0.919 seconds
[2026-07-24T13:06:26.320+0000] {processor.py:186} INFO - Started process (PID=153) to work on /opt/airflow/dags/football_dag.py
[2026-07-24T13:06:26.322+0000] {processor.py:914} INFO - Processing file /opt/airflow/dags/football_dag.py for tasks to queue
[2026-07-24T13:06:26.327+0000] {logging_mixin.py:190} INFO - [2026-07-24T13:06:26.327+0000] {dagbag.py:588} INFO - Filling up the DagBag from /opt/airflow/dags/football_dag.py
[2026-07-24T13:06:27.428+0000] {processor.py:925} INFO - DAG(s) 'football_world_cup_pipeline' retrieved from /opt/airflow/dags/football_dag.py
[2026-07-24T13:06:27.501+0000] {logging_mixin.py:190} INFO - [2026-07-24T13:06:27.501+0000] {dag.py:3239} INFO - Sync 1 DAGs
[2026-07-24T13:06:27.539+0000] {logging_mixin.py:190} INFO - [2026-07-24T13:06:27.538+0000] {dag.py:4180} INFO - Setting next_dagrun for football_world_cup_pipeline to 2026-07-24 12:00:00+00:00, run_after=2026-07-24 18:00:00+00:00
[2026-07-24T13:06:27.570+0000] {processor.py:208} INFO - Processing /opt/airflow/dags/football_dag.py took 1.255 seconds
[2026-07-24T13:06:57.682+0000] {processor.py:186} INFO - Started process (PID=161) to work on /opt/airflow/dags/football_dag.py
[2026-07-24T13:06:57.684+0000] {processor.py:914} INFO - Processing file /opt/airflow/dags/football_dag.py for tasks to queue
[2026-07-24T13:06:57.689+0000] {logging_mixin.py:190} INFO - [2026-07-24T13:06:57.688+0000] {dagbag.py:588} INFO - Filling up the DagBag from /opt/airflow/dags/football_dag.py
[2026-07-24T13:06:58.666+0000] {processor.py:925} INFO - DAG(s) 'football_world_cup_pipeline' retrieved from /opt/airflow/dags/football_dag.py
[2026-07-24T13:06:58.695+0000] {logging_mixin.py:190} INFO - [2026-07-24T13:06:58.694+0000] {dag.py:3239} INFO - Sync 1 DAGs
[2026-07-24T13:06:58.754+0000] {logging_mixin.py:190} INFO - [2026-07-24T13:06:58.753+0000] {dag.py:4180} INFO - Setting next_dagrun for football_world_cup_pipeline to 2026-07-24 12:00:00+00:00, run_after=2026-07-24 18:00:00+00:00
[2026-07-24T13:06:58.825+0000] {processor.py:208} INFO - Processing /opt/airflow/dags/football_dag.py took 1.154 seconds
[2026-07-24T13:07:29.041+0000] {processor.py:186} INFO - Started process (PID=176) to work on /opt/airflow/dags/football_dag.py
[2026-07-24T13:07:29.045+0000] {processor.py:914} INFO - Processing file /opt/airflow/dags/football_dag.py for tasks to queue
[2026-07-24T13:07:29.054+0000] {logging_mixin.py:190} INFO - [2026-07-24T13:07:29.051+0000] {dagbag.py:588} INFO - Filling up the DagBag from /opt/airflow/dags/football_dag.py
[2026-07-24T13:07:30.168+0000] {processor.py:925} INFO - DAG(s) 'football_world_cup_pipeline' retrieved from /opt/airflow/dags/football_dag.py
[2026-07-24T13:07:30.228+0000] {logging_mixin.py:190} INFO - [2026-07-24T13:07:30.227+0000] {dag.py:3239} INFO - Sync 1 DAGs
[2026-07-24T13:07:30.281+0000] {logging_mixin.py:190} INFO - [2026-07-24T13:07:30.280+0000] {dag.py:4180} INFO - Setting next_dagrun for football_world_cup_pipeline to 2026-07-24 12:00:00+00:00, run_after=2026-07-24 18:00:00+00:00
[2026-07-24T13:07:30.320+0000] {processor.py:208} INFO - Processing /opt/airflow/dags/football_dag.py took 1.290 seconds
[2026-07-24T13:08:00.776+0000] {processor.py:186} INFO - Started process (PID=184) to work on /opt/airflow/dags/football_dag.py
[2026-07-24T13:08:00.778+0000] {processor.py:914} INFO - Processing file /opt/airflow/dags/football_dag.py for tasks to queue
[2026-07-24T13:08:00.785+0000] {logging_mixin.py:190} INFO - [2026-07-24T13:08:00.784+0000] {dagbag.py:588} INFO - Filling up the DagBag from /opt/airflow/dags/football_dag.py
[2026-07-24T13:08:02.737+0000] {processor.py:925} INFO - DAG(s) 'football_world_cup_pipeline' retrieved from /opt/airflow/dags/football_dag.py
[2026-07-24T13:08:02.849+0000] {logging_mixin.py:190} INFO - [2026-07-24T13:08:02.848+0000] {dag.py:3239} INFO - Sync 1 DAGs
[2026-07-24T13:08:02.978+0000] {logging_mixin.py:190} INFO - [2026-07-24T13:08:02.978+0000] {dag.py:4180} INFO - Setting next_dagrun for football_world_cup_pipeline to 2026-07-24 12:00:00+00:00, run_after=2026-07-24 18:00:00+00:00
[2026-07-24T13:08:03.100+0000] {processor.py:208} INFO - Processing /opt/airflow/dags/football_dag.py took 2.334 seconds
[2026-07-24T13:08:33.316+0000] {processor.py:186} INFO - Started process (PID=196) to work on /opt/airflow/dags/football_dag.py
[2026-07-24T13:08:33.353+0000] {processor.py:914} INFO - Processing file /opt/airflow/dags/football_dag.py for tasks to queue
[2026-07-24T13:08:33.366+0000] {logging_mixin.py:190} INFO - [2026-07-24T13:08:33.365+0000] {dagbag.py:588} INFO - Filling up the DagBag from /opt/airflow/dags/football_dag.py
[2026-07-24T13:08:34.722+0000] {processor.py:925} INFO - DAG(s) 'football_world_cup_pipeline' retrieved from /opt/airflow/dags/football_dag.py
[2026-07-24T13:08:34.763+0000] {logging_mixin.py:190} INFO - [2026-07-24T13:08:34.762+0000] {dag.py:3239} INFO - Sync 1 DAGs
[2026-07-24T13:08:34.794+0000] {logging_mixin.py:190} INFO - [2026-07-24T13:08:34.794+0000] {dag.py:4180} INFO - Setting next_dagrun for football_world_cup_pipeline to 2026-07-24 12:00:00+00:00, run_after=2026-07-24 18:00:00+00:00
[2026-07-24T13:08:34.829+0000] {processor.py:208} INFO - Processing /opt/airflow/dags/football_dag.py took 1.539 seconds
[2026-07-24T13:09:05.295+0000] {processor.py:186} INFO - Started process (PID=204) to work on /opt/airflow/dags/football_dag.py
[2026-07-24T13:09:05.298+0000] {processor.py:914} INFO - Processing file /opt/airflow/dags/football_dag.py for tasks to queue
[2026-07-24T13:09:05.306+0000] {logging_mixin.py:190} INFO - [2026-07-24T13:09:05.305+0000] {dagbag.py:588} INFO - Filling up the DagBag from /opt/airflow/dags/football_dag.py
[2026-07-24T13:09:06.240+0000] {processor.py:925} INFO - DAG(s) 'football_world_cup_pipeline' retrieved from /opt/airflow/dags/football_dag.py
[2026-07-24T13:09:06.287+0000] {logging_mixin.py:190} INFO - [2026-07-24T13:09:06.285+0000] {dag.py:3239} INFO - Sync 1 DAGs
[2026-07-24T13:09:06.329+0000] {logging_mixin.py:190} INFO - [2026-07-24T13:09:06.329+0000] {dag.py:4180} INFO - Setting next_dagrun for football_world_cup_pipeline to 2026-07-24 12:00:00+00:00, run_after=2026-07-24 18:00:00+00:00
[2026-07-24T13:09:06.364+0000] {processor.py:208} INFO - Processing /opt/airflow/dags/football_dag.py took 1.079 seconds
[2026-07-24T13:09:36.663+0000] {processor.py:186} INFO - Started process (PID=212) to work on /opt/airflow/dags/football_dag.py
[2026-07-24T13:09:36.674+0000] {processor.py:914} INFO - Processing file /opt/airflow/dags/football_dag.py for tasks to queue
[2026-07-24T13:09:36.688+0000] {logging_mixin.py:190} INFO - [2026-07-24T13:09:36.686+0000] {dagbag.py:588} INFO - Filling up the DagBag from /opt/airflow/dags/football_dag.py
[2026-07-24T13:09:38.098+0000] {processor.py:925} INFO - DAG(s) 'football_world_cup_pipeline' retrieved from /opt/airflow/dags/football_dag.py
[2026-07-24T13:09:38.130+0000] {logging_mixin.py:190} INFO - [2026-07-24T13:09:38.130+0000] {dag.py:3239} INFO - Sync 1 DAGs
[2026-07-24T13:09:38.160+0000] {logging_mixin.py:190} INFO - [2026-07-24T13:09:38.159+0000] {dag.py:4180} INFO - Setting next_dagrun for football_world_cup_pipeline to 2026-07-24 12:00:00+00:00, run_after=2026-07-24 18:00:00+00:00
[2026-07-24T13:09:38.196+0000] {processor.py:208} INFO - Processing /opt/airflow/dags/football_dag.py took 1.558 seconds
[2026-07-24T13:10:08.736+0000] {processor.py:186} INFO - Started process (PID=220) to work on /opt/airflow/dags/football_dag.py
[2026-07-24T13:10:08.738+0000] {processor.py:914} INFO - Processing file /opt/airflow/dags/football_dag.py for tasks to queue
[2026-07-24T13:10:08.744+0000] {logging_mixin.py:190} INFO - [2026-07-24T13:10:08.743+0000] {dagbag.py:588} INFO - Filling up the DagBag from /opt/airflow/dags/football_dag.py
[2026-07-24T13:10:09.999+0000] {processor.py:925} INFO - DAG(s) 'football_world_cup_pipeline' retrieved from /opt/airflow/dags/football_dag.py
[2026-07-24T13:10:10.057+0000] {logging_mixin.py:190} INFO - [2026-07-24T13:10:10.056+0000] {dag.py:3239} INFO - Sync 1 DAGs
[2026-07-24T13:10:10.126+0000] {logging_mixin.py:190} INFO - [2026-07-24T13:10:10.126+0000] {dag.py:4180} INFO - Setting next_dagrun for football_world_cup_pipeline to 2026-07-24 12:00:00+00:00, run_after=2026-07-24 18:00:00+00:00
[2026-07-24T13:10:10.190+0000] {processor.py:208} INFO - Processing /opt/airflow/dags/football_dag.py took 1.465 seconds
[2026-07-24T13:10:40.442+0000] {processor.py:186} INFO - Started process (PID=228) to work on /opt/airflow/dags/football_dag.py
[2026-07-24T13:10:40.445+0000] {processor.py:914} INFO - Processing file /opt/airflow/dags/football_dag.py for tasks to queue
[2026-07-24T13:10:40.453+0000] {logging_mixin.py:190} INFO - [2026-07-24T13:10:40.452+0000] {dagbag.py:588} INFO - Filling up the DagBag from /opt/airflow/dags/football_dag.py
[2026-07-24T13:10:41.118+0000] {processor.py:925} INFO - DAG(s) 'football_world_cup_pipeline' retrieved from /opt/airflow/dags/football_dag.py
[2026-07-24T13:10:41.160+0000] {logging_mixin.py:190} INFO - [2026-07-24T13:10:41.160+0000] {dag.py:3239} INFO - Sync 1 DAGs
[2026-07-24T13:10:41.185+0000] {logging_mixin.py:190} INFO - [2026-07-24T13:10:41.185+0000] {dag.py:4180} INFO - Setting next_dagrun for football_world_cup_pipeline to 2026-07-24 12:00:00+00:00, run_after=2026-07-24 18:00:00+00:00
[2026-07-24T13:10:41.212+0000] {processor.py:208} INFO - Processing /opt/airflow/dags/football_dag.py took 0.789 seconds
[2026-07-24T13:11:11.635+0000] {processor.py:186} INFO - Started process (PID=236) to work on /opt/airflow/dags/football_dag.py
[2026-07-24T13:11:11.638+0000] {processor.py:914} INFO - Processing file /opt/airflow/dags/football_dag.py for tasks to queue
[2026-07-24T13:11:11.643+0000] {logging_mixin.py:190} INFO - [2026-07-24T13:11:11.642+0000] {dagbag.py:588} INFO - Filling up the DagBag from /opt/airflow/dags/football_dag.py
[2026-07-24T13:11:12.438+0000] {processor.py:925} INFO - DAG(s) 'football_world_cup_pipeline' retrieved from /opt/airflow/dags/football_dag.py
[2026-07-24T13:11:12.476+0000] {logging_mixin.py:190} INFO - [2026-07-24T13:11:12.475+0000] {dag.py:3239} INFO - Sync 1 DAGs
[2026-07-24T13:11:12.517+0000] {logging_mixin.py:190} INFO - [2026-07-24T13:11:12.516+0000] {dag.py:4180} INFO - Setting next_dagrun for football_world_cup_pipeline to 2026-07-24 12:00:00+00:00, run_after=2026-07-24 18:00:00+00:00
[2026-07-24T13:11:12.559+0000] {processor.py:208} INFO - Processing /opt/airflow/dags/football_dag.py took 0.931 seconds
[2026-07-24T13:11:42.944+0000] {processor.py:186} INFO - Started process (PID=245) to work on /opt/airflow/dags/football_dag.py
[2026-07-24T13:11:42.946+0000] {processor.py:914} INFO - Processing file /opt/airflow/dags/football_dag.py for tasks to queue
[2026-07-24T13:11:42.951+0000] {logging_mixin.py:190} INFO - [2026-07-24T13:11:42.951+0000] {dagbag.py:588} INFO - Filling up the DagBag from /opt/airflow/dags/football_dag.py
[2026-07-24T13:11:43.585+0000] {processor.py:925} INFO - DAG(s) 'football_world_cup_pipeline' retrieved from /opt/airflow/dags/football_dag.py
[2026-07-24T13:11:43.614+0000] {logging_mixin.py:190} INFO - [2026-07-24T13:11:43.613+0000] {dag.py:3239} INFO - Sync 1 DAGs
[2026-07-24T13:11:43.638+0000] {logging_mixin.py:190} INFO - [2026-07-24T13:11:43.637+0000] {dag.py:4180} INFO - Setting next_dagrun for football_world_cup_pipeline to 2026-07-24 12:00:00+00:00, run_after=2026-07-24 18:00:00+00:00
[2026-07-24T13:11:43.666+0000] {processor.py:208} INFO - Processing /opt/airflow/dags/football_dag.py took 0.730 seconds
[2026-07-24T13:12:14.052+0000] {processor.py:186} INFO - Started process (PID=253) to work on /opt/airflow/dags/football_dag.py
[2026-07-24T13:12:14.054+0000] {processor.py:914} INFO - Processing file /opt/airflow/dags/football_dag.py for tasks to queue
[2026-07-24T13:12:14.058+0000] {logging_mixin.py:190} INFO - [2026-07-24T13:12:14.057+0000] {dagbag.py:588} INFO - Filling up the DagBag from /opt/airflow/dags/football_dag.py
[2026-07-24T13:12:14.704+0000] {processor.py:925} INFO - DAG(s) 'football_world_cup_pipeline' retrieved from /opt/airflow/dags/football_dag.py
[2026-07-24T13:12:14.742+0000] {logging_mixin.py:190} INFO - [2026-07-24T13:12:14.741+0000] {dag.py:3239} INFO - Sync 1 DAGs
[2026-07-24T13:12:14.768+0000] {logging_mixin.py:190} INFO - [2026-07-24T13:12:14.768+0000] {dag.py:4180} INFO - Setting next_dagrun for football_world_cup_pipeline to 2026-07-24 12:00:00+00:00, run_after=2026-07-24 18:00:00+00:00
[2026-07-24T13:12:14.793+0000] {processor.py:208} INFO - Processing /opt/airflow/dags/football_dag.py took 0.747 seconds
[2026-07-24T13:12:44.944+0000] {processor.py:186} INFO - Started process (PID=261) to work on /opt/airflow/dags/football_dag.py
[2026-07-24T13:12:44.947+0000] {processor.py:914} INFO - Processing file /opt/airflow/dags/football_dag.py for tasks to queue
[2026-07-24T13:12:44.954+0000] {logging_mixin.py:190} INFO - [2026-07-24T13:12:44.953+0000] {dagbag.py:588} INFO - Filling up the DagBag from /opt/airflow/dags/football_dag.py
[2026-07-24T13:12:45.911+0000] {processor.py:925} INFO - DAG(s) 'football_world_cup_pipeline' retrieved from /opt/airflow/dags/football_dag.py
[2026-07-24T13:12:45.946+0000] {logging_mixin.py:190} INFO - [2026-07-24T13:12:45.944+0000] {dag.py:3239} INFO - Sync 1 DAGs
[2026-07-24T13:12:45.975+0000] {logging_mixin.py:190} INFO - [2026-07-24T13:12:45.975+0000] {dag.py:4180} INFO - Setting next_dagrun for football_world_cup_pipeline to 2026-07-24 12:00:00+00:00, run_after=2026-07-24 18:00:00+00:00
[2026-07-24T13:12:46.006+0000] {processor.py:208} INFO - Processing /opt/airflow/dags/football_dag.py took 1.074 seconds
[2026-07-24T13:13:16.309+0000] {processor.py:186} INFO - Started process (PID=269) to work on /opt/airflow/dags/football_dag.py
[2026-07-24T13:13:16.311+0000] {processor.py:914} INFO - Processing file /opt/airflow/dags/football_dag.py for tasks to queue
[2026-07-24T13:13:16.319+0000] {logging_mixin.py:190} INFO - [2026-07-24T13:13:16.319+0000] {dagbag.py:588} INFO - Filling up the DagBag from /opt/airflow/dags/football_dag.py
[2026-07-24T13:13:17.207+0000] {processor.py:925} INFO - DAG(s) 'football_world_cup_pipeline' retrieved from /opt/airflow/dags/football_dag.py
[2026-07-24T13:13:17.239+0000] {logging_mixin.py:190} INFO - [2026-07-24T13:13:17.238+0000] {dag.py:3239} INFO - Sync 1 DAGs
[2026-07-24T13:13:17.277+0000] {logging_mixin.py:190} INFO - [2026-07-24T13:13:17.276+0000] {dag.py:4180} INFO - Setting next_dagrun for football_world_cup_pipeline to 2026-07-24 12:00:00+00:00, run_after=2026-07-24 18:00:00+00:00
[2026-07-24T13:13:17.330+0000] {processor.py:208} INFO - Processing /opt/airflow/dags/football_dag.py took 1.038 seconds
[2026-07-24T13:13:47.737+0000] {processor.py:186} INFO - Started process (PID=277) to work on /opt/airflow/dags/football_dag.py
[2026-07-24T13:13:47.742+0000] {processor.py:914} INFO - Processing file /opt/airflow/dags/football_dag.py for tasks to queue
[2026-07-24T13:13:47.750+0000] {logging_mixin.py:190} INFO - [2026-07-24T13:13:47.749+0000] {dagbag.py:588} INFO - Filling up the DagBag from /opt/airflow/dags/football_dag.py
[2026-07-24T13:13:48.742+0000] {processor.py:925} INFO - DAG(s) 'football_world_cup_pipeline' retrieved from /opt/airflow/dags/football_dag.py
[2026-07-24T13:13:48.794+0000] {logging_mixin.py:190} INFO - [2026-07-24T13:13:48.794+0000] {dag.py:3239} INFO - Sync 1 DAGs
[2026-07-24T13:13:48.834+0000] {logging_mixin.py:190} INFO - [2026-07-24T13:13:48.833+0000] {dag.py:4180} INFO - Setting next_dagrun for football_world_cup_pipeline to 2026-07-24 12:00:00+00:00, run_after=2026-07-24 18:00:00+00:00
[2026-07-24T13:13:48.871+0000] {processor.py:208} INFO - Processing /opt/airflow/dags/football_dag.py took 1.159 seconds
[2026-07-24T13:14:19.075+0000] {processor.py:186} INFO - Started process (PID=285) to work on /opt/airflow/dags/football_dag.py
[2026-07-24T13:14:19.080+0000] {processor.py:914} INFO - Processing file /opt/airflow/dags/football_dag.py for tasks to queue
[2026-07-24T13:14:19.091+0000] {logging_mixin.py:190} INFO - [2026-07-24T13:14:19.089+0000] {dagbag.py:588} INFO - Filling up the DagBag from /opt/airflow/dags/football_dag.py
[2026-07-24T13:14:19.919+0000] {processor.py:925} INFO - DAG(s) 'football_world_cup_pipeline' retrieved from /opt/airflow/dags/football_dag.py
[2026-07-24T13:14:19.954+0000] {logging_mixin.py:190} INFO - [2026-07-24T13:14:19.954+0000] {dag.py:3239} INFO - Sync 1 DAGs
[2026-07-24T13:14:19.981+0000] {logging_mixin.py:190} INFO - [2026-07-24T13:14:19.981+0000] {dag.py:4180} INFO - Setting next_dagrun for football_world_cup_pipeline to 2026-07-24 12:00:00+00:00, run_after=2026-07-24 18:00:00+00:00
[2026-07-24T13:14:20.010+0000] {processor.py:208} INFO - Processing /opt/airflow/dags/football_dag.py took 0.959 seconds
[2026-07-24T13:14:50.451+0000] {processor.py:186} INFO - Started process (PID=293) to work on /opt/airflow/dags/football_dag.py
[2026-07-24T13:14:50.456+0000] {processor.py:914} INFO - Processing file /opt/airflow/dags/football_dag.py for tasks to queue
[2026-07-24T13:14:50.461+0000] {logging_mixin.py:190} INFO - [2026-07-24T13:14:50.460+0000] {dagbag.py:588} INFO - Filling up the DagBag from /opt/airflow/dags/football_dag.py
[2026-07-24T13:14:51.132+0000] {processor.py:925} INFO - DAG(s) 'football_world_cup_pipeline' retrieved from /opt/airflow/dags/football_dag.py
[2026-07-24T13:14:51.162+0000] {logging_mixin.py:190} INFO - [2026-07-24T13:14:51.161+0000] {dag.py:3239} INFO - Sync 1 DAGs
[2026-07-24T13:14:51.190+0000] {logging_mixin.py:190} INFO - [2026-07-24T13:14:51.190+0000] {dag.py:4180} INFO - Setting next_dagrun for football_world_cup_pipeline to 2026-07-24 12:00:00+00:00, run_after=2026-07-24 18:00:00+00:00
[2026-07-24T13:14:51.217+0000] {processor.py:208} INFO - Processing /opt/airflow/dags/football_dag.py took 0.775 seconds
[2026-07-24T13:15:21.818+0000] {processor.py:186} INFO - Started process (PID=301) to work on /opt/airflow/dags/football_dag.py
[2026-07-24T13:15:21.820+0000] {processor.py:914} INFO - Processing file /opt/airflow/dags/football_dag.py for tasks to queue
[2026-07-24T13:15:21.827+0000] {logging_mixin.py:190} INFO - [2026-07-24T13:15:21.826+0000] {dagbag.py:588} INFO - Filling up the DagBag from /opt/airflow/dags/football_dag.py
[2026-07-24T13:15:23.021+0000] {processor.py:925} INFO - DAG(s) 'football_world_cup_pipeline' retrieved from /opt/airflow/dags/football_dag.py
[2026-07-24T13:15:23.061+0000] {logging_mixin.py:190} INFO - [2026-07-24T13:15:23.060+0000] {dag.py:3239} INFO - Sync 1 DAGs
[2026-07-24T13:15:23.100+0000] {logging_mixin.py:190} INFO - [2026-07-24T13:15:23.099+0000] {dag.py:4180} INFO - Setting next_dagrun for football_world_cup_pipeline to 2026-07-24 12:00:00+00:00, run_after=2026-07-24 18:00:00+00:00
[2026-07-24T13:15:23.142+0000] {processor.py:208} INFO - Processing /opt/airflow/dags/football_dag.py took 1.334 seconds
[2026-07-24T13:15:53.313+0000] {processor.py:186} INFO - Started process (PID=309) to work on /opt/airflow/dags/football_dag.py
[2026-07-24T13:15:53.315+0000] {processor.py:914} INFO - Processing file /opt/airflow/dags/football_dag.py for tasks to queue
[2026-07-24T13:15:53.319+0000] {logging_mixin.py:190} INFO - [2026-07-24T13:15:53.319+0000] {dagbag.py:588} INFO - Filling up the DagBag from /opt/airflow/dags/football_dag.py
[2026-07-24T13:15:54.485+0000] {processor.py:925} INFO - DAG(s) 'football_world_cup_pipeline' retrieved from /opt/airflow/dags/football_dag.py
[2026-07-24T13:15:54.515+0000] {logging_mixin.py:190} INFO - [2026-07-24T13:15:54.514+0000] {dag.py:3239} INFO - Sync 1 DAGs
[2026-07-24T13:15:54.546+0000] {logging_mixin.py:190} INFO - [2026-07-24T13:15:54.545+0000] {dag.py:4180} INFO - Setting next_dagrun for football_world_cup_pipeline to 2026-07-24 12:00:00+00:00, run_after=2026-07-24 18:00:00+00:00
[2026-07-24T13:15:54.575+0000] {processor.py:208} INFO - Processing /opt/airflow/dags/football_dag.py took 1.269 seconds
[2026-07-24T13:16:24.901+0000] {processor.py:186} INFO - Started process (PID=318) to work on /opt/airflow/dags/football_dag.py
[2026-07-24T13:16:24.904+0000] {processor.py:914} INFO - Processing file /opt/airflow/dags/football_dag.py for tasks to queue
[2026-07-24T13:16:24.910+0000] {logging_mixin.py:190} INFO - [2026-07-24T13:16:24.909+0000] {dagbag.py:588} INFO - Filling up the DagBag from /opt/airflow/dags/football_dag.py
[2026-07-24T13:16:25.907+0000] {processor.py:925} INFO - DAG(s) 'football_world_cup_pipeline' retrieved from /opt/airflow/dags/football_dag.py
[2026-07-24T13:16:25.956+0000] {logging_mixin.py:190} INFO - [2026-07-24T13:16:25.955+0000] {dag.py:3239} INFO - Sync 1 DAGs
[2026-07-24T13:16:26.001+0000] {logging_mixin.py:190} INFO - [2026-07-24T13:16:26.000+0000] {dag.py:4180} INFO - Setting next_dagrun for football_world_cup_pipeline to 2026-07-24 12:00:00+00:00, run_after=2026-07-24 18:00:00+00:00
[2026-07-24T13:16:26.049+0000] {processor.py:208} INFO - Processing /opt/airflow/dags/football_dag.py took 1.158 seconds
[2026-07-24T13:16:56.283+0000] {processor.py:186} INFO - Started process (PID=326) to work on /opt/airflow/dags/football_dag.py
[2026-07-24T13:16:56.285+0000] {processor.py:914} INFO - Processing file /opt/airflow/dags/football_dag.py for tasks to queue
[2026-07-24T13:16:56.289+0000] {logging_mixin.py:190} INFO - [2026-07-24T13:16:56.288+0000] {dagbag.py:588} INFO - Filling up the DagBag from /opt/airflow/dags/football_dag.py
[2026-07-24T13:16:57.072+0000] {processor.py:925} INFO - DAG(s) 'football_world_cup_pipeline' retrieved from /opt/airflow/dags/football_dag.py
[2026-07-24T13:16:57.146+0000] {logging_mixin.py:190} INFO - [2026-07-24T13:16:57.145+0000] {dag.py:3239} INFO - Sync 1 DAGs
[2026-07-24T13:16:57.183+0000] {logging_mixin.py:190} INFO - [2026-07-24T13:16:57.182+0000] {dag.py:4180} INFO - Setting next_dagrun for football_world_cup_pipeline to 2026-07-24 12:00:00+00:00, run_after=2026-07-24 18:00:00+00:00
[2026-07-24T13:16:57.213+0000] {processor.py:208} INFO - Processing /opt/airflow/dags/football_dag.py took 0.936 seconds
[2026-07-24T13:17:27.675+0000] {processor.py:186} INFO - Started process (PID=334) to work on /opt/airflow/dags/football_dag.py
[2026-07-24T13:17:27.677+0000] {processor.py:914} INFO - Processing file /opt/airflow/dags/football_dag.py for tasks to queue
[2026-07-24T13:17:27.682+0000] {logging_mixin.py:190} INFO - [2026-07-24T13:17:27.682+0000] {dagbag.py:588} INFO - Filling up the DagBag from /opt/airflow/dags/football_dag.py
[2026-07-24T13:17:28.345+0000] {processor.py:925} INFO - DAG(s) 'football_world_cup_pipeline' retrieved from /opt/airflow/dags/football_dag.py
[2026-07-24T13:17:28.372+0000] {logging_mixin.py:190} INFO - [2026-07-24T13:17:28.371+0000] {dag.py:3239} INFO - Sync 1 DAGs
[2026-07-24T13:17:28.400+0000] {logging_mixin.py:190} INFO - [2026-07-24T13:17:28.400+0000] {dag.py:4180} INFO - Setting next_dagrun for football_world_cup_pipeline to 2026-07-24 12:00:00+00:00, run_after=2026-07-24 18:00:00+00:00
[2026-07-24T13:17:28.426+0000] {processor.py:208} INFO - Processing /opt/airflow/dags/football_dag.py took 0.757 seconds
[2026-07-24T13:17:58.865+0000] {processor.py:186} INFO - Started process (PID=342) to work on /opt/airflow/dags/football_dag.py
[2026-07-24T13:17:58.867+0000] {processor.py:914} INFO - Processing file /opt/airflow/dags/football_dag.py for tasks to queue
[2026-07-24T13:17:58.872+0000] {logging_mixin.py:190} INFO - [2026-07-24T13:17:58.871+0000] {dagbag.py:588} INFO - Filling up the DagBag from /opt/airflow/dags/football_dag.py
[2026-07-24T13:17:59.525+0000] {processor.py:925} INFO - DAG(s) 'football_world_cup_pipeline' retrieved from /opt/airflow/dags/football_dag.py
[2026-07-24T13:17:59.575+0000] {logging_mixin.py:190} INFO - [2026-07-24T13:17:59.574+0000] {dag.py:3239} INFO - Sync 1 DAGs
[2026-07-24T13:17:59.615+0000] {logging_mixin.py:190} INFO - [2026-07-24T13:17:59.614+0000] {dag.py:4180} INFO - Setting next_dagrun for football_world_cup_pipeline to 2026-07-24 12:00:00+00:00, run_after=2026-07-24 18:00:00+00:00
[2026-07-24T13:17:59.645+0000] {processor.py:208} INFO - Processing /opt/airflow/dags/football_dag.py took 0.787 seconds
[2026-07-24T13:18:30.034+0000] {processor.py:186} INFO - Started process (PID=351) to work on /opt/airflow/dags/football_dag.py
[2026-07-24T13:18:30.036+0000] {processor.py:914} INFO - Processing file /opt/airflow/dags/football_dag.py for tasks to queue
[2026-07-24T13:18:30.040+0000] {logging_mixin.py:190} INFO - [2026-07-24T13:18:30.039+0000] {dagbag.py:588} INFO - Filling up the DagBag from /opt/airflow/dags/football_dag.py
[2026-07-24T13:18:30.995+0000] {processor.py:925} INFO - DAG(s) 'football_world_cup_pipeline' retrieved from /opt/airflow/dags/football_dag.py
[2026-07-24T13:18:31.022+0000] {logging_mixin.py:190} INFO - [2026-07-24T13:18:31.021+0000] {dag.py:3239} INFO - Sync 1 DAGs
[2026-07-24T13:18:31.046+0000] {logging_mixin.py:190} INFO - [2026-07-24T13:18:31.045+0000] {dag.py:4180} INFO - Setting next_dagrun for football_world_cup_pipeline to 2026-07-24 12:00:00+00:00, run_after=2026-07-24 18:00:00+00:00
[2026-07-24T13:18:31.074+0000] {processor.py:208} INFO - Processing /opt/airflow/dags/football_dag.py took 1.049 seconds
[2026-07-24T13:19:01.379+0000] {processor.py:186} INFO - Started process (PID=365) to work on /opt/airflow/dags/football_dag.py
[2026-07-24T13:19:01.382+0000] {processor.py:914} INFO - Processing file /opt/airflow/dags/football_dag.py for tasks to queue
[2026-07-24T13:19:01.388+0000] {logging_mixin.py:190} INFO - [2026-07-24T13:19:01.387+0000] {dagbag.py:588} INFO - Filling up the DagBag from /opt/airflow/dags/football_dag.py
[2026-07-24T13:19:02.356+0000] {processor.py:925} INFO - DAG(s) 'football_world_cup_pipeline' retrieved from /opt/airflow/dags/football_dag.py
[2026-07-24T13:19:02.392+0000] {logging_mixin.py:190} INFO - [2026-07-24T13:19:02.391+0000] {dag.py:3239} INFO - Sync 1 DAGs
[2026-07-24T13:19:02.419+0000] {logging_mixin.py:190} INFO - [2026-07-24T13:19:02.418+0000] {dag.py:4180} INFO - Setting next_dagrun for football_world_cup_pipeline to 2026-07-24 12:00:00+00:00, run_after=2026-07-24 18:00:00+00:00
[2026-07-24T13:19:02.446+0000] {processor.py:208} INFO - Processing /opt/airflow/dags/football_dag.py took 1.079 seconds
[2026-07-24T13:19:32.921+0000] {processor.py:186} INFO - Started process (PID=373) to work on /opt/airflow/dags/football_dag.py
[2026-07-24T13:19:32.924+0000] {processor.py:914} INFO - Processing file /opt/airflow/dags/football_dag.py for tasks to queue
[2026-07-24T13:19:32.931+0000] {logging_mixin.py:190} INFO - [2026-07-24T13:19:32.930+0000] {dagbag.py:588} INFO - Filling up the DagBag from /opt/airflow/dags/football_dag.py
[2026-07-24T13:19:34.178+0000] {processor.py:925} INFO - DAG(s) 'football_world_cup_pipeline' retrieved from /opt/airflow/dags/football_dag.py
[2026-07-24T13:19:34.247+0000] {logging_mixin.py:190} INFO - [2026-07-24T13:19:34.246+0000] {dag.py:3239} INFO - Sync 1 DAGs
[2026-07-24T13:19:34.298+0000] {logging_mixin.py:190} INFO - [2026-07-24T13:19:34.298+0000] {dag.py:4180} INFO - Setting next_dagrun for football_world_cup_pipeline to 2026-07-24 12:00:00+00:00, run_after=2026-07-24 18:00:00+00:00
[2026-07-24T13:19:34.349+0000] {processor.py:208} INFO - Processing /opt/airflow/dags/football_dag.py took 1.438 seconds
[2026-07-24T13:20:04.766+0000] {processor.py:186} INFO - Started process (PID=381) to work on /opt/airflow/dags/football_dag.py
[2026-07-24T13:20:04.768+0000] {processor.py:914} INFO - Processing file /opt/airflow/dags/football_dag.py for tasks to queue
[2026-07-24T13:20:04.773+0000] {logging_mixin.py:190} INFO - [2026-07-24T13:20:04.772+0000] {dagbag.py:588} INFO - Filling up the DagBag from /opt/airflow/dags/football_dag.py
[2026-07-24T13:20:05.453+0000] {processor.py:925} INFO - DAG(s) 'football_world_cup_pipeline' retrieved from /opt/airflow/dags/football_dag.py
[2026-07-24T13:20:05.480+0000] {logging_mixin.py:190} INFO - [2026-07-24T13:20:05.480+0000] {dag.py:3239} INFO - Sync 1 DAGs
[2026-07-24T13:20:05.504+0000] {logging_mixin.py:190} INFO - [2026-07-24T13:20:05.504+0000] {dag.py:4180} INFO - Setting next_dagrun for football_world_cup_pipeline to 2026-07-24 12:00:00+00:00, run_after=2026-07-24 18:00:00+00:00
[2026-07-24T13:20:05.530+0000] {processor.py:208} INFO - Processing /opt/airflow/dags/football_dag.py took 0.770 seconds
[2026-07-24T13:20:35.710+0000] {processor.py:186} INFO - Started process (PID=390) to work on /opt/airflow/dags/football_dag.py
[2026-07-24T13:20:35.711+0000] {processor.py:914} INFO - Processing file /opt/airflow/dags/football_dag.py for tasks to queue
[2026-07-24T13:20:35.715+0000] {logging_mixin.py:190} INFO - [2026-07-24T13:20:35.715+0000] {dagbag.py:588} INFO - Filling up the DagBag from /opt/airflow/dags/football_dag.py
[2026-07-24T13:20:36.361+0000] {processor.py:925} INFO - DAG(s) 'football_world_cup_pipeline' retrieved from /opt/airflow/dags/football_dag.py
[2026-07-24T13:20:36.390+0000] {logging_mixin.py:190} INFO - [2026-07-24T13:20:36.389+0000] {dag.py:3239} INFO - Sync 1 DAGs
[2026-07-24T13:20:36.420+0000] {logging_mixin.py:190} INFO - [2026-07-24T13:20:36.419+0000] {dag.py:4180} INFO - Setting next_dagrun for football_world_cup_pipeline to 2026-07-24 12:00:00+00:00, run_after=2026-07-24 18:00:00+00:00
[2026-07-24T13:20:36.448+0000] {processor.py:208} INFO - Processing /opt/airflow/dags/football_dag.py took 0.745 seconds
[2026-07-24T13:21:06.955+0000] {processor.py:186} INFO - Started process (PID=398) to work on /opt/airflow/dags/football_dag.py
[2026-07-24T13:21:06.958+0000] {processor.py:914} INFO - Processing file /opt/airflow/dags/football_dag.py for tasks to queue
[2026-07-24T13:21:06.963+0000] {logging_mixin.py:190} INFO - [2026-07-24T13:21:06.963+0000] {dagbag.py:588} INFO - Filling up the DagBag from /opt/airflow/dags/football_dag.py
[2026-07-24T13:21:08.970+0000] {processor.py:925} INFO - DAG(s) 'football_world_cup_pipeline' retrieved from /opt/airflow/dags/football_dag.py
[2026-07-24T13:21:09.021+0000] {logging_mixin.py:190} INFO - [2026-07-24T13:21:09.019+0000] {dag.py:3239} INFO - Sync 1 DAGs
[2026-07-24T13:21:09.063+0000] {logging_mixin.py:190} INFO - [2026-07-24T13:21:09.063+0000] {dag.py:4180} INFO - Setting next_dagrun for football_world_cup_pipeline to 2026-07-24 12:00:00+00:00, run_after=2026-07-24 18:00:00+00:00
[2026-07-24T13:21:09.097+0000] {processor.py:208} INFO - Processing /opt/airflow/dags/football_dag.py took 2.157 seconds
[2026-07-24T13:21:39.318+0000] {processor.py:186} INFO - Started process (PID=406) to work on /opt/airflow/dags/football_dag.py
[2026-07-24T13:21:39.320+0000] {processor.py:914} INFO - Processing file /opt/airflow/dags/football_dag.py for tasks to queue
[2026-07-24T13:21:39.330+0000] {logging_mixin.py:190} INFO - [2026-07-24T13:21:39.328+0000] {dagbag.py:588} INFO - Filling up the DagBag from /opt/airflow/dags/football_dag.py
[2026-07-24T13:21:40.022+0000] {processor.py:925} INFO - DAG(s) 'football_world_cup_pipeline' retrieved from /opt/airflow/dags/football_dag.py
[2026-07-24T13:21:40.046+0000] {logging_mixin.py:190} INFO - [2026-07-24T13:21:40.045+0000] {dag.py:3239} INFO - Sync 1 DAGs
[2026-07-24T13:21:40.071+0000] {logging_mixin.py:190} INFO - [2026-07-24T13:21:40.070+0000] {dag.py:4180} INFO - Setting next_dagrun for football_world_cup_pipeline to 2026-07-24 12:00:00+00:00, run_after=2026-07-24 18:00:00+00:00
[2026-07-24T13:21:40.099+0000] {processor.py:208} INFO - Processing /opt/airflow/dags/football_dag.py took 0.789 seconds
[2026-07-24T13:22:10.518+0000] {processor.py:186} INFO - Started process (PID=414) to work on /opt/airflow/dags/football_dag.py
[2026-07-24T13:22:10.521+0000] {processor.py:914} INFO - Processing file /opt/airflow/dags/football_dag.py for tasks to queue
[2026-07-24T13:22:10.529+0000] {logging_mixin.py:190} INFO - [2026-07-24T13:22:10.528+0000] {dagbag.py:588} INFO - Filling up the DagBag from /opt/airflow/dags/football_dag.py
[2026-07-24T13:22:11.228+0000] {processor.py:925} INFO - DAG(s) 'football_world_cup_pipeline' retrieved from /opt/airflow/dags/football_dag.py
[2026-07-24T13:22:11.254+0000] {logging_mixin.py:190} INFO - [2026-07-24T13:22:11.254+0000] {dag.py:3239} INFO - Sync 1 DAGs
[2026-07-24T13:22:11.279+0000] {logging_mixin.py:190} INFO - [2026-07-24T13:22:11.279+0000] {dag.py:4180} INFO - Setting next_dagrun for football_world_cup_pipeline to 2026-07-24 12:00:00+00:00, run_after=2026-07-24 18:00:00+00:00
[2026-07-24T13:22:11.308+0000] {processor.py:208} INFO - Processing /opt/airflow/dags/football_dag.py took 0.805 seconds
[2026-07-24T13:22:41.720+0000] {processor.py:186} INFO - Started process (PID=422) to work on /opt/airflow/dags/football_dag.py
[2026-07-24T13:22:41.723+0000] {processor.py:914} INFO - Processing file /opt/airflow/dags/football_dag.py for tasks to queue
[2026-07-24T13:22:41.728+0000] {logging_mixin.py:190} INFO - [2026-07-24T13:22:41.727+0000] {dagbag.py:588} INFO - Filling up the DagBag from /opt/airflow/dags/football_dag.py
[2026-07-24T13:22:42.581+0000] {processor.py:925} INFO - DAG(s) 'football_world_cup_pipeline' retrieved from /opt/airflow/dags/football_dag.py
[2026-07-24T13:22:42.616+0000] {logging_mixin.py:190} INFO - [2026-07-24T13:22:42.615+0000] {dag.py:3239} INFO - Sync 1 DAGs
[2026-07-24T13:22:42.642+0000] {logging_mixin.py:190} INFO - [2026-07-24T13:22:42.642+0000] {dag.py:4180} INFO - Setting next_dagrun for football_world_cup_pipeline to 2026-07-24 12:00:00+00:00, run_after=2026-07-24 18:00:00+00:00
[2026-07-24T13:22:42.678+0000] {processor.py:208} INFO - Processing /opt/airflow/dags/football_dag.py took 0.970 seconds
[2026-07-24T13:23:13.387+0000] {processor.py:186} INFO - Started process (PID=430) to work on /opt/airflow/dags/football_dag.py
[2026-07-24T13:23:13.390+0000] {processor.py:914} INFO - Processing file /opt/airflow/dags/football_dag.py for tasks to queue
[2026-07-24T13:23:13.394+0000] {logging_mixin.py:190} INFO - [2026-07-24T13:23:13.393+0000] {dagbag.py:588} INFO - Filling up the DagBag from /opt/airflow/dags/football_dag.py
[2026-07-24T13:23:14.111+0000] {processor.py:925} INFO - DAG(s) 'football_world_cup_pipeline' retrieved from /opt/airflow/dags/football_dag.py
[2026-07-24T13:23:14.156+0000] {logging_mixin.py:190} INFO - [2026-07-24T13:23:14.155+0000] {dag.py:3239} INFO - Sync 1 DAGs
[2026-07-24T13:23:14.190+0000] {logging_mixin.py:190} INFO - [2026-07-24T13:23:14.190+0000] {dag.py:4180} INFO - Setting next_dagrun for football_world_cup_pipeline to 2026-07-24 12:00:00+00:00, run_after=2026-07-24 18:00:00+00:00
[2026-07-24T13:23:14.224+0000] {processor.py:208} INFO - Processing /opt/airflow/dags/football_dag.py took 0.844 seconds
[2026-07-24T13:23:44.595+0000] {processor.py:186} INFO - Started process (PID=439) to work on /opt/airflow/dags/football_dag.py
[2026-07-24T13:23:44.598+0000] {processor.py:914} INFO - Processing file /opt/airflow/dags/football_dag.py for tasks to queue
[2026-07-24T13:23:44.602+0000] {logging_mixin.py:190} INFO - [2026-07-24T13:23:44.601+0000] {dagbag.py:588} INFO - Filling up the DagBag from /opt/airflow/dags/football_dag.py
[2026-07-24T13:23:45.248+0000] {processor.py:925} INFO - DAG(s) 'football_world_cup_pipeline' retrieved from /opt/airflow/dags/football_dag.py
[2026-07-24T13:23:45.276+0000] {logging_mixin.py:190} INFO - [2026-07-24T13:23:45.276+0000] {dag.py:3239} INFO - Sync 1 DAGs
[2026-07-24T13:23:45.300+0000] {logging_mixin.py:190} INFO - [2026-07-24T13:23:45.299+0000] {dag.py:4180} INFO - Setting next_dagrun for football_world_cup_pipeline to 2026-07-24 12:00:00+00:00, run_after=2026-07-24 18:00:00+00:00
[2026-07-24T13:23:45.326+0000] {processor.py:208} INFO - Processing /opt/airflow/dags/football_dag.py took 0.738 seconds
[2026-07-24T13:24:15.722+0000] {processor.py:186} INFO - Started process (PID=447) to work on /opt/airflow/dags/football_dag.py
[2026-07-24T13:24:15.726+0000] {processor.py:914} INFO - Processing file /opt/airflow/dags/football_dag.py for tasks to queue
[2026-07-24T13:24:15.782+0000] {logging_mixin.py:190} INFO - [2026-07-24T13:24:15.782+0000] {dagbag.py:588} INFO - Filling up the DagBag from /opt/airflow/dags/football_dag.py
[2026-07-24T13:24:16.492+0000] {processor.py:925} INFO - DAG(s) 'football_world_cup_pipeline' retrieved from /opt/airflow/dags/football_dag.py
[2026-07-24T13:24:16.533+0000] {logging_mixin.py:190} INFO - [2026-07-24T13:24:16.533+0000] {dag.py:3239} INFO - Sync 1 DAGs
[2026-07-24T13:24:16.567+0000] {logging_mixin.py:190} INFO - [2026-07-24T13:24:16.567+0000] {dag.py:4180} INFO - Setting next_dagrun for football_world_cup_pipeline to 2026-07-24 12:00:00+00:00, run_after=2026-07-24 18:00:00+00:00
[2026-07-24T13:24:16.598+0000] {processor.py:208} INFO - Processing /opt/airflow/dags/football_dag.py took 0.918 seconds
[2026-07-24T13:24:47.044+0000] {processor.py:186} INFO - Started process (PID=455) to work on /opt/airflow/dags/football_dag.py
[2026-07-24T13:24:47.047+0000] {processor.py:914} INFO - Processing file /opt/airflow/dags/football_dag.py for tasks to queue
[2026-07-24T13:24:47.055+0000] {logging_mixin.py:190} INFO - [2026-07-24T13:24:47.055+0000] {dagbag.py:588} INFO - Filling up the DagBag from /opt/airflow/dags/football_dag.py
[2026-07-24T13:24:47.982+0000] {processor.py:925} INFO - DAG(s) 'football_world_cup_pipeline' retrieved from /opt/airflow/dags/football_dag.py
[2026-07-24T13:24:48.008+0000] {logging_mixin.py:190} INFO - [2026-07-24T13:24:48.008+0000] {dag.py:3239} INFO - Sync 1 DAGs
[2026-07-24T13:24:48.036+0000] {logging_mixin.py:190} INFO - [2026-07-24T13:24:48.036+0000] {dag.py:4180} INFO - Setting next_dagrun for football_world_cup_pipeline to 2026-07-24 12:00:00+00:00, run_after=2026-07-24 18:00:00+00:00
[2026-07-24T13:24:48.061+0000] {processor.py:208} INFO - Processing /opt/airflow/dags/football_dag.py took 1.028 seconds
[2026-07-24T13:25:18.403+0000] {processor.py:186} INFO - Started process (PID=463) to work on /opt/airflow/dags/football_dag.py
[2026-07-24T13:25:18.405+0000] {processor.py:914} INFO - Processing file /opt/airflow/dags/football_dag.py for tasks to queue
[2026-07-24T13:25:18.410+0000] {logging_mixin.py:190} INFO - [2026-07-24T13:25:18.409+0000] {dagbag.py:588} INFO - Filling up the DagBag from /opt/airflow/dags/football_dag.py
[2026-07-24T13:25:19.023+0000] {processor.py:925} INFO - DAG(s) 'football_world_cup_pipeline' retrieved from /opt/airflow/dags/football_dag.py
[2026-07-24T13:25:19.050+0000] {logging_mixin.py:190} INFO - [2026-07-24T13:25:19.050+0000] {dag.py:3239} INFO - Sync 1 DAGs
[2026-07-24T13:25:19.075+0000] {logging_mixin.py:190} INFO - [2026-07-24T13:25:19.075+0000] {dag.py:4180} INFO - Setting next_dagrun for football_world_cup_pipeline to 2026-07-24 12:00:00+00:00, run_after=2026-07-24 18:00:00+00:00
[2026-07-24T13:25:19.101+0000] {processor.py:208} INFO - Processing /opt/airflow/dags/football_dag.py took 0.704 seconds
[2026-07-24T13:25:49.508+0000] {processor.py:186} INFO - Started process (PID=471) to work on /opt/airflow/dags/football_dag.py
[2026-07-24T13:25:49.510+0000] {processor.py:914} INFO - Processing file /opt/airflow/dags/football_dag.py for tasks to queue
[2026-07-24T13:25:49.514+0000] {logging_mixin.py:190} INFO - [2026-07-24T13:25:49.513+0000] {dagbag.py:588} INFO - Filling up the DagBag from /opt/airflow/dags/football_dag.py
[2026-07-24T13:25:50.360+0000] {processor.py:925} INFO - DAG(s) 'football_world_cup_pipeline' retrieved from /opt/airflow/dags/football_dag.py
[2026-07-24T13:25:50.396+0000] {logging_mixin.py:190} INFO - [2026-07-24T13:25:50.395+0000] {dag.py:3239} INFO - Sync 1 DAGs
[2026-07-24T13:25:50.428+0000] {logging_mixin.py:190} INFO - [2026-07-24T13:25:50.428+0000] {dag.py:4180} INFO - Setting next_dagrun for football_world_cup_pipeline to 2026-07-24 12:00:00+00:00, run_after=2026-07-24 18:00:00+00:00
[2026-07-24T13:25:50.460+0000] {processor.py:208} INFO - Processing /opt/airflow/dags/football_dag.py took 0.965 seconds
[2026-07-24T13:26:20.862+0000] {processor.py:186} INFO - Started process (PID=479) to work on /opt/airflow/dags/football_dag.py
[2026-07-24T13:26:20.866+0000] {processor.py:914} INFO - Processing file /opt/airflow/dags/football_dag.py for tasks to queue
[2026-07-24T13:26:20.872+0000] {logging_mixin.py:190} INFO - [2026-07-24T13:26:20.871+0000] {dagbag.py:588} INFO - Filling up the DagBag from /opt/airflow/dags/football_dag.py
[2026-07-24T13:26:21.450+0000] {processor.py:925} INFO - DAG(s) 'football_world_cup_pipeline' retrieved from /opt/airflow/dags/football_dag.py
[2026-07-24T13:26:21.475+0000] {logging_mixin.py:190} INFO - [2026-07-24T13:26:21.475+0000] {dag.py:3239} INFO - Sync 1 DAGs
[2026-07-24T13:26:21.497+0000] {logging_mixin.py:190} INFO - [2026-07-24T13:26:21.497+0000] {dag.py:4180} INFO - Setting next_dagrun for football_world_cup_pipeline to 2026-07-24 12:00:00+00:00, run_after=2026-07-24 18:00:00+00:00
[2026-07-24T13:26:21.524+0000] {processor.py:208} INFO - Processing /opt/airflow/dags/football_dag.py took 0.674 seconds
[2026-07-24T13:26:51.897+0000] {processor.py:186} INFO - Started process (PID=487) to work on /opt/airflow/dags/football_dag.py
[2026-07-24T13:26:51.899+0000] {processor.py:914} INFO - Processing file /opt/airflow/dags/football_dag.py for tasks to queue
[2026-07-24T13:26:51.903+0000] {logging_mixin.py:190} INFO - [2026-07-24T13:26:51.902+0000] {dagbag.py:588} INFO - Filling up the DagBag from /opt/airflow/dags/football_dag.py
[2026-07-24T13:26:52.509+0000] {processor.py:925} INFO - DAG(s) 'football_world_cup_pipeline' retrieved from /opt/airflow/dags/football_dag.py
[2026-07-24T13:26:52.533+0000] {logging_mixin.py:190} INFO - [2026-07-24T13:26:52.533+0000] {dag.py:3239} INFO - Sync 1 DAGs
[2026-07-24T13:26:52.560+0000] {logging_mixin.py:190} INFO - [2026-07-24T13:26:52.560+0000] {dag.py:4180} INFO - Setting next_dagrun for football_world_cup_pipeline to 2026-07-24 12:00:00+00:00, run_after=2026-07-24 18:00:00+00:00
[2026-07-24T13:26:52.589+0000] {processor.py:208} INFO - Processing /opt/airflow/dags/football_dag.py took 0.700 seconds
[2026-07-24T13:27:22.733+0000] {processor.py:186} INFO - Started process (PID=495) to work on /opt/airflow/dags/football_dag.py
[2026-07-24T13:27:22.735+0000] {processor.py:914} INFO - Processing file /opt/airflow/dags/football_dag.py for tasks to queue
[2026-07-24T13:27:22.739+0000] {logging_mixin.py:190} INFO - [2026-07-24T13:27:22.739+0000] {dagbag.py:588} INFO - Filling up the DagBag from /opt/airflow/dags/football_dag.py
[2026-07-24T13:27:23.342+0000] {processor.py:925} INFO - DAG(s) 'football_world_cup_pipeline' retrieved from /opt/airflow/dags/football_dag.py
[2026-07-24T13:27:23.367+0000] {logging_mixin.py:190} INFO - [2026-07-24T13:27:23.367+0000] {dag.py:3239} INFO - Sync 1 DAGs
[2026-07-24T13:27:23.391+0000] {logging_mixin.py:190} INFO - [2026-07-24T13:27:23.391+0000] {dag.py:4180} INFO - Setting next_dagrun for football_world_cup_pipeline to 2026-07-24 12:00:00+00:00, run_after=2026-07-24 18:00:00+00:00
[2026-07-24T13:27:23.418+0000] {processor.py:208} INFO - Processing /opt/airflow/dags/football_dag.py took 0.692 seconds
[2026-07-24T13:27:53.800+0000] {processor.py:186} INFO - Started process (PID=504) to work on /opt/airflow/dags/football_dag.py
[2026-07-24T13:27:53.803+0000] {processor.py:914} INFO - Processing file /opt/airflow/dags/football_dag.py for tasks to queue
[2026-07-24T13:27:53.816+0000] {logging_mixin.py:190} INFO - [2026-07-24T13:27:53.815+0000] {dagbag.py:588} INFO - Filling up the DagBag from /opt/airflow/dags/football_dag.py
[2026-07-24T13:27:54.768+0000] {processor.py:925} INFO - DAG(s) 'football_world_cup_pipeline' retrieved from /opt/airflow/dags/football_dag.py
[2026-07-24T13:27:54.796+0000] {logging_mixin.py:190} INFO - [2026-07-24T13:27:54.796+0000] {dag.py:3239} INFO - Sync 1 DAGs
[2026-07-24T13:27:54.820+0000] {logging_mixin.py:190} INFO - [2026-07-24T13:27:54.820+0000] {dag.py:4180} INFO - Setting next_dagrun for football_world_cup_pipeline to 2026-07-24 12:00:00+00:00, run_after=2026-07-24 18:00:00+00:00
[2026-07-24T13:27:54.845+0000] {processor.py:208} INFO - Processing /opt/airflow/dags/football_dag.py took 1.060 seconds
[2026-07-24T13:28:25.140+0000] {processor.py:186} INFO - Started process (PID=513) to work on /opt/airflow/dags/football_dag.py
[2026-07-24T13:28:25.142+0000] {processor.py:914} INFO - Processing file /opt/airflow/dags/football_dag.py for tasks to queue
[2026-07-24T13:28:25.146+0000] {logging_mixin.py:190} INFO - [2026-07-24T13:28:25.146+0000] {dagbag.py:588} INFO - Filling up the DagBag from /opt/airflow/dags/football_dag.py
[2026-07-24T13:28:25.722+0000] {processor.py:925} INFO - DAG(s) 'football_world_cup_pipeline' retrieved from /opt/airflow/dags/football_dag.py
[2026-07-24T13:28:25.753+0000] {logging_mixin.py:190} INFO - [2026-07-24T13:28:25.752+0000] {dag.py:3239} INFO - Sync 1 DAGs
[2026-07-24T13:28:25.779+0000] {logging_mixin.py:190} INFO - [2026-07-24T13:28:25.779+0000] {dag.py:4180} INFO - Setting next_dagrun for football_world_cup_pipeline to 2026-07-24 12:00:00+00:00, run_after=2026-07-24 18:00:00+00:00
[2026-07-24T13:28:25.805+0000] {processor.py:208} INFO - Processing /opt/airflow/dags/football_dag.py took 0.672 seconds
[2026-07-24T13:28:56.163+0000] {processor.py:186} INFO - Started process (PID=521) to work on /opt/airflow/dags/football_dag.py
[2026-07-24T13:28:56.165+0000] {processor.py:914} INFO - Processing file /opt/airflow/dags/football_dag.py for tasks to queue
[2026-07-24T13:28:56.169+0000] {logging_mixin.py:190} INFO - [2026-07-24T13:28:56.169+0000] {dagbag.py:588} INFO - Filling up the DagBag from /opt/airflow/dags/football_dag.py
[2026-07-24T13:28:56.744+0000] {processor.py:925} INFO - DAG(s) 'football_world_cup_pipeline' retrieved from /opt/airflow/dags/football_dag.py
[2026-07-24T13:28:56.770+0000] {logging_mixin.py:190} INFO - [2026-07-24T13:28:56.770+0000] {dag.py:3239} INFO - Sync 1 DAGs
[2026-07-24T13:28:56.792+0000] {logging_mixin.py:190} INFO - [2026-07-24T13:28:56.792+0000] {dag.py:4180} INFO - Setting next_dagrun for football_world_cup_pipeline to 2026-07-24 12:00:00+00:00, run_after=2026-07-24 18:00:00+00:00
[2026-07-24T13:28:56.822+0000] {processor.py:208} INFO - Processing /opt/airflow/dags/football_dag.py took 0.665 seconds
[2026-07-24T13:29:27.180+0000] {processor.py:186} INFO - Started process (PID=529) to work on /opt/airflow/dags/football_dag.py
[2026-07-24T13:29:27.181+0000] {processor.py:914} INFO - Processing file /opt/airflow/dags/football_dag.py for tasks to queue
[2026-07-24T13:29:27.186+0000] {logging_mixin.py:190} INFO - [2026-07-24T13:29:27.185+0000] {dagbag.py:588} INFO - Filling up the DagBag from /opt/airflow/dags/football_dag.py
[2026-07-24T13:29:27.848+0000] {processor.py:925} INFO - DAG(s) 'football_world_cup_pipeline' retrieved from /opt/airflow/dags/football_dag.py
[2026-07-24T13:29:27.871+0000] {logging_mixin.py:190} INFO - [2026-07-24T13:29:27.871+0000] {dag.py:3239} INFO - Sync 1 DAGs
[2026-07-24T13:29:27.893+0000] {logging_mixin.py:190} INFO - [2026-07-24T13:29:27.892+0000] {dag.py:4180} INFO - Setting next_dagrun for football_world_cup_pipeline to 2026-07-24 12:00:00+00:00, run_after=2026-07-24 18:00:00+00:00
[2026-07-24T13:29:27.917+0000] {processor.py:208} INFO - Processing /opt/airflow/dags/football_dag.py took 0.744 seconds
[2026-07-24T13:29:58.171+0000] {processor.py:186} INFO - Started process (PID=537) to work on /opt/airflow/dags/football_dag.py
[2026-07-24T13:29:58.174+0000] {processor.py:914} INFO - Processing file /opt/airflow/dags/football_dag.py for tasks to queue
[2026-07-24T13:29:58.180+0000] {logging_mixin.py:190} INFO - [2026-07-24T13:29:58.179+0000] {dagbag.py:588} INFO - Filling up the DagBag from /opt/airflow/dags/football_dag.py
[2026-07-24T13:29:59.120+0000] {processor.py:925} INFO - DAG(s) 'football_world_cup_pipeline' retrieved from /opt/airflow/dags/football_dag.py
[2026-07-24T13:29:59.162+0000] {logging_mixin.py:190} INFO - [2026-07-24T13:29:59.160+0000] {dag.py:3239} INFO - Sync 1 DAGs
[2026-07-24T13:29:59.203+0000] {logging_mixin.py:190} INFO - [2026-07-24T13:29:59.202+0000] {dag.py:4180} INFO - Setting next_dagrun for football_world_cup_pipeline to 2026-07-24 12:00:00+00:00, run_after=2026-07-24 18:00:00+00:00
[2026-07-24T13:29:59.235+0000] {processor.py:208} INFO - Processing /opt/airflow/dags/football_dag.py took 1.074 seconds
[2026-07-24T13:30:29.637+0000] {processor.py:186} INFO - Started process (PID=545) to work on /opt/airflow/dags/football_dag.py
[2026-07-24T13:30:29.640+0000] {processor.py:914} INFO - Processing file /opt/airflow/dags/football_dag.py for tasks to queue
[2026-07-24T13:30:29.646+0000] {logging_mixin.py:190} INFO - [2026-07-24T13:30:29.646+0000] {dagbag.py:588} INFO - Filling up the DagBag from /opt/airflow/dags/football_dag.py
[2026-07-24T13:30:30.536+0000] {processor.py:925} INFO - DAG(s) 'football_world_cup_pipeline' retrieved from /opt/airflow/dags/football_dag.py
[2026-07-24T13:30:30.576+0000] {logging_mixin.py:190} INFO - [2026-07-24T13:30:30.575+0000] {dag.py:3239} INFO - Sync 1 DAGs
[2026-07-24T13:30:30.637+0000] {logging_mixin.py:190} INFO - [2026-07-24T13:30:30.636+0000] {dag.py:4180} INFO - Setting next_dagrun for football_world_cup_pipeline to 2026-07-24 12:00:00+00:00, run_after=2026-07-24 18:00:00+00:00
[2026-07-24T13:30:30.673+0000] {processor.py:208} INFO - Processing /opt/airflow/dags/football_dag.py took 1.048 seconds
[2026-07-24T13:31:01.062+0000] {processor.py:186} INFO - Started process (PID=553) to work on /opt/airflow/dags/football_dag.py
[2026-07-24T13:31:01.065+0000] {processor.py:914} INFO - Processing file /opt/airflow/dags/football_dag.py for tasks to queue
[2026-07-24T13:31:01.073+0000] {logging_mixin.py:190} INFO - [2026-07-24T13:31:01.072+0000] {dagbag.py:588} INFO - Filling up the DagBag from /opt/airflow/dags/football_dag.py
[2026-07-24T13:31:01.707+0000] {processor.py:925} INFO - DAG(s) 'football_world_cup_pipeline' retrieved from /opt/airflow/dags/football_dag.py
[2026-07-24T13:31:01.733+0000] {logging_mixin.py:190} INFO - [2026-07-24T13:31:01.732+0000] {dag.py:3239} INFO - Sync 1 DAGs
[2026-07-24T13:31:01.757+0000] {logging_mixin.py:190} INFO - [2026-07-24T13:31:01.756+0000] {dag.py:4180} INFO - Setting next_dagrun for football_world_cup_pipeline to 2026-07-24 12:00:00+00:00, run_after=2026-07-24 18:00:00+00:00
[2026-07-24T13:31:01.781+0000] {processor.py:208} INFO - Processing /opt/airflow/dags/football_dag.py took 0.737 seconds
[2026-07-24T13:31:32.311+0000] {processor.py:186} INFO - Started process (PID=562) to work on /opt/airflow/dags/football_dag.py
[2026-07-24T13:31:32.313+0000] {processor.py:914} INFO - Processing file /opt/airflow/dags/football_dag.py for tasks to queue
[2026-07-24T13:31:32.316+0000] {logging_mixin.py:190} INFO - [2026-07-24T13:31:32.316+0000] {dagbag.py:588} INFO - Filling up the DagBag from /opt/airflow/dags/football_dag.py
[2026-07-24T13:31:32.986+0000] {processor.py:925} INFO - DAG(s) 'football_world_cup_pipeline' retrieved from /opt/airflow/dags/football_dag.py
[2026-07-24T13:31:33.014+0000] {logging_mixin.py:190} INFO - [2026-07-24T13:31:33.013+0000] {dag.py:3239} INFO - Sync 1 DAGs
[2026-07-24T13:31:33.038+0000] {logging_mixin.py:190} INFO - [2026-07-24T13:31:33.037+0000] {dag.py:4180} INFO - Setting next_dagrun for football_world_cup_pipeline to 2026-07-24 12:00:00+00:00, run_after=2026-07-24 18:00:00+00:00
[2026-07-24T13:31:33.080+0000] {processor.py:208} INFO - Processing /opt/airflow/dags/football_dag.py took 0.775 seconds
[2026-07-24T13:32:03.475+0000] {processor.py:186} INFO - Started process (PID=576) to work on /opt/airflow/dags/football_dag.py
[2026-07-24T13:32:03.479+0000] {processor.py:914} INFO - Processing file /opt/airflow/dags/football_dag.py for tasks to queue
[2026-07-24T13:32:03.484+0000] {logging_mixin.py:190} INFO - [2026-07-24T13:32:03.484+0000] {dagbag.py:588} INFO - Filling up the DagBag from /opt/airflow/dags/football_dag.py
[2026-07-24T13:32:04.441+0000] {processor.py:925} INFO - DAG(s) 'football_world_cup_pipeline' retrieved from /opt/airflow/dags/football_dag.py
[2026-07-24T13:32:04.506+0000] {logging_mixin.py:190} INFO - [2026-07-24T13:32:04.505+0000] {dag.py:3239} INFO - Sync 1 DAGs
[2026-07-24T13:32:04.547+0000] {logging_mixin.py:190} INFO - [2026-07-24T13:32:04.547+0000] {dag.py:4180} INFO - Setting next_dagrun for football_world_cup_pipeline to 2026-07-24 12:00:00+00:00, run_after=2026-07-24 18:00:00+00:00
[2026-07-24T13:32:04.588+0000] {processor.py:208} INFO - Processing /opt/airflow/dags/football_dag.py took 1.120 seconds
[2026-07-24T13:32:35.169+0000] {processor.py:186} INFO - Started process (PID=584) to work on /opt/airflow/dags/football_dag.py
[2026-07-24T13:32:35.171+0000] {processor.py:914} INFO - Processing file /opt/airflow/dags/football_dag.py for tasks to queue
[2026-07-24T13:32:35.175+0000] {logging_mixin.py:190} INFO - [2026-07-24T13:32:35.175+0000] {dagbag.py:588} INFO - Filling up the DagBag from /opt/airflow/dags/football_dag.py
[2026-07-24T13:32:36.156+0000] {processor.py:925} INFO - DAG(s) 'football_world_cup_pipeline' retrieved from /opt/airflow/dags/football_dag.py
[2026-07-24T13:32:36.190+0000] {logging_mixin.py:190} INFO - [2026-07-24T13:32:36.190+0000] {dag.py:3239} INFO - Sync 1 DAGs
[2026-07-24T13:32:36.220+0000] {logging_mixin.py:190} INFO - [2026-07-24T13:32:36.219+0000] {dag.py:4180} INFO - Setting next_dagrun for football_world_cup_pipeline to 2026-07-24 12:00:00+00:00, run_after=2026-07-24 18:00:00+00:00
[2026-07-24T13:32:36.251+0000] {processor.py:208} INFO - Processing /opt/airflow/dags/football_dag.py took 1.093 seconds
[2026-07-24T13:33:06.724+0000] {processor.py:186} INFO - Started process (PID=592) to work on /opt/airflow/dags/football_dag.py
[2026-07-24T13:33:06.727+0000] {processor.py:914} INFO - Processing file /opt/airflow/dags/football_dag.py for tasks to queue
[2026-07-24T13:33:06.732+0000] {logging_mixin.py:190} INFO - [2026-07-24T13:33:06.732+0000] {dagbag.py:588} INFO - Filling up the DagBag from /opt/airflow/dags/football_dag.py
[2026-07-24T13:33:07.516+0000] {processor.py:925} INFO - DAG(s) 'football_world_cup_pipeline' retrieved from /opt/airflow/dags/football_dag.py
[2026-07-24T13:33:07.546+0000] {logging_mixin.py:190} INFO - [2026-07-24T13:33:07.545+0000] {dag.py:3239} INFO - Sync 1 DAGs
[2026-07-24T13:33:07.589+0000] {logging_mixin.py:190} INFO - [2026-07-24T13:33:07.589+0000] {dag.py:4180} INFO - Setting next_dagrun for football_world_cup_pipeline to 2026-07-24 12:00:00+00:00, run_after=2026-07-24 18:00:00+00:00
[2026-07-24T13:33:07.628+0000] {processor.py:208} INFO - Processing /opt/airflow/dags/football_dag.py took 0.916 seconds
[2026-07-24T13:33:38.132+0000] {processor.py:186} INFO - Started process (PID=600) to work on /opt/airflow/dags/football_dag.py
[2026-07-24T13:33:38.136+0000] {processor.py:914} INFO - Processing file /opt/airflow/dags/football_dag.py for tasks to queue
[2026-07-24T13:33:38.146+0000] {logging_mixin.py:190} INFO - [2026-07-24T13:33:38.144+0000] {dagbag.py:588} INFO - Filling up the DagBag from /opt/airflow/dags/football_dag.py
[2026-07-24T13:33:39.169+0000] {processor.py:925} INFO - DAG(s) 'football_world_cup_pipeline' retrieved from /opt/airflow/dags/football_dag.py
[2026-07-24T13:33:39.202+0000] {logging_mixin.py:190} INFO - [2026-07-24T13:33:39.202+0000] {dag.py:3239} INFO - Sync 1 DAGs
[2026-07-24T13:33:39.231+0000] {logging_mixin.py:190} INFO - [2026-07-24T13:33:39.231+0000] {dag.py:4180} INFO - Setting next_dagrun for football_world_cup_pipeline to 2026-07-24 12:00:00+00:00, run_after=2026-07-24 18:00:00+00:00
[2026-07-24T13:33:39.260+0000] {processor.py:208} INFO - Processing /opt/airflow/dags/football_dag.py took 1.140 seconds
[2026-07-24T13:34:09.532+0000] {processor.py:186} INFO - Started process (PID=608) to work on /opt/airflow/dags/football_dag.py
[2026-07-24T13:34:09.534+0000] {processor.py:914} INFO - Processing file /opt/airflow/dags/football_dag.py for tasks to queue
[2026-07-24T13:34:09.538+0000] {logging_mixin.py:190} INFO - [2026-07-24T13:34:09.538+0000] {dagbag.py:588} INFO - Filling up the DagBag from /opt/airflow/dags/football_dag.py
[2026-07-24T13:34:10.285+0000] {processor.py:925} INFO - DAG(s) 'football_world_cup_pipeline' retrieved from /opt/airflow/dags/football_dag.py
[2026-07-24T13:34:10.322+0000] {logging_mixin.py:190} INFO - [2026-07-24T13:34:10.321+0000] {dag.py:3239} INFO - Sync 1 DAGs
[2026-07-24T13:34:10.349+0000] {logging_mixin.py:190} INFO - [2026-07-24T13:34:10.349+0000] {dag.py:4180} INFO - Setting next_dagrun for football_world_cup_pipeline to 2026-07-24 12:00:00+00:00, run_after=2026-07-24 18:00:00+00:00
[2026-07-24T13:34:10.382+0000] {processor.py:208} INFO - Processing /opt/airflow/dags/football_dag.py took 0.857 seconds
[2026-07-24T13:34:40.748+0000] {processor.py:186} INFO - Started process (PID=617) to work on /opt/airflow/dags/football_dag.py
[2026-07-24T13:34:40.750+0000] {processor.py:914} INFO - Processing file /opt/airflow/dags/football_dag.py for tasks to queue
[2026-07-24T13:34:40.755+0000] {logging_mixin.py:190} INFO - [2026-07-24T13:34:40.754+0000] {dagbag.py:588} INFO - Filling up the DagBag from /opt/airflow/dags/football_dag.py
[2026-07-24T13:34:41.443+0000] {processor.py:925} INFO - DAG(s) 'football_world_cup_pipeline' retrieved from /opt/airflow/dags/football_dag.py
[2026-07-24T13:34:41.467+0000] {logging_mixin.py:190} INFO - [2026-07-24T13:34:41.467+0000] {dag.py:3239} INFO - Sync 1 DAGs
[2026-07-24T13:34:41.491+0000] {logging_mixin.py:190} INFO - [2026-07-24T13:34:41.491+0000] {dag.py:4180} INFO - Setting next_dagrun for football_world_cup_pipeline to 2026-07-24 12:00:00+00:00, run_after=2026-07-24 18:00:00+00:00
[2026-07-24T13:34:41.515+0000] {processor.py:208} INFO - Processing /opt/airflow/dags/football_dag.py took 0.773 seconds
[2026-07-24T13:35:11.931+0000] {processor.py:186} INFO - Started process (PID=625) to work on /opt/airflow/dags/football_dag.py
[2026-07-24T13:35:11.933+0000] {processor.py:914} INFO - Processing file /opt/airflow/dags/football_dag.py for tasks to queue
[2026-07-24T13:35:11.941+0000] {logging_mixin.py:190} INFO - [2026-07-24T13:35:11.940+0000] {dagbag.py:588} INFO - Filling up the DagBag from /opt/airflow/dags/football_dag.py
[2026-07-24T13:35:12.725+0000] {processor.py:925} INFO - DAG(s) 'football_world_cup_pipeline' retrieved from /opt/airflow/dags/football_dag.py
[2026-07-24T13:35:12.758+0000] {logging_mixin.py:190} INFO - [2026-07-24T13:35:12.757+0000] {dag.py:3239} INFO - Sync 1 DAGs
[2026-07-24T13:35:12.798+0000] {logging_mixin.py:190} INFO - [2026-07-24T13:35:12.797+0000] {dag.py:4180} INFO - Setting next_dagrun for football_world_cup_pipeline to 2026-07-24 12:00:00+00:00, run_after=2026-07-24 18:00:00+00:00
[2026-07-24T13:35:12.840+0000] {processor.py:208} INFO - Processing /opt/airflow/dags/football_dag.py took 0.921 seconds
[2026-07-24T13:35:43.229+0000] {processor.py:186} INFO - Started process (PID=633) to work on /opt/airflow/dags/football_dag.py
[2026-07-24T13:35:43.231+0000] {processor.py:914} INFO - Processing file /opt/airflow/dags/football_dag.py for tasks to queue
[2026-07-24T13:35:43.234+0000] {logging_mixin.py:190} INFO - [2026-07-24T13:35:43.234+0000] {dagbag.py:588} INFO - Filling up the DagBag from /opt/airflow/dags/football_dag.py
[2026-07-24T13:35:43.976+0000] {processor.py:925} INFO - DAG(s) 'football_world_cup_pipeline' retrieved from /opt/airflow/dags/football_dag.py
[2026-07-24T13:35:44.002+0000] {logging_mixin.py:190} INFO - [2026-07-24T13:35:44.002+0000] {dag.py:3239} INFO - Sync 1 DAGs
[2026-07-24T13:35:44.035+0000] {logging_mixin.py:190} INFO - [2026-07-24T13:35:44.035+0000] {dag.py:4180} INFO - Setting next_dagrun for football_world_cup_pipeline to 2026-07-24 12:00:00+00:00, run_after=2026-07-24 18:00:00+00:00
[2026-07-24T13:35:44.063+0000] {processor.py:208} INFO - Processing /opt/airflow/dags/football_dag.py took 0.842 seconds
[2026-07-24T13:36:14.592+0000] {processor.py:186} INFO - Started process (PID=641) to work on /opt/airflow/dags/football_dag.py
[2026-07-24T13:36:14.595+0000] {processor.py:914} INFO - Processing file /opt/airflow/dags/football_dag.py for tasks to queue
[2026-07-24T13:36:14.600+0000] {logging_mixin.py:190} INFO - [2026-07-24T13:36:14.600+0000] {dagbag.py:588} INFO - Filling up the DagBag from /opt/airflow/dags/football_dag.py
[2026-07-24T13:36:16.117+0000] {processor.py:925} INFO - DAG(s) 'football_world_cup_pipeline' retrieved from /opt/airflow/dags/football_dag.py
[2026-07-24T13:36:16.193+0000] {logging_mixin.py:190} INFO - [2026-07-24T13:36:16.192+0000] {dag.py:3239} INFO - Sync 1 DAGs
[2026-07-24T13:36:16.299+0000] {logging_mixin.py:190} INFO - [2026-07-24T13:36:16.293+0000] {dag.py:4180} INFO - Setting next_dagrun for football_world_cup_pipeline to 2026-07-24 12:00:00+00:00, run_after=2026-07-24 18:00:00+00:00
[2026-07-24T13:36:16.376+0000] {processor.py:208} INFO - Processing /opt/airflow/dags/football_dag.py took 1.795 seconds
[2026-07-24T13:36:46.800+0000] {processor.py:186} INFO - Started process (PID=649) to work on /opt/airflow/dags/football_dag.py
[2026-07-24T13:36:46.802+0000] {processor.py:914} INFO - Processing file /opt/airflow/dags/football_dag.py for tasks to queue
[2026-07-24T13:36:46.807+0000] {logging_mixin.py:190} INFO - [2026-07-24T13:36:46.806+0000] {dagbag.py:588} INFO - Filling up the DagBag from /opt/airflow/dags/football_dag.py
[2026-07-24T13:36:47.644+0000] {processor.py:925} INFO - DAG(s) 'football_world_cup_pipeline' retrieved from /opt/airflow/dags/football_dag.py
[2026-07-24T13:36:47.677+0000] {logging_mixin.py:190} INFO - [2026-07-24T13:36:47.676+0000] {dag.py:3239} INFO - Sync 1 DAGs
[2026-07-24T13:36:47.713+0000] {logging_mixin.py:190} INFO - [2026-07-24T13:36:47.713+0000] {dag.py:4180} INFO - Setting next_dagrun for football_world_cup_pipeline to 2026-07-24 12:00:00+00:00, run_after=2026-07-24 18:00:00+00:00
[2026-07-24T13:36:47.748+0000] {processor.py:208} INFO - Processing /opt/airflow/dags/football_dag.py took 0.960 seconds
[2026-07-24T13:37:17.951+0000] {processor.py:186} INFO - Started process (PID=657) to work on /opt/airflow/dags/football_dag.py
[2026-07-24T13:37:17.956+0000] {processor.py:914} INFO - Processing file /opt/airflow/dags/football_dag.py for tasks to queue
[2026-07-24T13:37:17.973+0000] {logging_mixin.py:190} INFO - [2026-07-24T13:37:17.972+0000] {dagbag.py:588} INFO - Filling up the DagBag from /opt/airflow/dags/football_dag.py
[2026-07-24T13:37:18.966+0000] {processor.py:925} INFO - DAG(s) 'football_world_cup_pipeline' retrieved from /opt/airflow/dags/football_dag.py
[2026-07-24T13:37:18.994+0000] {logging_mixin.py:190} INFO - [2026-07-24T13:37:18.993+0000] {dag.py:3239} INFO - Sync 1 DAGs
[2026-07-24T13:37:19.026+0000] {logging_mixin.py:190} INFO - [2026-07-24T13:37:19.026+0000] {dag.py:4180} INFO - Setting next_dagrun for football_world_cup_pipeline to 2026-07-24 12:00:00+00:00, run_after=2026-07-24 18:00:00+00:00
[2026-07-24T13:37:19.057+0000] {processor.py:208} INFO - Processing /opt/airflow/dags/football_dag.py took 1.141 seconds
[2026-07-24T13:37:49.257+0000] {processor.py:186} INFO - Started process (PID=665) to work on /opt/airflow/dags/football_dag.py
[2026-07-24T13:37:49.261+0000] {processor.py:914} INFO - Processing file /opt/airflow/dags/football_dag.py for tasks to queue
[2026-07-24T13:37:49.272+0000] {logging_mixin.py:190} INFO - [2026-07-24T13:37:49.270+0000] {dagbag.py:588} INFO - Filling up the DagBag from /opt/airflow/dags/football_dag.py
[2026-07-24T13:37:50.374+0000] {processor.py:925} INFO - DAG(s) 'football_world_cup_pipeline' retrieved from /opt/airflow/dags/football_dag.py
[2026-07-24T13:37:50.419+0000] {logging_mixin.py:190} INFO - [2026-07-24T13:37:50.418+0000] {dag.py:3239} INFO - Sync 1 DAGs
[2026-07-24T13:37:50.452+0000] {logging_mixin.py:190} INFO - [2026-07-24T13:37:50.452+0000] {dag.py:4180} INFO - Setting next_dagrun for football_world_cup_pipeline to 2026-07-24 12:00:00+00:00, run_after=2026-07-24 18:00:00+00:00
[2026-07-24T13:37:50.494+0000] {processor.py:208} INFO - Processing /opt/airflow/dags/football_dag.py took 1.253 seconds
[2026-07-24T13:38:20.580+0000] {processor.py:186} INFO - Started process (PID=673) to work on /opt/airflow/dags/football_dag.py
[2026-07-24T13:38:20.583+0000] {processor.py:914} INFO - Processing file /opt/airflow/dags/football_dag.py for tasks to queue
[2026-07-24T13:38:20.589+0000] {logging_mixin.py:190} INFO - [2026-07-24T13:38:20.588+0000] {dagbag.py:588} INFO - Filling up the DagBag from /opt/airflow/dags/football_dag.py
[2026-07-24T13:38:21.274+0000] {processor.py:925} INFO - DAG(s) 'football_world_cup_pipeline' retrieved from /opt/airflow/dags/football_dag.py
[2026-07-24T13:38:21.312+0000] {logging_mixin.py:190} INFO - [2026-07-24T13:38:21.311+0000] {dag.py:3239} INFO - Sync 1 DAGs
[2026-07-24T13:38:21.383+0000] {logging_mixin.py:190} INFO - [2026-07-24T13:38:21.382+0000] {dag.py:4180} INFO - Setting next_dagrun for football_world_cup_pipeline to 2026-07-24 12:00:00+00:00, run_after=2026-07-24 18:00:00+00:00
[2026-07-24T13:38:21.454+0000] {processor.py:208} INFO - Processing /opt/airflow/dags/football_dag.py took 0.882 seconds
[2026-07-24T13:38:51.856+0000] {processor.py:186} INFO - Started process (PID=681) to work on /opt/airflow/dags/football_dag.py
[2026-07-24T13:38:51.860+0000] {processor.py:914} INFO - Processing file /opt/airflow/dags/football_dag.py for tasks to queue
[2026-07-24T13:38:51.872+0000] {logging_mixin.py:190} INFO - [2026-07-24T13:38:51.871+0000] {dagbag.py:588} INFO - Filling up the DagBag from /opt/airflow/dags/football_dag.py
[2026-07-24T13:38:53.125+0000] {processor.py:925} INFO - DAG(s) 'football_world_cup_pipeline' retrieved from /opt/airflow/dags/football_dag.py
[2026-07-24T13:38:53.167+0000] {logging_mixin.py:190} INFO - [2026-07-24T13:38:53.167+0000] {dag.py:3239} INFO - Sync 1 DAGs
[2026-07-24T13:38:53.213+0000] {logging_mixin.py:190} INFO - [2026-07-24T13:38:53.212+0000] {dag.py:4180} INFO - Setting next_dagrun for football_world_cup_pipeline to 2026-07-24 12:00:00+00:00, run_after=2026-07-24 18:00:00+00:00
[2026-07-24T13:38:53.238+0000] {processor.py:208} INFO - Processing /opt/airflow/dags/football_dag.py took 1.389 seconds
[2026-07-24T13:39:23.625+0000] {processor.py:186} INFO - Started process (PID=689) to work on /opt/airflow/dags/football_dag.py
[2026-07-24T13:39:23.627+0000] {processor.py:914} INFO - Processing file /opt/airflow/dags/football_dag.py for tasks to queue
[2026-07-24T13:39:23.633+0000] {logging_mixin.py:190} INFO - [2026-07-24T13:39:23.632+0000] {dagbag.py:588} INFO - Filling up the DagBag from /opt/airflow/dags/football_dag.py
[2026-07-24T13:39:24.372+0000] {processor.py:925} INFO - DAG(s) 'football_world_cup_pipeline' retrieved from /opt/airflow/dags/football_dag.py
[2026-07-24T13:39:24.408+0000] {logging_mixin.py:190} INFO - [2026-07-24T13:39:24.408+0000] {dag.py:3239} INFO - Sync 1 DAGs
[2026-07-24T13:39:24.446+0000] {logging_mixin.py:190} INFO - [2026-07-24T13:39:24.445+0000] {dag.py:4180} INFO - Setting next_dagrun for football_world_cup_pipeline to 2026-07-24 12:00:00+00:00, run_after=2026-07-24 18:00:00+00:00
[2026-07-24T13:39:24.487+0000] {processor.py:208} INFO - Processing /opt/airflow/dags/football_dag.py took 0.868 seconds
[2026-07-24T13:39:54.907+0000] {processor.py:186} INFO - Started process (PID=697) to work on /opt/airflow/dags/football_dag.py
[2026-07-24T13:39:54.909+0000] {processor.py:914} INFO - Processing file /opt/airflow/dags/football_dag.py for tasks to queue
[2026-07-24T13:39:54.913+0000] {logging_mixin.py:190} INFO - [2026-07-24T13:39:54.913+0000] {dagbag.py:588} INFO - Filling up the DagBag from /opt/airflow/dags/football_dag.py
[2026-07-24T13:39:55.863+0000] {processor.py:925} INFO - DAG(s) 'football_world_cup_pipeline' retrieved from /opt/airflow/dags/football_dag.py
[2026-07-24T13:39:55.949+0000] {logging_mixin.py:190} INFO - [2026-07-24T13:39:55.948+0000] {dag.py:3239} INFO - Sync 1 DAGs
[2026-07-24T13:39:55.992+0000] {logging_mixin.py:190} INFO - [2026-07-24T13:39:55.991+0000] {dag.py:4180} INFO - Setting next_dagrun for football_world_cup_pipeline to 2026-07-24 12:00:00+00:00, run_after=2026-07-24 18:00:00+00:00
[2026-07-24T13:39:56.026+0000] {processor.py:208} INFO - Processing /opt/airflow/dags/football_dag.py took 1.127 seconds
[2026-07-24T13:40:26.303+0000] {processor.py:186} INFO - Started process (PID=705) to work on /opt/airflow/dags/football_dag.py
[2026-07-24T13:40:26.305+0000] {processor.py:914} INFO - Processing file /opt/airflow/dags/football_dag.py for tasks to queue
[2026-07-24T13:40:26.309+0000] {logging_mixin.py:190} INFO - [2026-07-24T13:40:26.309+0000] {dagbag.py:588} INFO - Filling up the DagBag from /opt/airflow/dags/football_dag.py
[2026-07-24T13:40:26.901+0000] {processor.py:925} INFO - DAG(s) 'football_world_cup_pipeline' retrieved from /opt/airflow/dags/football_dag.py
[2026-07-24T13:40:26.935+0000] {logging_mixin.py:190} INFO - [2026-07-24T13:40:26.934+0000] {dag.py:3239} INFO - Sync 1 DAGs
[2026-07-24T13:40:26.965+0000] {logging_mixin.py:190} INFO - [2026-07-24T13:40:26.965+0000] {dag.py:4180} INFO - Setting next_dagrun for football_world_cup_pipeline to 2026-07-24 12:00:00+00:00, run_after=2026-07-24 18:00:00+00:00
[2026-07-24T13:40:26.989+0000] {processor.py:208} INFO - Processing /opt/airflow/dags/football_dag.py took 0.693 seconds
[2026-07-24T13:40:57.388+0000] {processor.py:186} INFO - Started process (PID=713) to work on /opt/airflow/dags/football_dag.py
[2026-07-24T13:40:57.391+0000] {processor.py:914} INFO - Processing file /opt/airflow/dags/football_dag.py for tasks to queue
[2026-07-24T13:40:57.396+0000] {logging_mixin.py:190} INFO - [2026-07-24T13:40:57.395+0000] {dagbag.py:588} INFO - Filling up the DagBag from /opt/airflow/dags/football_dag.py
[2026-07-24T13:40:58.232+0000] {processor.py:925} INFO - DAG(s) 'football_world_cup_pipeline' retrieved from /opt/airflow/dags/football_dag.py
[2026-07-24T13:40:58.275+0000] {logging_mixin.py:190} INFO - [2026-07-24T13:40:58.274+0000] {dag.py:3239} INFO - Sync 1 DAGs
[2026-07-24T13:40:58.311+0000] {logging_mixin.py:190} INFO - [2026-07-24T13:40:58.311+0000] {dag.py:4180} INFO - Setting next_dagrun for football_world_cup_pipeline to 2026-07-24 12:00:00+00:00, run_after=2026-07-24 18:00:00+00:00
[2026-07-24T13:40:58.379+0000] {processor.py:208} INFO - Processing /opt/airflow/dags/football_dag.py took 0.998 seconds
[2026-07-24T13:41:28.759+0000] {processor.py:186} INFO - Started process (PID=721) to work on /opt/airflow/dags/football_dag.py
[2026-07-24T13:41:28.761+0000] {processor.py:914} INFO - Processing file /opt/airflow/dags/football_dag.py for tasks to queue
[2026-07-24T13:41:28.764+0000] {logging_mixin.py:190} INFO - [2026-07-24T13:41:28.764+0000] {dagbag.py:588} INFO - Filling up the DagBag from /opt/airflow/dags/football_dag.py
[2026-07-24T13:41:29.417+0000] {processor.py:925} INFO - DAG(s) 'football_world_cup_pipeline' retrieved from /opt/airflow/dags/football_dag.py
[2026-07-24T13:41:29.473+0000] {logging_mixin.py:190} INFO - [2026-07-24T13:41:29.471+0000] {dag.py:3239} INFO - Sync 1 DAGs
[2026-07-24T13:41:29.542+0000] {logging_mixin.py:190} INFO - [2026-07-24T13:41:29.541+0000] {dag.py:4180} INFO - Setting next_dagrun for football_world_cup_pipeline to 2026-07-24 12:00:00+00:00, run_after=2026-07-24 18:00:00+00:00
[2026-07-24T13:41:29.601+0000] {processor.py:208} INFO - Processing /opt/airflow/dags/football_dag.py took 0.849 seconds
[2026-07-24T13:42:00.050+0000] {processor.py:186} INFO - Started process (PID=729) to work on /opt/airflow/dags/football_dag.py
[2026-07-24T13:42:00.054+0000] {processor.py:914} INFO - Processing file /opt/airflow/dags/football_dag.py for tasks to queue
[2026-07-24T13:42:00.063+0000] {logging_mixin.py:190} INFO - [2026-07-24T13:42:00.062+0000] {dagbag.py:588} INFO - Filling up the DagBag from /opt/airflow/dags/football_dag.py
[2026-07-24T13:42:00.967+0000] {processor.py:925} INFO - DAG(s) 'football_world_cup_pipeline' retrieved from /opt/airflow/dags/football_dag.py
[2026-07-24T13:42:01.017+0000] {logging_mixin.py:190} INFO - [2026-07-24T13:42:01.017+0000] {dag.py:3239} INFO - Sync 1 DAGs
[2026-07-24T13:42:01.047+0000] {logging_mixin.py:190} INFO - [2026-07-24T13:42:01.047+0000] {dag.py:4180} INFO - Setting next_dagrun for football_world_cup_pipeline to 2026-07-24 12:00:00+00:00, run_after=2026-07-24 18:00:00+00:00
[2026-07-24T13:42:01.076+0000] {processor.py:208} INFO - Processing /opt/airflow/dags/football_dag.py took 1.045 seconds
[2026-07-24T13:42:31.581+0000] {processor.py:186} INFO - Started process (PID=737) to work on /opt/airflow/dags/football_dag.py
[2026-07-24T13:42:31.585+0000] {processor.py:914} INFO - Processing file /opt/airflow/dags/football_dag.py for tasks to queue
[2026-07-24T13:42:31.599+0000] {logging_mixin.py:190} INFO - [2026-07-24T13:42:31.598+0000] {dagbag.py:588} INFO - Filling up the DagBag from /opt/airflow/dags/football_dag.py
[2026-07-24T13:42:32.762+0000] {processor.py:925} INFO - DAG(s) 'football_world_cup_pipeline' retrieved from /opt/airflow/dags/football_dag.py
[2026-07-24T13:42:32.809+0000] {logging_mixin.py:190} INFO - [2026-07-24T13:42:32.808+0000] {dag.py:3239} INFO - Sync 1 DAGs
[2026-07-24T13:42:32.873+0000] {logging_mixin.py:190} INFO - [2026-07-24T13:42:32.872+0000] {dag.py:4180} INFO - Setting next_dagrun for football_world_cup_pipeline to 2026-07-24 12:00:00+00:00, run_after=2026-07-24 18:00:00+00:00
[2026-07-24T13:42:32.914+0000] {processor.py:208} INFO - Processing /opt/airflow/dags/football_dag.py took 1.362 seconds
[2026-07-24T13:43:03.076+0000] {processor.py:186} INFO - Started process (PID=745) to work on /opt/airflow/dags/football_dag.py
[2026-07-24T13:43:03.078+0000] {processor.py:914} INFO - Processing file /opt/airflow/dags/football_dag.py for tasks to queue
[2026-07-24T13:43:03.082+0000] {logging_mixin.py:190} INFO - [2026-07-24T13:43:03.082+0000] {dagbag.py:588} INFO - Filling up the DagBag from /opt/airflow/dags/football_dag.py
[2026-07-24T13:43:03.662+0000] {processor.py:925} INFO - DAG(s) 'football_world_cup_pipeline' retrieved from /opt/airflow/dags/football_dag.py
[2026-07-24T13:43:03.689+0000] {logging_mixin.py:190} INFO - [2026-07-24T13:43:03.689+0000] {dag.py:3239} INFO - Sync 1 DAGs
[2026-07-24T13:43:03.750+0000] {logging_mixin.py:190} INFO - [2026-07-24T13:43:03.750+0000] {dag.py:4180} INFO - Setting next_dagrun for football_world_cup_pipeline to 2026-07-24 12:00:00+00:00, run_after=2026-07-24 18:00:00+00:00
[2026-07-24T13:43:03.779+0000] {processor.py:208} INFO - Processing /opt/airflow/dags/football_dag.py took 0.709 seconds
[2026-07-24T13:43:34.140+0000] {processor.py:186} INFO - Started process (PID=753) to work on /opt/airflow/dags/football_dag.py
[2026-07-24T13:43:34.143+0000] {processor.py:914} INFO - Processing file /opt/airflow/dags/football_dag.py for tasks to queue
[2026-07-24T13:43:34.147+0000] {logging_mixin.py:190} INFO - [2026-07-24T13:43:34.146+0000] {dagbag.py:588} INFO - Filling up the DagBag from /opt/airflow/dags/football_dag.py
[2026-07-24T13:43:34.777+0000] {processor.py:925} INFO - DAG(s) 'football_world_cup_pipeline' retrieved from /opt/airflow/dags/football_dag.py
[2026-07-24T13:43:34.803+0000] {logging_mixin.py:190} INFO - [2026-07-24T13:43:34.803+0000] {dag.py:3239} INFO - Sync 1 DAGs
[2026-07-24T13:43:34.828+0000] {logging_mixin.py:190} INFO - [2026-07-24T13:43:34.828+0000] {dag.py:4180} INFO - Setting next_dagrun for football_world_cup_pipeline to 2026-07-24 12:00:00+00:00, run_after=2026-07-24 18:00:00+00:00
[2026-07-24T13:43:34.853+0000] {processor.py:208} INFO - Processing /opt/airflow/dags/football_dag.py took 0.719 seconds
[2026-07-24T13:44:05.282+0000] {processor.py:186} INFO - Started process (PID=761) to work on /opt/airflow/dags/football_dag.py
[2026-07-24T13:44:05.286+0000] {processor.py:914} INFO - Processing file /opt/airflow/dags/football_dag.py for tasks to queue
[2026-07-24T13:44:05.291+0000] {logging_mixin.py:190} INFO - [2026-07-24T13:44:05.291+0000] {dagbag.py:588} INFO - Filling up the DagBag from /opt/airflow/dags/football_dag.py
[2026-07-24T13:44:06.384+0000] {processor.py:925} INFO - DAG(s) 'football_world_cup_pipeline' retrieved from /opt/airflow/dags/football_dag.py
[2026-07-24T13:44:06.436+0000] {logging_mixin.py:190} INFO - [2026-07-24T13:44:06.435+0000] {dag.py:3239} INFO - Sync 1 DAGs
[2026-07-24T13:44:06.479+0000] {logging_mixin.py:190} INFO - [2026-07-24T13:44:06.479+0000] {dag.py:4180} INFO - Setting next_dagrun for football_world_cup_pipeline to 2026-07-24 12:00:00+00:00, run_after=2026-07-24 18:00:00+00:00
[2026-07-24T13:44:06.508+0000] {processor.py:208} INFO - Processing /opt/airflow/dags/football_dag.py took 1.265 seconds
[2026-07-24T13:44:36.583+0000] {processor.py:186} INFO - Started process (PID=776) to work on /opt/airflow/dags/football_dag.py
[2026-07-24T13:44:36.585+0000] {processor.py:914} INFO - Processing file /opt/airflow/dags/football_dag.py for tasks to queue
[2026-07-24T13:44:36.593+0000] {logging_mixin.py:190} INFO - [2026-07-24T13:44:36.593+0000] {dagbag.py:588} INFO - Filling up the DagBag from /opt/airflow/dags/football_dag.py
[2026-07-24T13:44:37.448+0000] {processor.py:925} INFO - DAG(s) 'football_world_cup_pipeline' retrieved from /opt/airflow/dags/football_dag.py
[2026-07-24T13:44:37.485+0000] {logging_mixin.py:190} INFO - [2026-07-24T13:44:37.484+0000] {dag.py:3239} INFO - Sync 1 DAGs
[2026-07-24T13:44:37.514+0000] {logging_mixin.py:190} INFO - [2026-07-24T13:44:37.514+0000] {dag.py:4180} INFO - Setting next_dagrun for football_world_cup_pipeline to 2026-07-24 12:00:00+00:00, run_after=2026-07-24 18:00:00+00:00
[2026-07-24T13:44:37.544+0000] {processor.py:208} INFO - Processing /opt/airflow/dags/football_dag.py took 0.969 seconds
[2026-07-24T13:45:08.006+0000] {processor.py:186} INFO - Started process (PID=785) to work on /opt/airflow/dags/football_dag.py
[2026-07-24T13:45:08.008+0000] {processor.py:914} INFO - Processing file /opt/airflow/dags/football_dag.py for tasks to queue
[2026-07-24T13:45:08.012+0000] {logging_mixin.py:190} INFO - [2026-07-24T13:45:08.012+0000] {dagbag.py:588} INFO - Filling up the DagBag from /opt/airflow/dags/football_dag.py
[2026-07-24T13:45:08.732+0000] {processor.py:925} INFO - DAG(s) 'football_world_cup_pipeline' retrieved from /opt/airflow/dags/football_dag.py
[2026-07-24T13:45:08.761+0000] {logging_mixin.py:190} INFO - [2026-07-24T13:45:08.761+0000] {dag.py:3239} INFO - Sync 1 DAGs
[2026-07-24T13:45:08.787+0000] {logging_mixin.py:190} INFO - [2026-07-24T13:45:08.787+0000] {dag.py:4180} INFO - Setting next_dagrun for football_world_cup_pipeline to 2026-07-24 12:00:00+00:00, run_after=2026-07-24 18:00:00+00:00
[2026-07-24T13:45:08.814+0000] {processor.py:208} INFO - Processing /opt/airflow/dags/football_dag.py took 0.814 seconds
[2026-07-24T13:45:39.309+0000] {processor.py:186} INFO - Started process (PID=793) to work on /opt/airflow/dags/football_dag.py
[2026-07-24T13:45:39.311+0000] {processor.py:914} INFO - Processing file /opt/airflow/dags/football_dag.py for tasks to queue
[2026-07-24T13:45:39.315+0000] {logging_mixin.py:190} INFO - [2026-07-24T13:45:39.315+0000] {dagbag.py:588} INFO - Filling up the DagBag from /opt/airflow/dags/football_dag.py
[2026-07-24T13:45:39.914+0000] {processor.py:925} INFO - DAG(s) 'football_world_cup_pipeline' retrieved from /opt/airflow/dags/football_dag.py
[2026-07-24T13:45:39.940+0000] {logging_mixin.py:190} INFO - [2026-07-24T13:45:39.940+0000] {dag.py:3239} INFO - Sync 1 DAGs
[2026-07-24T13:45:39.963+0000] {logging_mixin.py:190} INFO - [2026-07-24T13:45:39.963+0000] {dag.py:4180} INFO - Setting next_dagrun for football_world_cup_pipeline to 2026-07-24 12:00:00+00:00, run_after=2026-07-24 18:00:00+00:00
[2026-07-24T13:45:39.988+0000] {processor.py:208} INFO - Processing /opt/airflow/dags/football_dag.py took 0.687 seconds
[2026-07-24T13:46:10.359+0000] {processor.py:186} INFO - Started process (PID=802) to work on /opt/airflow/dags/football_dag.py
[2026-07-24T13:46:10.361+0000] {processor.py:914} INFO - Processing file /opt/airflow/dags/football_dag.py for tasks to queue
[2026-07-24T13:46:10.365+0000] {logging_mixin.py:190} INFO - [2026-07-24T13:46:10.364+0000] {dagbag.py:588} INFO - Filling up the DagBag from /opt/airflow/dags/football_dag.py
[2026-07-24T13:46:11.142+0000] {processor.py:925} INFO - DAG(s) 'football_world_cup_pipeline' retrieved from /opt/airflow/dags/football_dag.py
[2026-07-24T13:46:11.173+0000] {logging_mixin.py:190} INFO - [2026-07-24T13:46:11.172+0000] {dag.py:3239} INFO - Sync 1 DAGs
[2026-07-24T13:46:11.207+0000] {logging_mixin.py:190} INFO - [2026-07-24T13:46:11.206+0000] {dag.py:4180} INFO - Setting next_dagrun for football_world_cup_pipeline to 2026-07-24 12:00:00+00:00, run_after=2026-07-24 18:00:00+00:00
[2026-07-24T13:46:11.243+0000] {processor.py:208} INFO - Processing /opt/airflow/dags/football_dag.py took 0.890 seconds
[2026-07-24T13:46:41.639+0000] {processor.py:186} INFO - Started process (PID=810) to work on /opt/airflow/dags/football_dag.py
[2026-07-24T13:46:41.642+0000] {processor.py:914} INFO - Processing file /opt/airflow/dags/football_dag.py for tasks to queue
[2026-07-24T13:46:41.647+0000] {logging_mixin.py:190} INFO - [2026-07-24T13:46:41.646+0000] {dagbag.py:588} INFO - Filling up the DagBag from /opt/airflow/dags/football_dag.py
[2026-07-24T13:46:42.355+0000] {processor.py:925} INFO - DAG(s) 'football_world_cup_pipeline' retrieved from /opt/airflow/dags/football_dag.py
[2026-07-24T13:46:42.379+0000] {logging_mixin.py:190} INFO - [2026-07-24T13:46:42.379+0000] {dag.py:3239} INFO - Sync 1 DAGs
[2026-07-24T13:46:42.403+0000] {logging_mixin.py:190} INFO - [2026-07-24T13:46:42.402+0000] {dag.py:4180} INFO - Setting next_dagrun for football_world_cup_pipeline to 2026-07-24 12:00:00+00:00, run_after=2026-07-24 18:00:00+00:00
[2026-07-24T13:46:42.427+0000] {processor.py:208} INFO - Processing /opt/airflow/dags/football_dag.py took 0.796 seconds
[2026-07-24T13:47:12.542+0000] {processor.py:186} INFO - Started process (PID=818) to work on /opt/airflow/dags/football_dag.py
[2026-07-24T13:47:12.544+0000] {processor.py:914} INFO - Processing file /opt/airflow/dags/football_dag.py for tasks to queue
[2026-07-24T13:47:12.549+0000] {logging_mixin.py:190} INFO - [2026-07-24T13:47:12.549+0000] {dagbag.py:588} INFO - Filling up the DagBag from /opt/airflow/dags/football_dag.py
[2026-07-24T13:47:13.211+0000] {processor.py:925} INFO - DAG(s) 'football_world_cup_pipeline' retrieved from /opt/airflow/dags/football_dag.py
[2026-07-24T13:47:13.238+0000] {logging_mixin.py:190} INFO - [2026-07-24T13:47:13.238+0000] {dag.py:3239} INFO - Sync 1 DAGs
[2026-07-24T13:47:13.265+0000] {logging_mixin.py:190} INFO - [2026-07-24T13:47:13.265+0000] {dag.py:4180} INFO - Setting next_dagrun for football_world_cup_pipeline to 2026-07-24 12:00:00+00:00, run_after=2026-07-24 18:00:00+00:00
[2026-07-24T13:47:13.296+0000] {processor.py:208} INFO - Processing /opt/airflow/dags/football_dag.py took 0.763 seconds
[2026-07-24T13:47:43.667+0000] {processor.py:186} INFO - Started process (PID=826) to work on /opt/airflow/dags/football_dag.py
[2026-07-24T13:47:43.670+0000] {processor.py:914} INFO - Processing file /opt/airflow/dags/football_dag.py for tasks to queue
[2026-07-24T13:47:43.674+0000] {logging_mixin.py:190} INFO - [2026-07-24T13:47:43.674+0000] {dagbag.py:588} INFO - Filling up the DagBag from /opt/airflow/dags/football_dag.py
[2026-07-24T13:47:44.283+0000] {processor.py:925} INFO - DAG(s) 'football_world_cup_pipeline' retrieved from /opt/airflow/dags/football_dag.py
[2026-07-24T13:47:44.311+0000] {logging_mixin.py:190} INFO - [2026-07-24T13:47:44.310+0000] {dag.py:3239} INFO - Sync 1 DAGs
[2026-07-24T13:47:44.344+0000] {logging_mixin.py:190} INFO - [2026-07-24T13:47:44.343+0000] {dag.py:4180} INFO - Setting next_dagrun for football_world_cup_pipeline to 2026-07-24 12:00:00+00:00, run_after=2026-07-24 18:00:00+00:00
[2026-07-24T13:47:44.374+0000] {processor.py:208} INFO - Processing /opt/airflow/dags/football_dag.py took 0.715 seconds
