[2026-07-23T15:08:22.969+0000] {local_task_job_runner.py:123} INFO - ::group::Pre task execution logs
[2026-07-23T15:08:23.036+0000] {taskinstance.py:2614} INFO - Dependencies all met for dep_context=non-requeueable deps ti=<TaskInstance: football_world_cup_pipeline.load_matches scheduled__2026-07-23T06:00:00+00:00 [queued]>
[2026-07-23T15:08:23.072+0000] {taskinstance.py:2614} INFO - Dependencies all met for dep_context=requeueable deps ti=<TaskInstance: football_world_cup_pipeline.load_matches scheduled__2026-07-23T06:00:00+00:00 [queued]>
[2026-07-23T15:08:23.076+0000] {taskinstance.py:2867} INFO - Starting attempt 1 of 2
[2026-07-23T15:08:23.122+0000] {taskinstance.py:2890} INFO - Executing <Task(PythonOperator): load_matches> on 2026-07-23 06:00:00+00:00
[2026-07-23T15:08:23.161+0000] {warnings.py:112} WARNING - /home/***/.local/lib/python3.12/site-packages/***/task/task_runner/standard_task_runner.py:70: DeprecationWarning: This process (pid=144) is multi-threaded, use of fork() may lead to deadlocks in the child.
  pid = os.fork()

[2026-07-23T15:08:23.169+0000] {standard_task_runner.py:72} INFO - Started process 154 to run task
[2026-07-23T15:08:23.163+0000] {standard_task_runner.py:104} INFO - Running: ['***', 'tasks', 'run', 'football_world_cup_pipeline', 'load_matches', 'scheduled__2026-07-23T06:00:00+00:00', '--job-id', '17', '--raw', '--subdir', 'DAGS_FOLDER/football_dag.py', '--cfg-path', '/tmp/tmps46rw9qf']
[2026-07-23T15:08:23.172+0000] {standard_task_runner.py:105} INFO - Job 17: Subtask load_matches
[2026-07-23T15:08:23.373+0000] {task_command.py:467} INFO - Running <TaskInstance: football_world_cup_pipeline.load_matches scheduled__2026-07-23T06:00:00+00:00 [running]> on host fabcfe6cc82e
[2026-07-23T15:08:24.569+0000] {taskinstance.py:3134} INFO - Exporting env vars: AIRFLOW_CTX_DAG_OWNER='gonzalo' AIRFLOW_CTX_DAG_ID='football_world_cup_pipeline' AIRFLOW_CTX_TASK_ID='load_matches' AIRFLOW_CTX_EXECUTION_DATE='2026-07-23T06:00:00+00:00' AIRFLOW_CTX_TRY_NUMBER='1' AIRFLOW_CTX_DAG_RUN_ID='scheduled__2026-07-23T06:00:00+00:00'
[2026-07-23T15:08:24.573+0000] {taskinstance.py:732} INFO - ::endgroup::
[2026-07-23T15:08:26.038+0000] {logging_mixin.py:190} INFO - Carga completa: 104 filas procesadas (insertadas/actualizadas)
[2026-07-23T15:08:26.042+0000] {python.py:240} INFO - Done. Returned value was: None
[2026-07-23T15:08:26.094+0000] {taskinstance.py:341} INFO - ::group::Post task execution logs
[2026-07-23T15:08:26.097+0000] {taskinstance.py:353} INFO - Marking task as SUCCESS. dag_id=football_world_cup_pipeline, task_id=load_matches, run_id=scheduled__2026-07-23T06:00:00+00:00, execution_date=20260723T060000, start_date=20260723T150823, end_date=20260723T150826
[2026-07-23T15:08:26.331+0000] {local_task_job_runner.py:266} INFO - Task exited with return code 0
[2026-07-23T15:08:26.376+0000] {taskinstance.py:3901} INFO - 0 downstream tasks scheduled from follow-on schedule check
[2026-07-23T15:08:26.387+0000] {local_task_job_runner.py:245} INFO - ::endgroup::
